Archive member included to satisfy reference by file (symbol)

/workspace/optee_os/out/arm/export-ta_arm32/lib/libutils.a(memcpy.o)
                              ./hotp_ta.o (memcpy)
/workspace/optee_os/out/arm/export-ta_arm32/lib/libutils.a(memset.o)
                              ./hotp_ta.o (memset)
/workspace/optee_os/out/arm/export-ta_arm32/lib/libutils.a(trace.o)
                              ./hotp_ta.o (trace_printf)
/workspace/optee_os/out/arm/export-ta_arm32/lib/libutils.a(aeabi_unwind.o)
                              ./hotp_ta.o (__aeabi_unwind_cpp_pr0)
/workspace/optee_os/out/arm/export-ta_arm32/lib/libutils.a(snprintk.o)
                              /workspace/optee_os/out/arm/export-ta_arm32/lib/libutils.a(trace.o) (snprintk)
/workspace/optee_os/out/arm/export-ta_arm32/lib/libutils.a(memchr.o)
                              /workspace/optee_os/out/arm/export-ta_arm32/lib/libutils.a(snprintk.o) (memchr)
/workspace/optee_os/out/arm/export-ta_arm32/lib/libutils.a(strlen.o)
                              /workspace/optee_os/out/arm/export-ta_arm32/lib/libutils.a(snprintk.o) (strlen)
/workspace/optee_os/out/arm/export-ta_arm32/lib/libutils.a(arm32_aeabi_ldivmod_a32.o)
                              /workspace/optee_os/out/arm/export-ta_arm32/lib/libutils.a(snprintk.o) (__aeabi_uldivmod)
/workspace/optee_os/out/arm/export-ta_arm32/lib/libutils.a(arm32_aeabi_ldivmod.o)
                              /workspace/optee_os/out/arm/export-ta_arm32/lib/libutils.a(arm32_aeabi_ldivmod_a32.o) (__ul_divmod)
/workspace/optee_os/out/arm/export-ta_arm32/lib/libutee.a(trace_ext.o)
                              /workspace/optee_os/out/arm/export-ta_arm32/lib/libutils.a(trace.o) (trace_ext_puts)
/workspace/optee_os/out/arm/export-ta_arm32/lib/libutee.a(tee_api.o)
                              ./hotp_ta.o (TEE_Malloc)
/workspace/optee_os/out/arm/export-ta_arm32/lib/libutee.a(tee_api_objects.o)
                              ./hotp_ta.o (TEE_AllocateTransientObject)
/workspace/optee_os/out/arm/export-ta_arm32/lib/libutee.a(tee_api_operations.o)
                              ./hotp_ta.o (TEE_FreeOperation)
/workspace/optee_os/out/arm/export-ta_arm32/lib/libutee.a(tee_api_panic.o)
                              /workspace/optee_os/out/arm/export-ta_arm32/lib/libutee.a(tee_api.o) (TEE_Panic)
/workspace/optee_os/out/arm/export-ta_arm32/lib/libutee.a(user_ta_entry.o)
                              ./user_ta_header.o (__utee_entry)
/workspace/optee_os/out/arm/export-ta_arm32/lib/libutee.a(utee_syscalls_a32.o)
                              /workspace/optee_os/out/arm/export-ta_arm32/lib/libutee.a(tee_api_panic.o) (utee_panic)
/workspace/optee_os/out/arm/export-ta_arm32/lib/libutee.a(gprof_a32.o)
                              /workspace/optee_os/out/arm/export-ta_arm32/lib/libutee.a(user_ta_entry.o) (__utee_mcount)
/workspace/optee_os/out/arm/export-ta_arm32/lib/libutee.a(tee_api_arith_mpi.o)
                              /workspace/optee_os/out/arm/export-ta_arm32/lib/libutee.a(user_ta_entry.o) (_TEE_MathAPI_Init)
/workspace/optee_os/out/arm/export-ta_arm32/lib/libmbedtls.a(bignum.o)
                              /workspace/optee_os/out/arm/export-ta_arm32/lib/libutee.a(tee_api_arith_mpi.o) (mbedtls_mpi_init_mempool)
/workspace/optee_os/out/arm/export-ta_arm32/lib/libutils.a(bget_malloc.o)
                              /workspace/optee_os/out/arm/export-ta_arm32/lib/libutee.a(tee_api.o) (malloc)
/workspace/optee_os/out/arm/export-ta_arm32/lib/libutils.a(snprintf.o)
                              /workspace/optee_os/out/arm/export-ta_arm32/lib/libutee.a(trace_ext.o) (vsnprintf)
/workspace/optee_os/out/arm/export-ta_arm32/lib/libutils.a(memcmp.o)
                              /workspace/optee_os/out/arm/export-ta_arm32/lib/libutee.a(tee_api.o) (memcmp)
/workspace/optee_os/out/arm/export-ta_arm32/lib/libutils.a(memmove.o)
                              /workspace/optee_os/out/arm/export-ta_arm32/lib/libutee.a(tee_api.o) (memmove)
/workspace/optee_os/out/arm/export-ta_arm32/lib/libutils.a(buf_compare_ct.o)
                              /workspace/optee_os/out/arm/export-ta_arm32/lib/libutee.a(tee_api_operations.o) (buf_compare_ct)
/workspace/optee_os/out/arm/export-ta_arm32/lib/libutils.a(mempool.o)
                              /workspace/optee_os/out/arm/export-ta_arm32/lib/libutee.a(tee_api_arith_mpi.o) (mempool_alloc_pool)
/workspace/optee_os/out/arm/export-ta_arm32/lib/libutee.a(assert.o)
                              /workspace/optee_os/out/arm/export-ta_arm32/lib/libutils.a(bget_malloc.o) (_assert_log)

Discarded input sections

 .group         0x0000000000000000        0x8 ./hotp_ta.o
 .group         0x0000000000000000        0x8 ./hotp_ta.o
 .group         0x0000000000000000        0x8 ./hotp_ta.o
 .group         0x0000000000000000        0x8 ./hotp_ta.o
 .group         0x0000000000000000        0x8 ./hotp_ta.o
 .group         0x0000000000000000        0x8 ./hotp_ta.o
 .group         0x0000000000000000        0x8 ./hotp_ta.o
[...]
Memory Configuration

Name             Origin             Length             Attributes
*default*        0x0000000000000000 0xffffffffffffffff

Linker script and memory map


.ta_head        0x0000000000000000       0x20
 *(SORT(.ta_head))
 .ta_head       0x0000000000000000       0x20 ./user_ta_header.o
                0x0000000000000000                ta_head

.text           0x0000000000000020     0x7c68
                0x0000000000000020                __text_start = .
 *(SORT(.text) SORT(.text.*))
 .text          0x0000000000000020      0x280 ./hotp_ta.o
                0x0000000000000020                TA_CreateEntryPoint
                0x0000000000000024                TA_DestroyEntryPoint
                0x0000000000000026                TA_OpenSessionEntryPoint
                0x0000000000000050                TA_CloseSessionEntryPoint
                0x0000000000000054                TA_InvokeCommandEntryPoint
 .text          0x00000000000002a0      0x2bc /workspace/optee_os/out/arm/export-ta_arm32/lib/libutils.a(trace.o)
                0x00000000000002ee                trace_set_level
                0x000000000000030c                trace_get_level
                0x0000000000000320                trace_printf
                0x000000000000045c                dhex_dump
 .text          0x000000000000055c      0x75c /workspace/optee_os/out/arm/export-ta_arm32/lib/libutils.a(snprintk.o)
                0x000000000000055c                __vsnprintf
                0x0000000000000c90                vsnprintk
                0x0000000000000c9e                snprintk
 .text.__aeabi_ldivmod
                0x0000000000000cb8       0x18 /workspace/optee_os/out/arm/export-ta_arm32/lib/libutils.a(arm32_aeabi_ldivmod_a32.o)
                0x0000000000000cb8                __aeabi_ldivmod
 .text.__aeabi_uldivmod
                0x0000000000000cd0       0x18 /workspace/optee_os/out/arm/export-ta_arm32/lib/libutils.a(arm32_aeabi_ldivmod_a32.o)
                0x0000000000000cd0                __aeabi_uldivmod
 .text          0x0000000000000ce8       0x9c /workspace/optee_os/out/arm/export-ta_arm32/lib/libutee.a(trace_ext.o)
                0x0000000000000ce8                trace_ext_puts
                0x0000000000000cfc                trace_ext_get_thread_id
                0x0000000000000d02                printf
                0x0000000000000d3c                puts
                0x0000000000000d60                putchar
 .text          0x0000000000000d84      0x2e4 /workspace/optee_os/out/arm/export-ta_arm32/lib/libutee.a(tee_api.o)
                0x0000000000000d84                __utee_from_param
                0x0000000000000dd4                __utee_to_param
                0x0000000000000e12                TEE_OpenTASession
                0x0000000000000e56                TEE_CloseTASession
                0x0000000000000e6a                TEE_InvokeTACommand
                0x0000000000000ed0                TEE_GetCancellationFlag
                0x0000000000000eec                TEE_UnmaskCancellation
                0x0000000000000f08                TEE_MaskCancellation
                0x0000000000000f24                TEE_CheckMemoryAccessRights
                0x0000000000000f2e                TEE_SetInstanceData
                0x0000000000000f3c                TEE_GetInstanceData
                0x0000000000000f48                TEE_MemMove
                0x0000000000000f4c                TEE_MemCompare
                0x0000000000000f50                TEE_MemFill
                0x0000000000000f54                TEE_GetSystemTime
                0x0000000000000f6a                TEE_Wait
                0x0000000000000f88                TEE_GetTAPersistentTime
                0x0000000000000fc4                TEE_SetTAPersistentTime
                0x0000000000000fec                TEE_GetREETime
                0x0000000000001002                TEE_Malloc
                0x000000000000104c                TEE_Realloc
                0x0000000000001050                TEE_Free
                0x0000000000001054                TEE_CacheClean
                0x000000000000105a                TEE_CacheFlush
                0x0000000000001060                TEE_CacheInvalidate
 .text          0x0000000000001068      0x78c /workspace/optee_os/out/arm/export-ta_arm32/lib/libutee.a(tee_api_objects.o)
                0x0000000000001068                __utee_from_attr
                0x00000000000010a2                TEE_GetObjectInfo
                0x00000000000010cc                TEE_GetObjectInfo1
                0x00000000000010ec                TEE_RestrictObjectUsage1
                0x000000000000110c                TEE_RestrictObjectUsage
                0x0000000000001138                TEE_GetObjectBufferAttribute
                0x00000000000011a8                TEE_GetObjectValueAttribute
                0x000000000000122c                TEE_CloseObject
                0x0000000000001240                TEE_AllocateTransientObject
                0x0000000000001270                TEE_FreeTransientObject
                0x00000000000012a0                TEE_ResetTransientObject
                0x00000000000012d0                TEE_PopulateTransientObject
                0x0000000000001340                TEE_InitRefAttribute
                0x0000000000001362                TEE_InitValueAttribute
                0x0000000000001384                TEE_CopyObjectAttributes1
                0x00000000000013ec                TEE_CopyObjectAttributes
                0x000000000000141c                TEE_GenerateKey
                0x0000000000001464                TEE_OpenPersistentObject
                0x00000000000014c8                TEE_CreatePersistentObject
                0x0000000000001560                TEE_CloseAndDeletePersistentObject1
                0x0000000000001584                TEE_CloseAndDeletePersistentObject
                0x000000000000159a                TEE_RenamePersistentObject
                0x00000000000015e0                TEE_AllocatePersistentObjectEnumerator
                0x0000000000001618                TEE_FreePersistentObjectEnumerator
                0x000000000000162c                TEE_ResetPersistentObjectEnumerator
                0x0000000000001640                TEE_StartPersistentObjectEnumerator
                0x000000000000166c                TEE_GetNextPersistentObject
                0x00000000000016c0                TEE_ReadObjectData
                0x0000000000001700                TEE_WriteObjectData
                0x0000000000001740                TEE_TruncateObjectData
                0x0000000000001778                TEE_SeekObjectData
 .text          0x00000000000017f4     0x15c8 /workspace/optee_os/out/arm/export-ta_arm32/lib/libutee.a(tee_api_operations.o)
                0x0000000000001954                TEE_FreeOperation
                0x000000000000197a                TEE_AllocateOperation
                0x0000000000001ec0                TEE_GetOperationInfo
                0x0000000000001ee2                TEE_GetOperationInfoMultiple
                0x0000000000001f98                TEE_ResetOperation
                0x0000000000001fd8                TEE_SetOperationKey
                0x0000000000002064                TEE_SetOperationKey2
                0x0000000000002158                TEE_CopyOperation
                0x00000000000021fc                TEE_DigestUpdate
                0x000000000000222c                TEE_DigestDoFinal
                0x000000000000229c                TEE_CipherInit
                0x00000000000022f2                TEE_CipherUpdate
                0x00000000000023d8                TEE_CipherDoFinal
                0x00000000000024e8                TEE_MACInit
                0x000000000000253e                TEE_MACUpdate
                0x000000000000258c                TEE_MACComputeFinal
                0x00000000000025f4                TEE_MACCompareFinal
                0x0000000000002658                TEE_AEInit
                0x00000000000026c8                TEE_AEUpdateAAD
                0x000000000000270e                TEE_AEUpdate
                0x00000000000027dc                TEE_AEEncryptFinal
                0x00000000000028f4                TEE_AEDecryptFinal
                0x00000000000029fc                TEE_AsymmetricEncrypt
                0x0000000000002ab8                TEE_AsymmetricDecrypt
                0x0000000000002b78                TEE_AsymmetricSignDigest
                0x0000000000002c2c                TEE_AsymmetricVerifyDigest
                0x0000000000002cd8                TEE_DeriveKey
                0x0000000000002d92                TEE_GenerateRandom
                0x0000000000002da4                rand
 .text          0x0000000000002dbc      0x214 /workspace/optee_os/out/arm/export-ta_arm32/lib/libutee.a(user_ta_entry.o)
                0x0000000000002e40                __utee_entry
 .text          0x0000000000002fd0        0x0 /workspace/optee_os/out/arm/export-ta_arm32/lib/libutee.a(utee_syscalls_a32.o)
 .text.utee_panic
                0x0000000000002fd0       0x14 /workspace/optee_os/out/arm/export-ta_arm32/lib/libutee.a(utee_syscalls_a32.o)
                0x0000000000002fd0                utee_panic
 .text.utee_return
                0x0000000000002fe4       0x14 /workspace/optee_os/out/arm/export-ta_arm32/lib/libutee.a(utee_syscalls_a32.o)
                0x0000000000002fe4                utee_return
 .text.utee_log
                0x0000000000002ff8       0x14 /workspace/optee_os/out/arm/export-ta_arm32/lib/libutee.a(utee_syscalls_a32.o)
                0x0000000000002ff8                utee_log
 .text.__utee_panic
                0x000000000000300c       0x14 /workspace/optee_os/out/arm/export-ta_arm32/lib/libutee.a(utee_syscalls_a32.o)
                0x000000000000300c                __utee_panic
 .text.utee_get_property
                0x0000000000003020       0x18 /workspace/optee_os/out/arm/export-ta_arm32/lib/libutee.a(utee_syscalls_a32.o)
                0x0000000000003020                utee_get_property
 .text.utee_get_property_name_to_index
                0x0000000000003038       0x14 /workspace/optee_os/out/arm/export-ta_arm32/lib/libutee.a(utee_syscalls_a32.o)
                0x0000000000003038                utee_get_property_name_to_index
 .text.utee_open_ta_session
                0x000000000000304c       0x18 /workspace/optee_os/out/arm/export-ta_arm32/lib/libutee.a(utee_syscalls_a32.o)
                0x000000000000304c                utee_open_ta_session
 .text.utee_close_ta_session
                0x0000000000003064       0x14 /workspace/optee_os/out/arm/export-ta_arm32/lib/libutee.a(utee_syscalls_a32.o)
                0x0000000000003064                utee_close_ta_session
 .text.utee_invoke_ta_command
                0x0000000000003078       0x18 /workspace/optee_os/out/arm/export-ta_arm32/lib/libutee.a(utee_syscalls_a32.o)
                0x0000000000003078                utee_invoke_ta_command
 .text.utee_get_cancellation_flag
                0x0000000000003090       0x14 /workspace/optee_os/out/arm/export-ta_arm32/lib/libutee.a(utee_syscalls_a32.o)
                0x0000000000003090                utee_get_cancellation_flag
 .text.utee_check_access_rights
                0x00000000000030a4       0x14 /workspace/optee_os/out/arm/export-ta_arm32/lib/libutee.a(utee_syscalls_a32.o)
                0x00000000000030a4                utee_check_access_rights
 .text.utee_unmask_cancellation
                0x00000000000030b8       0x14 /workspace/optee_os/out/arm/export-ta_arm32/lib/libutee.a(utee_syscalls_a32.o)
                0x00000000000030b8                utee_unmask_cancellation
 .text.utee_mask_cancellation
                0x00000000000030cc       0x14 /workspace/optee_os/out/arm/export-ta_arm32/lib/libutee.a(utee_syscalls_a32.o)
                0x00000000000030cc                utee_mask_cancellation
 .text.utee_wait
                0x00000000000030e0       0x14 /workspace/optee_os/out/arm/export-ta_arm32/lib/libutee.a(utee_syscalls_a32.o)
                0x00000000000030e0                utee_wait
 .text.utee_get_time
                0x00000000000030f4       0x14 /workspace/optee_os/out/arm/export-ta_arm32/lib/libutee.a(utee_syscalls_a32.o)
                0x00000000000030f4                utee_get_time
 .text.utee_set_ta_time
                0x0000000000003108       0x14 /workspace/optee_os/out/arm/export-ta_arm32/lib/libutee.a(utee_syscalls_a32.o)
                0x0000000000003108                utee_set_ta_time
 .text.utee_cryp_state_alloc
                0x000000000000311c       0x18 /workspace/optee_os/out/arm/export-ta_arm32/lib/libutee.a(utee_syscalls_a32.o)
                0x000000000000311c                utee_cryp_state_alloc
 .text.utee_cryp_state_copy
                0x0000000000003134       0x14 /workspace/optee_os/out/arm/export-ta_arm32/lib/libutee.a(utee_syscalls_a32.o)
                0x0000000000003134                utee_cryp_state_copy
 .text.utee_cryp_state_free
                0x0000000000003148       0x14 /workspace/optee_os/out/arm/export-ta_arm32/lib/libutee.a(utee_syscalls_a32.o)
                0x0000000000003148                utee_cryp_state_free
 .text.utee_hash_init
                0x000000000000315c       0x14 /workspace/optee_os/out/arm/export-ta_arm32/lib/libutee.a(utee_syscalls_a32.o)
                0x000000000000315c                utee_hash_init
 .text.utee_hash_update
                0x0000000000003170       0x14 /workspace/optee_os/out/arm/export-ta_arm32/lib/libutee.a(utee_syscalls_a32.o)
                0x0000000000003170                utee_hash_update
 .text.utee_hash_final
                0x0000000000003184       0x18 /workspace/optee_os/out/arm/export-ta_arm32/lib/libutee.a(utee_syscalls_a32.o)
                0x0000000000003184                utee_hash_final
 .text.utee_cipher_init
                0x000000000000319c       0x14 /workspace/optee_os/out/arm/export-ta_arm32/lib/libutee.a(utee_syscalls_a32.o)
                0x000000000000319c                utee_cipher_init
 .text.utee_cipher_update
                0x00000000000031b0       0x18 /workspace/optee_os/out/arm/export-ta_arm32/lib/libutee.a(utee_syscalls_a32.o)
                0x00000000000031b0                utee_cipher_update
 .text.utee_cipher_final
                0x00000000000031c8       0x18 /workspace/optee_os/out/arm/export-ta_arm32/lib/libutee.a(utee_syscalls_a32.o)
                0x00000000000031c8                utee_cipher_final
 .text.utee_cryp_obj_get_info
                0x00000000000031e0       0x14 /workspace/optee_os/out/arm/export-ta_arm32/lib/libutee.a(utee_syscalls_a32.o)
                0x00000000000031e0                utee_cryp_obj_get_info
 .text.utee_cryp_obj_restrict_usage
                0x00000000000031f4       0x14 /workspace/optee_os/out/arm/export-ta_arm32/lib/libutee.a(utee_syscalls_a32.o)
                0x00000000000031f4                utee_cryp_obj_restrict_usage
 .text.utee_cryp_obj_get_attr
                0x0000000000003208       0x14 /workspace/optee_os/out/arm/export-ta_arm32/lib/libutee.a(utee_syscalls_a32.o)
                0x0000000000003208                utee_cryp_obj_get_attr
 .text.utee_cryp_obj_alloc
                0x000000000000321c       0x14 /workspace/optee_os/out/arm/export-ta_arm32/lib/libutee.a(utee_syscalls_a32.o)
                0x000000000000321c                utee_cryp_obj_alloc
 .text.utee_cryp_obj_close
                0x0000000000003230       0x14 /workspace/optee_os/out/arm/export-ta_arm32/lib/libutee.a(utee_syscalls_a32.o)
                0x0000000000003230                utee_cryp_obj_close
 .text.utee_cryp_obj_reset
                0x0000000000003244       0x14 /workspace/optee_os/out/arm/export-ta_arm32/lib/libutee.a(utee_syscalls_a32.o)
                0x0000000000003244                utee_cryp_obj_reset
 .text.utee_cryp_obj_populate
                0x0000000000003258       0x14 /workspace/optee_os/out/arm/export-ta_arm32/lib/libutee.a(utee_syscalls_a32.o)
                0x0000000000003258                utee_cryp_obj_populate
 .text.utee_cryp_obj_copy
                0x000000000000326c       0x14 /workspace/optee_os/out/arm/export-ta_arm32/lib/libutee.a(utee_syscalls_a32.o)
                0x000000000000326c                utee_cryp_obj_copy
 .text.utee_cryp_derive_key
                0x0000000000003280       0x14 /workspace/optee_os/out/arm/export-ta_arm32/lib/libutee.a(utee_syscalls_a32.o)
                0x0000000000003280                utee_cryp_derive_key
 .text.utee_cryp_random_number_generate
                0x0000000000003294       0x14 /workspace/optee_os/out/arm/export-ta_arm32/lib/libutee.a(utee_syscalls_a32.o)
                0x0000000000003294                utee_cryp_random_number_generate
 .text.utee_authenc_init
                0x00000000000032a8       0x18 /workspace/optee_os/out/arm/export-ta_arm32/lib/libutee.a(utee_syscalls_a32.o)
                0x00000000000032a8                utee_authenc_init
 .text.utee_authenc_update_aad
                0x00000000000032c0       0x14 /workspace/optee_os/out/arm/export-ta_arm32/lib/libutee.a(utee_syscalls_a32.o)
                0x00000000000032c0                utee_authenc_update_aad
 .text.utee_authenc_update_payload
                0x00000000000032d4       0x18 /workspace/optee_os/out/arm/export-ta_arm32/lib/libutee.a(utee_syscalls_a32.o)
                0x00000000000032d4                utee_authenc_update_payload
 .text.utee_authenc_enc_final
                0x00000000000032ec       0x18 /workspace/optee_os/out/arm/export-ta_arm32/lib/libutee.a(utee_syscalls_a32.o)
                0x00000000000032ec                utee_authenc_enc_final
 .text.utee_authenc_dec_final
                0x0000000000003304       0x18 /workspace/optee_os/out/arm/export-ta_arm32/lib/libutee.a(utee_syscalls_a32.o)
                0x0000000000003304                utee_authenc_dec_final
 .text.utee_asymm_operate
                0x000000000000331c       0x18 /workspace/optee_os/out/arm/export-ta_arm32/lib/libutee.a(utee_syscalls_a32.o)
                0x000000000000331c                utee_asymm_operate
 .text.utee_asymm_verify
                0x0000000000003334       0x18 /workspace/optee_os/out/arm/export-ta_arm32/lib/libutee.a(utee_syscalls_a32.o)
                0x0000000000003334                utee_asymm_verify
 .text.utee_storage_obj_open
                0x000000000000334c       0x18 /workspace/optee_os/out/arm/export-ta_arm32/lib/libutee.a(utee_syscalls_a32.o)
                0x000000000000334c                utee_storage_obj_open
 .text.utee_storage_obj_create
                0x0000000000003364       0x18 /workspace/optee_os/out/arm/export-ta_arm32/lib/libutee.a(utee_syscalls_a32.o)
                0x0000000000003364                utee_storage_obj_create
 .text.utee_storage_obj_del
                0x000000000000337c       0x14 /workspace/optee_os/out/arm/export-ta_arm32/lib/libutee.a(utee_syscalls_a32.o)
                0x000000000000337c                utee_storage_obj_del
 .text.utee_storage_obj_rename
                0x0000000000003390       0x14 /workspace/optee_os/out/arm/export-ta_arm32/lib/libutee.a(utee_syscalls_a32.o)
                0x0000000000003390                utee_storage_obj_rename
 .text.utee_storage_alloc_enum
                0x00000000000033a4       0x14 /workspace/optee_os/out/arm/export-ta_arm32/lib/libutee.a(utee_syscalls_a32.o)
                0x00000000000033a4                utee_storage_alloc_enum
 .text.utee_storage_free_enum
                0x00000000000033b8       0x14 /workspace/optee_os/out/arm/export-ta_arm32/lib/libutee.a(utee_syscalls_a32.o)
                0x00000000000033b8                utee_storage_free_enum
 .text.utee_storage_reset_enum
                0x00000000000033cc       0x14 /workspace/optee_os/out/arm/export-ta_arm32/lib/libutee.a(utee_syscalls_a32.o)
                0x00000000000033cc                utee_storage_reset_enum
 .text.utee_storage_start_enum
                0x00000000000033e0       0x14 /workspace/optee_os/out/arm/export-ta_arm32/lib/libutee.a(utee_syscalls_a32.o)
                0x00000000000033e0                utee_storage_start_enum
 .text.utee_storage_next_enum
                0x00000000000033f4       0x14 /workspace/optee_os/out/arm/export-ta_arm32/lib/libutee.a(utee_syscalls_a32.o)
                0x00000000000033f4                utee_storage_next_enum
 .text.utee_storage_obj_read
                0x0000000000003408       0x14 /workspace/optee_os/out/arm/export-ta_arm32/lib/libutee.a(utee_syscalls_a32.o)
                0x0000000000003408                utee_storage_obj_read
 .text.utee_storage_obj_write
                0x000000000000341c       0x14 /workspace/optee_os/out/arm/export-ta_arm32/lib/libutee.a(utee_syscalls_a32.o)
                0x000000000000341c                utee_storage_obj_write
 .text.utee_storage_obj_trunc
                0x0000000000003430       0x14 /workspace/optee_os/out/arm/export-ta_arm32/lib/libutee.a(utee_syscalls_a32.o)
                0x0000000000003430                utee_storage_obj_trunc
 .text.utee_storage_obj_seek
                0x0000000000003444       0x14 /workspace/optee_os/out/arm/export-ta_arm32/lib/libutee.a(utee_syscalls_a32.o)
                0x0000000000003444                utee_storage_obj_seek
 .text.utee_cryp_obj_generate_key
                0x0000000000003458       0x14 /workspace/optee_os/out/arm/export-ta_arm32/lib/libutee.a(utee_syscalls_a32.o)
                0x0000000000003458                utee_cryp_obj_generate_key
 .text.utee_cache_operation
                0x000000000000346c       0x14 /workspace/optee_os/out/arm/export-ta_arm32/lib/libutee.a(utee_syscalls_a32.o)
                0x000000000000346c                utee_cache_operation
 .text.__utee_mcount
                0x0000000000003480        0xc /workspace/optee_os/out/arm/export-ta_arm32/lib/libutee.a(gprof_a32.o)
                0x0000000000003480                __utee_mcount
 .text          0x000000000000348c     0x1014 /workspace/optee_os/out/arm/export-ta_arm32/lib/libutee.a(tee_api_arith_mpi.o)
                0x0000000000003a38                _TEE_MathAPI_Init
                0x0000000000003a7c                TEE_BigIntInit
                0x0000000000003abc                TEE_BigIntConvertFromOctetString
                0x0000000000003afc                TEE_BigIntConvertToOctetString
                0x0000000000003b54                TEE_BigIntConvertFromS32
                0x0000000000003b8c                TEE_BigIntConvertToS32
                0x0000000000003be4                TEE_BigIntCmp
                0x0000000000003c18                TEE_BigIntCmpS32
                0x0000000000003d28                TEE_BigIntShiftRight
                0x0000000000003e1c                TEE_BigIntGetBit
                0x0000000000003e46                TEE_BigIntGetBitCount
                0x0000000000003e68                TEE_BigIntAdd
                0x0000000000003e84                TEE_BigIntSub
                0x0000000000003ea0                TEE_BigIntNeg
                0x0000000000003ef8                TEE_BigIntMul
                0x0000000000003f9c                TEE_BigIntSquare
                0x0000000000003fa2                TEE_BigIntDiv
                0x0000000000004050                TEE_BigIntMod
                0x00000000000040a0                TEE_BigIntAddMod
                0x00000000000040bc                TEE_BigIntSubMod
                0x00000000000040d8                TEE_BigIntMulMod
                0x00000000000040f4                TEE_BigIntSquareMod
                0x00000000000040fc                TEE_BigIntInvMod
                0x00000000000041a0                TEE_BigIntRelativePrime
                0x000000000000421c                TEE_BigIntComputeExtendedGcd
                0x0000000000004370                TEE_BigIntIsProbablePrime
                0x00000000000043a0                TEE_BigIntInitFMM
                0x00000000000043a4                TEE_BigIntInitFMMContext
                0x00000000000043a6                TEE_BigIntFMMSizeInU32
                0x00000000000043ae                TEE_BigIntFMMContextSizeInU32
                0x00000000000043b2                TEE_BigIntConvertToFMM
                0x00000000000043b6                TEE_BigIntConvertFromFMM
                0x0000000000004400                TEE_BigIntComputeFMM
 .text.unlikely
                0x00000000000044a0       0x20 /workspace/optee_os/out/arm/export-ta_arm32/lib/libutee.a(tee_api_arith_mpi.o)
 .text          0x00000000000044c0     0x2800 /workspace/optee_os/out/arm/export-ta_arm32/lib/libmbedtls.a(bignum.o)
                0x0000000000004a30                mbedtls_mpi_init
                0x0000000000004a42                mbedtls_mpi_init_mempool
                0x0000000000004a68                mbedtls_mpi_init_static
                0x0000000000004a7a                mbedtls_mpi_free
                0x0000000000004ac8                mbedtls_mpi_grow
                0x0000000000004b70                mbedtls_mpi_shrink
                0x0000000000004c3c                mbedtls_mpi_copy
                0x0000000000004c92                mbedtls_mpi_swap
                0x0000000000004cc0                mbedtls_mpi_safe_cond_assign
                0x0000000000004d2c                mbedtls_mpi_safe_cond_swap
                0x0000000000004db2                mbedtls_mpi_lset
                0x0000000000004dea                mbedtls_mpi_get_bit
                0x0000000000004e0a                mbedtls_mpi_set_bit
                0x0000000000004e5a                mbedtls_mpi_lsb
                0x0000000000004e88                mbedtls_mpi_bitlen
                0x0000000000004eca                mbedtls_mpi_size
                0x0000000000004ed6                mbedtls_mpi_read_binary
                0x0000000000004f3c                mbedtls_mpi_write_binary
                0x0000000000004f82                mbedtls_mpi_shift_l
                0x000000000000501a                mbedtls_mpi_shift_r
                0x0000000000005092                mbedtls_mpi_cmp_abs
                0x0000000000005100                mbedtls_mpi_cmp_mpi
                0x0000000000005196                mbedtls_mpi_cmp_int
                0x00000000000051c6                mbedtls_mpi_add_abs
                0x0000000000005282                mbedtls_mpi_sub_abs
                0x0000000000005302                mbedtls_mpi_add_mpi
                0x000000000000534a                mbedtls_mpi_sub_mpi
                0x0000000000005396                mbedtls_mpi_add_int
                0x00000000000053c6                mbedtls_mpi_sub_int
                0x00000000000053f6                mbedtls_mpi_mul_mpi
                0x00000000000054d2                mbedtls_mpi_mul_int
                0x00000000000054f0                mbedtls_mpi_read_string
                0x000000000000561c                mbedtls_mpi_div_mpi
                0x00000000000059be                mbedtls_mpi_div_int
                0x00000000000059ec                mbedtls_mpi_mod_mpi
                0x0000000000005a50                mbedtls_mpi_mod_int
                0x0000000000005af6                mbedtls_mpi_write_string
                0x0000000000005c80                mbedtls_mpi_montg_init
                0x0000000000005ca8                mbedtls_mpi_montmul
                0x0000000000005d6c                mbedtls_mpi_montred
                0x0000000000005d90                mbedtls_mpi_exp_mod
                0x00000000000061d6                mbedtls_mpi_gcd
                0x00000000000062ea                mbedtls_mpi_fill_random
                0x0000000000006532                mbedtls_mpi_inv_mod
                0x0000000000006802                mbedtls_mpi_is_prime
                0x000000000000685e                mbedtls_mpi_gen_prime
                0x0000000000006994                mbedtls_mpi_self_test
 .text          0x0000000000006cc0      0xbdc /workspace/optee_os/out/arm/export-ta_arm32/lib/libutils.a(bget_malloc.o)
                0x0000000000006dc8                bget
                0x0000000000006f34                bgetz
                0x0000000000006f90                brel
                0x0000000000007188                bgetr
                0x0000000000007204                bpool
                0x00000000000072a0                bstats
                0x0000000000007304                malloc_reset_stats
                0x0000000000007318                malloc_get_stats
                0x0000000000007338                malloc
                0x000000000000733a                free
                0x000000000000734c                calloc
                0x0000000000007394                realloc
                0x00000000000073cc                memalign
                0x000000000000767c                malloc_add_pool
                0x0000000000007774                malloc_buffer_is_within_alloced
                0x0000000000007850                malloc_buffer_overlaps_heap
 .text          0x000000000000789c      0x104 /workspace/optee_os/out/arm/export-ta_arm32/lib/libutils.a(mempool.o)
                0x000000000000789c                mempool_alloc_pool
                0x00000000000078e0                mempool_alloc
                0x000000000000794c                mempool_calloc
                0x0000000000007970                mempool_free
 .text          0x00000000000079a0       0x38 /workspace/optee_os/out/arm/export-ta_arm32/lib/libutee.a(assert.o)
                0x00000000000079a0                _assert_log
                0x00000000000079c8                _assert_break
 .text          0x00000000000079d8        0x4 ./user_ta_header.o
                0x00000000000079d8                tahead_get_trace_level
 .text          0x00000000000079dc       0x16 /workspace/optee_os/out/arm/export-ta_arm32/lib/libutils.a(memcpy.o)
                0x00000000000079dc                memcpy
 .text          0x00000000000079f2       0x10 /workspace/optee_os/out/arm/export-ta_arm32/lib/libutils.a(memset.o)
                0x00000000000079f2                memset
 .text          0x0000000000007a02        0x6 /workspace/optee_os/out/arm/export-ta_arm32/lib/libutils.a(aeabi_unwind.o)
                0x0000000000007a02                __aeabi_unwind_cpp_pr0
                0x0000000000007a04                __aeabi_unwind_cpp_pr1
                0x0000000000007a06                __aeabi_unwind_cpp_pr2
 .text          0x0000000000007a08       0x1c /workspace/optee_os/out/arm/export-ta_arm32/lib/libutils.a(memchr.o)
                0x0000000000007a08                memchr
 .text          0x0000000000007a24       0x10 /workspace/optee_os/out/arm/export-ta_arm32/lib/libutils.a(strlen.o)
                0x0000000000007a24                strlen
 .text          0x0000000000007a34      0x160 /workspace/optee_os/out/arm/export-ta_arm32/lib/libutils.a(arm32_aeabi_ldivmod.o)
                0x0000000000007a34                __ul_divmod
                0x0000000000007aa8                __l_divmod
 .text          0x0000000000007b94        0x4 /workspace/optee_os/out/arm/export-ta_arm32/lib/libutee.a(tee_api_panic.o)
                0x0000000000007b94                TEE_Panic
 .text          0x0000000000007b98       0x2c /workspace/optee_os/out/arm/export-ta_arm32/lib/libutils.a(snprintf.o)
                0x0000000000007b98                snprintf
                0x0000000000007bb6                vsnprintf
 .text          0x0000000000007bc4       0x1e /workspace/optee_os/out/arm/export-ta_arm32/lib/libutils.a(memcmp.o)
                0x0000000000007bc4                memcmp
 .text          0x0000000000007be2       0x34 /workspace/optee_os/out/arm/export-ta_arm32/lib/libutils.a(memmove.o)
                0x0000000000007be2                memmove
 .text          0x0000000000007c16       0x2c /workspace/optee_os/out/arm/export-ta_arm32/lib/libutils.a(buf_compare_ct.o)
                0x0000000000007c16                buf_compare_ct
 .text          0x0000000000007c42        0x0 /workspace/optee_os/out/arm/export-ta_arm32/lib/libutils.a(arm32_aeabi_ldivmod_a32.o)
 .text          0x0000000000007c42        0x0 /workspace/optee_os/out/arm/export-ta_arm32/lib/libutee.a(gprof_a32.o)
 *fill*         0x0000000000007c42        0x6 
 .text.__stub   0x0000000000007c48       0x40 linker stubs
 *(SORT(.stub))
 *(SORT(.glue_7))
 .glue_7        0x0000000000007c88        0x0 linker stubs
 *(SORT(.glue_7t))
 .glue_7t       0x0000000000007c88        0x0 linker stubs
 *(SORT(.gnu.linkonce.t.*))
 *(SORT(.vfp11_veneer))
 .vfp11_veneer  0x0000000000007c88        0x0 linker stubs
                [!provide]                        PROVIDE (__gnu_mcount_nc, __utee_mcount)
                0x0000000000007c88                __text_end = .

.v4_bx          0x0000000000007c88        0x0
 .v4_bx         0x0000000000007c88        0x0 linker stubs

.iplt           0x0000000000007c88        0x0
 .iplt          0x0000000000007c88        0x0 ./hotp_ta.o

.plt            0x0000000000007c88        0x0
 *(SORT(.plt))
 .plt           0x0000000000007c88        0x0 ./hotp_ta.o

.eh_frame
 *(SORT(.eh_frame))

.rodata         0x0000000000007c88     0x107c
 *(SORT(.gnu.linkonce.r.*))
 *(SORT(.rodata) SORT(.rodata.*))
 .rodata.user_ta_header.c
                0x0000000000007c88       0x17 ./user_ta_header.o
                0x0000000000007c88                ta_num_props
                0x0000000000007c98                ta_heap_size
                0x0000000000007c9c                trace_ext_prefix
 *fill*         0x0000000000007c9f        0x1 
 .rodata.lib/libmbedtls/mbedtls/library/bignum.c
                0x0000000000007ca0      0x2c4 /workspace/optee_os/out/arm/export-ta_arm32/lib/libmbedtls.a(bignum.o)
 .rodata.hotp_ta.c
                0x0000000000007f64       0x27 ./hotp_ta.o
 .rodata.str1.1.hotp_ta.c
                0x0000000000007f8b       0x4b ./hotp_ta.o
 .rodata.str1.1.user_ta_header.c
                0x0000000000007fd6       0xc7 ./user_ta_header.o
 .rodata.lib/libutils/ext/trace.c
                0x000000000000809d        0xf /workspace/optee_os/out/arm/export-ta_arm32/lib/libutils.a(trace.o)
 .rodata.str1.1.lib/libutils/ext/trace.c
                0x00000000000080ac       0x3a /workspace/optee_os/out/arm/export-ta_arm32/lib/libutils.a(trace.o)
                                         0x3d (size before relaxing)
 .rodata.lib/libutils/ext/snprintk.c
                0x00000000000080e6       0x22 /workspace/optee_os/out/arm/export-ta_arm32/lib/libutils.a(snprintk.o)
 .rodata.str1.1.lib/libutils/ext/snprintk.c
                0x0000000000008108       0x38 /workspace/optee_os/out/arm/export-ta_arm32/lib/libutils.a(snprintk.o)
 .rodata.str1.1.lib/libutee/trace_ext.c
                0x0000000000008140       0x38 /workspace/optee_os/out/arm/export-ta_arm32/lib/libutee.a(trace_ext.o)
                                          0x2 (size before relaxing)
 .rodata.lib/libutee/tee_api.c
                0x0000000000008140        0xb /workspace/optee_os/out/arm/export-ta_arm32/lib/libutee.a(tee_api.o)
 .rodata.str1.1.lib/libutee/tee_api.c
                0x000000000000814b       0x11 /workspace/optee_os/out/arm/export-ta_arm32/lib/libutee.a(tee_api.o)
 .rodata.lib/libutee/tee_api_arith_mpi.c
                0x000000000000815c      0x143 /workspace/optee_os/out/arm/export-ta_arm32/lib/libutee.a(tee_api_arith_mpi.o)
 .rodata.str1.1.lib/libutee/tee_api_arith_mpi.c
                0x000000000000829f       0xb7 /workspace/optee_os/out/arm/export-ta_arm32/lib/libutee.a(tee_api_arith_mpi.o)
 .rodata.str1.1.lib/libmbedtls/mbedtls/library/bignum.c
                0x0000000000008356      0x45d /workspace/optee_os/out/arm/export-ta_arm32/lib/libmbedtls.a(bignum.o)
 .rodata.lib/libutils/isoc/bget_malloc.c
                0x00000000000087b3       0x8a /workspace/optee_os/out/arm/export-ta_arm32/lib/libutils.a(bget_malloc.o)
 .rodata.str1.1.lib/libutils/isoc/bget_malloc.c
                0x000000000000883d      0x408 /workspace/optee_os/out/arm/export-ta_arm32/lib/libutils.a(bget_malloc.o)
                                        0x411 (size before relaxing)
 .rodata.lib/libutils/ext/mempool.c
                0x0000000000008c45       0x21 /workspace/optee_os/out/arm/export-ta_arm32/lib/libutils.a(mempool.o)
 .rodata.str1.1.lib/libutils/ext/mempool.c
                0x0000000000008c66       0x77 /workspace/optee_os/out/arm/export-ta_arm32/lib/libutils.a(mempool.o)
 .rodata.str1.1.lib/libutee/assert.c
                0x0000000000008cdd       0x27 /workspace/optee_os/out/arm/export-ta_arm32/lib/libutee.a(assert.o)

.ARM.extab      0x0000000000008d04       0xfc
 .ARM.extab     0x0000000000008d04        0x0 ./hotp_ta.o
 .ARM.extab     0x0000000000008d04        0x0 ./user_ta_header.o
 .ARM.extab     0x0000000000008d04        0x0 /workspace/optee_os/out/arm/export-ta_arm32/lib/libutils.a(memcpy.o)
 .ARM.extab     0x0000000000008d04        0x0 /workspace/optee_os/out/arm/export-ta_arm32/lib/libutils.a(memset.o)
 .ARM.extab     0x0000000000008d04        0xc /workspace/optee_os/out/arm/export-ta_arm32/lib/libutils.a(trace.o)
 .ARM.extab     0x0000000000008d10        0x0 /workspace/optee_os/out/arm/export-ta_arm32/lib/libutils.a(aeabi_unwind.o)
 .ARM.extab     0x0000000000008d10        0xc /workspace/optee_os/out/arm/export-ta_arm32/lib/libutils.a(snprintk.o)
 .ARM.extab     0x0000000000008d1c        0x0 /workspace/optee_os/out/arm/export-ta_arm32/lib/libutils.a(memchr.o)
 .ARM.extab     0x0000000000008d1c        0x0 /workspace/optee_os/out/arm/export-ta_arm32/lib/libutils.a(strlen.o)
 .ARM.extab     0x0000000000008d1c        0x0 /workspace/optee_os/out/arm/export-ta_arm32/lib/libutils.a(arm32_aeabi_ldivmod.o)
 .ARM.extab     0x0000000000008d1c        0xc /workspace/optee_os/out/arm/export-ta_arm32/lib/libutee.a(trace_ext.o)
 .ARM.extab     0x0000000000008d28       0x24 /workspace/optee_os/out/arm/export-ta_arm32/lib/libutee.a(tee_api.o)
 .ARM.extab     0x0000000000008d4c       0x30 /workspace/optee_os/out/arm/export-ta_arm32/lib/libutee.a(tee_api_objects.o)
 .ARM.extab     0x0000000000008d7c        0xc /workspace/optee_os/out/arm/export-ta_arm32/lib/libutee.a(tee_api_operations.o)
 .ARM.extab     0x0000000000008d88        0x0 /workspace/optee_os/out/arm/export-ta_arm32/lib/libutee.a(tee_api_panic.o)
 .ARM.extab     0x0000000000008d88        0x0 /workspace/optee_os/out/arm/export-ta_arm32/lib/libutee.a(user_ta_entry.o)
 .ARM.extab     0x0000000000008d88       0x24 /workspace/optee_os/out/arm/export-ta_arm32/lib/libutee.a(tee_api_arith_mpi.o)
 .ARM.extab     0x0000000000008dac       0x24 /workspace/optee_os/out/arm/export-ta_arm32/lib/libmbedtls.a(bignum.o)
 .ARM.extab     0x0000000000008dd0       0x18 /workspace/optee_os/out/arm/export-ta_arm32/lib/libutils.a(bget_malloc.o)
 .ARM.extab     0x0000000000008de8        0xc /workspace/optee_os/out/arm/export-ta_arm32/lib/libutils.a(snprintf.o)
 .ARM.extab     0x0000000000008df4        0x0 /workspace/optee_os/out/arm/export-ta_arm32/lib/libutils.a(memcmp.o)
 .ARM.extab     0x0000000000008df4        0x0 /workspace/optee_os/out/arm/export-ta_arm32/lib/libutils.a(memmove.o)
 .ARM.extab     0x0000000000008df4        0x0 /workspace/optee_os/out/arm/export-ta_arm32/lib/libutils.a(buf_compare_ct.o)
 .ARM.extab     0x0000000000008df4        0x0 /workspace/optee_os/out/arm/export-ta_arm32/lib/libutils.a(mempool.o)
 .ARM.extab     0x0000000000008df4        0xc /workspace/optee_os/out/arm/export-ta_arm32/lib/libutee.a(assert.o)

.gnu.version_d  0x0000000000008e00        0x0
 .gnu.version_d
                0x0000000000008e00        0x0 ./hotp_ta.o

.gnu.version    0x0000000000008e00        0x0
 .gnu.version   0x0000000000008e00        0x0 ./hotp_ta.o

.gnu.version_r  0x0000000000008e00        0x0
 .gnu.version_r
                0x0000000000008e00        0x0 ./hotp_ta.o

.ARM.extab.text.__aeabi_ldivmod
                0x0000000000008e00        0xc
 .ARM.extab.text.__aeabi_ldivmod
                0x0000000000008e00        0xc /workspace/optee_os/out/arm/export-ta_arm32/lib/libutils.a(arm32_aeabi_ldivmod_a32.o)

.ARM.extab.text.__aeabi_uldivmod
                0x0000000000008e0c        0xc
 .ARM.extab.text.__aeabi_uldivmod
                0x0000000000008e0c        0xc /workspace/optee_os/out/arm/export-ta_arm32/lib/libutils.a(arm32_aeabi_ldivmod_a32.o)

.ARM.extab.text.utee_panic
                0x0000000000008e18        0xc
 .ARM.extab.text.utee_panic
                0x0000000000008e18        0xc /workspace/optee_os/out/arm/export-ta_arm32/lib/libutee.a(utee_syscalls_a32.o)

.ARM.extab.text.utee_return
                0x0000000000008e24        0x0
 .ARM.extab.text.utee_return
                0x0000000000008e24        0x0 /workspace/optee_os/out/arm/export-ta_arm32/lib/libutee.a(utee_syscalls_a32.o)

.ARM.extab.text.utee_log
                0x0000000000008e24        0x0
 .ARM.extab.text.utee_log
                0x0000000000008e24        0x0 /workspace/optee_os/out/arm/export-ta_arm32/lib/libutee.a(utee_syscalls_a32.o)

.ARM.extab.text.__utee_panic
                0x0000000000008e24        0x0
 .ARM.extab.text.__utee_panic
                0x0000000000008e24        0x0 /workspace/optee_os/out/arm/export-ta_arm32/lib/libutee.a(utee_syscalls_a32.o)

.ARM.extab.text.utee_get_property
                0x0000000000008e24        0x0
 .ARM.extab.text.utee_get_property
                0x0000000000008e24        0x0 /workspace/optee_os/out/arm/export-ta_arm32/lib/libutee.a(utee_syscalls_a32.o)

.ARM.extab.text.utee_get_property_name_to_index
                0x0000000000008e24        0x0
 .ARM.extab.text.utee_get_property_name_to_index
                0x0000000000008e24        0x0 /workspace/optee_os/out/arm/export-ta_arm32/lib/libutee.a(utee_syscalls_a32.o)

.ARM.extab.text.utee_open_ta_session
                0x0000000000008e24        0x0
 .ARM.extab.text.utee_open_ta_session
                0x0000000000008e24        0x0 /workspace/optee_os/out/arm/export-ta_arm32/lib/libutee.a(utee_syscalls_a32.o)

.ARM.extab.text.utee_close_ta_session
                0x0000000000008e24        0x0
 .ARM.extab.text.utee_close_ta_session
                0x0000000000008e24        0x0 /workspace/optee_os/out/arm/export-ta_arm32/lib/libutee.a(utee_syscalls_a32.o)

.ARM.extab.text.utee_invoke_ta_command
                0x0000000000008e24        0x0
 .ARM.extab.text.utee_invoke_ta_command
                0x0000000000008e24        0x0 /workspace/optee_os/out/arm/export-ta_arm32/lib/libutee.a(utee_syscalls_a32.o)

.ARM.extab.text.utee_get_cancellation_flag
                0x0000000000008e24        0x0
 .ARM.extab.text.utee_get_cancellation_flag
                0x0000000000008e24        0x0 /workspace/optee_os/out/arm/export-ta_arm32/lib/libutee.a(utee_syscalls_a32.o)

.ARM.extab.text.utee_check_access_rights
                0x0000000000008e24        0x0
 .ARM.extab.text.utee_check_access_rights
                0x0000000000008e24        0x0 /workspace/optee_os/out/arm/export-ta_arm32/lib/libutee.a(utee_syscalls_a32.o)

.ARM.extab.text.utee_unmask_cancellation
                0x0000000000008e24        0x0
 .ARM.extab.text.utee_unmask_cancellation
                0x0000000000008e24        0x0 /workspace/optee_os/out/arm/export-ta_arm32/lib/libutee.a(utee_syscalls_a32.o)

.ARM.extab.text.utee_mask_cancellation
                0x0000000000008e24        0x0
 .ARM.extab.text.utee_mask_cancellation
                0x0000000000008e24        0x0 /workspace/optee_os/out/arm/export-ta_arm32/lib/libutee.a(utee_syscalls_a32.o)

.ARM.extab.text.utee_wait
                0x0000000000008e24        0x0
 .ARM.extab.text.utee_wait
                0x0000000000008e24        0x0 /workspace/optee_os/out/arm/export-ta_arm32/lib/libutee.a(utee_syscalls_a32.o)

.ARM.extab.text.utee_get_time
                0x0000000000008e24        0x0
 .ARM.extab.text.utee_get_time
                0x0000000000008e24        0x0 /workspace/optee_os/out/arm/export-ta_arm32/lib/libutee.a(utee_syscalls_a32.o)

.ARM.extab.text.utee_set_ta_time
                0x0000000000008e24        0x0
 .ARM.extab.text.utee_set_ta_time
                0x0000000000008e24        0x0 /workspace/optee_os/out/arm/export-ta_arm32/lib/libutee.a(utee_syscalls_a32.o)

.ARM.extab.text.utee_cryp_state_alloc
                0x0000000000008e24        0x0
 .ARM.extab.text.utee_cryp_state_alloc
                0x0000000000008e24        0x0 /workspace/optee_os/out/arm/export-ta_arm32/lib/libutee.a(utee_syscalls_a32.o)

.ARM.extab.text.utee_cryp_state_copy
                0x0000000000008e24        0x0
 .ARM.extab.text.utee_cryp_state_copy
                0x0000000000008e24        0x0 /workspace/optee_os/out/arm/export-ta_arm32/lib/libutee.a(utee_syscalls_a32.o)

.ARM.extab.text.utee_cryp_state_free
                0x0000000000008e24        0x0
 .ARM.extab.text.utee_cryp_state_free
                0x0000000000008e24        0x0 /workspace/optee_os/out/arm/export-ta_arm32/lib/libutee.a(utee_syscalls_a32.o)

.ARM.extab.text.utee_hash_init
                0x0000000000008e24        0x0
 .ARM.extab.text.utee_hash_init
                0x0000000000008e24        0x0 /workspace/optee_os/out/arm/export-ta_arm32/lib/libutee.a(utee_syscalls_a32.o)

.ARM.extab.text.utee_hash_update
                0x0000000000008e24        0x0
 .ARM.extab.text.utee_hash_update
                0x0000000000008e24        0x0 /workspace/optee_os/out/arm/export-ta_arm32/lib/libutee.a(utee_syscalls_a32.o)

.ARM.extab.text.utee_hash_final
                0x0000000000008e24        0x0
 .ARM.extab.text.utee_hash_final
                0x0000000000008e24        0x0 /workspace/optee_os/out/arm/export-ta_arm32/lib/libutee.a(utee_syscalls_a32.o)

.ARM.extab.text.utee_cipher_init
                0x0000000000008e24        0x0
 .ARM.extab.text.utee_cipher_init
                0x0000000000008e24        0x0 /workspace/optee_os/out/arm/export-ta_arm32/lib/libutee.a(utee_syscalls_a32.o)

.ARM.extab.text.utee_cipher_update
                0x0000000000008e24        0x0
 .ARM.extab.text.utee_cipher_update
                0x0000000000008e24        0x0 /workspace/optee_os/out/arm/export-ta_arm32/lib/libutee.a(utee_syscalls_a32.o)

.ARM.extab.text.utee_cipher_final
                0x0000000000008e24        0x0
 .ARM.extab.text.utee_cipher_final
                0x0000000000008e24        0x0 /workspace/optee_os/out/arm/export-ta_arm32/lib/libutee.a(utee_syscalls_a32.o)

.ARM.extab.text.utee_cryp_obj_get_info
                0x0000000000008e24        0x0
 .ARM.extab.text.utee_cryp_obj_get_info
                0x0000000000008e24        0x0 /workspace/optee_os/out/arm/export-ta_arm32/lib/libutee.a(utee_syscalls_a32.o)

.ARM.extab.text.utee_cryp_obj_restrict_usage
                0x0000000000008e24        0x0
 .ARM.extab.text.utee_cryp_obj_restrict_usage
                0x0000000000008e24        0x0 /workspace/optee_os/out/arm/export-ta_arm32/lib/libutee.a(utee_syscalls_a32.o)

.ARM.extab.text.utee_cryp_obj_get_attr
                0x0000000000008e24        0x0
 .ARM.extab.text.utee_cryp_obj_get_attr
                0x0000000000008e24        0x0 /workspace/optee_os/out/arm/export-ta_arm32/lib/libutee.a(utee_syscalls_a32.o)

.ARM.extab.text.utee_cryp_obj_alloc
                0x0000000000008e24        0x0
 .ARM.extab.text.utee_cryp_obj_alloc
                0x0000000000008e24        0x0 /workspace/optee_os/out/arm/export-ta_arm32/lib/libutee.a(utee_syscalls_a32.o)

.ARM.extab.text.utee_cryp_obj_close
                0x0000000000008e24        0x0
 .ARM.extab.text.utee_cryp_obj_close
                0x0000000000008e24        0x0 /workspace/optee_os/out/arm/export-ta_arm32/lib/libutee.a(utee_syscalls_a32.o)

.ARM.extab.text.utee_cryp_obj_reset
                0x0000000000008e24        0x0
 .ARM.extab.text.utee_cryp_obj_reset
                0x0000000000008e24        0x0 /workspace/optee_os/out/arm/export-ta_arm32/lib/libutee.a(utee_syscalls_a32.o)

.ARM.extab.text.utee_cryp_obj_populate
                0x0000000000008e24        0x0
 .ARM.extab.text.utee_cryp_obj_populate
                0x0000000000008e24        0x0 /workspace/optee_os/out/arm/export-ta_arm32/lib/libutee.a(utee_syscalls_a32.o)

.ARM.extab.text.utee_cryp_obj_copy
                0x0000000000008e24        0x0
 .ARM.extab.text.utee_cryp_obj_copy
                0x0000000000008e24        0x0 /workspace/optee_os/out/arm/export-ta_arm32/lib/libutee.a(utee_syscalls_a32.o)

.ARM.extab.text.utee_cryp_derive_key
                0x0000000000008e24        0x0
 .ARM.extab.text.utee_cryp_derive_key
                0x0000000000008e24        0x0 /workspace/optee_os/out/arm/export-ta_arm32/lib/libutee.a(utee_syscalls_a32.o)

.ARM.extab.text.utee_cryp_random_number_generate
                0x0000000000008e24        0x0
 .ARM.extab.text.utee_cryp_random_number_generate
                0x0000000000008e24        0x0 /workspace/optee_os/out/arm/export-ta_arm32/lib/libutee.a(utee_syscalls_a32.o)

.ARM.extab.text.utee_authenc_init
                0x0000000000008e24        0x0
 .ARM.extab.text.utee_authenc_init
                0x0000000000008e24        0x0 /workspace/optee_os/out/arm/export-ta_arm32/lib/libutee.a(utee_syscalls_a32.o)

.ARM.extab.text.utee_authenc_update_aad
                0x0000000000008e24        0x0
 .ARM.extab.text.utee_authenc_update_aad
                0x0000000000008e24        0x0 /workspace/optee_os/out/arm/export-ta_arm32/lib/libutee.a(utee_syscalls_a32.o)

.ARM.extab.text.utee_authenc_update_payload
                0x0000000000008e24        0x0
 .ARM.extab.text.utee_authenc_update_payload
                0x0000000000008e24        0x0 /workspace/optee_os/out/arm/export-ta_arm32/lib/libutee.a(utee_syscalls_a32.o)

.ARM.extab.text.utee_authenc_enc_final
                0x0000000000008e24        0x0
 .ARM.extab.text.utee_authenc_enc_final
                0x0000000000008e24        0x0 /workspace/optee_os/out/arm/export-ta_arm32/lib/libutee.a(utee_syscalls_a32.o)

.ARM.extab.text.utee_authenc_dec_final
                0x0000000000008e24        0x0
 .ARM.extab.text.utee_authenc_dec_final
                0x0000000000008e24        0x0 /workspace/optee_os/out/arm/export-ta_arm32/lib/libutee.a(utee_syscalls_a32.o)

.ARM.extab.text.utee_asymm_operate
                0x0000000000008e24        0x0
 .ARM.extab.text.utee_asymm_operate
                0x0000000000008e24        0x0 /workspace/optee_os/out/arm/export-ta_arm32/lib/libutee.a(utee_syscalls_a32.o)

.ARM.extab.text.utee_asymm_verify
                0x0000000000008e24        0x0
 .ARM.extab.text.utee_asymm_verify
                0x0000000000008e24        0x0 /workspace/optee_os/out/arm/export-ta_arm32/lib/libutee.a(utee_syscalls_a32.o)

.ARM.extab.text.utee_storage_obj_open
                0x0000000000008e24        0x0
 .ARM.extab.text.utee_storage_obj_open
                0x0000000000008e24        0x0 /workspace/optee_os/out/arm/export-ta_arm32/lib/libutee.a(utee_syscalls_a32.o)

.ARM.extab.text.utee_storage_obj_create
                0x0000000000008e24        0x0
 .ARM.extab.text.utee_storage_obj_create
                0x0000000000008e24        0x0 /workspace/optee_os/out/arm/export-ta_arm32/lib/libutee.a(utee_syscalls_a32.o)

.ARM.extab.text.utee_storage_obj_del
                0x0000000000008e24        0x0
 .ARM.extab.text.utee_storage_obj_del
                0x0000000000008e24        0x0 /workspace/optee_os/out/arm/export-ta_arm32/lib/libutee.a(utee_syscalls_a32.o)

.ARM.extab.text.utee_storage_obj_rename
                0x0000000000008e24        0x0
 .ARM.extab.text.utee_storage_obj_rename
                0x0000000000008e24        0x0 /workspace/optee_os/out/arm/export-ta_arm32/lib/libutee.a(utee_syscalls_a32.o)

.ARM.extab.text.utee_storage_alloc_enum
                0x0000000000008e24        0x0
 .ARM.extab.text.utee_storage_alloc_enum
                0x0000000000008e24        0x0 /workspace/optee_os/out/arm/export-ta_arm32/lib/libutee.a(utee_syscalls_a32.o)

.ARM.extab.text.utee_storage_free_enum
                0x0000000000008e24        0x0
 .ARM.extab.text.utee_storage_free_enum
                0x0000000000008e24        0x0 /workspace/optee_os/out/arm/export-ta_arm32/lib/libutee.a(utee_syscalls_a32.o)

.ARM.extab.text.utee_storage_reset_enum
                0x0000000000008e24        0x0
 .ARM.extab.text.utee_storage_reset_enum
                0x0000000000008e24        0x0 /workspace/optee_os/out/arm/export-ta_arm32/lib/libutee.a(utee_syscalls_a32.o)

.ARM.extab.text.utee_storage_start_enum
                0x0000000000008e24        0x0
 .ARM.extab.text.utee_storage_start_enum
                0x0000000000008e24        0x0 /workspace/optee_os/out/arm/export-ta_arm32/lib/libutee.a(utee_syscalls_a32.o)

.ARM.extab.text.utee_storage_next_enum
                0x0000000000008e24        0x0
 .ARM.extab.text.utee_storage_next_enum
                0x0000000000008e24        0x0 /workspace/optee_os/out/arm/export-ta_arm32/lib/libutee.a(utee_syscalls_a32.o)

.ARM.extab.text.utee_storage_obj_read
                0x0000000000008e24        0x0
 .ARM.extab.text.utee_storage_obj_read
                0x0000000000008e24        0x0 /workspace/optee_os/out/arm/export-ta_arm32/lib/libutee.a(utee_syscalls_a32.o)

.ARM.extab.text.utee_storage_obj_write
                0x0000000000008e24        0x0
 .ARM.extab.text.utee_storage_obj_write
                0x0000000000008e24        0x0 /workspace/optee_os/out/arm/export-ta_arm32/lib/libutee.a(utee_syscalls_a32.o)

.ARM.extab.text.utee_storage_obj_trunc
                0x0000000000008e24        0x0
 .ARM.extab.text.utee_storage_obj_trunc
                0x0000000000008e24        0x0 /workspace/optee_os/out/arm/export-ta_arm32/lib/libutee.a(utee_syscalls_a32.o)

.ARM.extab.text.utee_storage_obj_seek
                0x0000000000008e24        0x0
 .ARM.extab.text.utee_storage_obj_seek
                0x0000000000008e24        0x0 /workspace/optee_os/out/arm/export-ta_arm32/lib/libutee.a(utee_syscalls_a32.o)

.ARM.extab.text.utee_cryp_obj_generate_key
                0x0000000000008e24        0x0
 .ARM.extab.text.utee_cryp_obj_generate_key
                0x0000000000008e24        0x0 /workspace/optee_os/out/arm/export-ta_arm32/lib/libutee.a(utee_syscalls_a32.o)

.ARM.extab.text.utee_cache_operation
                0x0000000000008e24        0x0
 .ARM.extab.text.utee_cache_operation
                0x0000000000008e24        0x0 /workspace/optee_os/out/arm/export-ta_arm32/lib/libutee.a(utee_syscalls_a32.o)

.ARM.extab.text.unlikely
                0x0000000000008e24        0xc
 .ARM.extab.text.unlikely
                0x0000000000008e24        0xc /workspace/optee_os/out/arm/export-ta_arm32/lib/libutee.a(tee_api_arith_mpi.o)

.ARM.exidx      0x0000000000008e30      0x650
 *(SORT(.ARM.exidx*) SORT(.gnu.linkonce.armexidx.*))
 .ARM.exidx     0x0000000000008e30       0x20 ./hotp_ta.o
                                         0x28 (size before relaxing)
 .ARM.exidx     0x0000000000009420        0x8 ./user_ta_header.o
 .ARM.exidx     0x0000000000009428        0x8 /workspace/optee_os/out/arm/export-ta_arm32/lib/libutils.a(memcpy.o)
 .ARM.exidx     0x0000000000009430        0x8 /workspace/optee_os/out/arm/export-ta_arm32/lib/libutils.a(memset.o)
 .ARM.exidx     0x0000000000008e50       0x20 /workspace/optee_os/out/arm/export-ta_arm32/lib/libutils.a(trace.o)
                                         0x28 (size before relaxing)
 .ARM.exidx     0x0000000000009438        0x0 /workspace/optee_os/out/arm/export-ta_arm32/lib/libutils.a(aeabi_unwind.o)
                                         0x18 (size before relaxing)
 .ARM.exidx     0x0000000000008e70       0x18 /workspace/optee_os/out/arm/export-ta_arm32/lib/libutils.a(snprintk.o)
 .ARM.exidx     0x0000000000009438        0x8 /workspace/optee_os/out/arm/export-ta_arm32/lib/libutils.a(memchr.o)
 .ARM.exidx     0x0000000000009440        0x8 /workspace/optee_os/out/arm/export-ta_arm32/lib/libutils.a(strlen.o)
 .ARM.exidx.text.__aeabi_ldivmod
                0x0000000000008e88        0x8 /workspace/optee_os/out/arm/export-ta_arm32/lib/libutils.a(arm32_aeabi_ldivmod_a32.o)
 .ARM.exidx.text.__aeabi_uldivmod
                0x0000000000008e90        0x8 /workspace/optee_os/out/arm/export-ta_arm32/lib/libutils.a(arm32_aeabi_ldivmod_a32.o)
 .ARM.exidx     0x0000000000009448        0x8 /workspace/optee_os/out/arm/export-ta_arm32/lib/libutils.a(arm32_aeabi_ldivmod.o)
                                         0x10 (size before relaxing)
 .ARM.exidx     0x0000000000008e98       0x28 /workspace/optee_os/out/arm/export-ta_arm32/lib/libutee.a(trace_ext.o)
 .ARM.exidx     0x0000000000008ec0       0x68 /workspace/optee_os/out/arm/export-ta_arm32/lib/libutee.a(tee_api.o)
                                         0xc8 (size before relaxing)
 .ARM.exidx     0x0000000000008f28       0xd0 /workspace/optee_os/out/arm/export-ta_arm32/lib/libutee.a(tee_api_objects.o)
                                         0xf8 (size before relaxing)
 .ARM.exidx     0x0000000000008ff8       0xd8 /workspace/optee_os/out/arm/export-ta_arm32/lib/libutee.a(tee_api_operations.o)
                                         0xf0 (size before relaxing)
 .ARM.exidx     0x0000000000009450        0x8 /workspace/optee_os/out/arm/export-ta_arm32/lib/libutee.a(tee_api_panic.o)
 .ARM.exidx     0x00000000000090d0       0x18 /workspace/optee_os/out/arm/export-ta_arm32/lib/libutee.a(user_ta_entry.o)
 .ARM.exidx.text.utee_panic
                0x00000000000090e8        0x8 /workspace/optee_os/out/arm/export-ta_arm32/lib/libutee.a(utee_syscalls_a32.o)
 .ARM.exidx.text.utee_return
                0x00000000000090f0        0x8 /workspace/optee_os/out/arm/export-ta_arm32/lib/libutee.a(utee_syscalls_a32.o)
 .ARM.exidx.text.utee_log
                0x00000000000090f8        0x0 /workspace/optee_os/out/arm/export-ta_arm32/lib/libutee.a(utee_syscalls_a32.o)
                                          0x8 (size before relaxing)
 .ARM.exidx.text.__utee_panic
                0x00000000000090f8        0x0 /workspace/optee_os/out/arm/export-ta_arm32/lib/libutee.a(utee_syscalls_a32.o)
                                          0x8 (size before relaxing)
 .ARM.exidx.text.utee_get_property
                0x00000000000090f8        0x0 /workspace/optee_os/out/arm/export-ta_arm32/lib/libutee.a(utee_syscalls_a32.o)
                                          0x8 (size before relaxing)
 .ARM.exidx.text.utee_get_property_name_to_index
                0x00000000000090f8        0x0 /workspace/optee_os/out/arm/export-ta_arm32/lib/libutee.a(utee_syscalls_a32.o)
                                          0x8 (size before relaxing)
 .ARM.exidx.text.utee_open_ta_session
                0x00000000000090f8        0x0 /workspace/optee_os/out/arm/export-ta_arm32/lib/libutee.a(utee_syscalls_a32.o)
                                          0x8 (size before relaxing)
 .ARM.exidx.text.utee_close_ta_session
                0x00000000000090f8        0x0 /workspace/optee_os/out/arm/export-ta_arm32/lib/libutee.a(utee_syscalls_a32.o)
                                          0x8 (size before relaxing)
 .ARM.exidx.text.utee_invoke_ta_command
                0x00000000000090f8        0x0 /workspace/optee_os/out/arm/export-ta_arm32/lib/libutee.a(utee_syscalls_a32.o)
                                          0x8 (size before relaxing)
 .ARM.exidx.text.utee_get_cancellation_flag
                0x00000000000090f8        0x0 /workspace/optee_os/out/arm/export-ta_arm32/lib/libutee.a(utee_syscalls_a32.o)
                                          0x8 (size before relaxing)
 .ARM.exidx.text.utee_check_access_rights
                0x00000000000090f8        0x0 /workspace/optee_os/out/arm/export-ta_arm32/lib/libutee.a(utee_syscalls_a32.o)
                                          0x8 (size before relaxing)
 .ARM.exidx.text.utee_unmask_cancellation
                0x00000000000090f8        0x0 /workspace/optee_os/out/arm/export-ta_arm32/lib/libutee.a(utee_syscalls_a32.o)
                                          0x8 (size before relaxing)
 .ARM.exidx.text.utee_mask_cancellation
                0x00000000000090f8        0x0 /workspace/optee_os/out/arm/export-ta_arm32/lib/libutee.a(utee_syscalls_a32.o)
                                          0x8 (size before relaxing)
 .ARM.exidx.text.utee_wait
                0x00000000000090f8        0x0 /workspace/optee_os/out/arm/export-ta_arm32/lib/libutee.a(utee_syscalls_a32.o)
                                          0x8 (size before relaxing)
 .ARM.exidx.text.utee_get_time
                0x00000000000090f8        0x0 /workspace/optee_os/out/arm/export-ta_arm32/lib/libutee.a(utee_syscalls_a32.o)
                                          0x8 (size before relaxing)
 .ARM.exidx.text.utee_set_ta_time
                0x00000000000090f8        0x0 /workspace/optee_os/out/arm/export-ta_arm32/lib/libutee.a(utee_syscalls_a32.o)
                                          0x8 (size before relaxing)
 .ARM.exidx.text.utee_cryp_state_alloc
                0x00000000000090f8        0x0 /workspace/optee_os/out/arm/export-ta_arm32/lib/libutee.a(utee_syscalls_a32.o)
                                          0x8 (size before relaxing)
 .ARM.exidx.text.utee_cryp_state_copy
                0x00000000000090f8        0x0 /workspace/optee_os/out/arm/export-ta_arm32/lib/libutee.a(utee_syscalls_a32.o)
                                          0x8 (size before relaxing)
 .ARM.exidx.text.utee_cryp_state_free
                0x00000000000090f8        0x0 /workspace/optee_os/out/arm/export-ta_arm32/lib/libutee.a(utee_syscalls_a32.o)
                                          0x8 (size before relaxing)
 .ARM.exidx.text.utee_hash_init
                0x00000000000090f8        0x0 /workspace/optee_os/out/arm/export-ta_arm32/lib/libutee.a(utee_syscalls_a32.o)
                                          0x8 (size before relaxing)
 .ARM.exidx.text.utee_hash_update
                0x00000000000090f8        0x0 /workspace/optee_os/out/arm/export-ta_arm32/lib/libutee.a(utee_syscalls_a32.o)
                                          0x8 (size before relaxing)
 .ARM.exidx.text.utee_hash_final
                0x00000000000090f8        0x0 /workspace/optee_os/out/arm/export-ta_arm32/lib/libutee.a(utee_syscalls_a32.o)
                                          0x8 (size before relaxing)
 .ARM.exidx.text.utee_cipher_init
                0x00000000000090f8        0x0 /workspace/optee_os/out/arm/export-ta_arm32/lib/libutee.a(utee_syscalls_a32.o)
                                          0x8 (size before relaxing)
 .ARM.exidx.text.utee_cipher_update
                0x00000000000090f8        0x0 /workspace/optee_os/out/arm/export-ta_arm32/lib/libutee.a(utee_syscalls_a32.o)
                                          0x8 (size before relaxing)
 .ARM.exidx.text.utee_cipher_final
                0x00000000000090f8        0x0 /workspace/optee_os/out/arm/export-ta_arm32/lib/libutee.a(utee_syscalls_a32.o)
                                          0x8 (size before relaxing)
 .ARM.exidx.text.utee_cryp_obj_get_info
                0x00000000000090f8        0x0 /workspace/optee_os/out/arm/export-ta_arm32/lib/libutee.a(utee_syscalls_a32.o)
                                          0x8 (size before relaxing)
 .ARM.exidx.text.utee_cryp_obj_restrict_usage
                0x00000000000090f8        0x0 /workspace/optee_os/out/arm/export-ta_arm32/lib/libutee.a(utee_syscalls_a32.o)
                                          0x8 (size before relaxing)
 .ARM.exidx.text.utee_cryp_obj_get_attr
                0x00000000000090f8        0x0 /workspace/optee_os/out/arm/export-ta_arm32/lib/libutee.a(utee_syscalls_a32.o)
                                          0x8 (size before relaxing)
 .ARM.exidx.text.utee_cryp_obj_alloc
                0x00000000000090f8        0x0 /workspace/optee_os/out/arm/export-ta_arm32/lib/libutee.a(utee_syscalls_a32.o)
                                          0x8 (size before relaxing)
 .ARM.exidx.text.utee_cryp_obj_close
                0x00000000000090f8        0x0 /workspace/optee_os/out/arm/export-ta_arm32/lib/libutee.a(utee_syscalls_a32.o)
                                          0x8 (size before relaxing)
 .ARM.exidx.text.utee_cryp_obj_reset
                0x00000000000090f8        0x0 /workspace/optee_os/out/arm/export-ta_arm32/lib/libutee.a(utee_syscalls_a32.o)
                                          0x8 (size before relaxing)
 .ARM.exidx.text.utee_cryp_obj_populate
                0x00000000000090f8        0x0 /workspace/optee_os/out/arm/export-ta_arm32/lib/libutee.a(utee_syscalls_a32.o)
                                          0x8 (size before relaxing)
 .ARM.exidx.text.utee_cryp_obj_copy
                0x00000000000090f8        0x0 /workspace/optee_os/out/arm/export-ta_arm32/lib/libutee.a(utee_syscalls_a32.o)
                                          0x8 (size before relaxing)
 .ARM.exidx.text.utee_cryp_derive_key
                0x00000000000090f8        0x0 /workspace/optee_os/out/arm/export-ta_arm32/lib/libutee.a(utee_syscalls_a32.o)
                                          0x8 (size before relaxing)
 .ARM.exidx.text.utee_cryp_random_number_generate
                0x00000000000090f8        0x0 /workspace/optee_os/out/arm/export-ta_arm32/lib/libutee.a(utee_syscalls_a32.o)
                                          0x8 (size before relaxing)
 .ARM.exidx.text.utee_authenc_init
                0x00000000000090f8        0x0 /workspace/optee_os/out/arm/export-ta_arm32/lib/libutee.a(utee_syscalls_a32.o)
                                          0x8 (size before relaxing)
 .ARM.exidx.text.utee_authenc_update_aad
                0x00000000000090f8        0x0 /workspace/optee_os/out/arm/export-ta_arm32/lib/libutee.a(utee_syscalls_a32.o)
                                          0x8 (size before relaxing)
 .ARM.exidx.text.utee_authenc_update_payload
                0x00000000000090f8        0x0 /workspace/optee_os/out/arm/export-ta_arm32/lib/libutee.a(utee_syscalls_a32.o)
                                          0x8 (size before relaxing)
 .ARM.exidx.text.utee_authenc_enc_final
                0x00000000000090f8        0x0 /workspace/optee_os/out/arm/export-ta_arm32/lib/libutee.a(utee_syscalls_a32.o)
                                          0x8 (size before relaxing)
 .ARM.exidx.text.utee_authenc_dec_final
                0x00000000000090f8        0x0 /workspace/optee_os/out/arm/export-ta_arm32/lib/libutee.a(utee_syscalls_a32.o)
                                          0x8 (size before relaxing)
 .ARM.exidx.text.utee_asymm_operate
                0x00000000000090f8        0x0 /workspace/optee_os/out/arm/export-ta_arm32/lib/libutee.a(utee_syscalls_a32.o)
                                          0x8 (size before relaxing)
 .ARM.exidx.text.utee_asymm_verify
                0x00000000000090f8        0x0 /workspace/optee_os/out/arm/export-ta_arm32/lib/libutee.a(utee_syscalls_a32.o)
                                          0x8 (size before relaxing)
 .ARM.exidx.text.utee_storage_obj_open
                0x00000000000090f8        0x0 /workspace/optee_os/out/arm/export-ta_arm32/lib/libutee.a(utee_syscalls_a32.o)
                                          0x8 (size before relaxing)
 .ARM.exidx.text.utee_storage_obj_create
                0x00000000000090f8        0x0 /workspace/optee_os/out/arm/export-ta_arm32/lib/libutee.a(utee_syscalls_a32.o)
                                          0x8 (size before relaxing)
 .ARM.exidx.text.utee_storage_obj_del
                0x00000000000090f8        0x0 /workspace/optee_os/out/arm/export-ta_arm32/lib/libutee.a(utee_syscalls_a32.o)
                                          0x8 (size before relaxing)
 .ARM.exidx.text.utee_storage_obj_rename
                0x00000000000090f8        0x0 /workspace/optee_os/out/arm/export-ta_arm32/lib/libutee.a(utee_syscalls_a32.o)
                                          0x8 (size before relaxing)
 .ARM.exidx.text.utee_storage_alloc_enum
                0x00000000000090f8        0x0 /workspace/optee_os/out/arm/export-ta_arm32/lib/libutee.a(utee_syscalls_a32.o)
                                          0x8 (size before relaxing)
 .ARM.exidx.text.utee_storage_free_enum
                0x00000000000090f8        0x0 /workspace/optee_os/out/arm/export-ta_arm32/lib/libutee.a(utee_syscalls_a32.o)
                                          0x8 (size before relaxing)
 .ARM.exidx.text.utee_storage_reset_enum
                0x00000000000090f8        0x0 /workspace/optee_os/out/arm/export-ta_arm32/lib/libutee.a(utee_syscalls_a32.o)
                                          0x8 (size before relaxing)
 .ARM.exidx.text.utee_storage_start_enum
                0x00000000000090f8        0x0 /workspace/optee_os/out/arm/export-ta_arm32/lib/libutee.a(utee_syscalls_a32.o)
                                          0x8 (size before relaxing)
 .ARM.exidx.text.utee_storage_next_enum
                0x00000000000090f8        0x0 /workspace/optee_os/out/arm/export-ta_arm32/lib/libutee.a(utee_syscalls_a32.o)
                                          0x8 (size before relaxing)
 .ARM.exidx.text.utee_storage_obj_read
                0x00000000000090f8        0x0 /workspace/optee_os/out/arm/export-ta_arm32/lib/libutee.a(utee_syscalls_a32.o)
                                          0x8 (size before relaxing)
 .ARM.exidx.text.utee_storage_obj_write
                0x00000000000090f8        0x0 /workspace/optee_os/out/arm/export-ta_arm32/lib/libutee.a(utee_syscalls_a32.o)
                                          0x8 (size before relaxing)
 .ARM.exidx.text.utee_storage_obj_trunc
                0x00000000000090f8        0x0 /workspace/optee_os/out/arm/export-ta_arm32/lib/libutee.a(utee_syscalls_a32.o)
                                          0x8 (size before relaxing)
 .ARM.exidx.text.utee_storage_obj_seek
                0x00000000000090f8        0x0 /workspace/optee_os/out/arm/export-ta_arm32/lib/libutee.a(utee_syscalls_a32.o)
                                          0x8 (size before relaxing)
 .ARM.exidx.text.utee_cryp_obj_generate_key
                0x00000000000090f8        0x0 /workspace/optee_os/out/arm/export-ta_arm32/lib/libutee.a(utee_syscalls_a32.o)
                                          0x8 (size before relaxing)
 .ARM.exidx.text.utee_cache_operation
                0x00000000000090f8        0x8 /workspace/optee_os/out/arm/export-ta_arm32/lib/libutee.a(utee_syscalls_a32.o)
 .ARM.exidx.text.unlikely
                0x00000000000091f8        0x8 /workspace/optee_os/out/arm/export-ta_arm32/lib/libutee.a(tee_api_arith_mpi.o)
 .ARM.exidx     0x0000000000009100       0xf8 /workspace/optee_os/out/arm/export-ta_arm32/lib/libutee.a(tee_api_arith_mpi.o)
                                        0x150 (size before relaxing)
 .ARM.exidx     0x0000000000009200      0x168 /workspace/optee_os/out/arm/export-ta_arm32/lib/libmbedtls.a(bignum.o)
                                        0x1b0 (size before relaxing)
 .ARM.exidx     0x0000000000009368       0x88 /workspace/optee_os/out/arm/export-ta_arm32/lib/libutils.a(bget_malloc.o)
                                         0x98 (size before relaxing)
 .ARM.exidx     0x0000000000009458       0x10 /workspace/optee_os/out/arm/export-ta_arm32/lib/libutils.a(snprintf.o)
 .ARM.exidx     0x0000000000009468        0x8 /workspace/optee_os/out/arm/export-ta_arm32/lib/libutils.a(memcmp.o)
 .ARM.exidx     0x0000000000009470        0x0 /workspace/optee_os/out/arm/export-ta_arm32/lib/libutils.a(memmove.o)
                                          0x8 (size before relaxing)
 .ARM.exidx     0x0000000000009470       0x10 /workspace/optee_os/out/arm/export-ta_arm32/lib/libutils.a(buf_compare_ct.o)
                                          0x8 (size before relaxing)
 .ARM.exidx     0x00000000000093f0       0x20 /workspace/optee_os/out/arm/export-ta_arm32/lib/libutils.a(mempool.o)
 .ARM.exidx     0x0000000000009410       0x10 /workspace/optee_os/out/arm/export-ta_arm32/lib/libutee.a(assert.o)

.ctors
 *(SORT(.ctors))

.dtors
 *(SORT(.dtors))

.got            0x0000000000009480       0x3c
 *(SORT(.got.plt))
 .got.plt       0x0000000000009480        0xc ./hotp_ta.o
                0x0000000000009480                _GLOBAL_OFFSET_TABLE_
 *(SORT(.got))
 .got           0x000000000000948c       0x30 ./hotp_ta.o

.rel.text
 *(SORT(.rel.text))
 *(SORT(.rel.gnu.linkonce.t*))

.rela.text
 *(SORT(.rela.text))
 *(SORT(.rela.gnu.linkonce.t*))

.rel.data
 *(SORT(.rel.data))
 *(SORT(.rel.gnu.linkonce.d*))

.rela.data
 *(SORT(.rela.data))
 *(SORT(.rela.gnu.linkonce.d*))

.rel.rodata
 *(SORT(.rel.rodata))
 *(SORT(.rel.gnu.linkonce.r*))

.rela.rodata
 *(SORT(.rela.rodata))
 *(SORT(.rela.gnu.linkonce.r*))

.rel.dyn        0x00000000000094bc       0x98
 *(SORT(.rel.dyn))
 .rel.iplt      0x00000000000094bc        0x0 ./hotp_ta.o
 .rel.data.rel.ro.local
                0x00000000000094bc       0x70 ./hotp_ta.o
 .rel.ta_head   0x000000000000952c        0x8 ./hotp_ta.o
 .rel.data.rel  0x0000000000009534        0x8 ./hotp_ta.o
 .rel.data.rel.local
                0x000000000000953c       0x18 ./hotp_ta.o

.rel.got        0x0000000000009554       0x60
 *(SORT(.rel.got))
 .rel.got       0x0000000000009554       0x60 ./hotp_ta.o

.rela.got
 *(SORT(.rela.got))

.rel.ctors
 *(SORT(.rel.ctors))

.rela.ctors
 *(SORT(.rela.ctors))

.rel.dtors
 *(SORT(.rel.dtors))

.rela.dtors
 *(SORT(.rela.dtors))

.rel.init
 *(SORT(.rel.init))

.rela.init
 *(SORT(.rela.init))

.rel.fini
 *(SORT(.rel.fini))

.rela.fini
 *(SORT(.rela.fini))

.rel.bss
 *(SORT(.rel.bss))

.rela.bss
 *(SORT(.rela.bss))

.rel.plt        0x00000000000095b4        0x0
 *(SORT(.rel.plt))
 .rel.plt       0x00000000000095b4        0x0 ./hotp_ta.o

.rela.plt
 *(SORT(.rela.plt))

.dynamic        0x00000000000095b4       0x80
 *(SORT(.dynamic))
 .dynamic       0x00000000000095b4       0x80 ./hotp_ta.o
                0x00000000000095b4                _DYNAMIC

.dynsym         0x0000000000009634       0xf0
 *(SORT(.dynsym))
 .dynsym        0x0000000000009634       0xf0 ./hotp_ta.o

.dynstr         0x0000000000009724       0xce
 *(SORT(.dynstr))
 .dynstr        0x0000000000009724       0xce ./hotp_ta.o

.hash           0x00000000000097f4       0x50
 *(SORT(.hash))
 .hash          0x00000000000097f4       0x50 ./hotp_ta.o
                0x000000000000a000                . = ALIGN (0x1000)

.data           0x000000000000a000       0x80
 *(SORT(.data) SORT(.data.*) SORT(.gnu.linkonce.d.*))
 .data          0x000000000000a000        0x4 ./user_ta_header.o
                0x000000000000a000                trace_level
 .data.rel.ro.local
                0x000000000000a004       0x54 ./user_ta_header.o
                0x000000000000a004                ta_props
 .data.rel      0x000000000000a058        0x4 /workspace/optee_os/out/arm/export-ta_arm32/lib/libutee.a(user_ta_entry.o)
                0x000000000000a058                _ref__utee_mcount
 .data.rel.local
                0x000000000000a05c        0x8 /workspace/optee_os/out/arm/export-ta_arm32/lib/libutee.a(user_ta_entry.o)
 .data.rel.local
                0x000000000000a064       0x1c /workspace/optee_os/out/arm/export-ta_arm32/lib/libutils.a(bget_malloc.o)
 .data          0x000000000000a080        0x0 ./hotp_ta.o
 .data          0x000000000000a080        0x0 /workspace/optee_os/out/arm/export-ta_arm32/lib/libutils.a(memcpy.o)
 .data          0x000000000000a080        0x0 /workspace/optee_os/out/arm/export-ta_arm32/lib/libutils.a(memset.o)
 .data          0x000000000000a080        0x0 /workspace/optee_os/out/arm/export-ta_arm32/lib/libutils.a(trace.o)
 .data          0x000000000000a080        0x0 /workspace/optee_os/out/arm/export-ta_arm32/lib/libutils.a(aeabi_unwind.o)
 .data          0x000000000000a080        0x0 /workspace/optee_os/out/arm/export-ta_arm32/lib/libutils.a(snprintk.o)
 .data          0x000000000000a080        0x0 /workspace/optee_os/out/arm/export-ta_arm32/lib/libutils.a(memchr.o)
 .data          0x000000000000a080        0x0 /workspace/optee_os/out/arm/export-ta_arm32/lib/libutils.a(strlen.o)
 .data          0x000000000000a080        0x0 /workspace/optee_os/out/arm/export-ta_arm32/lib/libutils.a(arm32_aeabi_ldivmod_a32.o)
 .data          0x000000000000a080        0x0 /workspace/optee_os/out/arm/export-ta_arm32/lib/libutils.a(arm32_aeabi_ldivmod.o)
 .data          0x000000000000a080        0x0 /workspace/optee_os/out/arm/export-ta_arm32/lib/libutee.a(trace_ext.o)
 .data          0x000000000000a080        0x0 /workspace/optee_os/out/arm/export-ta_arm32/lib/libutee.a(tee_api.o)
 .data          0x000000000000a080        0x0 /workspace/optee_os/out/arm/export-ta_arm32/lib/libutee.a(tee_api_objects.o)
 .data          0x000000000000a080        0x0 /workspace/optee_os/out/arm/export-ta_arm32/lib/libutee.a(tee_api_operations.o)
 .data          0x000000000000a080        0x0 /workspace/optee_os/out/arm/export-ta_arm32/lib/libutee.a(tee_api_panic.o)
 .data          0x000000000000a080        0x0 /workspace/optee_os/out/arm/export-ta_arm32/lib/libutee.a(user_ta_entry.o)
 .data          0x000000000000a080        0x0 /workspace/optee_os/out/arm/export-ta_arm32/lib/libutee.a(utee_syscalls_a32.o)
 .data          0x000000000000a080        0x0 /workspace/optee_os/out/arm/export-ta_arm32/lib/libutee.a(gprof_a32.o)
 .data          0x000000000000a080        0x0 /workspace/optee_os/out/arm/export-ta_arm32/lib/libutee.a(tee_api_arith_mpi.o)
 .data          0x000000000000a080        0x0 /workspace/optee_os/out/arm/export-ta_arm32/lib/libmbedtls.a(bignum.o)
 .data          0x000000000000a080        0x0 /workspace/optee_os/out/arm/export-ta_arm32/lib/libutils.a(bget_malloc.o)
 .data          0x000000000000a080        0x0 /workspace/optee_os/out/arm/export-ta_arm32/lib/libutils.a(snprintf.o)
 .data          0x000000000000a080        0x0 /workspace/optee_os/out/arm/export-ta_arm32/lib/libutils.a(memcmp.o)
 .data          0x000000000000a080        0x0 /workspace/optee_os/out/arm/export-ta_arm32/lib/libutils.a(memmove.o)
 .data          0x000000000000a080        0x0 /workspace/optee_os/out/arm/export-ta_arm32/lib/libutils.a(buf_compare_ct.o)
 .data          0x000000000000a080        0x0 /workspace/optee_os/out/arm/export-ta_arm32/lib/libutils.a(mempool.o)
 .data          0x000000000000a080        0x0 /workspace/optee_os/out/arm/export-ta_arm32/lib/libutee.a(assert.o)

.igot.plt       0x000000000000a080        0x0
 .igot.plt      0x000000000000a080        0x0 ./hotp_ta.o

.bss            0x000000000000a080     0xa070
 *(SORT(.bss) SORT(.bss.*) SORT(.gnu.linkonce.b.*) SORT(COMMON))
 .bss           0x000000000000a080        0x4 /workspace/optee_os/out/arm/export-ta_arm32/lib/libutee.a(tee_api.o)
 .bss           0x000000000000a084       0x28 /workspace/optee_os/out/arm/export-ta_arm32/lib/libutee.a(user_ta_entry.o)
                0x000000000000a088                ta_param_types
                0x000000000000a08c                ta_params
 .bss           0x000000000000a0ac     0x2000 /workspace/optee_os/out/arm/export-ta_arm32/lib/libutee.a(tee_api_arith_mpi.o)
 .bss           0x000000000000c0ac        0x4 /workspace/optee_os/out/arm/export-ta_arm32/lib/libmbedtls.a(bignum.o)
                0x000000000000c0ac                mbedtls_mpi_mempool
 .bss           0x000000000000c0b0       0x40 /workspace/optee_os/out/arm/export-ta_arm32/lib/libutils.a(bget_malloc.o)
 .bss           0x000000000000c0f0        0x0 ./hotp_ta.o
 .bss           0x000000000000c0f0     0x8000 ./user_ta_header.o
                0x000000000000c0f0                ta_heap
 .bss           0x00000000000140f0        0x0 /workspace/optee_os/out/arm/export-ta_arm32/lib/libutils.a(memcpy.o)
 .bss           0x00000000000140f0        0x0 /workspace/optee_os/out/arm/export-ta_arm32/lib/libutils.a(memset.o)
 .bss           0x00000000000140f0        0x0 /workspace/optee_os/out/arm/export-ta_arm32/lib/libutils.a(trace.o)
 .bss           0x00000000000140f0        0x0 /workspace/optee_os/out/arm/export-ta_arm32/lib/libutils.a(aeabi_unwind.o)
 .bss           0x00000000000140f0        0x0 /workspace/optee_os/out/arm/export-ta_arm32/lib/libutils.a(snprintk.o)
 .bss           0x00000000000140f0        0x0 /workspace/optee_os/out/arm/export-ta_arm32/lib/libutils.a(memchr.o)
 .bss           0x00000000000140f0        0x0 /workspace/optee_os/out/arm/export-ta_arm32/lib/libutils.a(strlen.o)
 .bss           0x00000000000140f0        0x0 /workspace/optee_os/out/arm/export-ta_arm32/lib/libutils.a(arm32_aeabi_ldivmod_a32.o)
 .bss           0x00000000000140f0        0x0 /workspace/optee_os/out/arm/export-ta_arm32/lib/libutils.a(arm32_aeabi_ldivmod.o)
 .bss           0x00000000000140f0        0x0 /workspace/optee_os/out/arm/export-ta_arm32/lib/libutee.a(trace_ext.o)
 .bss           0x00000000000140f0        0x0 /workspace/optee_os/out/arm/export-ta_arm32/lib/libutee.a(tee_api_objects.o)
 .bss           0x00000000000140f0        0x0 /workspace/optee_os/out/arm/export-ta_arm32/lib/libutee.a(tee_api_operations.o)
 .bss           0x00000000000140f0        0x0 /workspace/optee_os/out/arm/export-ta_arm32/lib/libutee.a(tee_api_panic.o)
 .bss           0x00000000000140f0        0x0 /workspace/optee_os/out/arm/export-ta_arm32/lib/libutee.a(utee_syscalls_a32.o)
 .bss           0x00000000000140f0        0x0 /workspace/optee_os/out/arm/export-ta_arm32/lib/libutee.a(gprof_a32.o)
 .bss           0x00000000000140f0        0x0 /workspace/optee_os/out/arm/export-ta_arm32/lib/libutils.a(snprintf.o)
 .bss           0x00000000000140f0        0x0 /workspace/optee_os/out/arm/export-ta_arm32/lib/libutils.a(memcmp.o)
 .bss           0x00000000000140f0        0x0 /workspace/optee_os/out/arm/export-ta_arm32/lib/libutils.a(memmove.o)
 .bss           0x00000000000140f0        0x0 /workspace/optee_os/out/arm/export-ta_arm32/lib/libutils.a(buf_compare_ct.o)
 .bss           0x00000000000140f0        0x0 /workspace/optee_os/out/arm/export-ta_arm32/lib/libutils.a(mempool.o)
 .bss           0x00000000000140f0        0x0 /workspace/optee_os/out/arm/export-ta_arm32/lib/libutee.a(assert.o)
                0x00000000000140f0                . = ALIGN (0x8)
                0x00000000000140f0                __gprof_buf_start = .
                0x00000000000140f0                . = (. + DEFINED (__gnu_mcount_nc)?(((__text_end - __text_start) * 0x88) / 0x64):0x0)
                0x00000000000140f0                __gprof_buf_end = .

.dynbss         0x00000000000140f0        0x0
 .dynbss        0x00000000000140f0        0x0 ./hotp_ta.o

/DISCARD/
 *(SORT(.interp))
LOAD ./hotp_ta.o
LOAD ./user_ta_header.o
START GROUP
LOAD /workspace/optee_os/out/arm/export-ta_arm32/lib/libutils.a
LOAD /workspace/optee_os/out/arm/export-ta_arm32/lib/libutee.a
LOAD /workspace/optee_os/out/arm/export-ta_arm32/lib/libmbedtls.a
END GROUP
OUTPUT(484d4143-2d53-4841-3120-4a6f636b6542.elf elf32-littlearm)

.debug_info     0x0000000000000000    0x1188b
 .debug_info    0x0000000000000000      0x946 ./hotp_ta.o
 .debug_info    0x0000000000000946      0x383 ./user_ta_header.o
 .debug_info    0x0000000000000cc9       0xc9 /workspace/optee_os/out/arm/export-ta_arm32/lib/libutils.a(memcpy.o)
 .debug_info    0x0000000000000d92       0x9c /workspace/optee_os/out/arm/export-ta_arm32/lib/libutils.a(memset.o)
 .debug_info    0x0000000000000e2e      0x694 /workspace/optee_os/out/arm/export-ta_arm32/lib/libutils.a(trace.o)
 .debug_info    0x00000000000014c2       0x4f /workspace/optee_os/out/arm/export-ta_arm32/lib/libutils.a(aeabi_unwind.o)
 .debug_info    0x0000000000001511      0x694 /workspace/optee_os/out/arm/export-ta_arm32/lib/libutils.a(snprintk.o)
 .debug_info    0x0000000000001ba5       0xbd /workspace/optee_os/out/arm/export-ta_arm32/lib/libutils.a(memchr.o)
 .debug_info    0x0000000000001c62       0x8d /workspace/optee_os/out/arm/export-ta_arm32/lib/libutils.a(strlen.o)
 .debug_info    0x0000000000001cef       0x79 /workspace/optee_os/out/arm/export-ta_arm32/lib/libutils.a(arm32_aeabi_ldivmod_a32.o)
 .debug_info    0x0000000000001d68      0x2cf /workspace/optee_os/out/arm/export-ta_arm32/lib/libutils.a(arm32_aeabi_ldivmod.o)
 .debug_info    0x0000000000002037      0x2c1 /workspace/optee_os/out/arm/export-ta_arm32/lib/libutee.a(trace_ext.o)
 .debug_info    0x00000000000022f8      0xea8 /workspace/optee_os/out/arm/export-ta_arm32/lib/libutee.a(tee_api.o)
 .debug_info    0x00000000000031a0     0x171b /workspace/optee_os/out/arm/export-ta_arm32/lib/libutee.a(tee_api_objects.o)
 .debug_info    0x00000000000048bb     0x257d /workspace/optee_os/out/arm/export-ta_arm32/lib/libutee.a(tee_api_operations.o)
 .debug_info    0x0000000000006e38      0x107 /workspace/optee_os/out/arm/export-ta_arm32/lib/libutee.a(tee_api_panic.o)
 .debug_info    0x0000000000006f3f      0xab3 /workspace/optee_os/out/arm/export-ta_arm32/lib/libutee.a(user_ta_entry.o)
 .debug_info    0x00000000000079f2       0x6d /workspace/optee_os/out/arm/export-ta_arm32/lib/libutee.a(utee_syscalls_a32.o)
 .debug_info    0x0000000000007a5f       0x6f /workspace/optee_os/out/arm/export-ta_arm32/lib/libutee.a(gprof_a32.o)
 .debug_info    0x0000000000007ace     0x3558 /workspace/optee_os/out/arm/export-ta_arm32/lib/libutee.a(tee_api_arith_mpi.o)
 .debug_info    0x000000000000b026     0x445c /workspace/optee_os/out/arm/export-ta_arm32/lib/libmbedtls.a(bignum.o)
 .debug_info    0x000000000000f482     0x1a73 /workspace/optee_os/out/arm/export-ta_arm32/lib/libutils.a(bget_malloc.o)
 .debug_info    0x0000000000010ef5      0x19b /workspace/optee_os/out/arm/export-ta_arm32/lib/libutils.a(snprintf.o)
 .debug_info    0x0000000000011090       0xb6 /workspace/optee_os/out/arm/export-ta_arm32/lib/libutils.a(memcmp.o)
 .debug_info    0x0000000000011146       0xc7 /workspace/optee_os/out/arm/export-ta_arm32/lib/libutils.a(memmove.o)
 .debug_info    0x000000000001120d       0xc5 /workspace/optee_os/out/arm/export-ta_arm32/lib/libutils.a(buf_compare_ct.o)
 .debug_info    0x00000000000112d2      0x430 /workspace/optee_os/out/arm/export-ta_arm32/lib/libutils.a(mempool.o)
 .debug_info    0x0000000000011702      0x189 /workspace/optee_os/out/arm/export-ta_arm32/lib/libutee.a(assert.o)

.debug_abbrev   0x0000000000000000     0x2d79
 .debug_abbrev  0x0000000000000000      0x2b6 ./hotp_ta.o
 .debug_abbrev  0x00000000000002b6      0x13c ./user_ta_header.o
 .debug_abbrev  0x00000000000003f2       0xa7 /workspace/optee_os/out/arm/export-ta_arm32/lib/libutils.a(memcpy.o)
 .debug_abbrev  0x0000000000000499       0x93 /workspace/optee_os/out/arm/export-ta_arm32/lib/libutils.a(memset.o)
 .debug_abbrev  0x000000000000052c      0x27e /workspace/optee_os/out/arm/export-ta_arm32/lib/libutils.a(trace.o)
 .debug_abbrev  0x00000000000007aa       0x47 /workspace/optee_os/out/arm/export-ta_arm32/lib/libutils.a(aeabi_unwind.o)
 .debug_abbrev  0x00000000000007f1      0x26f /workspace/optee_os/out/arm/export-ta_arm32/lib/libutils.a(snprintk.o)
 .debug_abbrev  0x0000000000000a60       0xae /workspace/optee_os/out/arm/export-ta_arm32/lib/libutils.a(memchr.o)
 .debug_abbrev  0x0000000000000b0e       0x84 /workspace/optee_os/out/arm/export-ta_arm32/lib/libutils.a(strlen.o)
 .debug_abbrev  0x0000000000000b92       0x12 /workspace/optee_os/out/arm/export-ta_arm32/lib/libutils.a(arm32_aeabi_ldivmod_a32.o)
 .debug_abbrev  0x0000000000000ba4      0x12f /workspace/optee_os/out/arm/export-ta_arm32/lib/libutils.a(arm32_aeabi_ldivmod.o)
 .debug_abbrev  0x0000000000000cd3      0x183 /workspace/optee_os/out/arm/export-ta_arm32/lib/libutee.a(trace_ext.o)
 .debug_abbrev  0x0000000000000e56      0x2b4 /workspace/optee_os/out/arm/export-ta_arm32/lib/libutee.a(tee_api.o)
 .debug_abbrev  0x000000000000110a      0x326 /workspace/optee_os/out/arm/export-ta_arm32/lib/libutee.a(tee_api_objects.o)
 .debug_abbrev  0x0000000000001430      0x36f /workspace/optee_os/out/arm/export-ta_arm32/lib/libutee.a(tee_api_operations.o)
 .debug_abbrev  0x000000000000179f       0xb4 /workspace/optee_os/out/arm/export-ta_arm32/lib/libutee.a(tee_api_panic.o)
 .debug_abbrev  0x0000000000001853      0x2da /workspace/optee_os/out/arm/export-ta_arm32/lib/libutee.a(user_ta_entry.o)
 .debug_abbrev  0x0000000000001b2d       0x12 /workspace/optee_os/out/arm/export-ta_arm32/lib/libutee.a(utee_syscalls_a32.o)
 .debug_abbrev  0x0000000000001b3f       0x14 /workspace/optee_os/out/arm/export-ta_arm32/lib/libutee.a(gprof_a32.o)
 .debug_abbrev  0x0000000000001b53      0x47a /workspace/optee_os/out/arm/export-ta_arm32/lib/libutee.a(tee_api_arith_mpi.o)
 .debug_abbrev  0x0000000000001fcd      0x47a /workspace/optee_os/out/arm/export-ta_arm32/lib/libmbedtls.a(bignum.o)
 .debug_abbrev  0x0000000000002447      0x40a /workspace/optee_os/out/arm/export-ta_arm32/lib/libutils.a(bget_malloc.o)
 .debug_abbrev  0x0000000000002851      0x101 /workspace/optee_os/out/arm/export-ta_arm32/lib/libutils.a(snprintf.o)
 .debug_abbrev  0x0000000000002952       0x82 /workspace/optee_os/out/arm/export-ta_arm32/lib/libutils.a(memcmp.o)
 .debug_abbrev  0x00000000000029d4       0x9f /workspace/optee_os/out/arm/export-ta_arm32/lib/libutils.a(memmove.o)
 .debug_abbrev  0x0000000000002a73       0x82 /workspace/optee_os/out/arm/export-ta_arm32/lib/libutils.a(buf_compare_ct.o)
 .debug_abbrev  0x0000000000002af5      0x1ba /workspace/optee_os/out/arm/export-ta_arm32/lib/libutils.a(mempool.o)
 .debug_abbrev  0x0000000000002caf       0xca /workspace/optee_os/out/arm/export-ta_arm32/lib/libutee.a(assert.o)

.debug_loc      0x0000000000000000    0x1123a
 .debug_loc     0x0000000000000000      0x7f1 ./hotp_ta.o
 .debug_loc     0x00000000000007f1       0xa0 /workspace/optee_os/out/arm/export-ta_arm32/lib/libutils.a(memcpy.o)
 .debug_loc     0x0000000000000891       0x4c /workspace/optee_os/out/arm/export-ta_arm32/lib/libutils.a(memset.o)
 .debug_loc     0x00000000000008dd      0x45f /workspace/optee_os/out/arm/export-ta_arm32/lib/libutils.a(trace.o)
 .debug_loc     0x0000000000000d3c      0xf53 /workspace/optee_os/out/arm/export-ta_arm32/lib/libutils.a(snprintk.o)
 .debug_loc     0x0000000000001c8f       0xfa /workspace/optee_os/out/arm/export-ta_arm32/lib/libutils.a(memchr.o)
 .debug_loc     0x0000000000001d89       0x57 /workspace/optee_os/out/arm/export-ta_arm32/lib/libutils.a(strlen.o)
 .debug_loc     0x0000000000001de0      0x870 /workspace/optee_os/out/arm/export-ta_arm32/lib/libutils.a(arm32_aeabi_ldivmod.o)
 .debug_loc     0x0000000000002650       0x9f /workspace/optee_os/out/arm/export-ta_arm32/lib/libutee.a(trace_ext.o)
 .debug_loc     0x00000000000026ef      0x7e0 /workspace/optee_os/out/arm/export-ta_arm32/lib/libutee.a(tee_api.o)
 .debug_loc     0x0000000000002ecf     0x1215 /workspace/optee_os/out/arm/export-ta_arm32/lib/libutee.a(tee_api_objects.o)
 .debug_loc     0x00000000000040e4     0x29c9 /workspace/optee_os/out/arm/export-ta_arm32/lib/libutee.a(tee_api_operations.o)
 .debug_loc     0x0000000000006aad       0x21 /workspace/optee_os/out/arm/export-ta_arm32/lib/libutee.a(tee_api_panic.o)
 .debug_loc     0x0000000000006ace      0x53a /workspace/optee_os/out/arm/export-ta_arm32/lib/libutee.a(user_ta_entry.o)
 .debug_loc     0x0000000000007008     0x273e /workspace/optee_os/out/arm/export-ta_arm32/lib/libutee.a(tee_api_arith_mpi.o)
 .debug_loc     0x0000000000009746     0x5126 /workspace/optee_os/out/arm/export-ta_arm32/lib/libmbedtls.a(bignum.o)
 .debug_loc     0x000000000000e86c     0x2164 /workspace/optee_os/out/arm/export-ta_arm32/lib/libutils.a(bget_malloc.o)
 .debug_loc     0x00000000000109d0       0xb8 /workspace/optee_os/out/arm/export-ta_arm32/lib/libutils.a(snprintf.o)
 .debug_loc     0x0000000000010a88      0x13c /workspace/optee_os/out/arm/export-ta_arm32/lib/libutils.a(memcmp.o)
 .debug_loc     0x0000000000010bc4      0x10a /workspace/optee_os/out/arm/export-ta_arm32/lib/libutils.a(memmove.o)
 .debug_loc     0x0000000000010cce      0x16c /workspace/optee_os/out/arm/export-ta_arm32/lib/libutils.a(buf_compare_ct.o)
 .debug_loc     0x0000000000010e3a      0x34c /workspace/optee_os/out/arm/export-ta_arm32/lib/libutils.a(mempool.o)
 .debug_loc     0x0000000000011186       0xb4 /workspace/optee_os/out/arm/export-ta_arm32/lib/libutee.a(assert.o)

.debug_aranges  0x0000000000000000      0x550
 .debug_aranges
                0x0000000000000000       0x20 ./hotp_ta.o
 .debug_aranges
                0x0000000000000020       0x20 ./user_ta_header.o
 .debug_aranges
                0x0000000000000040       0x20 /workspace/optee_os/out/arm/export-ta_arm32/lib/libutils.a(memcpy.o)
 .debug_aranges
                0x0000000000000060       0x20 /workspace/optee_os/out/arm/export-ta_arm32/lib/libutils.a(memset.o)
 .debug_aranges
                0x0000000000000080       0x20 /workspace/optee_os/out/arm/export-ta_arm32/lib/libutils.a(trace.o)
 .debug_aranges
                0x00000000000000a0       0x20 /workspace/optee_os/out/arm/export-ta_arm32/lib/libutils.a(aeabi_unwind.o)
 .debug_aranges
                0x00000000000000c0       0x20 /workspace/optee_os/out/arm/export-ta_arm32/lib/libutils.a(snprintk.o)
 .debug_aranges
                0x00000000000000e0       0x20 /workspace/optee_os/out/arm/export-ta_arm32/lib/libutils.a(memchr.o)
 .debug_aranges
                0x0000000000000100       0x20 /workspace/optee_os/out/arm/export-ta_arm32/lib/libutils.a(strlen.o)
 .debug_aranges
                0x0000000000000120       0x28 /workspace/optee_os/out/arm/export-ta_arm32/lib/libutils.a(arm32_aeabi_ldivmod_a32.o)
 .debug_aranges
                0x0000000000000148       0x20 /workspace/optee_os/out/arm/export-ta_arm32/lib/libutils.a(arm32_aeabi_ldivmod.o)
 .debug_aranges
                0x0000000000000168       0x20 /workspace/optee_os/out/arm/export-ta_arm32/lib/libutee.a(trace_ext.o)
 .debug_aranges
                0x0000000000000188       0x20 /workspace/optee_os/out/arm/export-ta_arm32/lib/libutee.a(tee_api.o)
 .debug_aranges
                0x00000000000001a8       0x20 /workspace/optee_os/out/arm/export-ta_arm32/lib/libutee.a(tee_api_objects.o)
 .debug_aranges
                0x00000000000001c8       0x20 /workspace/optee_os/out/arm/export-ta_arm32/lib/libutee.a(tee_api_operations.o)
 .debug_aranges
                0x00000000000001e8       0x20 /workspace/optee_os/out/arm/export-ta_arm32/lib/libutee.a(tee_api_panic.o)
 .debug_aranges
                0x0000000000000208       0x20 /workspace/optee_os/out/arm/export-ta_arm32/lib/libutee.a(user_ta_entry.o)
 .debug_aranges
                0x0000000000000228      0x1e0 /workspace/optee_os/out/arm/export-ta_arm32/lib/libutee.a(utee_syscalls_a32.o)
 .debug_aranges
                0x0000000000000408       0x20 /workspace/optee_os/out/arm/export-ta_arm32/lib/libutee.a(gprof_a32.o)
 .debug_aranges
                0x0000000000000428       0x28 /workspace/optee_os/out/arm/export-ta_arm32/lib/libutee.a(tee_api_arith_mpi.o)
 .debug_aranges