Archive member included to satisfy reference by file (symbol)

/workspace/optee_os/out/arm/export-ta_arm32/lib/libutils.a(stack_check.o)
                              ./hotp_ta.o (__stack_chk_fail)
/workspace/optee_os/out/arm/export-ta_arm32/lib/libutils.a(memcpy.o)
                              ./hotp_ta.o (memcpy)
/workspace/optee_os/out/arm/export-ta_arm32/lib/libutils.a(memset.o)
                              ./hotp_ta.o (memset)
/workspace/optee_os/out/arm/export-ta_arm32/lib/libutils.a(trace.o)
                              ./hotp_ta.o (trace_printf)
/workspace/optee_os/out/arm/export-ta_arm32/lib/libutils.a(aeabi_unwind.o)
                              ./hotp_ta.o (__aeabi_unwind_cpp_pr0)
/workspace/optee_os/out/arm/export-ta_arm32/lib/libutils.a(snprintk.o)
                              /workspace/optee_os/out/arm/export-ta_arm32/lib/libutils.a(trace.o) (snprintk)
/workspace/optee_os/out/arm/export-ta_arm32/lib/libutils.a(memchr.o)
                              /workspace/optee_os/out/arm/export-ta_arm32/lib/libutils.a(snprintk.o) (memchr)
/workspace/optee_os/out/arm/export-ta_arm32/lib/libutils.a(strlen.o)
                              /workspace/optee_os/out/arm/export-ta_arm32/lib/libutils.a(snprintk.o) (strlen)
/workspace/optee_os/out/arm/export-ta_arm32/lib/libutils.a(arm32_aeabi_ldivmod_a32.o)
                              /workspace/optee_os/out/arm/export-ta_arm32/lib/libutils.a(snprintk.o) (__aeabi_uldivmod)
/workspace/optee_os/out/arm/export-ta_arm32/lib/libutils.a(arm32_aeabi_ldivmod.o)
                              /workspace/optee_os/out/arm/export-ta_arm32/lib/libutils.a(arm32_aeabi_ldivmod_a32.o) (__ul_divmod)
/workspace/optee_os/out/arm/export-ta_arm32/lib/libutee.a(trace_ext.o)
                              /workspace/optee_os/out/arm/export-ta_arm32/lib/libutils.a(trace.o) (trace_ext_puts)
/workspace/optee_os/out/arm/export-ta_arm32/lib/libutee.a(tee_api.o)
                              ./hotp_ta.o (TEE_Malloc)
/workspace/optee_os/out/arm/export-ta_arm32/lib/libutee.a(tee_api_objects.o)
                              ./hotp_ta.o (TEE_AllocateTransientObject)
/workspace/optee_os/out/arm/export-ta_arm32/lib/libutee.a(tee_api_operations.o)
                              ./hotp_ta.o (TEE_FreeOperation)
/workspace/optee_os/out/arm/export-ta_arm32/lib/libutee.a(tee_api_panic.o)
                              /workspace/optee_os/out/arm/export-ta_arm32/lib/libutee.a(tee_api.o) (TEE_Panic)
/workspace/optee_os/out/arm/export-ta_arm32/lib/libutee.a(user_ta_entry.o)
                              ./user_ta_header.o (__utee_entry)
/workspace/optee_os/out/arm/export-ta_arm32/lib/libutee.a(utee_syscalls_a32.o)
                              /workspace/optee_os/out/arm/export-ta_arm32/lib/libutee.a(tee_api_panic.o) (utee_panic)
/workspace/optee_os/out/arm/export-ta_arm32/lib/libutee.a(gprof_a32.o)
                              /workspace/optee_os/out/arm/export-ta_arm32/lib/libutee.a(user_ta_entry.o) (__utee_mcount)
/workspace/optee_os/out/arm/export-ta_arm32/lib/libutee.a(tee_api_arith_mpi.o)
                              /workspace/optee_os/out/arm/export-ta_arm32/lib/libutee.a(user_ta_entry.o) (_TEE_MathAPI_Init)
/workspace/optee_os/out/arm/export-ta_arm32/lib/libmbedtls.a(bignum.o)
                              /workspace/optee_os/out/arm/export-ta_arm32/lib/libutee.a(tee_api_arith_mpi.o) (mbedtls_mpi_init_mempool)
/workspace/optee_os/out/arm/export-ta_arm32/lib/libutils.a(bget_malloc.o)
                              /workspace/optee_os/out/arm/export-ta_arm32/lib/libutee.a(tee_api.o) (malloc)
/workspace/optee_os/out/arm/export-ta_arm32/lib/libutils.a(snprintf.o)
                              /workspace/optee_os/out/arm/export-ta_arm32/lib/libutee.a(trace_ext.o) (vsnprintf)
/workspace/optee_os/out/arm/export-ta_arm32/lib/libutils.a(memcmp.o)
                              /workspace/optee_os/out/arm/export-ta_arm32/lib/libutee.a(tee_api.o) (memcmp)
/workspace/optee_os/out/arm/export-ta_arm32/lib/libutils.a(memmove.o)
                              /workspace/optee_os/out/arm/export-ta_arm32/lib/libutee.a(tee_api.o) (memmove)
/workspace/optee_os/out/arm/export-ta_arm32/lib/libutils.a(buf_compare_ct.o)
                              /workspace/optee_os/out/arm/export-ta_arm32/lib/libutee.a(tee_api_operations.o) (buf_compare_ct)
/workspace/optee_os/out/arm/export-ta_arm32/lib/libutils.a(mempool.o)
                              /workspace/optee_os/out/arm/export-ta_arm32/lib/libutee.a(tee_api_arith_mpi.o) (mempool_alloc_pool)
/workspace/optee_os/out/arm/export-ta_arm32/lib/libutee.a(assert.o)
                              /workspace/optee_os/out/arm/export-ta_arm32/lib/libutils.a(bget_malloc.o) (_assert_log)

Discarded input sections

 .group         0x0000000000000000        0xc ./hotp_ta.o
 .group         0x0000000000000000        0xc ./hotp_ta.o
 .group         0x0000000000000000        0xc ./hotp_ta.o
 .group         0x0000000000000000        0xc ./hotp_ta.o
[...]
Memory Configuration

Name             Origin             Length             Attributes
*default*        0x0000000000000000 0xffffffffffffffff

Linker script and memory map


.ta_head        0x0000000000000000       0x20
 *(SORT_BY_ALIGNMENT(.ta_head))
 .ta_head       0x0000000000000000       0x20 ./user_ta_header.o
                0x0000000000000000                ta_head

.text           0x0000000000000020     0x7c98
                0x0000000000000020                __text_start = .
 *(SORT_BY_ALIGNMENT(.text) SORT_BY_ALIGNMENT(.text.*))
 .text          0x0000000000000020      0x2b4 ./hotp_ta.o
                0x0000000000000020                TA_CreateEntryPoint
                0x0000000000000024                TA_DestroyEntryPoint
                0x0000000000000026                TA_OpenSessionEntryPoint
                0x0000000000000050                TA_CloseSessionEntryPoint
                0x0000000000000054                TA_InvokeCommandEntryPoint
 .text          0x00000000000002d4      0x2bc /workspace/optee_os/out/arm/export-ta_arm32/lib/libutils.a(trace.o)
                0x0000000000000322                trace_set_level
                0x0000000000000340                trace_get_level
                0x0000000000000354                trace_printf
                0x0000000000000490                dhex_dump
 .text          0x0000000000000590      0x75c /workspace/optee_os/out/arm/export-ta_arm32/lib/libutils.a(snprintk.o)
                0x0000000000000590                __vsnprintf
                0x0000000000000cc4                vsnprintk
                0x0000000000000cd2                snprintk
 .text.__aeabi_ldivmod
                0x0000000000000cec       0x18 /workspace/optee_os/out/arm/export-ta_arm32/lib/libutils.a(arm32_aeabi_ldivmod_a32.o)
                0x0000000000000cec                __aeabi_ldivmod
 .text.__aeabi_uldivmod
                0x0000000000000d04       0x18 /workspace/optee_os/out/arm/export-ta_arm32/lib/libutils.a(arm32_aeabi_ldivmod_a32.o)
                0x0000000000000d04                __aeabi_uldivmod
 .text          0x0000000000000d1c       0x9c /workspace/optee_os/out/arm/export-ta_arm32/lib/libutee.a(trace_ext.o)
                0x0000000000000d1c                trace_ext_puts
                0x0000000000000d30                trace_ext_get_thread_id
                0x0000000000000d36                printf
                0x0000000000000d70                puts
                0x0000000000000d94                putchar
 .text          0x0000000000000db8      0x2e4 /workspace/optee_os/out/arm/export-ta_arm32/lib/libutee.a(tee_api.o)
                0x0000000000000db8                __utee_from_param
                0x0000000000000e08                __utee_to_param
                0x0000000000000e46                TEE_OpenTASession
                0x0000000000000e8a                TEE_CloseTASession
                0x0000000000000e9e                TEE_InvokeTACommand
                0x0000000000000f04                TEE_GetCancellationFlag
                0x0000000000000f20                TEE_UnmaskCancellation
                0x0000000000000f3c                TEE_MaskCancellation
                0x0000000000000f58                TEE_CheckMemoryAccessRights
                0x0000000000000f62                TEE_SetInstanceData
                0x0000000000000f70                TEE_GetInstanceData
                0x0000000000000f7c                TEE_MemMove
                0x0000000000000f80                TEE_MemCompare
                0x0000000000000f84                TEE_MemFill
                0x0000000000000f88                TEE_GetSystemTime
                0x0000000000000f9e                TEE_Wait
                0x0000000000000fbc                TEE_GetTAPersistentTime
                0x0000000000000ff8                TEE_SetTAPersistentTime
                0x0000000000001020                TEE_GetREETime
                0x0000000000001036                TEE_Malloc
                0x0000000000001080                TEE_Realloc
                0x0000000000001084                TEE_Free
                0x0000000000001088                TEE_CacheClean
                0x000000000000108e                TEE_CacheFlush
                0x0000000000001094                TEE_CacheInvalidate
 .text          0x000000000000109c      0x78c /workspace/optee_os/out/arm/export-ta_arm32/lib/libutee.a(tee_api_objects.o)
                0x000000000000109c                __utee_from_attr
                0x00000000000010d6                TEE_GetObjectInfo
                0x0000000000001100                TEE_GetObjectInfo1
                0x0000000000001120                TEE_RestrictObjectUsage1
                0x0000000000001140                TEE_RestrictObjectUsage
                0x000000000000116c                TEE_GetObjectBufferAttribute
                0x00000000000011dc                TEE_GetObjectValueAttribute
                0x0000000000001260                TEE_CloseObject
                0x0000000000001274                TEE_AllocateTransientObject
                0x00000000000012a4                TEE_FreeTransientObject
                0x00000000000012d4                TEE_ResetTransientObject
                0x0000000000001304                TEE_PopulateTransientObject
                0x0000000000001374                TEE_InitRefAttribute
                0x0000000000001396                TEE_InitValueAttribute
                0x00000000000013b8                TEE_CopyObjectAttributes1
                0x0000000000001420                TEE_CopyObjectAttributes
                0x0000000000001450                TEE_GenerateKey
                0x0000000000001498                TEE_OpenPersistentObject
                0x00000000000014fc                TEE_CreatePersistentObject
                0x0000000000001594                TEE_CloseAndDeletePersistentObject1
                0x00000000000015b8                TEE_CloseAndDeletePersistentObject
                0x00000000000015ce                TEE_RenamePersistentObject
                0x0000000000001614                TEE_AllocatePersistentObjectEnumerator
                0x000000000000164c                TEE_FreePersistentObjectEnumerator
                0x0000000000001660                TEE_ResetPersistentObjectEnumerator
                0x0000000000001674                TEE_StartPersistentObjectEnumerator
                0x00000000000016a0                TEE_GetNextPersistentObject
                0x00000000000016f4                TEE_ReadObjectData
                0x0000000000001734                TEE_WriteObjectData
                0x0000000000001774                TEE_TruncateObjectData
                0x00000000000017ac                TEE_SeekObjectData
 .text          0x0000000000001828     0x15c8 /workspace/optee_os/out/arm/export-ta_arm32/lib/libutee.a(tee_api_operations.o)
                0x0000000000001988                TEE_FreeOperation
                0x00000000000019ae                TEE_AllocateOperation
                0x0000000000001ef4                TEE_GetOperationInfo
                0x0000000000001f16                TEE_GetOperationInfoMultiple
                0x0000000000001fcc                TEE_ResetOperation
                0x000000000000200c                TEE_SetOperationKey
                0x0000000000002098                TEE_SetOperationKey2
                0x000000000000218c                TEE_CopyOperation
                0x0000000000002230                TEE_DigestUpdate
                0x0000000000002260                TEE_DigestDoFinal
                0x00000000000022d0                TEE_CipherInit
                0x0000000000002326                TEE_CipherUpdate
                0x000000000000240c                TEE_CipherDoFinal
                0x000000000000251c                TEE_MACInit
                0x0000000000002572                TEE_MACUpdate
                0x00000000000025c0                TEE_MACComputeFinal
                0x0000000000002628                TEE_MACCompareFinal
                0x000000000000268c                TEE_AEInit
                0x00000000000026fc                TEE_AEUpdateAAD
                0x0000000000002742                TEE_AEUpdate
                0x0000000000002810                TEE_AEEncryptFinal
                0x0000000000002928                TEE_AEDecryptFinal
                0x0000000000002a30                TEE_AsymmetricEncrypt
                0x0000000000002aec                TEE_AsymmetricDecrypt
                0x0000000000002bac                TEE_AsymmetricSignDigest
                0x0000000000002c60                TEE_AsymmetricVerifyDigest
                0x0000000000002d0c                TEE_DeriveKey
                0x0000000000002dc6                TEE_GenerateRandom
                0x0000000000002dd8                rand
 .text          0x0000000000002df0      0x214 /workspace/optee_os/out/arm/export-ta_arm32/lib/libutee.a(user_ta_entry.o)
                0x0000000000002e74                __utee_entry
 .text          0x0000000000003004        0x0 /workspace/optee_os/out/arm/export-ta_arm32/lib/libutee.a(utee_syscalls_a32.o)
 .text.utee_panic
                0x0000000000003004       0x14 /workspace/optee_os/out/arm/export-ta_arm32/lib/libutee.a(utee_syscalls_a32.o)
                0x0000000000003004                utee_panic
 .text.utee_return
                0x0000000000003018       0x14 /workspace/optee_os/out/arm/export-ta_arm32/lib/libutee.a(utee_syscalls_a32.o)
                0x0000000000003018                utee_return
 .text.utee_log
                0x000000000000302c       0x14 /workspace/optee_os/out/arm/export-ta_arm32/lib/libutee.a(utee_syscalls_a32.o)
                0x000000000000302c                utee_log
 .text.__utee_panic
                0x0000000000003040       0x14 /workspace/optee_os/out/arm/export-ta_arm32/lib/libutee.a(utee_syscalls_a32.o)
                0x0000000000003040                __utee_panic
 .text.utee_get_property
                0x0000000000003054       0x18 /workspace/optee_os/out/arm/export-ta_arm32/lib/libutee.a(utee_syscalls_a32.o)
                0x0000000000003054                utee_get_property
 .text.utee_get_property_name_to_index
                0x000000000000306c       0x14 /workspace/optee_os/out/arm/export-ta_arm32/lib/libutee.a(utee_syscalls_a32.o)
                0x000000000000306c                utee_get_property_name_to_index
 .text.utee_open_ta_session
                0x0000000000003080       0x18 /workspace/optee_os/out/arm/export-ta_arm32/lib/libutee.a(utee_syscalls_a32.o)
                0x0000000000003080                utee_open_ta_session
 .text.utee_close_ta_session
                0x0000000000003098       0x14 /workspace/optee_os/out/arm/export-ta_arm32/lib/libutee.a(utee_syscalls_a32.o)
                0x0000000000003098                utee_close_ta_session
 .text.utee_invoke_ta_command
                0x00000000000030ac       0x18 /workspace/optee_os/out/arm/export-ta_arm32/lib/libutee.a(utee_syscalls_a32.o)
                0x00000000000030ac                utee_invoke_ta_command
 .text.utee_get_cancellation_flag
                0x00000000000030c4       0x14 /workspace/optee_os/out/arm/export-ta_arm32/lib/libutee.a(utee_syscalls_a32.o)
                0x00000000000030c4                utee_get_cancellation_flag
 .text.utee_check_access_rights
                0x00000000000030d8       0x14 /workspace/optee_os/out/arm/export-ta_arm32/lib/libutee.a(utee_syscalls_a32.o)
                0x00000000000030d8                utee_check_access_rights
 .text.utee_unmask_cancellation
                0x00000000000030ec       0x14 /workspace/optee_os/out/arm/export-ta_arm32/lib/libutee.a(utee_syscalls_a32.o)
                0x00000000000030ec                utee_unmask_cancellation
 .text.utee_mask_cancellation
                0x0000000000003100       0x14 /workspace/optee_os/out/arm/export-ta_arm32/lib/libutee.a(utee_syscalls_a32.o)
                0x0000000000003100                utee_mask_cancellation
 .text.utee_wait
                0x0000000000003114       0x14 /workspace/optee_os/out/arm/export-ta_arm32/lib/libutee.a(utee_syscalls_a32.o)
                0x0000000000003114                utee_wait
 .text.utee_get_time
                0x0000000000003128       0x14 /workspace/optee_os/out/arm/export-ta_arm32/lib/libutee.a(utee_syscalls_a32.o)
                0x0000000000003128                utee_get_time
 .text.utee_set_ta_time
                0x000000000000313c       0x14 /workspace/optee_os/out/arm/export-ta_arm32/lib/libutee.a(utee_syscalls_a32.o)
                0x000000000000313c                utee_set_ta_time
 .text.utee_cryp_state_alloc
                0x0000000000003150       0x18 /workspace/optee_os/out/arm/export-ta_arm32/lib/libutee.a(utee_syscalls_a32.o)
                0x0000000000003150                utee_cryp_state_alloc
 .text.utee_cryp_state_copy
                0x0000000000003168       0x14 /workspace/optee_os/out/arm/export-ta_arm32/lib/libutee.a(utee_syscalls_a32.o)
                0x0000000000003168                utee_cryp_state_copy
 .text.utee_cryp_state_free
                0x000000000000317c       0x14 /workspace/optee_os/out/arm/export-ta_arm32/lib/libutee.a(utee_syscalls_a32.o)
                0x000000000000317c                utee_cryp_state_free
 .text.utee_hash_init
                0x0000000000003190       0x14 /workspace/optee_os/out/arm/export-ta_arm32/lib/libutee.a(utee_syscalls_a32.o)
                0x0000000000003190                utee_hash_init
 .text.utee_hash_update
                0x00000000000031a4       0x14 /workspace/optee_os/out/arm/export-ta_arm32/lib/libutee.a(utee_syscalls_a32.o)
                0x00000000000031a4                utee_hash_update
 .text.utee_hash_final
                0x00000000000031b8       0x18 /workspace/optee_os/out/arm/export-ta_arm32/lib/libutee.a(utee_syscalls_a32.o)
                0x00000000000031b8                utee_hash_final
 .text.utee_cipher_init
                0x00000000000031d0       0x14 /workspace/optee_os/out/arm/export-ta_arm32/lib/libutee.a(utee_syscalls_a32.o)
                0x00000000000031d0                utee_cipher_init
 .text.utee_cipher_update
                0x00000000000031e4       0x18 /workspace/optee_os/out/arm/export-ta_arm32/lib/libutee.a(utee_syscalls_a32.o)
                0x00000000000031e4                utee_cipher_update
 .text.utee_cipher_final
                0x00000000000031fc       0x18 /workspace/optee_os/out/arm/export-ta_arm32/lib/libutee.a(utee_syscalls_a32.o)
                0x00000000000031fc                utee_cipher_final
 .text.utee_cryp_obj_get_info
                0x0000000000003214       0x14 /workspace/optee_os/out/arm/export-ta_arm32/lib/libutee.a(utee_syscalls_a32.o)
                0x0000000000003214                utee_cryp_obj_get_info
 .text.utee_cryp_obj_restrict_usage
                0x0000000000003228       0x14 /workspace/optee_os/out/arm/export-ta_arm32/lib/libutee.a(utee_syscalls_a32.o)
                0x0000000000003228                utee_cryp_obj_restrict_usage
 .text.utee_cryp_obj_get_attr
                0x000000000000323c       0x14 /workspace/optee_os/out/arm/export-ta_arm32/lib/libutee.a(utee_syscalls_a32.o)
                0x000000000000323c                utee_cryp_obj_get_attr
 .text.utee_cryp_obj_alloc
                0x0000000000003250       0x14 /workspace/optee_os/out/arm/export-ta_arm32/lib/libutee.a(utee_syscalls_a32.o)
                0x0000000000003250                utee_cryp_obj_alloc
 .text.utee_cryp_obj_close
                0x0000000000003264       0x14 /workspace/optee_os/out/arm/export-ta_arm32/lib/libutee.a(utee_syscalls_a32.o)
                0x0000000000003264                utee_cryp_obj_close
 .text.utee_cryp_obj_reset
                0x0000000000003278       0x14 /workspace/optee_os/out/arm/export-ta_arm32/lib/libutee.a(utee_syscalls_a32.o)
                0x0000000000003278                utee_cryp_obj_reset
 .text.utee_cryp_obj_populate
                0x000000000000328c       0x14 /workspace/optee_os/out/arm/export-ta_arm32/lib/libutee.a(utee_syscalls_a32.o)
                0x000000000000328c                utee_cryp_obj_populate
 .text.utee_cryp_obj_copy
                0x00000000000032a0       0x14 /workspace/optee_os/out/arm/export-ta_arm32/lib/libutee.a(utee_syscalls_a32.o)
                0x00000000000032a0                utee_cryp_obj_copy
 .text.utee_cryp_derive_key
                0x00000000000032b4       0x14 /workspace/optee_os/out/arm/export-ta_arm32/lib/libutee.a(utee_syscalls_a32.o)
                0x00000000000032b4                utee_cryp_derive_key
 .text.utee_cryp_random_number_generate
                0x00000000000032c8       0x14 /workspace/optee_os/out/arm/export-ta_arm32/lib/libutee.a(utee_syscalls_a32.o)
                0x00000000000032c8                utee_cryp_random_number_generate
 .text.utee_authenc_init
                0x00000000000032dc       0x18 /workspace/optee_os/out/arm/export-ta_arm32/lib/libutee.a(utee_syscalls_a32.o)
                0x00000000000032dc                utee_authenc_init
 .text.utee_authenc_update_aad
                0x00000000000032f4       0x14 /workspace/optee_os/out/arm/export-ta_arm32/lib/libutee.a(utee_syscalls_a32.o)
                0x00000000000032f4                utee_authenc_update_aad
 .text.utee_authenc_update_payload
                0x0000000000003308       0x18 /workspace/optee_os/out/arm/export-ta_arm32/lib/libutee.a(utee_syscalls_a32.o)
                0x0000000000003308                utee_authenc_update_payload
 .text.utee_authenc_enc_final
                0x0000000000003320       0x18 /workspace/optee_os/out/arm/export-ta_arm32/lib/libutee.a(utee_syscalls_a32.o)
                0x0000000000003320                utee_authenc_enc_final
 .text.utee_authenc_dec_final
                0x0000000000003338       0x18 /workspace/optee_os/out/arm/export-ta_arm32/lib/libutee.a(utee_syscalls_a32.o)
                0x0000000000003338                utee_authenc_dec_final
 .text.utee_asymm_operate
                0x0000000000003350       0x18 /workspace/optee_os/out/arm/export-ta_arm32/lib/libutee.a(utee_syscalls_a32.o)
                0x0000000000003350                utee_asymm_operate
 .text.utee_asymm_verify
                0x0000000000003368       0x18 /workspace/optee_os/out/arm/export-ta_arm32/lib/libutee.a(utee_syscalls_a32.o)
                0x0000000000003368                utee_asymm_verify
 .text.utee_storage_obj_open
                0x0000000000003380       0x18 /workspace/optee_os/out/arm/export-ta_arm32/lib/libutee.a(utee_syscalls_a32.o)
                0x0000000000003380                utee_storage_obj_open
 .text.utee_storage_obj_create
                0x0000000000003398       0x18 /workspace/optee_os/out/arm/export-ta_arm32/lib/libutee.a(utee_syscalls_a32.o)
                0x0000000000003398                utee_storage_obj_create
 .text.utee_storage_obj_del
                0x00000000000033b0       0x14 /workspace/optee_os/out/arm/export-ta_arm32/lib/libutee.a(utee_syscalls_a32.o)
                0x00000000000033b0                utee_storage_obj_del
 .text.utee_storage_obj_rename
                0x00000000000033c4       0x14 /workspace/optee_os/out/arm/export-ta_arm32/lib/libutee.a(utee_syscalls_a32.o)
                0x00000000000033c4                utee_storage_obj_rename
 .text.utee_storage_alloc_enum
                0x00000000000033d8       0x14 /workspace/optee_os/out/arm/export-ta_arm32/lib/libutee.a(utee_syscalls_a32.o)
                0x00000000000033d8                utee_storage_alloc_enum
 .text.utee_storage_free_enum
                0x00000000000033ec       0x14 /workspace/optee_os/out/arm/export-ta_arm32/lib/libutee.a(utee_syscalls_a32.o)
                0x00000000000033ec                utee_storage_free_enum
 .text.utee_storage_reset_enum
                0x0000000000003400       0x14 /workspace/optee_os/out/arm/export-ta_arm32/lib/libutee.a(utee_syscalls_a32.o)
                0x0000000000003400                utee_storage_reset_enum
 .text.utee_storage_start_enum
                0x0000000000003414       0x14 /workspace/optee_os/out/arm/export-ta_arm32/lib/libutee.a(utee_syscalls_a32.o)
                0x0000000000003414                utee_storage_start_enum
 .text.utee_storage_next_enum
                0x0000000000003428       0x14 /workspace/optee_os/out/arm/export-ta_arm32/lib/libutee.a(utee_syscalls_a32.o)
                0x0000000000003428                utee_storage_next_enum
 .text.utee_storage_obj_read
                0x000000000000343c       0x14 /workspace/optee_os/out/arm/export-ta_arm32/lib/libutee.a(utee_syscalls_a32.o)
                0x000000000000343c                utee_storage_obj_read
 .text.utee_storage_obj_write
                0x0000000000003450       0x14 /workspace/optee_os/out/arm/export-ta_arm32/lib/libutee.a(utee_syscalls_a32.o)
                0x0000000000003450                utee_storage_obj_write
 .text.utee_storage_obj_trunc
                0x0000000000003464       0x14 /workspace/optee_os/out/arm/export-ta_arm32/lib/libutee.a(utee_syscalls_a32.o)
                0x0000000000003464                utee_storage_obj_trunc
 .text.utee_storage_obj_seek
                0x0000000000003478       0x14 /workspace/optee_os/out/arm/export-ta_arm32/lib/libutee.a(utee_syscalls_a32.o)
                0x0000000000003478                utee_storage_obj_seek
 .text.utee_cryp_obj_generate_key
                0x000000000000348c       0x14 /workspace/optee_os/out/arm/export-ta_arm32/lib/libutee.a(utee_syscalls_a32.o)
                0x000000000000348c                utee_cryp_obj_generate_key
 .text.utee_cache_operation
                0x00000000000034a0       0x14 /workspace/optee_os/out/arm/export-ta_arm32/lib/libutee.a(utee_syscalls_a32.o)
                0x00000000000034a0                utee_cache_operation
 .text.__utee_mcount
                0x00000000000034b4        0xc /workspace/optee_os/out/arm/export-ta_arm32/lib/libutee.a(gprof_a32.o)
                0x00000000000034b4                __utee_mcount
 .text          0x00000000000034c0     0x1014 /workspace/optee_os/out/arm/export-ta_arm32/lib/libutee.a(tee_api_arith_mpi.o)
                0x0000000000003a6c                _TEE_MathAPI_Init
                0x0000000000003ab0                TEE_BigIntInit
                0x0000000000003af0                TEE_BigIntConvertFromOctetString
                0x0000000000003b30                TEE_BigIntConvertToOctetString
                0x0000000000003b88                TEE_BigIntConvertFromS32
                0x0000000000003bc0                TEE_BigIntConvertToS32
                0x0000000000003c18                TEE_BigIntCmp
                0x0000000000003c4c                TEE_BigIntCmpS32
                0x0000000000003d5c                TEE_BigIntShiftRight
                0x0000000000003e50                TEE_BigIntGetBit
                0x0000000000003e7a                TEE_BigIntGetBitCount
                0x0000000000003e9c                TEE_BigIntAdd
                0x0000000000003eb8                TEE_BigIntSub
                0x0000000000003ed4                TEE_BigIntNeg
                0x0000000000003f2c                TEE_BigIntMul
                0x0000000000003fd0                TEE_BigIntSquare
                0x0000000000003fd6                TEE_BigIntDiv
                0x0000000000004084                TEE_BigIntMod
                0x00000000000040d4                TEE_BigIntAddMod
                0x00000000000040f0                TEE_BigIntSubMod
                0x000000000000410c                TEE_BigIntMulMod
                0x0000000000004128                TEE_BigIntSquareMod
                0x0000000000004130                TEE_BigIntInvMod
                0x00000000000041d4                TEE_BigIntRelativePrime
                0x0000000000004250                TEE_BigIntComputeExtendedGcd
                0x00000000000043a4                TEE_BigIntIsProbablePrime
                0x00000000000043d4                TEE_BigIntInitFMM
                0x00000000000043d8                TEE_BigIntInitFMMContext
                0x00000000000043da                TEE_BigIntFMMSizeInU32
                0x00000000000043e2                TEE_BigIntFMMContextSizeInU32
                0x00000000000043e6                TEE_BigIntConvertToFMM
                0x00000000000043ea                TEE_BigIntConvertFromFMM
                0x0000000000004434                TEE_BigIntComputeFMM
 .text.unlikely
                0x00000000000044d4       0x20 /workspace/optee_os/out/arm/export-ta_arm32/lib/libutee.a(tee_api_arith_mpi.o)
 .text          0x00000000000044f4     0x2800 /workspace/optee_os/out/arm/export-ta_arm32/lib/libmbedtls.a(bignum.o)
                0x0000000000004a64                mbedtls_mpi_init
                0x0000000000004a76                mbedtls_mpi_init_mempool
                0x0000000000004a9c                mbedtls_mpi_init_static
                0x0000000000004aae                mbedtls_mpi_free
                0x0000000000004afc                mbedtls_mpi_grow
                0x0000000000004ba4                mbedtls_mpi_shrink
                0x0000000000004c70                mbedtls_mpi_copy
                0x0000000000004cc6                mbedtls_mpi_swap
                0x0000000000004cf4                mbedtls_mpi_safe_cond_assign
                0x0000000000004d60                mbedtls_mpi_safe_cond_swap
                0x0000000000004de6                mbedtls_mpi_lset
                0x0000000000004e1e                mbedtls_mpi_get_bit
                0x0000000000004e3e                mbedtls_mpi_set_bit
                0x0000000000004e8e                mbedtls_mpi_lsb
                0x0000000000004ebc                mbedtls_mpi_bitlen
                0x0000000000004efe                mbedtls_mpi_size
                0x0000000000004f0a                mbedtls_mpi_read_binary
                0x0000000000004f70                mbedtls_mpi_write_binary
                0x0000000000004fb6                mbedtls_mpi_shift_l
                0x000000000000504e                mbedtls_mpi_shift_r
                0x00000000000050c6                mbedtls_mpi_cmp_abs
                0x0000000000005134                mbedtls_mpi_cmp_mpi
                0x00000000000051ca                mbedtls_mpi_cmp_int
                0x00000000000051fa                mbedtls_mpi_add_abs
                0x00000000000052b6                mbedtls_mpi_sub_abs
                0x0000000000005336                mbedtls_mpi_add_mpi
                0x000000000000537e                mbedtls_mpi_sub_mpi
                0x00000000000053ca                mbedtls_mpi_add_int
                0x00000000000053fa                mbedtls_mpi_sub_int
                0x000000000000542a                mbedtls_mpi_mul_mpi
                0x0000000000005506                mbedtls_mpi_mul_int
                0x0000000000005524                mbedtls_mpi_read_string
                0x0000000000005650                mbedtls_mpi_div_mpi
                0x00000000000059f2                mbedtls_mpi_div_int
                0x0000000000005a20                mbedtls_mpi_mod_mpi
                0x0000000000005a84                mbedtls_mpi_mod_int
                0x0000000000005b2a                mbedtls_mpi_write_string
                0x0000000000005cb4                mbedtls_mpi_montg_init
                0x0000000000005cdc                mbedtls_mpi_montmul
                0x0000000000005da0                mbedtls_mpi_montred
                0x0000000000005dc4                mbedtls_mpi_exp_mod
                0x000000000000620a                mbedtls_mpi_gcd
                0x000000000000631e                mbedtls_mpi_fill_random
                0x0000000000006566                mbedtls_mpi_inv_mod
                0x0000000000006836                mbedtls_mpi_is_prime
                0x0000000000006892                mbedtls_mpi_gen_prime
                0x00000000000069c8                mbedtls_mpi_self_test
 .text          0x0000000000006cf4      0xbdc /workspace/optee_os/out/arm/export-ta_arm32/lib/libutils.a(bget_malloc.o)
                0x0000000000006dfc                bget
                0x0000000000006f68                bgetz
                0x0000000000006fc4                brel
                0x00000000000071bc                bgetr
                0x0000000000007238                bpool
                0x00000000000072d4                bstats
                0x0000000000007338                malloc_reset_stats
                0x000000000000734c                malloc_get_stats
                0x000000000000736c                malloc
                0x000000000000736e                free
                0x0000000000007380                calloc
                0x00000000000073c8                realloc
                0x0000000000007400                memalign
                0x00000000000076b0                malloc_add_pool
                0x00000000000077a8                malloc_buffer_is_within_alloced
                0x0000000000007884                malloc_buffer_overlaps_heap
 .text          0x00000000000078d0      0x104 /workspace/optee_os/out/arm/export-ta_arm32/lib/libutils.a(mempool.o)
                0x00000000000078d0                mempool_alloc_pool
                0x0000000000007914                mempool_alloc
                0x0000000000007980                mempool_calloc
                0x00000000000079a4                mempool_free
 .text          0x00000000000079d4       0x38 /workspace/optee_os/out/arm/export-ta_arm32/lib/libutee.a(assert.o)
                0x00000000000079d4                _assert_log
                0x00000000000079fc                _assert_break
 .text          0x0000000000007a0c        0x4 ./user_ta_header.o
                0x0000000000007a0c                tahead_get_trace_level
 .text          0x0000000000007a10        0x2 /workspace/optee_os/out/arm/export-ta_arm32/lib/libutils.a(stack_check.o)
                0x0000000000007a10                __stack_chk_fail
 .text          0x0000000000007a12       0x16 /workspace/optee_os/out/arm/export-ta_arm32/lib/libutils.a(memcpy.o)
                0x0000000000007a12                memcpy
 .text          0x0000000000007a28       0x10 /workspace/optee_os/out/arm/export-ta_arm32/lib/libutils.a(memset.o)
                0x0000000000007a28                memset
 .text          0x0000000000007a38        0x6 /workspace/optee_os/out/arm/export-ta_arm32/lib/libutils.a(aeabi_unwind.o)
                0x0000000000007a38                __aeabi_unwind_cpp_pr0
                0x0000000000007a3a                __aeabi_unwind_cpp_pr1
                0x0000000000007a3c                __aeabi_unwind_cpp_pr2
 .text          0x0000000000007a3e       0x1c /workspace/optee_os/out/arm/export-ta_arm32/lib/libutils.a(memchr.o)
                0x0000000000007a3e                memchr
 .text          0x0000000000007a5a       0x10 /workspace/optee_os/out/arm/export-ta_arm32/lib/libutils.a(strlen.o)
                0x0000000000007a5a                strlen
 .text          0x0000000000007a6a      0x160 /workspace/optee_os/out/arm/export-ta_arm32/lib/libutils.a(arm32_aeabi_ldivmod.o)
                0x0000000000007a6a                __ul_divmod
                0x0000000000007ade                __l_divmod
 .text          0x0000000000007bca        0x4 /workspace/optee_os/out/arm/export-ta_arm32/lib/libutee.a(tee_api_panic.o)
                0x0000000000007bca                TEE_Panic
 .text          0x0000000000007bce       0x2c /workspace/optee_os/out/arm/export-ta_arm32/lib/libutils.a(snprintf.o)
                0x0000000000007bce                snprintf
                0x0000000000007bec                vsnprintf
 .text          0x0000000000007bfa       0x1e /workspace/optee_os/out/arm/export-ta_arm32/lib/libutils.a(memcmp.o)
                0x0000000000007bfa                memcmp
 .text          0x0000000000007c18       0x34 /workspace/optee_os/out/arm/export-ta_arm32/lib/libutils.a(memmove.o)
                0x0000000000007c18                memmove
 .text          0x0000000000007c4c       0x2c /workspace/optee_os/out/arm/export-ta_arm32/lib/libutils.a(buf_compare_ct.o)
                0x0000000000007c4c                buf_compare_ct
 .text          0x0000000000007c78        0x0 /workspace/optee_os/out/arm/export-ta_arm32/lib/libutils.a(arm32_aeabi_ldivmod_a32.o)
 .text          0x0000000000007c78        0x0 /workspace/optee_os/out/arm/export-ta_arm32/lib/libutee.a(gprof_a32.o)
 .text.__stub   0x0000000000007c78       0x40 linker stubs
 *(SORT_BY_ALIGNMENT(.stub))
 *(SORT_BY_ALIGNMENT(.glue_7))
 .glue_7        0x0000000000007cb8        0x0 linker stubs
 *(SORT_BY_ALIGNMENT(.glue_7t))
 .glue_7t       0x0000000000007cb8        0x0 linker stubs
 *(SORT_BY_ALIGNMENT(.gnu.linkonce.t.*))
 *(SORT_BY_ALIGNMENT(.vfp11_veneer))
 .vfp11_veneer  0x0000000000007cb8        0x0 linker stubs
                [!provide]                        PROVIDE (__gnu_mcount_nc = __utee_mcount)
                0x0000000000007cb8                __text_end = .

.v4_bx          0x0000000000007cb8        0x0
 .v4_bx         0x0000000000007cb8        0x0 linker stubs

.iplt           0x0000000000007cb8        0x0
 .iplt          0x0000000000007cb8        0x0 ./hotp_ta.o

.plt            0x0000000000007cb8        0x0
 *(SORT_BY_ALIGNMENT(.plt))
 .plt           0x0000000000007cb8        0x0 ./hotp_ta.o

.eh_frame
 *(SORT_BY_ALIGNMENT(.eh_frame))

.rodata         0x0000000000007cb8     0x107c
 *(SORT_BY_ALIGNMENT(.gnu.linkonce.r.*))
 *(SORT_BY_ALIGNMENT(.rodata) SORT_BY_ALIGNMENT(.rodata.*))
 .rodata.user_ta_header.c
                0x0000000000007cb8       0x17 ./user_ta_header.o
                0x0000000000007cb8                ta_num_props
                0x0000000000007cc8                ta_heap_size
                0x0000000000007ccc                trace_ext_prefix
 *fill*         0x0000000000007ccf        0x1 
 .rodata.lib/libmbedtls/mbedtls/library/bignum.c
                0x0000000000007cd0      0x2c4 /workspace/optee_os/out/arm/export-ta_arm32/lib/libmbedtls.a(bignum.o)
 .rodata.str1.1.hotp_ta.c
                0x0000000000007f94       0x4b ./hotp_ta.o
 .rodata.hotp_ta.c
                0x0000000000007fdf       0x27 ./hotp_ta.o
 .rodata.str1.1.user_ta_header.c
                0x0000000000008006       0xc7 ./user_ta_header.o
 .rodata.lib/libutils/ext/trace.c
                0x00000000000080cd        0xf /workspace/optee_os/out/arm/export-ta_arm32/lib/libutils.a(trace.o)
 .rodata.str1.1.lib/libutils/ext/trace.c
                0x00000000000080dc       0x3a /workspace/optee_os/out/arm/export-ta_arm32/lib/libutils.a(trace.o)
                                         0x3d (size before relaxing)
 .rodata.lib/libutils/ext/snprintk.c
                0x0000000000008116       0x22 /workspace/optee_os/out/arm/export-ta_arm32/lib/libutils.a(snprintk.o)
 .rodata.str1.1.lib/libutils/ext/snprintk.c
                0x0000000000008138       0x38 /workspace/optee_os/out/arm/export-ta_arm32/lib/libutils.a(snprintk.o)
 .rodata.str1.1.lib/libutee/trace_ext.c
                0x0000000000008170       0x38 /workspace/optee_os/out/arm/export-ta_arm32/lib/libutee.a(trace_ext.o)
                                          0x2 (size before relaxing)
 .rodata.lib/libutee/tee_api.c
                0x0000000000008170        0xb /workspace/optee_os/out/arm/export-ta_arm32/lib/libutee.a(tee_api.o)
 .rodata.str1.1.lib/libutee/tee_api.c
                0x000000000000817b       0x11 /workspace/optee_os/out/arm/export-ta_arm32/lib/libutee.a(tee_api.o)
 .rodata.lib/libutee/tee_api_arith_mpi.c
                0x000000000000818c      0x143 /workspace/optee_os/out/arm/export-ta_arm32/lib/libutee.a(tee_api_arith_mpi.o)
 .rodata.str1.1.lib/libutee/tee_api_arith_mpi.c
                0x00000000000082cf       0xb7 /workspace/optee_os/out/arm/export-ta_arm32/lib/libutee.a(tee_api_arith_mpi.o)
 .rodata.str1.1.lib/libmbedtls/mbedtls/library/bignum.c
                0x0000000000008386      0x45d /workspace/optee_os/out/arm/export-ta_arm32/lib/libmbedtls.a(bignum.o)
 .rodata.lib/libutils/isoc/bget_malloc.c
                0x00000000000087e3       0x8a /workspace/optee_os/out/arm/export-ta_arm32/lib/libutils.a(bget_malloc.o)
 .rodata.str1.1.lib/libutils/isoc/bget_malloc.c
                0x000000000000886d      0x408 /workspace/optee_os/out/arm/export-ta_arm32/lib/libutils.a(bget_malloc.o)
                                        0x411 (size before relaxing)
 .rodata.lib/libutils/ext/mempool.c
                0x0000000000008c75       0x21 /workspace/optee_os/out/arm/export-ta_arm32/lib/libutils.a(mempool.o)
 .rodata.str1.1.lib/libutils/ext/mempool.c
                0x0000000000008c96       0x77 /workspace/optee_os/out/arm/export-ta_arm32/lib/libutils.a(mempool.o)
 .rodata.str1.1.lib/libutee/assert.c
                0x0000000000008d0d       0x27 /workspace/optee_os/out/arm/export-ta_arm32/lib/libutee.a(assert.o)

.ARM.extab      0x0000000000008d34       0xfc
 .ARM.extab     0x0000000000008d34        0x0 ./hotp_ta.o
 .ARM.extab     0x0000000000008d34        0x0 ./user_ta_header.o
 .ARM.extab     0x0000000000008d34        0x0 /workspace/optee_os/out/arm/export-ta_arm32/lib/libutils.a(stack_check.o)
 .ARM.extab     0x0000000000008d34        0x0 /workspace/optee_os/out/arm/export-ta_arm32/lib/libutils.a(memcpy.o)
 .ARM.extab     0x0000000000008d34        0x0 /workspace/optee_os/out/arm/export-ta_arm32/lib/libutils.a(memset.o)
 .ARM.extab     0x0000000000008d34        0xc /workspace/optee_os/out/arm/export-ta_arm32/lib/libutils.a(trace.o)
 .ARM.extab     0x0000000000008d40        0x0 /workspace/optee_os/out/arm/export-ta_arm32/lib/libutils.a(aeabi_unwind.o)
 .ARM.extab     0x0000000000008d40        0xc /workspace/optee_os/out/arm/export-ta_arm32/lib/libutils.a(snprintk.o)
 .ARM.extab     0x0000000000008d4c        0x0 /workspace/optee_os/out/arm/export-ta_arm32/lib/libutils.a(memchr.o)
 .ARM.extab     0x0000000000008d4c        0x0 /workspace/optee_os/out/arm/export-ta_arm32/lib/libutils.a(strlen.o)
 .ARM.extab     0x0000000000008d4c        0x0 /workspace/optee_os/out/arm/export-ta_arm32/lib/libutils.a(arm32_aeabi_ldivmod.o)
 .ARM.extab     0x0000000000008d4c        0xc /workspace/optee_os/out/arm/export-ta_arm32/lib/libutee.a(trace_ext.o)
 .ARM.extab     0x0000000000008d58       0x24 /workspace/optee_os/out/arm/export-ta_arm32/lib/libutee.a(tee_api.o)
 .ARM.extab     0x0000000000008d7c       0x30 /workspace/optee_os/out/arm/export-ta_arm32/lib/libutee.a(tee_api_objects.o)
 .ARM.extab     0x0000000000008dac        0xc /workspace/optee_os/out/arm/export-ta_arm32/lib/libutee.a(tee_api_operations.o)
 .ARM.extab     0x0000000000008db8        0x0 /workspace/optee_os/out/arm/export-ta_arm32/lib/libutee.a(tee_api_panic.o)
 .ARM.extab     0x0000000000008db8        0x0 /workspace/optee_os/out/arm/export-ta_arm32/lib/libutee.a(user_ta_entry.o)
 .ARM.extab     0x0000000000008db8       0x24 /workspace/optee_os/out/arm/export-ta_arm32/lib/libutee.a(tee_api_arith_mpi.o)
 .ARM.extab     0x0000000000008ddc       0x24 /workspace/optee_os/out/arm/export-ta_arm32/lib/libmbedtls.a(bignum.o)
 .ARM.extab     0x0000000000008e00       0x18 /workspace/optee_os/out/arm/export-ta_arm32/lib/libutils.a(bget_malloc.o)
 .ARM.extab     0x0000000000008e18        0xc /workspace/optee_os/out/arm/export-ta_arm32/lib/libutils.a(snprintf.o)
 .ARM.extab     0x0000000000008e24        0x0 /workspace/optee_os/out/arm/export-ta_arm32/lib/libutils.a(memcmp.o)
 .ARM.extab     0x0000000000008e24        0x0 /workspace/optee_os/out/arm/export-ta_arm32/lib/libutils.a(memmove.o)
 .ARM.extab     0x0000000000008e24        0x0 /workspace/optee_os/out/arm/export-ta_arm32/lib/libutils.a(buf_compare_ct.o)
 .ARM.extab     0x0000000000008e24        0x0 /workspace/optee_os/out/arm/export-ta_arm32/lib/libutils.a(mempool.o)
 .ARM.extab     0x0000000000008e24        0xc /workspace/optee_os/out/arm/export-ta_arm32/lib/libutee.a(assert.o)

.gnu.version_d  0x0000000000008e30        0x0
 .gnu.version_d
                0x0000000000008e30        0x0 ./hotp_ta.o

.gnu.version    0x0000000000008e30        0x0
 .gnu.version   0x0000000000008e30        0x0 ./hotp_ta.o

.gnu.version_r  0x0000000000008e30        0x0
 .gnu.version_r
                0x0000000000008e30        0x0 ./hotp_ta.o

.gnu.hash       0x0000000000008e30       0x18
 .gnu.hash      0x0000000000008e30       0x18 ./hotp_ta.o

.ARM.extab.text.__aeabi_ldivmod
                0x0000000000008e48        0xc
 .ARM.extab.text.__aeabi_ldivmod
                0x0000000000008e48        0xc /workspace/optee_os/out/arm/export-ta_arm32/lib/libutils.a(arm32_aeabi_ldivmod_a32.o)

.ARM.extab.text.__aeabi_uldivmod
                0x0000000000008e54        0xc
 .ARM.extab.text.__aeabi_uldivmod
                0x0000000000008e54        0xc /workspace/optee_os/out/arm/export-ta_arm32/lib/libutils.a(arm32_aeabi_ldivmod_a32.o)

.ARM.extab.text.utee_panic
                0x0000000000008e60        0xc
 .ARM.extab.text.utee_panic
                0x0000000000008e60        0xc /workspace/optee_os/out/arm/export-ta_arm32/lib/libutee.a(utee_syscalls_a32.o)

.ARM.extab.text.utee_return
                0x0000000000008e6c        0x0
 .ARM.extab.text.utee_return
                0x0000000000008e6c        0x0 /workspace/optee_os/out/arm/export-ta_arm32/lib/libutee.a(utee_syscalls_a32.o)

.ARM.extab.text.utee_log
                0x0000000000008e6c        0x0
 .ARM.extab.text.utee_log
                0x0000000000008e6c        0x0 /workspace/optee_os/out/arm/export-ta_arm32/lib/libutee.a(utee_syscalls_a32.o)

.ARM.extab.text.__utee_panic
                0x0000000000008e6c        0x0
 .ARM.extab.text.__utee_panic
                0x0000000000008e6c        0x0 /workspace/optee_os/out/arm/export-ta_arm32/lib/libutee.a(utee_syscalls_a32.o)

.ARM.extab.text.utee_get_property
                0x0000000000008e6c        0x0
 .ARM.extab.text.utee_get_property
                0x0000000000008e6c        0x0 /workspace/optee_os/out/arm/export-ta_arm32/lib/libutee.a(utee_syscalls_a32.o)

.ARM.extab.text.utee_get_property_name_to_index
                0x0000000000008e6c        0x0
 .ARM.extab.text.utee_get_property_name_to_index
                0x0000000000008e6c        0x0 /workspace/optee_os/out/arm/export-ta_arm32/lib/libutee.a(utee_syscalls_a32.o)

.ARM.extab.text.utee_open_ta_session
                0x0000000000008e6c        0x0
 .ARM.extab.text.utee_open_ta_session
                0x0000000000008e6c        0x0 /workspace/optee_os/out/arm/export-ta_arm32/lib/libutee.a(utee_syscalls_a32.o)

.ARM.extab.text.utee_close_ta_session
                0x0000000000008e6c        0x0
 .ARM.extab.text.utee_close_ta_session
                0x0000000000008e6c        0x0 /workspace/optee_os/out/arm/export-ta_arm32/lib/libutee.a(utee_syscalls_a32.o)

.ARM.extab.text.utee_invoke_ta_command
                0x0000000000008e6c        0x0
 .ARM.extab.text.utee_invoke_ta_command
                0x0000000000008e6c        0x0 /workspace/optee_os/out/arm/export-ta_arm32/lib/libutee.a(utee_syscalls_a32.o)

.ARM.extab.text.utee_get_cancellation_flag
                0x0000000000008e6c        0x0
 .ARM.extab.text.utee_get_cancellation_flag
                0x0000000000008e6c        0x0 /workspace/optee_os/out/arm/export-ta_arm32/lib/libutee.a(utee_syscalls_a32.o)

.ARM.extab.text.utee_check_access_rights
                0x0000000000008e6c        0x0
 .ARM.extab.text.utee_check_access_rights
                0x0000000000008e6c        0x0 /workspace/optee_os/out/arm/export-ta_arm32/lib/libutee.a(utee_syscalls_a32.o)

.ARM.extab.text.utee_unmask_cancellation
                0x0000000000008e6c        0x0
 .ARM.extab.text.utee_unmask_cancellation
                0x0000000000008e6c        0x0 /workspace/optee_os/out/arm/export-ta_arm32/lib/libutee.a(utee_syscalls_a32.o)

.ARM.extab.text.utee_mask_cancellation
                0x0000000000008e6c        0x0
 .ARM.extab.text.utee_mask_cancellation
                0x0000000000008e6c        0x0 /workspace/optee_os/out/arm/export-ta_arm32/lib/libutee.a(utee_syscalls_a32.o)

.ARM.extab.text.utee_wait
                0x0000000000008e6c        0x0
 .ARM.extab.text.utee_wait
                0x0000000000008e6c        0x0 /workspace/optee_os/out/arm/export-ta_arm32/lib/libutee.a(utee_syscalls_a32.o)

.ARM.extab.text.utee_get_time
                0x0000000000008e6c        0x0
 .ARM.extab.text.utee_get_time
                0x0000000000008e6c        0x0 /workspace/optee_os/out/arm/export-ta_arm32/lib/libutee.a(utee_syscalls_a32.o)

.ARM.extab.text.utee_set_ta_time
                0x0000000000008e6c        0x0
 .ARM.extab.text.utee_set_ta_time
                0x0000000000008e6c        0x0 /workspace/optee_os/out/arm/export-ta_arm32/lib/libutee.a(utee_syscalls_a32.o)

.ARM.extab.text.utee_cryp_state_alloc
                0x0000000000008e6c        0x0
 .ARM.extab.text.utee_cryp_state_alloc
                0x0000000000008e6c        0x0 /workspace/optee_os/out/arm/export-ta_arm32/lib/libutee.a(utee_syscalls_a32.o)

.ARM.extab.text.utee_cryp_state_copy
                0x0000000000008e6c        0x0
 .ARM.extab.text.utee_cryp_state_copy
                0x0000000000008e6c        0x0 /workspace/optee_os/out/arm/export-ta_arm32/lib/libutee.a(utee_syscalls_a32.o)

.ARM.extab.text.utee_cryp_state_free
                0x0000000000008e6c        0x0
 .ARM.extab.text.utee_cryp_state_free
                0x0000000000008e6c        0x0 /workspace/optee_os/out/arm/export-ta_arm32/lib/libutee.a(utee_syscalls_a32.o)

.ARM.extab.text.utee_hash_init
                0x0000000000008e6c        0x0
 .ARM.extab.text.utee_hash_init
                0x0000000000008e6c        0x0 /workspace/optee_os/out/arm/export-ta_arm32/lib/libutee.a(utee_syscalls_a32.o)

.ARM.extab.text.utee_hash_update
                0x0000000000008e6c        0x0
 .ARM.extab.text.utee_hash_update
                0x0000000000008e6c        0x0 /workspace/optee_os/out/arm/export-ta_arm32/lib/libutee.a(utee_syscalls_a32.o)

.ARM.extab.text.utee_hash_final
                0x0000000000008e6c        0x0
 .ARM.extab.text.utee_hash_final
                0x0000000000008e6c        0x0 /workspace/optee_os/out/arm/export-ta_arm32/lib/libutee.a(utee_syscalls_a32.o)

.ARM.extab.text.utee_cipher_init
                0x0000000000008e6c        0x0
 .ARM.extab.text.utee_cipher_init
                0x0000000000008e6c        0x0 /workspace/optee_os/out/arm/export-ta_arm32/lib/libutee.a(utee_syscalls_a32.o)

.ARM.extab.text.utee_cipher_update
                0x0000000000008e6c        0x0
 .ARM.extab.text.utee_cipher_update
                0x0000000000008e6c        0x0 /workspace/optee_os/out/arm/export-ta_arm32/lib/libutee.a(utee_syscalls_a32.o)

.ARM.extab.text.utee_cipher_final
                0x0000000000008e6c        0x0
 .ARM.extab.text.utee_cipher_final
                0x0000000000008e6c        0x0 /workspace/optee_os/out/arm/export-ta_arm32/lib/libutee.a(utee_syscalls_a32.o)

.ARM.extab.text.utee_cryp_obj_get_info
                0x0000000000008e6c        0x0
 .ARM.extab.text.utee_cryp_obj_get_info
                0x0000000000008e6c        0x0 /workspace/optee_os/out/arm/export-ta_arm32/lib/libutee.a(utee_syscalls_a32.o)

.ARM.extab.text.utee_cryp_obj_restrict_usage
                0x0000000000008e6c        0x0
 .ARM.extab.text.utee_cryp_obj_restrict_usage
                0x0000000000008e6c        0x0 /workspace/optee_os/out/arm/export-ta_arm32/lib/libutee.a(utee_syscalls_a32.o)

.ARM.extab.text.utee_cryp_obj_get_attr
                0x0000000000008e6c        0x0
 .ARM.extab.text.utee_cryp_obj_get_attr
                0x0000000000008e6c        0x0 /workspace/optee_os/out/arm/export-ta_arm32/lib/libutee.a(utee_syscalls_a32.o)

.ARM.extab.text.utee_cryp_obj_alloc
                0x0000000000008e6c        0x0
 .ARM.extab.text.utee_cryp_obj_alloc
                0x0000000000008e6c        0x0 /workspace/optee_os/out/arm/export-ta_arm32/lib/libutee.a(utee_syscalls_a32.o)

.ARM.extab.text.utee_cryp_obj_close
                0x0000000000008e6c        0x0
 .ARM.extab.text.utee_cryp_obj_close
                0x0000000000008e6c        0x0 /workspace/optee_os/out/arm/export-ta_arm32/lib/libutee.a(utee_syscalls_a32.o)

.ARM.extab.text.utee_cryp_obj_reset
                0x0000000000008e6c        0x0
 .ARM.extab.text.utee_cryp_obj_reset
                0x0000000000008e6c        0x0 /workspace/optee_os/out/arm/export-ta_arm32/lib/libutee.a(utee_syscalls_a32.o)

.ARM.extab.text.utee_cryp_obj_populate
                0x0000000000008e6c        0x0
 .ARM.extab.text.utee_cryp_obj_populate
                0x0000000000008e6c        0x0 /workspace/optee_os/out/arm/export-ta_arm32/lib/libutee.a(utee_syscalls_a32.o)

.ARM.extab.text.utee_cryp_obj_copy
                0x0000000000008e6c        0x0
 .ARM.extab.text.utee_cryp_obj_copy
                0x0000000000008e6c        0x0 /workspace/optee_os/out/arm/export-ta_arm32/lib/libutee.a(utee_syscalls_a32.o)

.ARM.extab.text.utee_cryp_derive_key
                0x0000000000008e6c        0x0
 .ARM.extab.text.utee_cryp_derive_key
                0x0000000000008e6c        0x0 /workspace/optee_os/out/arm/export-ta_arm32/lib/libutee.a(utee_syscalls_a32.o)

.ARM.extab.text.utee_cryp_random_number_generate
                0x0000000000008e6c        0x0
 .ARM.extab.text.utee_cryp_random_number_generate
                0x0000000000008e6c        0x0 /workspace/optee_os/out/arm/export-ta_arm32/lib/libutee.a(utee_syscalls_a32.o)

.ARM.extab.text.utee_authenc_init
                0x0000000000008e6c        0x0
 .ARM.extab.text.utee_authenc_init
                0x0000000000008e6c        0x0 /workspace/optee_os/out/arm/export-ta_arm32/lib/libutee.a(utee_syscalls_a32.o)

.ARM.extab.text.utee_authenc_update_aad
                0x0000000000008e6c        0x0
 .ARM.extab.text.utee_authenc_update_aad
                0x0000000000008e6c        0x0 /workspace/optee_os/out/arm/export-ta_arm32/lib/libutee.a(utee_syscalls_a32.o)

.ARM.extab.text.utee_authenc_update_payload
                0x0000000000008e6c        0x0
 .ARM.extab.text.utee_authenc_update_payload
                0x0000000000008e6c        0x0 /workspace/optee_os/out/arm/export-ta_arm32/lib/libutee.a(utee_syscalls_a32.o)

.ARM.extab.text.utee_authenc_enc_final
                0x0000000000008e6c        0x0
 .ARM.extab.text.utee_authenc_enc_final
                0x0000000000008e6c        0x0 /workspace/optee_os/out/arm/export-ta_arm32/lib/libutee.a(utee_syscalls_a32.o)

.ARM.extab.text.utee_authenc_dec_final
                0x0000000000008e6c        0x0
 .ARM.extab.text.utee_authenc_dec_final
                0x0000000000008e6c        0x0 /workspace/optee_os/out/arm/export-ta_arm32/lib/libutee.a(utee_syscalls_a32.o)

.ARM.extab.text.utee_asymm_operate
                0x0000000000008e6c        0x0
 .ARM.extab.text.utee_asymm_operate
                0x0000000000008e6c        0x0 /workspace/optee_os/out/arm/export-ta_arm32/lib/libutee.a(utee_syscalls_a32.o)

.ARM.extab.text.utee_asymm_verify
                0x0000000000008e6c        0x0
 .ARM.extab.text.utee_asymm_verify
                0x0000000000008e6c        0x0 /workspace/optee_os/out/arm/export-ta_arm32/lib/libutee.a(utee_syscalls_a32.o)

.ARM.extab.text.utee_storage_obj_open
                0x0000000000008e6c        0x0
 .ARM.extab.text.utee_storage_obj_open
                0x0000000000008e6c        0x0 /workspace/optee_os/out/arm/export-ta_arm32/lib/libutee.a(utee_syscalls_a32.o)

.ARM.extab.text.utee_storage_obj_create
                0x0000000000008e6c        0x0
 .ARM.extab.text.utee_storage_obj_create
                0x0000000000008e6c        0x0 /workspace/optee_os/out/arm/export-ta_arm32/lib/libutee.a(utee_syscalls_a32.o)

.ARM.extab.text.utee_storage_obj_del
                0x0000000000008e6c        0x0
 .ARM.extab.text.utee_storage_obj_del
                0x0000000000008e6c        0x0 /workspace/optee_os/out/arm/export-ta_arm32/lib/libutee.a(utee_syscalls_a32.o)

.ARM.extab.text.utee_storage_obj_rename
                0x0000000000008e6c        0x0
 .ARM.extab.text.utee_storage_obj_rename
                0x0000000000008e6c        0x0 /workspace/optee_os/out/arm/export-ta_arm32/lib/libutee.a(utee_syscalls_a32.o)

.ARM.extab.text.utee_storage_alloc_enum
                0x0000000000008e6c        0x0
 .ARM.extab.text.utee_storage_alloc_enum
                0x0000000000008e6c        0x0 /workspace/optee_os/out/arm/export-ta_arm32/lib/libutee.a(utee_syscalls_a32.o)

.ARM.extab.text.utee_storage_free_enum
                0x0000000000008e6c        0x0
 .ARM.extab.text.utee_storage_free_enum
                0x0000000000008e6c        0x0 /workspace/optee_os/out/arm/export-ta_arm32/lib/libutee.a(utee_syscalls_a32.o)

.ARM.extab.text.utee_storage_reset_enum
                0x0000000000008e6c        0x0
 .ARM.extab.text.utee_storage_reset_enum
                0x0000000000008e6c        0x0 /workspace/optee_os/out/arm/export-ta_arm32/lib/libutee.a(utee_syscalls_a32.o)

.ARM.extab.text.utee_storage_start_enum
                0x0000000000008e6c        0x0
 .ARM.extab.text.utee_storage_start_enum
                0x0000000000008e6c        0x0 /workspace/optee_os/out/arm/export-ta_arm32/lib/libutee.a(utee_syscalls_a32.o)

.ARM.extab.text.utee_storage_next_enum
                0x0000000000008e6c        0x0
 .ARM.extab.text.utee_storage_next_enum
                0x0000000000008e6c        0x0 /workspace/optee_os/out/arm/export-ta_arm32/lib/libutee.a(utee_syscalls_a32.o)

.ARM.extab.text.utee_storage_obj_read
                0x0000000000008e6c        0x0
 .ARM.extab.text.utee_storage_obj_read
                0x0000000000008e6c        0x0 /workspace/optee_os/out/arm/export-ta_arm32/lib/libutee.a(utee_syscalls_a32.o)

.ARM.extab.text.utee_storage_obj_write
                0x0000000000008e6c        0x0
 .ARM.extab.text.utee_storage_obj_write
                0x0000000000008e6c        0x0 /workspace/optee_os/out/arm/export-ta_arm32/lib/libutee.a(utee_syscalls_a32.o)

.ARM.extab.text.utee_storage_obj_trunc
                0x0000000000008e6c        0x0
 .ARM.extab.text.utee_storage_obj_trunc
                0x0000000000008e6c        0x0 /workspace/optee_os/out/arm/export-ta_arm32/lib/libutee.a(utee_syscalls_a32.o)

.ARM.extab.text.utee_storage_obj_seek
                0x0000000000008e6c        0x0
 .ARM.extab.text.utee_storage_obj_seek
                0x0000000000008e6c        0x0 /workspace/optee_os/out/arm/export-ta_arm32/lib/libutee.a(utee_syscalls_a32.o)

.ARM.extab.text.utee_cryp_obj_generate_key
                0x0000000000008e6c        0x0
 .ARM.extab.text.utee_cryp_obj_generate_key
                0x0000000000008e6c        0x0 /workspace/optee_os/out/arm/export-ta_arm32/lib/libutee.a(utee_syscalls_a32.o)

.ARM.extab.text.utee_cache_operation
                0x0000000000008e6c        0x0
 .ARM.extab.text.utee_cache_operation
                0x0000000000008e6c        0x0 /workspace/optee_os/out/arm/export-ta_arm32/lib/libutee.a(utee_syscalls_a32.o)

.ARM.extab.text.unlikely
                0x0000000000008e6c        0xc
 .ARM.extab.text.unlikely
                0x0000000000008e6c        0xc /workspace/optee_os/out/arm/export-ta_arm32/lib/libutee.a(tee_api_arith_mpi.o)

.ARM.exidx      0x0000000000008e78      0x650
 *(SORT_BY_ALIGNMENT(.ARM.exidx*) SORT_BY_ALIGNMENT(.gnu.linkonce.armexidx.*))
 .ARM.exidx     0x0000000000008e78       0x20 ./hotp_ta.o
                                         0x28 (size before relaxing)
 .ARM.exidx     0x0000000000008e98       0x20 /workspace/optee_os/out/arm/export-ta_arm32/lib/libutils.a(trace.o)
                                         0x28 (size before relaxing)
 .ARM.exidx     0x0000000000008eb8       0x18 /workspace/optee_os/out/arm/export-ta_arm32/lib/libutils.a(snprintk.o)
 .ARM.exidx.text.__aeabi_ldivmod
                0x0000000000008ed0        0x8 /workspace/optee_os/out/arm/export-ta_arm32/lib/libutils.a(arm32_aeabi_ldivmod_a32.o)
 .ARM.exidx.text.__aeabi_uldivmod
                0x0000000000008ed8        0x8 /workspace/optee_os/out/arm/export-ta_arm32/lib/libutils.a(arm32_aeabi_ldivmod_a32.o)
 .ARM.exidx     0x0000000000008ee0       0x28 /workspace/optee_os/out/arm/export-ta_arm32/lib/libutee.a(trace_ext.o)
 .ARM.exidx     0x0000000000008f08       0x68 /workspace/optee_os/out/arm/export-ta_arm32/lib/libutee.a(tee_api.o)
                                         0xc8 (size before relaxing)
 .ARM.exidx     0x0000000000008f70       0xd0 /workspace/optee_os/out/arm/export-ta_arm32/lib/libutee.a(tee_api_objects.o)
                                         0xf8 (size before relaxing)
 .ARM.exidx     0x0000000000009040       0xd8 /workspace/optee_os/out/arm/export-ta_arm32/lib/libutee.a(tee_api_operations.o)
                                         0xf0 (size before relaxing)
 .ARM.exidx     0x0000000000009118       0x18 /workspace/optee_os/out/arm/export-ta_arm32/lib/libutee.a(user_ta_entry.o)
 .ARM.exidx.text.utee_panic
                0x0000000000009130        0x8 /workspace/optee_os/out/arm/export-ta_arm32/lib/libutee.a(utee_syscalls_a32.o)
 .ARM.exidx.text.utee_return
                0x0000000000009138        0x8 /workspace/optee_os/out/arm/export-ta_arm32/lib/libutee.a(utee_syscalls_a32.o)
 .ARM.exidx.text.utee_log
                0x0000000000009140        0x0 /workspace/optee_os/out/arm/export-ta_arm32/lib/libutee.a(utee_syscalls_a32.o)
                                          0x8 (size before relaxing)
 .ARM.exidx.text.__utee_panic
                0x0000000000009140        0x0 /workspace/optee_os/out/arm/export-ta_arm32/lib/libutee.a(utee_syscalls_a32.o)
                                          0x8 (size before relaxing)
 .ARM.exidx.text.utee_get_property
                0x0000000000009140        0x0 /workspace/optee_os/out/arm/export-ta_arm32/lib/libutee.a(utee_syscalls_a32.o)
                                          0x8 (size before relaxing)
 .ARM.exidx.text.utee_get_property_name_to_index
                0x0000000000009140        0x0 /workspace/optee_os/out/arm/export-ta_arm32/lib/libutee.a(utee_syscalls_a32.o)
                                          0x8 (size before relaxing)
 .ARM.exidx.text.utee_open_ta_session
                0x0000000000009140        0x0 /workspace/optee_os/out/arm/export-ta_arm32/lib/libutee.a(utee_syscalls_a32.o)
                                          0x8 (size before relaxing)
 .ARM.exidx.text.utee_close_ta_session
                0x0000000000009140        0x0 /workspace/optee_os/out/arm/export-ta_arm32/lib/libutee.a(utee_syscalls_a32.o)
                                          0x8 (size before relaxing)
 .ARM.exidx.text.utee_invoke_ta_command
                0x0000000000009140        0x0 /workspace/optee_os/out/arm/export-ta_arm32/lib/libutee.a(utee_syscalls_a32.o)
                                          0x8 (size before relaxing)
 .ARM.exidx.text.utee_get_cancellation_flag
                0x0000000000009140        0x0 /workspace/optee_os/out/arm/export-ta_arm32/lib/libutee.a(utee_syscalls_a32.o)
                                          0x8 (size before relaxing)
 .ARM.exidx.text.utee_check_access_rights
                0x0000000000009140        0x0 /workspace/optee_os/out/arm/export-ta_arm32/lib/libutee.a(utee_syscalls_a32.o)
                                          0x8 (size before relaxing)
 .ARM.exidx.text.utee_unmask_cancellation
                0x0000000000009140        0x0 /workspace/optee_os/out/arm/export-ta_arm32/lib/libutee.a(utee_syscalls_a32.o)
                                          0x8 (size before relaxing)
 .ARM.exidx.text.utee_mask_cancellation
                0x0000000000009140        0x0 /workspace/optee_os/out/arm/export-ta_arm32/lib/libutee.a(utee_syscalls_a32.o)
                                          0x8 (size before relaxing)
 .ARM.exidx.text.utee_wait
                0x0000000000009140        0x0 /workspace/optee_os/out/arm/export-ta_arm32/lib/libutee.a(utee_syscalls_a32.o)
                                          0x8 (size before relaxing)
 .ARM.exidx.text.utee_get_time
                0x0000000000009140        0x0 /workspace/optee_os/out/arm/export-ta_arm32/lib/libutee.a(utee_syscalls_a32.o)
                                          0x8 (size before relaxing)
 .ARM.exidx.text.utee_set_ta_time
                0x0000000000009140        0x0 /workspace/optee_os/out/arm/export-ta_arm32/lib/libutee.a(utee_syscalls_a32.o)
                                          0x8 (size before relaxing)
 .ARM.exidx.text.utee_cryp_state_alloc
                0x0000000000009140        0x0 /workspace/optee_os/out/arm/export-ta_arm32/lib/libutee.a(utee_syscalls_a32.o)
                                          0x8 (size before relaxing)
 .ARM.exidx.text.utee_cryp_state_copy
                0x0000000000009140        0x0 /workspace/optee_os/out/arm/export-ta_arm32/lib/libutee.a(utee_syscalls_a32.o)
                                          0x8 (size before relaxing)
 .ARM.exidx.text.utee_cryp_state_free
                0x0000000000009140        0x0 /workspace/optee_os/out/arm/export-ta_arm32/lib/libutee.a(utee_syscalls_a32.o)
                                          0x8 (size before relaxing)
 .ARM.exidx.text.utee_hash_init
                0x0000000000009140        0x0 /workspace/optee_os/out/arm/export-ta_arm32/lib/libutee.a(utee_syscalls_a32.o)
                                          0x8 (size before relaxing)
 .ARM.exidx.text.utee_hash_update
                0x0000000000009140        0x0 /workspace/optee_os/out/arm/export-ta_arm32/lib/libutee.a(utee_syscalls_a32.o)
                                          0x8 (size before relaxing)
 .ARM.exidx.text.utee_hash_final
                0x0000000000009140        0x0 /workspace/optee_os/out/arm/export-ta_arm32/lib/libutee.a(utee_syscalls_a32.o)
                                          0x8 (size before relaxing)
 .ARM.exidx.text.utee_cipher_init
                0x0000000000009140        0x0 /workspace/optee_os/out/arm/export-ta_arm32/lib/libutee.a(utee_syscalls_a32.o)
                                          0x8 (size before relaxing)
 .ARM.exidx.text.utee_cipher_update
                0x0000000000009140        0x0 /workspace/optee_os/out/arm/export-ta_arm32/lib/libutee.a(utee_syscalls_a32.o)
                                          0x8 (size before relaxing)
 .ARM.exidx.text.utee_cipher_final
                0x0000000000009140        0x0 /workspace/optee_os/out/arm/export-ta_arm32/lib/libutee.a(utee_syscalls_a32.o)
                                          0x8 (size before relaxing)
 .ARM.exidx.text.utee_cryp_obj_get_info
                0x0000000000009140        0x0 /workspace/optee_os/out/arm/export-ta_arm32/lib/libutee.a(utee_syscalls_a32.o)
                                          0x8 (size before relaxing)
 .ARM.exidx.text.utee_cryp_obj_restrict_usage
                0x0000000000009140        0x0 /workspace/optee_os/out/arm/export-ta_arm32/lib/libutee.a(utee_syscalls_a32.o)
                                          0x8 (size before relaxing)
 .ARM.exidx.text.utee_cryp_obj_get_attr
                0x0000000000009140        0x0 /workspace/optee_os/out/arm/export-ta_arm32/lib/libutee.a(utee_syscalls_a32.o)
                                          0x8 (size before relaxing)
 .ARM.exidx.text.utee_cryp_obj_alloc
                0x0000000000009140        0x0 /workspace/optee_os/out/arm/export-ta_arm32/lib/libutee.a(utee_syscalls_a32.o)
                                          0x8 (size before relaxing)
 .ARM.exidx.text.utee_cryp_obj_close
                0x0000000000009140        0x0 /workspace/optee_os/out/arm/export-ta_arm32/lib/libutee.a(utee_syscalls_a32.o)
                                          0x8 (size before relaxing)
 .ARM.exidx.text.utee_cryp_obj_reset
                0x0000000000009140        0x0 /workspace/optee_os/out/arm/export-ta_arm32/lib/libutee.a(utee_syscalls_a32.o)
                                          0x8 (size before relaxing)
 .ARM.exidx.text.utee_cryp_obj_populate
                0x0000000000009140        0x0 /workspace/optee_os/out/arm/export-ta_arm32/lib/libutee.a(utee_syscalls_a32.o)
                                          0x8 (size before relaxing)
 .ARM.exidx.text.utee_cryp_obj_copy
                0x0000000000009140        0x0 /workspace/optee_os/out/arm/export-ta_arm32/lib/libutee.a(utee_syscalls_a32.o)
                                          0x8 (size before relaxing)
 .ARM.exidx.text.utee_cryp_derive_key
                0x0000000000009140        0x0 /workspace/optee_os/out/arm/export-ta_arm32/lib/libutee.a(utee_syscalls_a32.o)
                                          0x8 (size before relaxing)
 .ARM.exidx.text.utee_cryp_random_number_generate
                0x0000000000009140        0x0 /workspace/optee_os/out/arm/export-ta_arm32/lib/libutee.a(utee_syscalls_a32.o)
                                          0x8 (size before relaxing)
 .ARM.exidx.text.utee_authenc_init
                0x0000000000009140        0x0 /workspace/optee_os/out/arm/export-ta_arm32/lib/libutee.a(utee_syscalls_a32.o)
                                          0x8 (size before relaxing)
 .ARM.exidx.text.utee_authenc_update_aad
                0x0000000000009140        0x0 /workspace/optee_os/out/arm/export-ta_arm32/lib/libutee.a(utee_syscalls_a32.o)
                                          0x8 (size before relaxing)
 .ARM.exidx.text.utee_authenc_update_payload
                0x0000000000009140        0x0 /workspace/optee_os/out/arm/export-ta_arm32/lib/libutee.a(utee_syscalls_a32.o)
                                          0x8 (size before relaxing)
 .ARM.exidx.text.utee_authenc_enc_final
                0x0000000000009140        0x0 /workspace/optee_os/out/arm/export-ta_arm32/lib/libutee.a(utee_syscalls_a32.o)
                                          0x8 (size before relaxing)
 .ARM.exidx.text.utee_authenc_dec_final
                0x0000000000009140        0x0 /workspace/optee_os/out/arm/export-ta_arm32/lib/libutee.a(utee_syscalls_a32.o)
                                          0x8 (size before relaxing)
 .ARM.exidx.text.utee_asymm_operate
                0x0000000000009140        0x0 /workspace/optee_os/out/arm/export-ta_arm32/lib/libutee.a(utee_syscalls_a32.o)
                                          0x8 (size before relaxing)
 .ARM.exidx.text.utee_asymm_verify
                0x0000000000009140        0x0 /workspace/optee_os/out/arm/export-ta_arm32/lib/libutee.a(utee_syscalls_a32.o)
                                          0x8 (size before relaxing)
 .ARM.exidx.text.utee_storage_obj_open
                0x0000000000009140        0x0 /workspace/optee_os/out/arm/export-ta_arm32/lib/libutee.a(utee_syscalls_a32.o)
                                          0x8 (size before relaxing)
 .ARM.exidx.text.utee_storage_obj_create
                0x0000000000009140        0x0 /workspace/optee_os/out/arm/export-ta_arm32/lib/libutee.a(utee_syscalls_a32.o)
                                          0x8 (size before relaxing)
 .ARM.exidx.text.utee_storage_obj_del
                0x0000000000009140        0x0 /workspace/optee_os/out/arm/export-ta_arm32/lib/libutee.a(utee_syscalls_a32.o)
                                          0x8 (size before relaxing)
 .ARM.exidx.text.utee_storage_obj_rename
                0x0000000000009140        0x0 /workspace/optee_os/out/arm/export-ta_arm32/lib/libutee.a(utee_syscalls_a32.o)
                                          0x8 (size before relaxing)
 .ARM.exidx.text.utee_storage_alloc_enum
                0x0000000000009140        0x0 /workspace/optee_os/out/arm/export-ta_arm32/lib/libutee.a(utee_syscalls_a32.o)
                                          0x8 (size before relaxing)
 .ARM.exidx.text.utee_storage_free_enum
                0x0000000000009140        0x0 /workspace/optee_os/out/arm/export-ta_arm32/lib/libutee.a(utee_syscalls_a32.o)
                                          0x8 (size before relaxing)
 .ARM.exidx.text.utee_storage_reset_enum
                0x0000000000009140        0x0 /workspace/optee_os/out/arm/export-ta_arm32/lib/libutee.a(utee_syscalls_a32.o)
                                          0x8 (size before relaxing)
 .ARM.exidx.text.utee_storage_start_enum
                0x0000000000009140        0x0 /workspace/optee_os/out/arm/export-ta_arm32/lib/libutee.a(utee_syscalls_a32.o)
                                          0x8 (size before relaxing)
 .ARM.exidx.text.utee_storage_next_enum
                0x0000000000009140        0x0 /workspace/optee_os/out/arm/export-ta_arm32/lib/libutee.a(utee_syscalls_a32.o)
                                          0x8 (size before relaxing)
 .ARM.exidx.text.utee_storage_obj_read
                0x0000000000009140        0x0 /workspace/optee_os/out/arm/export-ta_arm32/lib/libutee.a(utee_syscalls_a32.o)
                                          0x8 (size before relaxing)
 .ARM.exidx.text.utee_storage_obj_write
                0x0000000000009140        0x0 /workspace/optee_os/out/arm/export-ta_arm32/lib/libutee.a(utee_syscalls_a32.o)
                                          0x8 (size before relaxing)
 .ARM.exidx.text.utee_storage_obj_trunc
                0x0000000000009140        0x0 /workspace/optee_os/out/arm/export-ta_arm32/lib/libutee.a(utee_syscalls_a32.o)
                                          0x8 (size before relaxing)
 .ARM.exidx.text.utee_storage_obj_seek
                0x0000000000009140        0x0 /workspace/optee_os/out/arm/export-ta_arm32/lib/libutee.a(utee_syscalls_a32.o)
                                          0x8 (size before relaxing)
 .ARM.exidx.text.utee_cryp_obj_generate_key
                0x0000000000009140        0x0 /workspace/optee_os/out/arm/export-ta_arm32/lib/libutee.a(utee_syscalls_a32.o)
                                          0x8 (size before relaxing)
 .ARM.exidx.text.utee_cache_operation
                0x0000000000009140        0x8 /workspace/optee_os/out/arm/export-ta_arm32/lib/libutee.a(utee_syscalls_a32.o)
 .ARM.exidx     0x0000000000009148       0xf8 /workspace/optee_os/out/arm/export-ta_arm32/lib/libutee.a(tee_api_arith_mpi.o)
                                        0x150 (size before relaxing)
 .ARM.exidx.text.unlikely
                0x0000000000009240        0x8 /workspace/optee_os/out/arm/export-ta_arm32/lib/libutee.a(tee_api_arith_mpi.o)
 .ARM.exidx     0x0000000000009248      0x168 /workspace/optee_os/out/arm/export-ta_arm32/lib/libmbedtls.a(bignum.o)
                                        0x1b0 (size before relaxing)
 .ARM.exidx     0x00000000000093b0       0x88 /workspace/optee_os/out/arm/export-ta_arm32/lib/libutils.a(bget_malloc.o)
                                         0x98 (size before relaxing)
 .ARM.exidx     0x0000000000009438       0x20 /workspace/optee_os/out/arm/export-ta_arm32/lib/libutils.a(mempool.o)
 .ARM.exidx     0x0000000000009458       0x10 /workspace/optee_os/out/arm/export-ta_arm32/lib/libutee.a(assert.o)
 .ARM.exidx     0x0000000000009468        0x8 ./user_ta_header.o
 .ARM.exidx     0x0000000000009470        0x0 /workspace/optee_os/out/arm/export-ta_arm32/lib/libutils.a(stack_check.o)
                                          0x8 (size before relaxing)
 .ARM.exidx     0x0000000000009470        0x8 /workspace/optee_os/out/arm/export-ta_arm32/lib/libutils.a(memcpy.o)
 .ARM.exidx     0x0000000000009478        0x8 /workspace/optee_os/out/arm/export-ta_arm32/lib/libutils.a(memset.o)
 .ARM.exidx     0x0000000000009480        0x0 /workspace/optee_os/out/arm/export-ta_arm32/lib/libutils.a(aeabi_unwind.o)
                                         0x18 (size before relaxing)
 .ARM.exidx     0x0000000000009480        0x8 /workspace/optee_os/out/arm/export-ta_arm32/lib/libutils.a(memchr.o)
 .ARM.exidx     0x0000000000009488        0x8 /workspace/optee_os/out/arm/export-ta_arm32/lib/libutils.a(strlen.o)
 .ARM.exidx     0x0000000000009490        0x8 /workspace/optee_os/out/arm/export-ta_arm32/lib/libutils.a(arm32_aeabi_ldivmod.o)
                                         0x10 (size before relaxing)
 .ARM.exidx     0x0000000000009498        0x8 /workspace/optee_os/out/arm/export-ta_arm32/lib/libutee.a(tee_api_panic.o)
 .ARM.exidx     0x00000000000094a0       0x10 /workspace/optee_os/out/arm/export-ta_arm32/lib/libutils.a(snprintf.o)
 .ARM.exidx     0x00000000000094b0        0x8 /workspace/optee_os/out/arm/export-ta_arm32/lib/libutils.a(memcmp.o)
 .ARM.exidx     0x00000000000094b8        0x0 /workspace/optee_os/out/arm/export-ta_arm32/lib/libutils.a(memmove.o)
                                          0x8 (size before relaxing)
 .ARM.exidx     0x00000000000094b8       0x10 /workspace/optee_os/out/arm/export-ta_arm32/lib/libutils.a(buf_compare_ct.o)
                                          0x8 (size before relaxing)

.ctors
 *(SORT_BY_ALIGNMENT(.ctors))

.dtors
 *(SORT_BY_ALIGNMENT(.dtors))

.got            0x00000000000094c8       0x40
 *(SORT_BY_ALIGNMENT(.got.plt))
 .got.plt       0x00000000000094c8        0xc ./hotp_ta.o
                0x00000000000094c8                _GLOBAL_OFFSET_TABLE_
 *(SORT_BY_ALIGNMENT(.got))
 .got           0x00000000000094d4       0x34 ./hotp_ta.o

.rel.text
 *(SORT_BY_ALIGNMENT(.rel.text))
 *(SORT_BY_ALIGNMENT(.rel.gnu.linkonce.t*))

.rela.text
 *(SORT_BY_ALIGNMENT(.rela.text))
 *(SORT_BY_ALIGNMENT(.rela.gnu.linkonce.t*))

.rel.data
 *(SORT_BY_ALIGNMENT(.rel.data))
 *(SORT_BY_ALIGNMENT(.rel.gnu.linkonce.d*))

.rela.data
 *(SORT_BY_ALIGNMENT(.rela.data))
 *(SORT_BY_ALIGNMENT(.rela.gnu.linkonce.d*))

.rel.rodata
 *(SORT_BY_ALIGNMENT(.rel.rodata))
 *(SORT_BY_ALIGNMENT(.rel.gnu.linkonce.r*))

.rela.rodata
 *(SORT_BY_ALIGNMENT(.rela.rodata))
 *(SORT_BY_ALIGNMENT(.rela.gnu.linkonce.r*))

.rel.dyn        0x0000000000009508       0x98
 *(SORT_BY_ALIGNMENT(.rel.dyn))
 .rel.data.rel.ro
                0x0000000000009508        0x0 ./hotp_ta.o
 .rel.iplt      0x0000000000009508        0x0 ./hotp_ta.o
 .rel.data.rel.ro.local
                0x0000000000009508       0x70 ./hotp_ta.o
 .rel.ta_head   0x0000000000009578        0x8 ./hotp_ta.o
 .rel.data.rel  0x0000000000009580        0x8 ./hotp_ta.o
 .rel.data.rel.local
                0x0000000000009588       0x18 ./hotp_ta.o

.rel.got        0x00000000000095a0       0x68
 *(SORT_BY_ALIGNMENT(.rel.got))
 .rel.got       0x00000000000095a0       0x68 ./hotp_ta.o

.rela.got
 *(SORT_BY_ALIGNMENT(.rela.got))

.rel.ctors
 *(SORT_BY_ALIGNMENT(.rel.ctors))

.rela.ctors
 *(SORT_BY_ALIGNMENT(.rela.ctors))

.rel.dtors
 *(SORT_BY_ALIGNMENT(.rel.dtors))

.rela.dtors
 *(SORT_BY_ALIGNMENT(.rela.dtors))

.rel.init
 *(SORT_BY_ALIGNMENT(.rel.init))

.rela.init
 *(SORT_BY_ALIGNMENT(.rela.init))

.rel.fini
 *(SORT_BY_ALIGNMENT(.rel.fini))

.rela.fini
 *(SORT_BY_ALIGNMENT(.rela.fini))

.rel.bss        0x0000000000009608        0x0
 *(SORT_BY_ALIGNMENT(.rel.bss))
 .rel.bss       0x0000000000009608        0x0 ./hotp_ta.o

.rela.bss
 *(SORT_BY_ALIGNMENT(.rela.bss))

.rel.plt        0x0000000000009608        0x0
 *(SORT_BY_ALIGNMENT(.rel.plt))
 .rel.plt       0x0000000000009608        0x0 ./hotp_ta.o

.rela.plt
 *(SORT_BY_ALIGNMENT(.rela.plt))

.dynamic        0x0000000000009608       0x88
 *(SORT_BY_ALIGNMENT(.dynamic))
 .dynamic       0x0000000000009608       0x88 ./hotp_ta.o
                0x0000000000009608                _DYNAMIC

.dynsym         0x0000000000009690       0x30
 *(SORT_BY_ALIGNMENT(.dynsym))
 .dynsym        0x0000000000009690       0x30 ./hotp_ta.o

.dynstr         0x00000000000096c0        0x1
 *(SORT_BY_ALIGNMENT(.dynstr))
 .dynstr        0x00000000000096c0        0x1 ./hotp_ta.o

.hash           0x00000000000096c4       0x18
 *(SORT_BY_ALIGNMENT(.hash))
 .hash          0x00000000000096c4       0x18 ./hotp_ta.o
                0x000000000000a000                . = ALIGN (0x1000)

.data           0x000000000000a000       0x84
 *(SORT_BY_ALIGNMENT(.data) SORT_BY_ALIGNMENT(.data.*) SORT_BY_ALIGNMENT(.gnu.linkonce.d.*))
 .data          0x000000000000a000        0x4 ./user_ta_header.o
                0x000000000000a000                trace_level
 .data.rel.ro.local
                0x000000000000a004       0x54 ./user_ta_header.o
                0x000000000000a004                ta_props
 .data          0x000000000000a058        0x4 /workspace/optee_os/out/arm/export-ta_arm32/lib/libutils.a(stack_check.o)
                0x000000000000a058                __stack_chk_guard
 .data.rel      0x000000000000a05c        0x4 /workspace/optee_os/out/arm/export-ta_arm32/lib/libutee.a(user_ta_entry.o)
                0x000000000000a05c                _ref__utee_mcount
 .data.rel.local
                0x000000000000a060        0x8 /workspace/optee_os/out/arm/export-ta_arm32/lib/libutee.a(user_ta_entry.o)
 .data.rel.local
                0x000000000000a068       0x1c /workspace/optee_os/out/arm/export-ta_arm32/lib/libutils.a(bget_malloc.o)
 .data          0x000000000000a084        0x0 ./hotp_ta.o
 .data.rel.ro   0x000000000000a084        0x0 ./hotp_ta.o
 .data          0x000000000000a084        0x0 /workspace/optee_os/out/arm/export-ta_arm32/lib/libutils.a(memcpy.o)
 .data          0x000000000000a084        0x0 /workspace/optee_os/out/arm/export-ta_arm32/lib/libutils.a(memset.o)
 .data          0x000000000000a084        0x0 /workspace/optee_os/out/arm/export-ta_arm32/lib/libutils.a(trace.o)
 .data          0x000000000000a084        0x0 /workspace/optee_os/out/arm/export-ta_arm32/lib/libutils.a(aeabi_unwind.o)
 .data          0x000000000000a084        0x0 /workspace/optee_os/out/arm/export-ta_arm32/lib/libutils.a(snprintk.o)
 .data          0x000000000000a084        0x0 /workspace/optee_os/out/arm/export-ta_arm32/lib/libutils.a(memchr.o)
 .data          0x000000000000a084        0x0 /workspace/optee_os/out/arm/export-ta_arm32/lib/libutils.a(strlen.o)
 .data          0x000000000000a084        0x0 /workspace/optee_os/out/arm/export-ta_arm32/lib/libutils.a(arm32_aeabi_ldivmod_a32.o)
 .data          0x000000000000a084        0x0 /workspace/optee_os/out/arm/export-ta_arm32/lib/libutils.a(arm32_aeabi_ldivmod.o)
 .data          0x000000000000a084        0x0 /workspace/optee_os/out/arm/export-ta_arm32/lib/libutee.a(trace_ext.o)
 .data          0x000000000000a084        0x0 /workspace/optee_os/out/arm/export-ta_arm32/lib/libutee.a(tee_api.o)
 .data          0x000000000000a084        0x0 /workspace/optee_os/out/arm/export-ta_arm32/lib/libutee.a(tee_api_objects.o)
 .data          0x000000000000a084        0x0 /workspace/optee_os/out/arm/export-ta_arm32/lib/libutee.a(tee_api_operations.o)
 .data          0x000000000000a084        0x0 /workspace/optee_os/out/arm/export-ta_arm32/lib/libutee.a(tee_api_panic.o)
 .data          0x000000000000a084        0x0 /workspace/optee_os/out/arm/export-ta_arm32/lib/libutee.a(user_ta_entry.o)
 .data          0x000000000000a084        0x0 /workspace/optee_os/out/arm/export-ta_arm32/lib/libutee.a(utee_syscalls_a32.o)
 .data          0x000000000000a084        0x0 /workspace/optee_os/out/arm/export-ta_arm32/lib/libutee.a(gprof_a32.o)
 .data          0x000000000000a084        0x0 /workspace/optee_os/out/arm/export-ta_arm32/lib/libutee.a(tee_api_arith_mpi.o)
 .data          0x000000000000a084        0x0 /workspace/optee_os/out/arm/export-ta_arm32/lib/libmbedtls.a(bignum.o)
 .data          0x000000000000a084        0x0 /workspace/optee_os/out/arm/export-ta_arm32/lib/libutils.a(bget_malloc.o)
 .data          0x000000000000a084        0x0 /workspace/optee_os/out/arm/export-ta_arm32/lib/libutils.a(snprintf.o)
 .data          0x000000000000a084        0x0 /workspace/optee_os/out/arm/export-ta_arm32/lib/libutils.a(memcmp.o)
 .data          0x000000000000a084        0x0 /workspace/optee_os/out/arm/export-ta_arm32/lib/libutils.a(memmove.o)
 .data          0x000000000000a084        0x0 /workspace/optee_os/out/arm/export-ta_arm32/lib/libutils.a(buf_compare_ct.o)
 .data          0x000000000000a084        0x0 /workspace/optee_os/out/arm/export-ta_arm32/lib/libutils.a(mempool.o)
 .data          0x000000000000a084        0x0 /workspace/optee_os/out/arm/export-ta_arm32/lib/libutee.a(assert.o)

.igot.plt       0x000000000000a084        0x0
 .igot.plt      0x000000000000a084        0x0 ./hotp_ta.o

.bss            0x000000000000a084     0xa074
 *(SORT_BY_ALIGNMENT(.bss) SORT_BY_ALIGNMENT(.bss.*) SORT_BY_ALIGNMENT(.gnu.linkonce.b.*) SORT_BY_ALIGNMENT(COMMON))
 .bss           0x000000000000a084        0x4 /workspace/optee_os/out/arm/export-ta_arm32/lib/libutee.a(tee_api.o)
 .bss           0x000000000000a088       0x28 /workspace/optee_os/out/arm/export-ta_arm32/lib/libutee.a(user_ta_entry.o)
                0x000000000000a08c                ta_param_types
                0x000000000000a090                ta_params
 .bss           0x000000000000a0b0     0x2000 /workspace/optee_os/out/arm/export-ta_arm32/lib/libutee.a(tee_api_arith_mpi.o)
 .bss           0x000000000000c0b0        0x4 /workspace/optee_os/out/arm/export-ta_arm32/lib/libmbedtls.a(bignum.o)
                0x000000000000c0b0                mbedtls_mpi_mempool
 .bss           0x000000000000c0b4       0x40 /workspace/optee_os/out/arm/export-ta_arm32/lib/libutils.a(bget_malloc.o)
 .bss           0x000000000000c0f4        0x0 ./hotp_ta.o
 .bss           0x000000000000c0f4     0x8000 ./user_ta_header.o
                0x000000000000c0f4                ta_heap
 .bss           0x00000000000140f4        0x0 /workspace/optee_os/out/arm/export-ta_arm32/lib/libutils.a(stack_check.o)
 .bss           0x00000000000140f4        0x0 /workspace/optee_os/out/arm/export-ta_arm32/lib/libutils.a(memcpy.o)
 .bss           0x00000000000140f4        0x0 /workspace/optee_os/out/arm/export-ta_arm32/lib/libutils.a(memset.o)
 .bss           0x00000000000140f4        0x0 /workspace/optee_os/out/arm/export-ta_arm32/lib/libutils.a(trace.o)
 .bss           0x00000000000140f4        0x0 /workspace/optee_os/out/arm/export-ta_arm32/lib/libutils.a(aeabi_unwind.o)
 .bss           0x00000000000140f4        0x0 /workspace/optee_os/out/arm/export-ta_arm32/lib/libutils.a(snprintk.o)
 .bss           0x00000000000140f4        0x0 /workspace/optee_os/out/arm/export-ta_arm32/lib/libutils.a(memchr.o)
 .bss           0x00000000000140f4        0x0 /workspace/optee_os/out/arm/export-ta_arm32/lib/libutils.a(strlen.o)
 .bss           0x00000000000140f4        0x0 /workspace/optee_os/out/arm/export-ta_arm32/lib/libutils.a(arm32_aeabi_ldivmod_a32.o)
 .bss           0x00000000000140f4        0x0 /workspace/optee_os/out/arm/export-ta_arm32/lib/libutils.a(arm32_aeabi_ldivmod.o)
 .bss           0x00000000000140f4        0x0 /workspace/optee_os/out/arm/export-ta_arm32/lib/libutee.a(trace_ext.o)
 .bss           0x00000000000140f4        0x0 /workspace/optee_os/out/arm/export-ta_arm32/lib/libutee.a(tee_api_objects.o)
 .bss           0x00000000000140f4        0x0 /workspace/optee_os/out/arm/export-ta_arm32/lib/libutee.a(tee_api_operations.o)
 .bss           0x00000000000140f4        0x0 /workspace/optee_os/out/arm/export-ta_arm32/lib/libutee.a(tee_api_panic.o)
 .bss           0x00000000000140f4        0x0 /workspace/optee_os/out/arm/export-ta_arm32/lib/libutee.a(utee_syscalls_a32.o)
 .bss           0x00000000000140f4        0x0 /workspace/optee_os/out/arm/export-ta_arm32/lib/libutee.a(gprof_a32.o)
 .bss           0x00000000000140f4        0x0 /workspace/optee_os/out/arm/export-ta_arm32/lib/libutils.a(snprintf.o)
 .bss           0x00000000000140f4        0x0 /workspace/optee_os/out/arm/export-ta_arm32/lib/libutils.a(memcmp.o)
 .bss           0x00000000000140f4        0x0 /workspace/optee_os/out/arm/export-ta_arm32/lib/libutils.a(memmove.o)
 .bss           0x00000000000140f4        0x0 /workspace/optee_os/out/arm/export-ta_arm32/lib/libutils.a(buf_compare_ct.o)
 .bss           0x00000000000140f4        0x0 /workspace/optee_os/out/arm/export-ta_arm32/lib/libutils.a(mempool.o)
 .bss           0x00000000000140f4        0x0 /workspace/optee_os/out/arm/export-ta_arm32/lib/libutee.a(assert.o)
                0x00000000000140f8                . = ALIGN (0x8)
 *fill*         0x00000000000140f4        0x4 
                0x00000000000140f8                __gprof_buf_start = .
                0x00000000000140f8                . = (. + DEFINED (__gnu_mcount_nc)?(((__text_end - __text_start) * 0x88) / 0x64):0x0)
                0x00000000000140f8                __gprof_buf_end = .

.dynbss         0x00000000000140f8        0x0
 .dynbss        0x00000000000140f8        0x0 ./hotp_ta.o

/DISCARD/
 *(SORT_BY_ALIGNMENT(.interp))
LOAD ./hotp_ta.o
LOAD ./user_ta_header.o
START GROUP
LOAD /workspace/optee_os/out/arm/export-ta_arm32/lib/libutils.a
LOAD /workspace/optee_os/out/arm/export-ta_arm32/lib/libutee.a
LOAD /workspace/optee_os/out/arm/export-ta_arm32/lib/libmbedtls.a
END GROUP
OUTPUT(484d4143-2d53-4841-3120-4a6f636b6542.elf elf32-littlearm)
LOAD linker stubs

.debug_info     0x0000000000000000    0x11a7c
 .debug_info    0x0000000000000000      0xb0c ./hotp_ta.o
 .debug_info    0x0000000000000b0c      0x360 ./user_ta_header.o
 .debug_info    0x0000000000000e6c       0x4e /workspace/optee_os/out/arm/export-ta_arm32/lib/libutils.a(stack_check.o)
 .debug_info    0x0000000000000eba       0xc9 /workspace/optee_os/out/arm/export-ta_arm32/lib/libutils.a(memcpy.o)
 .debug_info    0x0000000000000f83       0x9c /workspace/optee_os/out/arm/export-ta_arm32/lib/libutils.a(memset.o)
 .debug_info    0x000000000000101f      0x694 /workspace/optee_os/out/arm/export-ta_arm32/lib/libutils.a(trace.o)
 .debug_info    0x00000000000016b3       0x4f /workspace/optee_os/out/arm/export-ta_arm32/lib/libutils.a(aeabi_unwind.o)
 .debug_info    0x0000000000001702      0x694 /workspace/optee_os/out/arm/export-ta_arm32/lib/libutils.a(snprintk.o)
 .debug_info    0x0000000000001d96       0xbd /workspace/optee_os/out/arm/export-ta_arm32/lib/libutils.a(memchr.o)
 .debug_info    0x0000000000001e53       0x8d /workspace/optee_os/out/arm/export-ta_arm32/lib/libutils.a(strlen.o)
 .debug_info    0x0000000000001ee0       0x79 /workspace/optee_os/out/arm/export-ta_arm32/lib/libutils.a(arm32_aeabi_ldivmod_a32.o)
 .debug_info    0x0000000000001f59      0x2cf /workspace/optee_os/out/arm/export-ta_arm32/lib/libutils.a(arm32_aeabi_ldivmod.o)
 .debug_info    0x0000000000002228      0x2c1 /workspace/optee_os/out/arm/export-ta_arm32/lib/libutee.a(trace_ext.o)
 .debug_info    0x00000000000024e9      0xea8 /workspace/optee_os/out/arm/export-ta_arm32/lib/libutee.a(tee_api.o)
 .debug_info    0x0000000000003391     0x171b /workspace/optee_os/out/arm/export-ta_arm32/lib/libutee.a(tee_api_objects.o)
 .debug_info    0x0000000000004aac     0x257d /workspace/optee_os/out/arm/export-ta_arm32/lib/libutee.a(tee_api_operations.o)
 .debug_info    0x0000000000007029      0x107 /workspace/optee_os/out/arm/export-ta_arm32/lib/libutee.a(tee_api_panic.o)
 .debug_info    0x0000000000007130      0xab3 /workspace/optee_os/out/arm/export-ta_arm32/lib/libutee.a(user_ta_entry.o)
 .debug_info    0x0000000000007be3       0x6d /workspace/optee_os/out/arm/export-ta_arm32/lib/libutee.a(utee_syscalls_a32.o)
 .debug_info    0x0000000000007c50       0x6f /workspace/optee_os/out/arm/export-ta_arm32/lib/libutee.a(gprof_a32.o)
 .debug_info    0x0000000000007cbf     0x3558 /workspace/optee_os/out/arm/export-ta_arm32/lib/libutee.a(tee_api_arith_mpi.o)
 .debug_info    0x000000000000b217     0x445c /workspace/optee_os/out/arm/export-ta_arm32/lib/libmbedtls.a(bignum.o)
 .debug_info    0x000000000000f673     0x1a73 /workspace/optee_os/out/arm/export-ta_arm32/lib/libutils.a(bget_malloc.o)
 .debug_info    0x00000000000110e6      0x19b /workspace/optee_os/out/arm/export-ta_arm32/lib/libutils.a(snprintf.o)
 .debug_info    0x0000000000011281       0xb6 /workspace/optee_os/out/arm/export-ta_arm32/lib/libutils.a(memcmp.o)
 .debug_info    0x0000000000011337       0xc7 /workspace/optee_os/out/arm/export-ta_arm32/lib/libutils.a(memmove.o)
 .debug_info    0x00000000000113fe       0xc5 /workspace/optee_os/out/arm/export-ta_arm32/lib/libutils.a(buf_compare_ct.o)
 .debug_info    0x00000000000114c3      0x430 /workspace/optee_os/out/arm/export-ta_arm32/lib/libutils.a(mempool.o)
 .debug_info    0x00000000000118f3      0x189 /workspace/optee_os/out/arm/export-ta_arm32/lib/libutee.a(assert.o)

.debug_abbrev   0x0000000000000000     0x2e54
 .debug_abbrev  0x0000000000000000      0x302 ./hotp_ta.o
 .debug_abbrev  0x0000000000000302      0x181 ./user_ta_header.o
 .debug_abbrev  0x0000000000000483       0x4a /workspace/optee_os/out/arm/export-ta_arm32/lib/libutils.a(stack_check.o)
 .debug_abbrev  0x00000000000004cd       0xa7 /workspace/optee_os/out/arm/export-ta_arm32/lib/libutils.a(memcpy.o)
 .debug_abbrev  0x0000000000000574       0x93 /workspace/optee_os/out/arm/export-ta_arm32/lib/libutils.a(memset.o)
 .debug_abbrev  0x0000000000000607      0x27e /workspace/optee_os/out/arm/export-ta_arm32/lib/libutils.a(trace.o)
 .debug_abbrev  0x0000000000000885       0x47 /workspace/optee_os/out/arm/export-ta_arm32/lib/libutils.a(aeabi_unwind.o)
 .debug_abbrev  0x00000000000008cc      0x26f /workspace/optee_os/out/arm/export-ta_arm32/lib/libutils.a(snprintk.o)
 .debug_abbrev  0x0000000000000b3b       0xae /workspace/optee_os/out/arm/export-ta_arm32/lib/libutils.a(memchr.o)
 .debug_abbrev  0x0000000000000be9       0x84 /workspace/optee_os/out/arm/export-ta_arm32/lib/libutils.a(strlen.o)
 .debug_abbrev  0x0000000000000c6d       0x12 /workspace/optee_os/out/arm/export-ta_arm32/lib/libutils.a(arm32_aeabi_ldivmod_a32.o)
 .debug_abbrev  0x0000000000000c7f      0x12f /workspace/optee_os/out/arm/export-ta_arm32/lib/libutils.a(arm32_aeabi_ldivmod.o)
 .debug_abbrev  0x0000000000000dae      0x183 /workspace/optee_os/out/arm/export-ta_arm32/lib/libutee.a(trace_ext.o)
 .debug_abbrev  0x0000000000000f31      0x2b4 /workspace/optee_os/out/arm/export-ta_arm32/lib/libutee.a(tee_api.o)
 .debug_abbrev  0x00000000000011e5      0x326 /workspace/optee_os/out/arm/export-ta_arm32/lib/libutee.a(tee_api_objects.o)
 .debug_abbrev  0x000000000000150b      0x36f /workspace/optee_os/out/arm/export-ta_arm32/lib/libutee.a(tee_api_operations.o)
 .debug_abbrev  0x000000000000187a       0xb4 /workspace/optee_os/out/arm/export-ta_arm32/lib/libutee.a(tee_api_panic.o)
 .debug_abbrev  0x000000000000192e      0x2da /workspace/optee_os/out/arm/export-ta_arm32/lib/libutee.a(user_ta_entry.o)
 .debug_abbrev  0x0000000000001c08       0x12 /workspace/optee_os/out/arm/export-ta_arm32/lib/libutee.a(utee_syscalls_a32.o)
 .debug_abbrev  0x0000000000001c1a       0x14 /workspace/optee_os/out/arm/export-ta_arm32/lib/libutee.a(gprof_a32.o)
 .debug_abbrev  0x0000000000001c2e      0x47a /workspace/optee_os/out/arm/export-ta_arm32/lib/libutee.a(tee_api_arith_mpi.o)
 .debug_abbrev  0x00000000000020a8      0x47a /workspace/optee_os/out/arm/export-ta_arm32/lib/libmbedtls.a(bignum.o)
 .debug_abbrev  0x0000000000002522      0x40a /workspace/optee_os/out/arm/export-ta_arm32/lib/libutils.a(bget_malloc.o)
 .debug_abbrev  0x000000000000292c      0x101 /workspace/optee_os/out/arm/export-ta_arm32/lib/libutils.a(snprintf.o)
 .debug_abbrev  0x0000000000002a2d       0x82 /workspace/optee_os/out/arm/export-ta_arm32/lib/libutils.a(memcmp.o)
 .debug_abbrev  0x0000000000002aaf       0x9f /workspace/optee_os/out/arm/export-ta_arm32/lib/libutils.a(memmove.o)
 .debug_abbrev  0x0000000000002b4e       0x82 /workspace/optee_os/out/arm/export-ta_arm32/lib/libutils.a(buf_compare_ct.o)
 .debug_abbrev  0x0000000000002bd0      0x1ba /workspace/optee_os/out/arm/export-ta_arm32/lib/libutils.a(mempool.o)
 .debug_abbrev  0x0000000000002d8a       0xca /workspace/optee_os/out/arm/export-ta_arm32/lib/libutee.a(assert.o)

.debug_loclists
                0x0000000000000000      0x58c
 .debug_loclists
                0x0000000000000000      0x58c ./hotp_ta.o

.debug_aranges  0x0000000000000000      0x570
 .debug_aranges
                0x0000000000000000       0x20 ./hotp_ta.o
 .debug_aranges
                0x0000000000000020       0x20 ./user_ta_header.o
 .debug_aranges
                0x0000000000000040       0x20 /workspace/optee_os/out/arm/export-ta_arm32/lib/libutils.a(stack_check.o)
 .debug_aranges
                0x0000000000000060       0x20 /workspace/optee_os/out/arm/export-ta_arm32/lib/libutils.a(memcpy.o)
 .debug_aranges
                0x0000000000000080       0x20 /workspace/optee_os/out/arm/export-ta_arm32/lib/libutils.a(memset.o)
 .debug_aranges
                0x00000000000000a0       0x20 /workspace/optee_os/out/arm/export-ta_arm32/lib/libutils.a(trace.o)
 .debug_aranges
                0x00000000000000c0       0x20 /workspace/optee_os/out/arm/export-ta_arm32/lib/libutils.a(aeabi_unwind.o)
 .debug_aranges
                0x00000000000000e0       0x20 /workspace/optee_os/out/arm/export-ta_arm32/lib/libutils.a(snprintk.o)
 .debug_aranges
                0x0000000000000100       0x20 /workspace/optee_os/out/arm/export-ta_arm32/lib/libutils.a(memchr.o)
 .debug_aranges
                0x0000000000000120       0x20 /workspace/optee_os/out/arm/export-ta_arm32/lib/libutils.a(strlen.o)
 .debug_aranges
                0x0000000000000140       0x28 /workspace/optee_os/out/arm/export-ta_arm32/lib/libutils.a(arm32_aeabi_ldivmod_a32.o)
 .debug_aranges
                0x0000000000000168       0x20 /workspace/optee_os/out/arm/export-ta_arm32/lib/libutils.a(arm32_aeabi_ldivmod.o)
 .debug_aranges
                0x0000000000000188       0x20 /workspace/optee_os/out/arm/export-ta_arm32/lib/libutee.a(trace_ext.o)
 .debug_aranges
                0x00000000000001a8       0x20 /workspace/optee_os/out/arm/export-ta_arm32/lib/libutee.a(tee_api.o)
 .debug_aranges
                0x00000000000001c8       0x20 /workspace/optee_os/out/arm/export-ta_arm32/lib/libutee.a(tee_api_objects.o)
 .debug_aranges
                0x00000000000001e8       0x20 /workspace/optee_os/out/arm/export-ta_arm32/lib/libutee.a(tee_api_operations.o)
 .debug_aranges
                0x0000000000000208       0x20 /workspace/optee_os/out/arm/export-ta_arm32/lib/libutee.a(tee_api_panic.o)
 .debug_aranges
                0x0000000000000228       0x20 /workspace/optee_os/out/arm/export-ta_arm32/lib/libutee.a(user_ta_entry.o)
 .debug_aranges
                0x0000000000000248      0x1e0 /workspace/optee_os/out/arm/export-ta_arm32/lib/libutee.a(utee_syscalls_a32.o)
 .debug_aranges
                0x0000000000000428       0x20 /workspace/optee_os/out/arm/export-ta_arm32/lib/libutee.a(gprof_a32.o)
 .debug_aranges
                0x0000000000000448       0x28 /workspace/optee_os/out/arm/export-ta_arm32/lib/libutee.a(tee_api_arith_mpi.o)
 .debug_aranges
                0x0000000000000470       0x20 /workspace/optee_os/out/arm/export-ta_arm32/lib/libmbedtls.a(bignum.o)
 .debug_aranges
                0x0000000000000490       0x20 /workspace/optee_os/out/arm/export-ta_arm32/lib/libutils.a(bget_malloc.o)
 .debug_aranges