Archive member included to satisfy reference by file (symbol)

/workspace/optee_os/out/arm/export-ta_arm32/lib/libutils.a(snprintf.o)
                              ./entry.o (snprintf)
/workspace/optee_os/out/arm/export-ta_arm32/lib/libutils.a(stack_check.o)
                              ./entry.o (__stack_chk_fail)
/workspace/optee_os/out/arm/export-ta_arm32/lib/libutils.a(memcpy.o)
                              ./entry.o (memcpy)
/workspace/optee_os/out/arm/export-ta_arm32/lib/libutils.a(memset.o)
                              ./entry.o (memset)
/workspace/optee_os/out/arm/export-ta_arm32/lib/libutils.a(strcmp.o)
                              ./entry.o (strcmp)
/workspace/optee_os/out/arm/export-ta_arm32/lib/libutils.a(strlen.o)
                              ./entry.o (strlen)
/workspace/optee_os/out/arm/export-ta_arm32/lib/libutils.a(snprintk.o)
                              /workspace/optee_os/out/arm/export-ta_arm32/lib/libutils.a(snprintf.o) (__vsnprintf)
/workspace/optee_os/out/arm/export-ta_arm32/lib/libutils.a(trace.o)
                              ./entry.o (trace_printf)
/workspace/optee_os/out/arm/export-ta_arm32/lib/libutils.a(aeabi_unwind.o)
                              ./entry.o (__aeabi_unwind_cpp_pr0)
/workspace/optee_os/out/arm/export-ta_arm32/lib/libutils.a(memchr.o)
                              /workspace/optee_os/out/arm/export-ta_arm32/lib/libutils.a(snprintk.o) (memchr)
/workspace/optee_os/out/arm/export-ta_arm32/lib/libutils.a(arm32_aeabi_ldivmod_a32.o)
                              /workspace/optee_os/out/arm/export-ta_arm32/lib/libutils.a(snprintk.o) (__aeabi_uldivmod)
/workspace/optee_os/out/arm/export-ta_arm32/lib/libutils.a(arm32_aeabi_ldivmod.o)
                              /workspace/optee_os/out/arm/export-ta_arm32/lib/libutils.a(arm32_aeabi_ldivmod_a32.o) (__ul_divmod)
/workspace/optee_os/out/arm/export-ta_arm32/lib/libutee.a(trace_ext.o)
                              /workspace/optee_os/out/arm/export-ta_arm32/lib/libutils.a(trace.o) (trace_ext_puts)
/workspace/optee_os/out/arm/export-ta_arm32/lib/libutee.a(tee_api.o)
                              ./entry.o (TEE_MemMove)
/workspace/optee_os/out/arm/export-ta_arm32/lib/libutee.a(tee_api_panic.o)
                              /workspace/optee_os/out/arm/export-ta_arm32/lib/libutee.a(tee_api.o) (TEE_Panic)
/workspace/optee_os/out/arm/export-ta_arm32/lib/libutee.a(user_ta_entry.o)
                              ./user_ta_header.o (__utee_entry)
/workspace/optee_os/out/arm/export-ta_arm32/lib/libutee.a(utee_syscalls_a32.o)
                              /workspace/optee_os/out/arm/export-ta_arm32/lib/libutee.a(tee_api_panic.o) (utee_panic)
/workspace/optee_os/out/arm/export-ta_arm32/lib/libutee.a(gprof_a32.o)
                              /workspace/optee_os/out/arm/export-ta_arm32/lib/libutee.a(user_ta_entry.o) (__utee_mcount)
/workspace/optee_os/out/arm/export-ta_arm32/lib/libutee.a(tee_api_arith_mpi.o)
                              /workspace/optee_os/out/arm/export-ta_arm32/lib/libutee.a(user_ta_entry.o) (_TEE_MathAPI_Init)
/workspace/optee_os/out/arm/export-ta_arm32/lib/libmbedtls.a(bignum.o)
                              /workspace/optee_os/out/arm/export-ta_arm32/lib/libutee.a(tee_api_arith_mpi.o) (mbedtls_mpi_init_mempool)
/workspace/optee_os/out/arm/export-ta_arm32/lib/libutils.a(bget_malloc.o)
                              /workspace/optee_os/out/arm/export-ta_arm32/lib/libutee.a(tee_api.o) (malloc)
/workspace/optee_os/out/arm/export-ta_arm32/lib/libutils.a(memcmp.o)
                              /workspace/optee_os/out/arm/export-ta_arm32/lib/libutee.a(tee_api.o) (memcmp)
/workspace/optee_os/out/arm/export-ta_arm32/lib/libutils.a(memmove.o)
                              /workspace/optee_os/out/arm/export-ta_arm32/lib/libutee.a(tee_api.o) (memmove)
/workspace/optee_os/out/arm/export-ta_arm32/lib/libutils.a(mempool.o)
                              /workspace/optee_os/out/arm/export-ta_arm32/lib/libutee.a(tee_api_arith_mpi.o) (mempool_alloc_pool)
/workspace/optee_os/out/arm/export-ta_arm32/lib/libutee.a(assert.o)
                              /workspace/optee_os/out/arm/export-ta_arm32/lib/libutils.a(bget_malloc.o) (_assert_log)

Discarded input sections

 .group         0x0000000000000000        0xc ./entry.o
 .group         0x0000000000000000        0xc ./entry.o
 .group         0x0000000000000000        0xc ./entry.o
 .group         0x0000000000000000        0xc ./entry.o
 .group         0x0000000000000000        0xc ./entry.o
 .group         0x0000000000000000        0xc ./entry.o
 .group         0x0000000000000000        0xc ./entry.o
 .group         0x0000000000000000        0xc ./entry.o
 .group         0x0000000000000000        0xc ./entry.o
 .group         0x0000000000000000        0xc ./entry.o
 .group         0x0000000000000000        0xc ./entry.o
 .group         0x0000000000000000        0xc ./entry.o
 .group         0x0000000000000000        0xc ./entry.o
[...]
Memory Configuration

Name             Origin             Length             Attributes
*default*        0x0000000000000000 0xffffffffffffffff

Linker script and memory map


.ta_head        0x0000000000000000       0x20
 *(SORT_BY_ALIGNMENT(.ta_head))
 .ta_head       0x0000000000000000       0x20 ./user_ta_header.o
                0x0000000000000000                ta_head

.text           0x0000000000000020     0x6910
                0x0000000000000020                __text_start = .
 *(SORT_BY_ALIGNMENT(.text) SORT_BY_ALIGNMENT(.text.*))
 .text          0x0000000000000020      0xc90 ./entry.o
                0x0000000000000020                TA_CreateEntryPoint
                0x0000000000000048                TA_DestroyEntryPoint
                0x0000000000000070                TA_OpenSessionEntryPoint
                0x00000000000000bc                TA_CloseSessionEntryPoint
                0x00000000000000e4                enc
                0x0000000000000104                dec
                0x0000000000000108                produce_2
                0x000000000000020c                produce
                0x0000000000000314                produce_3
                0x00000000000004f8                produce_i2
                0x0000000000000548                produce_i0
                0x00000000000005e0                produce_i3
                0x00000000000005fa                produce_s2
                0x0000000000000670                produce_s
                0x0000000000000744                produce_s3
                0x0000000000000bbc                TA_InvokeCommandEntryPoint
 .text          0x0000000000000cb0      0x75c /workspace/optee_os/out/arm/export-ta_arm32/lib/libutils.a(snprintk.o)
                0x0000000000000cb0                __vsnprintf
                0x00000000000013e4                vsnprintk
                0x00000000000013f2                snprintk
 .text          0x000000000000140c      0x2bc /workspace/optee_os/out/arm/export-ta_arm32/lib/libutils.a(trace.o)
                0x000000000000145a                trace_set_level
                0x0000000000001478                trace_get_level
                0x000000000000148c                trace_printf
                0x00000000000015c8                dhex_dump
 .text.__aeabi_ldivmod
                0x00000000000016c8       0x18 /workspace/optee_os/out/arm/export-ta_arm32/lib/libutils.a(arm32_aeabi_ldivmod_a32.o)
                0x00000000000016c8                __aeabi_ldivmod
 .text.__aeabi_uldivmod
                0x00000000000016e0       0x18 /workspace/optee_os/out/arm/export-ta_arm32/lib/libutils.a(arm32_aeabi_ldivmod_a32.o)
                0x00000000000016e0                __aeabi_uldivmod
 .text          0x00000000000016f8       0x9c /workspace/optee_os/out/arm/export-ta_arm32/lib/libutee.a(trace_ext.o)
                0x00000000000016f8                trace_ext_puts
                0x000000000000170c                trace_ext_get_thread_id
                0x0000000000001712                printf
                0x000000000000174c                puts
                0x0000000000001770                putchar
 .text          0x0000000000001794      0x2e4 /workspace/optee_os/out/arm/export-ta_arm32/lib/libutee.a(tee_api.o)
                0x0000000000001794                __utee_from_param
                0x00000000000017e4                __utee_to_param
                0x0000000000001822                TEE_OpenTASession
                0x0000000000001866                TEE_CloseTASession
                0x000000000000187a                TEE_InvokeTACommand
                0x00000000000018e0                TEE_GetCancellationFlag
                0x00000000000018fc                TEE_UnmaskCancellation
                0x0000000000001918                TEE_MaskCancellation
                0x0000000000001934                TEE_CheckMemoryAccessRights
                0x000000000000193e                TEE_SetInstanceData
                0x000000000000194c                TEE_GetInstanceData
                0x0000000000001958                TEE_MemMove
                0x000000000000195c                TEE_MemCompare
                0x0000000000001960                TEE_MemFill
                0x0000000000001964                TEE_GetSystemTime
                0x000000000000197a                TEE_Wait
                0x0000000000001998                TEE_GetTAPersistentTime
                0x00000000000019d4                TEE_SetTAPersistentTime
                0x00000000000019fc                TEE_GetREETime
                0x0000000000001a12                TEE_Malloc
                0x0000000000001a5c                TEE_Realloc
                0x0000000000001a60                TEE_Free
                0x0000000000001a64                TEE_CacheClean
                0x0000000000001a6a                TEE_CacheFlush
                0x0000000000001a70                TEE_CacheInvalidate
 .text          0x0000000000001a78      0x214 /workspace/optee_os/out/arm/export-ta_arm32/lib/libutee.a(user_ta_entry.o)
                0x0000000000001afc                __utee_entry
 .text          0x0000000000001c8c        0x0 /workspace/optee_os/out/arm/export-ta_arm32/lib/libutee.a(utee_syscalls_a32.o)
 .text.utee_panic
                0x0000000000001c8c       0x14 /workspace/optee_os/out/arm/export-ta_arm32/lib/libutee.a(utee_syscalls_a32.o)
                0x0000000000001c8c                utee_panic
 .text.utee_return
                0x0000000000001ca0       0x14 /workspace/optee_os/out/arm/export-ta_arm32/lib/libutee.a(utee_syscalls_a32.o)
                0x0000000000001ca0                utee_return
 .text.utee_log
                0x0000000000001cb4       0x14 /workspace/optee_os/out/arm/export-ta_arm32/lib/libutee.a(utee_syscalls_a32.o)
                0x0000000000001cb4                utee_log
 .text.__utee_panic
                0x0000000000001cc8       0x14 /workspace/optee_os/out/arm/export-ta_arm32/lib/libutee.a(utee_syscalls_a32.o)
                0x0000000000001cc8                __utee_panic
 .text.utee_get_property
                0x0000000000001cdc       0x18 /workspace/optee_os/out/arm/export-ta_arm32/lib/libutee.a(utee_syscalls_a32.o)
                0x0000000000001cdc                utee_get_property
 .text.utee_get_property_name_to_index
                0x0000000000001cf4       0x14 /workspace/optee_os/out/arm/export-ta_arm32/lib/libutee.a(utee_syscalls_a32.o)
                0x0000000000001cf4                utee_get_property_name_to_index
 .text.utee_open_ta_session
                0x0000000000001d08       0x18 /workspace/optee_os/out/arm/export-ta_arm32/lib/libutee.a(utee_syscalls_a32.o)
                0x0000000000001d08                utee_open_ta_session
 .text.utee_close_ta_session
                0x0000000000001d20       0x14 /workspace/optee_os/out/arm/export-ta_arm32/lib/libutee.a(utee_syscalls_a32.o)
                0x0000000000001d20                utee_close_ta_session
 .text.utee_invoke_ta_command
                0x0000000000001d34       0x18 /workspace/optee_os/out/arm/export-ta_arm32/lib/libutee.a(utee_syscalls_a32.o)
                0x0000000000001d34                utee_invoke_ta_command
 .text.utee_get_cancellation_flag
                0x0000000000001d4c       0x14 /workspace/optee_os/out/arm/export-ta_arm32/lib/libutee.a(utee_syscalls_a32.o)
                0x0000000000001d4c                utee_get_cancellation_flag
 .text.utee_check_access_rights
                0x0000000000001d60       0x14 /workspace/optee_os/out/arm/export-ta_arm32/lib/libutee.a(utee_syscalls_a32.o)
                0x0000000000001d60                utee_check_access_rights
 .text.utee_unmask_cancellation
                0x0000000000001d74       0x14 /workspace/optee_os/out/arm/export-ta_arm32/lib/libutee.a(utee_syscalls_a32.o)
                0x0000000000001d74                utee_unmask_cancellation
 .text.utee_mask_cancellation
                0x0000000000001d88       0x14 /workspace/optee_os/out/arm/export-ta_arm32/lib/libutee.a(utee_syscalls_a32.o)
                0x0000000000001d88                utee_mask_cancellation
 .text.utee_wait
                0x0000000000001d9c       0x14 /workspace/optee_os/out/arm/export-ta_arm32/lib/libutee.a(utee_syscalls_a32.o)
                0x0000000000001d9c                utee_wait
 .text.utee_get_time
                0x0000000000001db0       0x14 /workspace/optee_os/out/arm/export-ta_arm32/lib/libutee.a(utee_syscalls_a32.o)
                0x0000000000001db0                utee_get_time
 .text.utee_set_ta_time
                0x0000000000001dc4       0x14 /workspace/optee_os/out/arm/export-ta_arm32/lib/libutee.a(utee_syscalls_a32.o)
                0x0000000000001dc4                utee_set_ta_time
 .text.utee_cryp_state_alloc
                0x0000000000001dd8       0x18 /workspace/optee_os/out/arm/export-ta_arm32/lib/libutee.a(utee_syscalls_a32.o)
                0x0000000000001dd8                utee_cryp_state_alloc
 .text.utee_cryp_state_copy
                0x0000000000001df0       0x14 /workspace/optee_os/out/arm/export-ta_arm32/lib/libutee.a(utee_syscalls_a32.o)
                0x0000000000001df0                utee_cryp_state_copy
 .text.utee_cryp_state_free
                0x0000000000001e04       0x14 /workspace/optee_os/out/arm/export-ta_arm32/lib/libutee.a(utee_syscalls_a32.o)
                0x0000000000001e04                utee_cryp_state_free
 .text.utee_hash_init
                0x0000000000001e18       0x14 /workspace/optee_os/out/arm/export-ta_arm32/lib/libutee.a(utee_syscalls_a32.o)
                0x0000000000001e18                utee_hash_init
 .text.utee_hash_update
                0x0000000000001e2c       0x14 /workspace/optee_os/out/arm/export-ta_arm32/lib/libutee.a(utee_syscalls_a32.o)
                0x0000000000001e2c                utee_hash_update
 .text.utee_hash_final
                0x0000000000001e40       0x18 /workspace/optee_os/out/arm/export-ta_arm32/lib/libutee.a(utee_syscalls_a32.o)
                0x0000000000001e40                utee_hash_final
 .text.utee_cipher_init
                0x0000000000001e58       0x14 /workspace/optee_os/out/arm/export-ta_arm32/lib/libutee.a(utee_syscalls_a32.o)
                0x0000000000001e58                utee_cipher_init
 .text.utee_cipher_update
                0x0000000000001e6c       0x18 /workspace/optee_os/out/arm/export-ta_arm32/lib/libutee.a(utee_syscalls_a32.o)
                0x0000000000001e6c                utee_cipher_update
 .text.utee_cipher_final
                0x0000000000001e84       0x18 /workspace/optee_os/out/arm/export-ta_arm32/lib/libutee.a(utee_syscalls_a32.o)
                0x0000000000001e84                utee_cipher_final
 .text.utee_cryp_obj_get_info
                0x0000000000001e9c       0x14 /workspace/optee_os/out/arm/export-ta_arm32/lib/libutee.a(utee_syscalls_a32.o)
                0x0000000000001e9c                utee_cryp_obj_get_info
 .text.utee_cryp_obj_restrict_usage
                0x0000000000001eb0       0x14 /workspace/optee_os/out/arm/export-ta_arm32/lib/libutee.a(utee_syscalls_a32.o)
                0x0000000000001eb0                utee_cryp_obj_restrict_usage
 .text.utee_cryp_obj_get_attr
                0x0000000000001ec4       0x14 /workspace/optee_os/out/arm/export-ta_arm32/lib/libutee.a(utee_syscalls_a32.o)
                0x0000000000001ec4                utee_cryp_obj_get_attr
 .text.utee_cryp_obj_alloc
                0x0000000000001ed8       0x14 /workspace/optee_os/out/arm/export-ta_arm32/lib/libutee.a(utee_syscalls_a32.o)
                0x0000000000001ed8                utee_cryp_obj_alloc
 .text.utee_cryp_obj_close
                0x0000000000001eec       0x14 /workspace/optee_os/out/arm/export-ta_arm32/lib/libutee.a(utee_syscalls_a32.o)
                0x0000000000001eec                utee_cryp_obj_close
 .text.utee_cryp_obj_reset
                0x0000000000001f00       0x14 /workspace/optee_os/out/arm/export-ta_arm32/lib/libutee.a(utee_syscalls_a32.o)
                0x0000000000001f00                utee_cryp_obj_reset
 .text.utee_cryp_obj_populate
                0x0000000000001f14       0x14 /workspace/optee_os/out/arm/export-ta_arm32/lib/libutee.a(utee_syscalls_a32.o)
                0x0000000000001f14                utee_cryp_obj_populate
 .text.utee_cryp_obj_copy
                0x0000000000001f28       0x14 /workspace/optee_os/out/arm/export-ta_arm32/lib/libutee.a(utee_syscalls_a32.o)
                0x0000000000001f28                utee_cryp_obj_copy
 .text.utee_cryp_derive_key
                0x0000000000001f3c       0x14 /workspace/optee_os/out/arm/export-ta_arm32/lib/libutee.a(utee_syscalls_a32.o)
                0x0000000000001f3c                utee_cryp_derive_key
 .text.utee_cryp_random_number_generate
                0x0000000000001f50       0x14 /workspace/optee_os/out/arm/export-ta_arm32/lib/libutee.a(utee_syscalls_a32.o)
                0x0000000000001f50                utee_cryp_random_number_generate
 .text.utee_authenc_init
                0x0000000000001f64       0x18 /workspace/optee_os/out/arm/export-ta_arm32/lib/libutee.a(utee_syscalls_a32.o)
                0x0000000000001f64                utee_authenc_init
 .text.utee_authenc_update_aad
                0x0000000000001f7c       0x14 /workspace/optee_os/out/arm/export-ta_arm32/lib/libutee.a(utee_syscalls_a32.o)
                0x0000000000001f7c                utee_authenc_update_aad
 .text.utee_authenc_update_payload
                0x0000000000001f90       0x18 /workspace/optee_os/out/arm/export-ta_arm32/lib/libutee.a(utee_syscalls_a32.o)
                0x0000000000001f90                utee_authenc_update_payload
 .text.utee_authenc_enc_final
                0x0000000000001fa8       0x18 /workspace/optee_os/out/arm/export-ta_arm32/lib/libutee.a(utee_syscalls_a32.o)
                0x0000000000001fa8                utee_authenc_enc_final
 .text.utee_authenc_dec_final
                0x0000000000001fc0       0x18 /workspace/optee_os/out/arm/export-ta_arm32/lib/libutee.a(utee_syscalls_a32.o)
                0x0000000000001fc0                utee_authenc_dec_final
 .text.utee_asymm_operate
                0x0000000000001fd8       0x18 /workspace/optee_os/out/arm/export-ta_arm32/lib/libutee.a(utee_syscalls_a32.o)
                0x0000000000001fd8                utee_asymm_operate
 .text.utee_asymm_verify
                0x0000000000001ff0       0x18 /workspace/optee_os/out/arm/export-ta_arm32/lib/libutee.a(utee_syscalls_a32.o)
                0x0000000000001ff0                utee_asymm_verify
 .text.utee_storage_obj_open
                0x0000000000002008       0x18 /workspace/optee_os/out/arm/export-ta_arm32/lib/libutee.a(utee_syscalls_a32.o)
                0x0000000000002008                utee_storage_obj_open
 .text.utee_storage_obj_create
                0x0000000000002020       0x18 /workspace/optee_os/out/arm/export-ta_arm32/lib/libutee.a(utee_syscalls_a32.o)
                0x0000000000002020                utee_storage_obj_create
 .text.utee_storage_obj_del
                0x0000000000002038       0x14 /workspace/optee_os/out/arm/export-ta_arm32/lib/libutee.a(utee_syscalls_a32.o)
                0x0000000000002038                utee_storage_obj_del
 .text.utee_storage_obj_rename
                0x000000000000204c       0x14 /workspace/optee_os/out/arm/export-ta_arm32/lib/libutee.a(utee_syscalls_a32.o)
                0x000000000000204c                utee_storage_obj_rename
 .text.utee_storage_alloc_enum
                0x0000000000002060       0x14 /workspace/optee_os/out/arm/export-ta_arm32/lib/libutee.a(utee_syscalls_a32.o)
                0x0000000000002060                utee_storage_alloc_enum
 .text.utee_storage_free_enum
                0x0000000000002074       0x14 /workspace/optee_os/out/arm/export-ta_arm32/lib/libutee.a(utee_syscalls_a32.o)
                0x0000000000002074                utee_storage_free_enum
 .text.utee_storage_reset_enum
                0x0000000000002088       0x14 /workspace/optee_os/out/arm/export-ta_arm32/lib/libutee.a(utee_syscalls_a32.o)
                0x0000000000002088                utee_storage_reset_enum
 .text.utee_storage_start_enum
                0x000000000000209c       0x14 /workspace/optee_os/out/arm/export-ta_arm32/lib/libutee.a(utee_syscalls_a32.o)
                0x000000000000209c                utee_storage_start_enum
 .text.utee_storage_next_enum
                0x00000000000020b0       0x14 /workspace/optee_os/out/arm/export-ta_arm32/lib/libutee.a(utee_syscalls_a32.o)
                0x00000000000020b0                utee_storage_next_enum
 .text.utee_storage_obj_read
                0x00000000000020c4       0x14 /workspace/optee_os/out/arm/export-ta_arm32/lib/libutee.a(utee_syscalls_a32.o)
                0x00000000000020c4                utee_storage_obj_read
 .text.utee_storage_obj_write
                0x00000000000020d8       0x14 /workspace/optee_os/out/arm/export-ta_arm32/lib/libutee.a(utee_syscalls_a32.o)
                0x00000000000020d8                utee_storage_obj_write
 .text.utee_storage_obj_trunc
                0x00000000000020ec       0x14 /workspace/optee_os/out/arm/export-ta_arm32/lib/libutee.a(utee_syscalls_a32.o)
                0x00000000000020ec                utee_storage_obj_trunc
 .text.utee_storage_obj_seek
                0x0000000000002100       0x14 /workspace/optee_os/out/arm/export-ta_arm32/lib/libutee.a(utee_syscalls_a32.o)
                0x0000000000002100                utee_storage_obj_seek
 .text.utee_cryp_obj_generate_key
                0x0000000000002114       0x14 /workspace/optee_os/out/arm/export-ta_arm32/lib/libutee.a(utee_syscalls_a32.o)
                0x0000000000002114                utee_cryp_obj_generate_key
 .text.utee_cache_operation
                0x0000000000002128       0x14 /workspace/optee_os/out/arm/export-ta_arm32/lib/libutee.a(utee_syscalls_a32.o)
                0x0000000000002128                utee_cache_operation
 .text.__utee_mcount
                0x000000000000213c        0xc /workspace/optee_os/out/arm/export-ta_arm32/lib/libutee.a(gprof_a32.o)
                0x000000000000213c                __utee_mcount
 .text          0x0000000000002148     0x1014 /workspace/optee_os/out/arm/export-ta_arm32/lib/libutee.a(tee_api_arith_mpi.o)
                0x00000000000026f4                _TEE_MathAPI_Init
                0x0000000000002738                TEE_BigIntInit
                0x0000000000002778                TEE_BigIntConvertFromOctetString
                0x00000000000027b8                TEE_BigIntConvertToOctetString
                0x0000000000002810                TEE_BigIntConvertFromS32
                0x0000000000002848                TEE_BigIntConvertToS32
                0x00000000000028a0                TEE_BigIntCmp
                0x00000000000028d4                TEE_BigIntCmpS32
                0x00000000000029e4                TEE_BigIntShiftRight
                0x0000000000002ad8                TEE_BigIntGetBit
                0x0000000000002b02                TEE_BigIntGetBitCount
                0x0000000000002b24                TEE_BigIntAdd
                0x0000000000002b40                TEE_BigIntSub
                0x0000000000002b5c                TEE_BigIntNeg
                0x0000000000002bb4                TEE_BigIntMul
                0x0000000000002c58                TEE_BigIntSquare
                0x0000000000002c5e                TEE_BigIntDiv
                0x0000000000002d0c                TEE_BigIntMod
                0x0000000000002d5c                TEE_BigIntAddMod
                0x0000000000002d78                TEE_BigIntSubMod
                0x0000000000002d94                TEE_BigIntMulMod
                0x0000000000002db0                TEE_BigIntSquareMod
                0x0000000000002db8                TEE_BigIntInvMod
                0x0000000000002e5c                TEE_BigIntRelativePrime
                0x0000000000002ed8                TEE_BigIntComputeExtendedGcd
                0x000000000000302c                TEE_BigIntIsProbablePrime
                0x000000000000305c                TEE_BigIntInitFMM
                0x0000000000003060                TEE_BigIntInitFMMContext
                0x0000000000003062                TEE_BigIntFMMSizeInU32
                0x000000000000306a                TEE_BigIntFMMContextSizeInU32
                0x000000000000306e                TEE_BigIntConvertToFMM
                0x0000000000003072                TEE_BigIntConvertFromFMM
                0x00000000000030bc                TEE_BigIntComputeFMM
 .text.unlikely
                0x000000000000315c       0x20 /workspace/optee_os/out/arm/export-ta_arm32/lib/libutee.a(tee_api_arith_mpi.o)
 .text          0x000000000000317c     0x2800 /workspace/optee_os/out/arm/export-ta_arm32/lib/libmbedtls.a(bignum.o)
                0x00000000000036ec                mbedtls_mpi_init
                0x00000000000036fe                mbedtls_mpi_init_mempool
                0x0000000000003724                mbedtls_mpi_init_static
                0x0000000000003736                mbedtls_mpi_free
                0x0000000000003784                mbedtls_mpi_grow
                0x000000000000382c                mbedtls_mpi_shrink
                0x00000000000038f8                mbedtls_mpi_copy
                0x000000000000394e                mbedtls_mpi_swap
                0x000000000000397c                mbedtls_mpi_safe_cond_assign
                0x00000000000039e8                mbedtls_mpi_safe_cond_swap
                0x0000000000003a6e                mbedtls_mpi_lset
                0x0000000000003aa6                mbedtls_mpi_get_bit
                0x0000000000003ac6                mbedtls_mpi_set_bit
                0x0000000000003b16                mbedtls_mpi_lsb
                0x0000000000003b44                mbedtls_mpi_bitlen
                0x0000000000003b86                mbedtls_mpi_size
                0x0000000000003b92                mbedtls_mpi_read_binary
                0x0000000000003bf8                mbedtls_mpi_write_binary
                0x0000000000003c3e                mbedtls_mpi_shift_l
                0x0000000000003cd6                mbedtls_mpi_shift_r
                0x0000000000003d4e                mbedtls_mpi_cmp_abs
                0x0000000000003dbc                mbedtls_mpi_cmp_mpi
                0x0000000000003e52                mbedtls_mpi_cmp_int
                0x0000000000003e82                mbedtls_mpi_add_abs
                0x0000000000003f3e                mbedtls_mpi_sub_abs
                0x0000000000003fbe                mbedtls_mpi_add_mpi
                0x0000000000004006                mbedtls_mpi_sub_mpi
                0x0000000000004052                mbedtls_mpi_add_int
                0x0000000000004082                mbedtls_mpi_sub_int
                0x00000000000040b2                mbedtls_mpi_mul_mpi
                0x000000000000418e                mbedtls_mpi_mul_int
                0x00000000000041ac                mbedtls_mpi_read_string
                0x00000000000042d8                mbedtls_mpi_div_mpi
                0x000000000000467a                mbedtls_mpi_div_int
                0x00000000000046a8                mbedtls_mpi_mod_mpi
                0x000000000000470c                mbedtls_mpi_mod_int
                0x00000000000047b2                mbedtls_mpi_write_string
                0x000000000000493c                mbedtls_mpi_montg_init
                0x0000000000004964                mbedtls_mpi_montmul
                0x0000000000004a28                mbedtls_mpi_montred
                0x0000000000004a4c                mbedtls_mpi_exp_mod
                0x0000000000004e92                mbedtls_mpi_gcd
                0x0000000000004fa6                mbedtls_mpi_fill_random
                0x00000000000051ee                mbedtls_mpi_inv_mod
                0x00000000000054be                mbedtls_mpi_is_prime
                0x000000000000551a                mbedtls_mpi_gen_prime
                0x0000000000005650                mbedtls_mpi_self_test
 .text          0x000000000000597c      0xbdc /workspace/optee_os/out/arm/export-ta_arm32/lib/libutils.a(bget_malloc.o)
                0x0000000000005a84                bget
                0x0000000000005bf0                bgetz
                0x0000000000005c4c                brel
                0x0000000000005e44                bgetr
                0x0000000000005ec0                bpool
                0x0000000000005f5c                bstats
                0x0000000000005fc0                malloc_reset_stats
                0x0000000000005fd4                malloc_get_stats
                0x0000000000005ff4                malloc
                0x0000000000005ff6                free
                0x0000000000006008                calloc
                0x0000000000006050                realloc
                0x0000000000006088                memalign
                0x0000000000006338                malloc_add_pool
                0x0000000000006430                malloc_buffer_is_within_alloced
                0x000000000000650c                malloc_buffer_overlaps_heap
 .text          0x0000000000006558      0x104 /workspace/optee_os/out/arm/export-ta_arm32/lib/libutils.a(mempool.o)
                0x0000000000006558                mempool_alloc_pool
                0x000000000000659c                mempool_alloc
                0x0000000000006608                mempool_calloc
                0x000000000000662c                mempool_free
 .text          0x000000000000665c       0x38 /workspace/optee_os/out/arm/export-ta_arm32/lib/libutee.a(assert.o)
                0x000000000000665c                _assert_log
                0x0000000000006684                _assert_break
 .text          0x0000000000006694        0x4 ./user_ta_header.o
                0x0000000000006694                tahead_get_trace_level
 .text          0x0000000000006698       0x2c /workspace/optee_os/out/arm/export-ta_arm32/lib/libutils.a(snprintf.o)
                0x0000000000006698                snprintf
                0x00000000000066b6                vsnprintf
 .text          0x00000000000066c4        0x2 /workspace/optee_os/out/arm/export-ta_arm32/lib/libutils.a(stack_check.o)
                0x00000000000066c4                __stack_chk_fail
 .text          0x00000000000066c6       0x16 /workspace/optee_os/out/arm/export-ta_arm32/lib/libutils.a(memcpy.o)
                0x00000000000066c6                memcpy
 .text          0x00000000000066dc       0x10 /workspace/optee_os/out/arm/export-ta_arm32/lib/libutils.a(memset.o)
                0x00000000000066dc                memset
 .text          0x00000000000066ec       0x1a /workspace/optee_os/out/arm/export-ta_arm32/lib/libutils.a(strcmp.o)
                0x00000000000066ec                strcmp
 .text          0x0000000000006706       0x10 /workspace/optee_os/out/arm/export-ta_arm32/lib/libutils.a(strlen.o)
                0x0000000000006706                strlen
 .text          0x0000000000006716        0x6 /workspace/optee_os/out/arm/export-ta_arm32/lib/libutils.a(aeabi_unwind.o)
                0x0000000000006716                __aeabi_unwind_cpp_pr0
                0x0000000000006718                __aeabi_unwind_cpp_pr1
                0x000000000000671a                __aeabi_unwind_cpp_pr2
 .text          0x000000000000671c       0x1c /workspace/optee_os/out/arm/export-ta_arm32/lib/libutils.a(memchr.o)
                0x000000000000671c                memchr
 .text          0x0000000000006738      0x160 /workspace/optee_os/out/arm/export-ta_arm32/lib/libutils.a(arm32_aeabi_ldivmod.o)
                0x0000000000006738                __ul_divmod
                0x00000000000067ac                __l_divmod
 .text          0x0000000000006898        0x4 /workspace/optee_os/out/arm/export-ta_arm32/lib/libutee.a(tee_api_panic.o)
                0x0000000000006898                TEE_Panic
 .text          0x000000000000689c       0x1e /workspace/optee_os/out/arm/export-ta_arm32/lib/libutils.a(memcmp.o)
                0x000000000000689c                memcmp
 .text          0x00000000000068ba       0x34 /workspace/optee_os/out/arm/export-ta_arm32/lib/libutils.a(memmove.o)
                0x00000000000068ba                memmove
 .text          0x00000000000068ee        0x0 /workspace/optee_os/out/arm/export-ta_arm32/lib/libutils.a(arm32_aeabi_ldivmod_a32.o)
 .text          0x00000000000068ee        0x0 /workspace/optee_os/out/arm/export-ta_arm32/lib/libutee.a(gprof_a32.o)
 *fill*         0x00000000000068ee        0x2 
 .text.__stub   0x00000000000068f0       0x40 linker stubs
 *(SORT_BY_ALIGNMENT(.stub))
 *(SORT_BY_ALIGNMENT(.glue_7))
 .glue_7        0x0000000000006930        0x0 linker stubs
 *(SORT_BY_ALIGNMENT(.glue_7t))
 .glue_7t       0x0000000000006930        0x0 linker stubs
 *(SORT_BY_ALIGNMENT(.gnu.linkonce.t.*))
 *(SORT_BY_ALIGNMENT(.vfp11_veneer))
 .vfp11_veneer  0x0000000000006930        0x0 linker stubs
                [!provide]                        PROVIDE (__gnu_mcount_nc = __utee_mcount)
                0x0000000000006930                __text_end = .

.v4_bx          0x0000000000006930        0x0
 .v4_bx         0x0000000000006930        0x0 linker stubs

.iplt           0x0000000000006930        0x0
 .iplt          0x0000000000006930        0x0 ./entry.o

.plt            0x0000000000006930        0x0
 *(SORT_BY_ALIGNMENT(.plt))
 .plt           0x0000000000006930        0x0 ./entry.o

.eh_frame
 *(SORT_BY_ALIGNMENT(.eh_frame))

.rodata         0x0000000000006930     0x1155
 *(SORT_BY_ALIGNMENT(.gnu.linkonce.r.*))
 *(SORT_BY_ALIGNMENT(.rodata) SORT_BY_ALIGNMENT(.rodata.*))
 .rodata.user_ta_header.c
                0x0000000000006930       0x1b ./user_ta_header.o
                0x0000000000006930                ta_num_props
                0x0000000000006944                ta_heap_size
                0x0000000000006948                trace_ext_prefix
 *fill*         0x000000000000694b        0x1 
 .rodata.lib/libmbedtls/mbedtls/library/bignum.c
                0x000000000000694c      0x2c4 /workspace/optee_os/out/arm/export-ta_arm32/lib/libmbedtls.a(bignum.o)
 .rodata.str1.1.entry.c
                0x0000000000006c10       0x52 ./entry.o
                                         0x55 (size before relaxing)
 .rodata.entry.c
                0x0000000000006c62       0x97 ./entry.o
 .rodata.str1.1.user_ta_header.c
                0x0000000000006cf9      0x128 ./user_ta_header.o
 .rodata.lib/libutils/ext/snprintk.c
                0x0000000000006e21       0x22 /workspace/optee_os/out/arm/export-ta_arm32/lib/libutils.a(snprintk.o)
 .rodata.str1.1.lib/libutils/ext/snprintk.c
                0x0000000000006e43       0x38 /workspace/optee_os/out/arm/export-ta_arm32/lib/libutils.a(snprintk.o)
 .rodata.lib/libutils/ext/trace.c
                0x0000000000006e7b        0xf /workspace/optee_os/out/arm/export-ta_arm32/lib/libutils.a(trace.o)
 .rodata.str1.1.lib/libutils/ext/trace.c
                0x0000000000006e8a       0x37 /workspace/optee_os/out/arm/export-ta_arm32/lib/libutils.a(trace.o)
                                         0x3d (size before relaxing)
 .rodata.str1.1.lib/libutee/trace_ext.c
                0x0000000000006ec1       0x37 /workspace/optee_os/out/arm/export-ta_arm32/lib/libutee.a(trace_ext.o)
                                          0x2 (size before relaxing)
 .rodata.lib/libutee/tee_api.c
                0x0000000000006ec1        0xb /workspace/optee_os/out/arm/export-ta_arm32/lib/libutee.a(tee_api.o)
 .rodata.str1.1.lib/libutee/tee_api.c
                0x0000000000006ecc       0x11 /workspace/optee_os/out/arm/export-ta_arm32/lib/libutee.a(tee_api.o)
 .rodata.lib/libutee/tee_api_arith_mpi.c
                0x0000000000006edd      0x143 /workspace/optee_os/out/arm/export-ta_arm32/lib/libutee.a(tee_api_arith_mpi.o)
 .rodata.str1.1.lib/libutee/tee_api_arith_mpi.c
                0x0000000000007020       0xb7 /workspace/optee_os/out/arm/export-ta_arm32/lib/libutee.a(tee_api_arith_mpi.o)
 .rodata.str1.1.lib/libmbedtls/mbedtls/library/bignum.c
                0x00000000000070d7      0x45d /workspace/optee_os/out/arm/export-ta_arm32/lib/libmbedtls.a(bignum.o)
 .rodata.lib/libutils/isoc/bget_malloc.c
                0x0000000000007534       0x8a /workspace/optee_os/out/arm/export-ta_arm32/lib/libutils.a(bget_malloc.o)
 .rodata.str1.1.lib/libutils/isoc/bget_malloc.c
                0x00000000000075be      0x408 /workspace/optee_os/out/arm/export-ta_arm32/lib/libutils.a(bget_malloc.o)
                                        0x411 (size before relaxing)
 .rodata.lib/libutils/ext/mempool.c
                0x00000000000079c6       0x21 /workspace/optee_os/out/arm/export-ta_arm32/lib/libutils.a(mempool.o)
 .rodata.str1.1.lib/libutils/ext/mempool.c
                0x00000000000079e7       0x77 /workspace/optee_os/out/arm/export-ta_arm32/lib/libutils.a(mempool.o)
 .rodata.str1.1.lib/libutee/assert.c
                0x0000000000007a5e       0x27 /workspace/optee_os/out/arm/export-ta_arm32/lib/libutee.a(assert.o)

.ARM.extab      0x0000000000007a88       0xe4
 .ARM.extab     0x0000000000007a88       0x24 ./entry.o
 .ARM.extab     0x0000000000007aac        0x0 ./user_ta_header.o
 .ARM.extab     0x0000000000007aac        0xc /workspace/optee_os/out/arm/export-ta_arm32/lib/libutils.a(snprintf.o)
 .ARM.extab     0x0000000000007ab8        0x0 /workspace/optee_os/out/arm/export-ta_arm32/lib/libutils.a(stack_check.o)
 .ARM.extab     0x0000000000007ab8        0x0 /workspace/optee_os/out/arm/export-ta_arm32/lib/libutils.a(memcpy.o)
 .ARM.extab     0x0000000000007ab8        0x0 /workspace/optee_os/out/arm/export-ta_arm32/lib/libutils.a(memset.o)
 .ARM.extab     0x0000000000007ab8        0x0 /workspace/optee_os/out/arm/export-ta_arm32/lib/libutils.a(strcmp.o)
 .ARM.extab     0x0000000000007ab8        0x0 /workspace/optee_os/out/arm/export-ta_arm32/lib/libutils.a(strlen.o)
 .ARM.extab     0x0000000000007ab8        0xc /workspace/optee_os/out/arm/export-ta_arm32/lib/libutils.a(snprintk.o)
 .ARM.extab     0x0000000000007ac4        0xc /workspace/optee_os/out/arm/export-ta_arm32/lib/libutils.a(trace.o)
 .ARM.extab     0x0000000000007ad0        0x0 /workspace/optee_os/out/arm/export-ta_arm32/lib/libutils.a(aeabi_unwind.o)
 .ARM.extab     0x0000000000007ad0        0x0 /workspace/optee_os/out/arm/export-ta_arm32/lib/libutils.a(memchr.o)
 .ARM.extab     0x0000000000007ad0        0x0 /workspace/optee_os/out/arm/export-ta_arm32/lib/libutils.a(arm32_aeabi_ldivmod.o)
 .ARM.extab     0x0000000000007ad0        0xc /workspace/optee_os/out/arm/export-ta_arm32/lib/libutee.a(trace_ext.o)
 .ARM.extab     0x0000000000007adc       0x24 /workspace/optee_os/out/arm/export-ta_arm32/lib/libutee.a(tee_api.o)
 .ARM.extab     0x0000000000007b00        0x0 /workspace/optee_os/out/arm/export-ta_arm32/lib/libutee.a(tee_api_panic.o)
 .ARM.extab     0x0000000000007b00        0x0 /workspace/optee_os/out/arm/export-ta_arm32/lib/libutee.a(user_ta_entry.o)
 .ARM.extab     0x0000000000007b00       0x24 /workspace/optee_os/out/arm/export-ta_arm32/lib/libutee.a(tee_api_arith_mpi.o)
 .ARM.extab     0x0000000000007b24       0x24 /workspace/optee_os/out/arm/export-ta_arm32/lib/libmbedtls.a(bignum.o)
 .ARM.extab     0x0000000000007b48       0x18 /workspace/optee_os/out/arm/export-ta_arm32/lib/libutils.a(bget_malloc.o)
 .ARM.extab     0x0000000000007b60        0x0 /workspace/optee_os/out/arm/export-ta_arm32/lib/libutils.a(memcmp.o)
 .ARM.extab     0x0000000000007b60        0x0 /workspace/optee_os/out/arm/export-ta_arm32/lib/libutils.a(memmove.o)
 .ARM.extab     0x0000000000007b60        0x0 /workspace/optee_os/out/arm/export-ta_arm32/lib/libutils.a(mempool.o)
 .ARM.extab     0x0000000000007b60        0xc /workspace/optee_os/out/arm/export-ta_arm32/lib/libutee.a(assert.o)

.gnu.version_d  0x0000000000007b6c        0x0
 .gnu.version_d
                0x0000000000007b6c        0x0 ./entry.o

.gnu.version    0x0000000000007b6c        0x0
 .gnu.version   0x0000000000007b6c        0x0 ./entry.o

.gnu.version_r  0x0000000000007b6c        0x0
 .gnu.version_r
                0x0000000000007b6c        0x0 ./entry.o

.gnu.hash       0x0000000000007b6c       0x18
 .gnu.hash      0x0000000000007b6c       0x18 ./entry.o

.ARM.extab.text.__aeabi_ldivmod
                0x0000000000007b84        0xc
 .ARM.extab.text.__aeabi_ldivmod
                0x0000000000007b84        0xc /workspace/optee_os/out/arm/export-ta_arm32/lib/libutils.a(arm32_aeabi_ldivmod_a32.o)

.ARM.extab.text.__aeabi_uldivmod
                0x0000000000007b90        0xc
 .ARM.extab.text.__aeabi_uldivmod
                0x0000000000007b90        0xc /workspace/optee_os/out/arm/export-ta_arm32/lib/libutils.a(arm32_aeabi_ldivmod_a32.o)

.ARM.extab.text.utee_panic
                0x0000000000007b9c        0xc
 .ARM.extab.text.utee_panic
                0x0000000000007b9c        0xc /workspace/optee_os/out/arm/export-ta_arm32/lib/libutee.a(utee_syscalls_a32.o)

.ARM.extab.text.utee_return
                0x0000000000007ba8        0x0
 .ARM.extab.text.utee_return
                0x0000000000007ba8        0x0 /workspace/optee_os/out/arm/export-ta_arm32/lib/libutee.a(utee_syscalls_a32.o)

.ARM.extab.text.utee_log
                0x0000000000007ba8        0x0
 .ARM.extab.text.utee_log
                0x0000000000007ba8        0x0 /workspace/optee_os/out/arm/export-ta_arm32/lib/libutee.a(utee_syscalls_a32.o)

.ARM.extab.text.__utee_panic
                0x0000000000007ba8        0x0
 .ARM.extab.text.__utee_panic
                0x0000000000007ba8        0x0 /workspace/optee_os/out/arm/export-ta_arm32/lib/libutee.a(utee_syscalls_a32.o)

.ARM.extab.text.utee_get_property
                0x0000000000007ba8        0x0
 .ARM.extab.text.utee_get_property
                0x0000000000007ba8        0x0 /workspace/optee_os/out/arm/export-ta_arm32/lib/libutee.a(utee_syscalls_a32.o)

.ARM.extab.text.utee_get_property_name_to_index
                0x0000000000007ba8        0x0
 .ARM.extab.text.utee_get_property_name_to_index
                0x0000000000007ba8        0x0 /workspace/optee_os/out/arm/export-ta_arm32/lib/libutee.a(utee_syscalls_a32.o)

.ARM.extab.text.utee_open_ta_session
                0x0000000000007ba8        0x0
 .ARM.extab.text.utee_open_ta_session
                0x0000000000007ba8        0x0 /workspace/optee_os/out/arm/export-ta_arm32/lib/libutee.a(utee_syscalls_a32.o)

.ARM.extab.text.utee_close_ta_session
                0x0000000000007ba8        0x0
 .ARM.extab.text.utee_close_ta_session
                0x0000000000007ba8        0x0 /workspace/optee_os/out/arm/export-ta_arm32/lib/libutee.a(utee_syscalls_a32.o)

.ARM.extab.text.utee_invoke_ta_command
                0x0000000000007ba8        0x0
 .ARM.extab.text.utee_invoke_ta_command
                0x0000000000007ba8        0x0 /workspace/optee_os/out/arm/export-ta_arm32/lib/libutee.a(utee_syscalls_a32.o)

.ARM.extab.text.utee_get_cancellation_flag
                0x0000000000007ba8        0x0
 .ARM.extab.text.utee_get_cancellation_flag
                0x0000000000007ba8        0x0 /workspace/optee_os/out/arm/export-ta_arm32/lib/libutee.a(utee_syscalls_a32.o)

.ARM.extab.text.utee_check_access_rights
                0x0000000000007ba8        0x0
 .ARM.extab.text.utee_check_access_rights
                0x0000000000007ba8        0x0 /workspace/optee_os/out/arm/export-ta_arm32/lib/libutee.a(utee_syscalls_a32.o)

.ARM.extab.text.utee_unmask_cancellation
                0x0000000000007ba8        0x0
 .ARM.extab.text.utee_unmask_cancellation
                0x0000000000007ba8        0x0 /workspace/optee_os/out/arm/export-ta_arm32/lib/libutee.a(utee_syscalls_a32.o)

.ARM.extab.text.utee_mask_cancellation
                0x0000000000007ba8        0x0
 .ARM.extab.text.utee_mask_cancellation
                0x0000000000007ba8        0x0 /workspace/optee_os/out/arm/export-ta_arm32/lib/libutee.a(utee_syscalls_a32.o)

.ARM.extab.text.utee_wait
                0x0000000000007ba8        0x0
 .ARM.extab.text.utee_wait
                0x0000000000007ba8        0x0 /workspace/optee_os/out/arm/export-ta_arm32/lib/libutee.a(utee_syscalls_a32.o)

.ARM.extab.text.utee_get_time
                0x0000000000007ba8        0x0
 .ARM.extab.text.utee_get_time
                0x0000000000007ba8        0x0 /workspace/optee_os/out/arm/export-ta_arm32/lib/libutee.a(utee_syscalls_a32.o)

.ARM.extab.text.utee_set_ta_time
                0x0000000000007ba8        0x0
 .ARM.extab.text.utee_set_ta_time
                0x0000000000007ba8        0x0 /workspace/optee_os/out/arm/export-ta_arm32/lib/libutee.a(utee_syscalls_a32.o)

.ARM.extab.text.utee_cryp_state_alloc
                0x0000000000007ba8        0x0
 .ARM.extab.text.utee_cryp_state_alloc
                0x0000000000007ba8        0x0 /workspace/optee_os/out/arm/export-ta_arm32/lib/libutee.a(utee_syscalls_a32.o)

.ARM.extab.text.utee_cryp_state_copy
                0x0000000000007ba8        0x0
 .ARM.extab.text.utee_cryp_state_copy
                0x0000000000007ba8        0x0 /workspace/optee_os/out/arm/export-ta_arm32/lib/libutee.a(utee_syscalls_a32.o)

.ARM.extab.text.utee_cryp_state_free
                0x0000000000007ba8        0x0
 .ARM.extab.text.utee_cryp_state_free
                0x0000000000007ba8        0x0 /workspace/optee_os/out/arm/export-ta_arm32/lib/libutee.a(utee_syscalls_a32.o)

.ARM.extab.text.utee_hash_init
                0x0000000000007ba8        0x0
 .ARM.extab.text.utee_hash_init
                0x0000000000007ba8        0x0 /workspace/optee_os/out/arm/export-ta_arm32/lib/libutee.a(utee_syscalls_a32.o)

.ARM.extab.text.utee_hash_update
                0x0000000000007ba8        0x0
 .ARM.extab.text.utee_hash_update
                0x0000000000007ba8        0x0 /workspace/optee_os/out/arm/export-ta_arm32/lib/libutee.a(utee_syscalls_a32.o)

.ARM.extab.text.utee_hash_final
                0x0000000000007ba8        0x0
 .ARM.extab.text.utee_hash_final
                0x0000000000007ba8        0x0 /workspace/optee_os/out/arm/export-ta_arm32/lib/libutee.a(utee_syscalls_a32.o)

.ARM.extab.text.utee_cipher_init
                0x0000000000007ba8        0x0
 .ARM.extab.text.utee_cipher_init
                0x0000000000007ba8        0x0 /workspace/optee_os/out/arm/export-ta_arm32/lib/libutee.a(utee_syscalls_a32.o)

.ARM.extab.text.utee_cipher_update
                0x0000000000007ba8        0x0
 .ARM.extab.text.utee_cipher_update
                0x0000000000007ba8        0x0 /workspace/optee_os/out/arm/export-ta_arm32/lib/libutee.a(utee_syscalls_a32.o)

.ARM.extab.text.utee_cipher_final
                0x0000000000007ba8        0x0
 .ARM.extab.text.utee_cipher_final
                0x0000000000007ba8        0x0 /workspace/optee_os/out/arm/export-ta_arm32/lib/libutee.a(utee_syscalls_a32.o)

.ARM.extab.text.utee_cryp_obj_get_info
                0x0000000000007ba8        0x0
 .ARM.extab.text.utee_cryp_obj_get_info
                0x0000000000007ba8        0x0 /workspace/optee_os/out/arm/export-ta_arm32/lib/libutee.a(utee_syscalls_a32.o)

.ARM.extab.text.utee_cryp_obj_restrict_usage
                0x0000000000007ba8        0x0
 .ARM.extab.text.utee_cryp_obj_restrict_usage
                0x0000000000007ba8        0x0 /workspace/optee_os/out/arm/export-ta_arm32/lib/libutee.a(utee_syscalls_a32.o)

.ARM.extab.text.utee_cryp_obj_get_attr
                0x0000000000007ba8        0x0
 .ARM.extab.text.utee_cryp_obj_get_attr
                0x0000000000007ba8        0x0 /workspace/optee_os/out/arm/export-ta_arm32/lib/libutee.a(utee_syscalls_a32.o)

.ARM.extab.text.utee_cryp_obj_alloc
                0x0000000000007ba8        0x0
 .ARM.extab.text.utee_cryp_obj_alloc
                0x0000000000007ba8        0x0 /workspace/optee_os/out/arm/export-ta_arm32/lib/libutee.a(utee_syscalls_a32.o)

.ARM.extab.text.utee_cryp_obj_close
                0x0000000000007ba8        0x0
 .ARM.extab.text.utee_cryp_obj_close
                0x0000000000007ba8        0x0 /workspace/optee_os/out/arm/export-ta_arm32/lib/libutee.a(utee_syscalls_a32.o)

.ARM.extab.text.utee_cryp_obj_reset
                0x0000000000007ba8        0x0
 .ARM.extab.text.utee_cryp_obj_reset
                0x0000000000007ba8        0x0 /workspace/optee_os/out/arm/export-ta_arm32/lib/libutee.a(utee_syscalls_a32.o)

.ARM.extab.text.utee_cryp_obj_populate
                0x0000000000007ba8        0x0
 .ARM.extab.text.utee_cryp_obj_populate
                0x0000000000007ba8        0x0 /workspace/optee_os/out/arm/export-ta_arm32/lib/libutee.a(utee_syscalls_a32.o)

.ARM.extab.text.utee_cryp_obj_copy
                0x0000000000007ba8        0x0
 .ARM.extab.text.utee_cryp_obj_copy
                0x0000000000007ba8        0x0 /workspace/optee_os/out/arm/export-ta_arm32/lib/libutee.a(utee_syscalls_a32.o)

.ARM.extab.text.utee_cryp_derive_key
                0x0000000000007ba8        0x0
 .ARM.extab.text.utee_cryp_derive_key
                0x0000000000007ba8        0x0 /workspace/optee_os/out/arm/export-ta_arm32/lib/libutee.a(utee_syscalls_a32.o)

.ARM.extab.text.utee_cryp_random_number_generate
                0x0000000000007ba8        0x0
 .ARM.extab.text.utee_cryp_random_number_generate
                0x0000000000007ba8        0x0 /workspace/optee_os/out/arm/export-ta_arm32/lib/libutee.a(utee_syscalls_a32.o)

.ARM.extab.text.utee_authenc_init
                0x0000000000007ba8        0x0
 .ARM.extab.text.utee_authenc_init
                0x0000000000007ba8        0x0 /workspace/optee_os/out/arm/export-ta_arm32/lib/libutee.a(utee_syscalls_a32.o)

.ARM.extab.text.utee_authenc_update_aad
                0x0000000000007ba8        0x0
 .ARM.extab.text.utee_authenc_update_aad
                0x0000000000007ba8        0x0 /workspace/optee_os/out/arm/export-ta_arm32/lib/libutee.a(utee_syscalls_a32.o)

.ARM.extab.text.utee_authenc_update_payload
                0x0000000000007ba8        0x0
 .ARM.extab.text.utee_authenc_update_payload
                0x0000000000007ba8        0x0 /workspace/optee_os/out/arm/export-ta_arm32/lib/libutee.a(utee_syscalls_a32.o)

.ARM.extab.text.utee_authenc_enc_final
                0x0000000000007ba8        0x0
 .ARM.extab.text.utee_authenc_enc_final
                0x0000000000007ba8        0x0 /workspace/optee_os/out/arm/export-ta_arm32/lib/libutee.a(utee_syscalls_a32.o)

.ARM.extab.text.utee_authenc_dec_final
                0x0000000000007ba8        0x0
 .ARM.extab.text.utee_authenc_dec_final
                0x0000000000007ba8        0x0 /workspace/optee_os/out/arm/export-ta_arm32/lib/libutee.a(utee_syscalls_a32.o)

.ARM.extab.text.utee_asymm_operate
                0x0000000000007ba8        0x0
 .ARM.extab.text.utee_asymm_operate
                0x0000000000007ba8        0x0 /workspace/optee_os/out/arm/export-ta_arm32/lib/libutee.a(utee_syscalls_a32.o)

.ARM.extab.text.utee_asymm_verify
                0x0000000000007ba8        0x0
 .ARM.extab.text.utee_asymm_verify
                0x0000000000007ba8        0x0 /workspace/optee_os/out/arm/export-ta_arm32/lib/libutee.a(utee_syscalls_a32.o)

.ARM.extab.text.utee_storage_obj_open
                0x0000000000007ba8        0x0
 .ARM.extab.text.utee_storage_obj_open
                0x0000000000007ba8        0x0 /workspace/optee_os/out/arm/export-ta_arm32/lib/libutee.a(utee_syscalls_a32.o)

.ARM.extab.text.utee_storage_obj_create
                0x0000000000007ba8        0x0
 .ARM.extab.text.utee_storage_obj_create
                0x0000000000007ba8        0x0 /workspace/optee_os/out/arm/export-ta_arm32/lib/libutee.a(utee_syscalls_a32.o)

.ARM.extab.text.utee_storage_obj_del
                0x0000000000007ba8        0x0
 .ARM.extab.text.utee_storage_obj_del
                0x0000000000007ba8        0x0 /workspace/optee_os/out/arm/export-ta_arm32/lib/libutee.a(utee_syscalls_a32.o)

.ARM.extab.text.utee_storage_obj_rename
                0x0000000000007ba8        0x0
 .ARM.extab.text.utee_storage_obj_rename
                0x0000000000007ba8        0x0 /workspace/optee_os/out/arm/export-ta_arm32/lib/libutee.a(utee_syscalls_a32.o)

.ARM.extab.text.utee_storage_alloc_enum
                0x0000000000007ba8        0x0
 .ARM.extab.text.utee_storage_alloc_enum
                0x0000000000007ba8        0x0 /workspace/optee_os/out/arm/export-ta_arm32/lib/libutee.a(utee_syscalls_a32.o)

.ARM.extab.text.utee_storage_free_enum
                0x0000000000007ba8        0x0
 .ARM.extab.text.utee_storage_free_enum
                0x0000000000007ba8        0x0 /workspace/optee_os/out/arm/export-ta_arm32/lib/libutee.a(utee_syscalls_a32.o)

.ARM.extab.text.utee_storage_reset_enum
                0x0000000000007ba8        0x0
 .ARM.extab.text.utee_storage_reset_enum
                0x0000000000007ba8        0x0 /workspace/optee_os/out/arm/export-ta_arm32/lib/libutee.a(utee_syscalls_a32.o)

.ARM.extab.text.utee_storage_start_enum
                0x0000000000007ba8        0x0
 .ARM.extab.text.utee_storage_start_enum
                0x0000000000007ba8        0x0 /workspace/optee_os/out/arm/export-ta_arm32/lib/libutee.a(utee_syscalls_a32.o)

.ARM.extab.text.utee_storage_next_enum
                0x0000000000007ba8        0x0
 .ARM.extab.text.utee_storage_next_enum
                0x0000000000007ba8        0x0 /workspace/optee_os/out/arm/export-ta_arm32/lib/libutee.a(utee_syscalls_a32.o)

.ARM.extab.text.utee_storage_obj_read
                0x0000000000007ba8        0x0
 .ARM.extab.text.utee_storage_obj_read
                0x0000000000007ba8        0x0 /workspace/optee_os/out/arm/export-ta_arm32/lib/libutee.a(utee_syscalls_a32.o)

.ARM.extab.text.utee_storage_obj_write
                0x0000000000007ba8        0x0
 .ARM.extab.text.utee_storage_obj_write
                0x0000000000007ba8        0x0 /workspace/optee_os/out/arm/export-ta_arm32/lib/libutee.a(utee_syscalls_a32.o)

.ARM.extab.text.utee_storage_obj_trunc
                0x0000000000007ba8        0x0
 .ARM.extab.text.utee_storage_obj_trunc
                0x0000000000007ba8        0x0 /workspace/optee_os/out/arm/export-ta_arm32/lib/libutee.a(utee_syscalls_a32.o)

.ARM.extab.text.utee_storage_obj_seek
                0x0000000000007ba8        0x0
 .ARM.extab.text.utee_storage_obj_seek
                0x0000000000007ba8        0x0 /workspace/optee_os/out/arm/export-ta_arm32/lib/libutee.a(utee_syscalls_a32.o)

.ARM.extab.text.utee_cryp_obj_generate_key
                0x0000000000007ba8        0x0
 .ARM.extab.text.utee_cryp_obj_generate_key
                0x0000000000007ba8        0x0 /workspace/optee_os/out/arm/export-ta_arm32/lib/libutee.a(utee_syscalls_a32.o)

.ARM.extab.text.utee_cache_operation
                0x0000000000007ba8        0x0
 .ARM.extab.text.utee_cache_operation
                0x0000000000007ba8        0x0 /workspace/optee_os/out/arm/export-ta_arm32/lib/libutee.a(utee_syscalls_a32.o)

.ARM.extab.text.unlikely
                0x0000000000007ba8        0xc
 .ARM.extab.text.unlikely
                0x0000000000007ba8        0xc /workspace/optee_os/out/arm/export-ta_arm32/lib/libutee.a(tee_api_arith_mpi.o)

.ARM.exidx      0x0000000000007bb4      0x508
 *(SORT_BY_ALIGNMENT(.ARM.exidx*) SORT_BY_ALIGNMENT(.gnu.linkonce.armexidx.*))
 .ARM.exidx     0x0000000000007bb4       0x80 ./entry.o
                                         0x90 (size before relaxing)
 .ARM.exidx     0x0000000000007c34       0x18 /workspace/optee_os/out/arm/export-ta_arm32/lib/libutils.a(snprintk.o)
 .ARM.exidx     0x0000000000007c4c       0x20 /workspace/optee_os/out/arm/export-ta_arm32/lib/libutils.a(trace.o)
                                         0x28 (size before relaxing)
 .ARM.exidx.text.__aeabi_ldivmod
                0x0000000000007c6c        0x8 /workspace/optee_os/out/arm/export-ta_arm32/lib/libutils.a(arm32_aeabi_ldivmod_a32.o)
 .ARM.exidx.text.__aeabi_uldivmod
                0x0000000000007c74        0x8 /workspace/optee_os/out/arm/export-ta_arm32/lib/libutils.a(arm32_aeabi_ldivmod_a32.o)
 .ARM.exidx     0x0000000000007c7c       0x28 /workspace/optee_os/out/arm/export-ta_arm32/lib/libutee.a(trace_ext.o)
 .ARM.exidx     0x0000000000007ca4       0x68 /workspace/optee_os/out/arm/export-ta_arm32/lib/libutee.a(tee_api.o)
                                         0xc8 (size before relaxing)
 .ARM.exidx     0x0000000000007d0c       0x10 /workspace/optee_os/out/arm/export-ta_arm32/lib/libutee.a(user_ta_entry.o)
                                         0x18 (size before relaxing)
 .ARM.exidx.text.utee_panic
                0x0000000000007d1c        0x8 /workspace/optee_os/out/arm/export-ta_arm32/lib/libutee.a(utee_syscalls_a32.o)
 .ARM.exidx.text.utee_return
                0x0000000000007d24        0x8 /workspace/optee_os/out/arm/export-ta_arm32/lib/libutee.a(utee_syscalls_a32.o)
 .ARM.exidx.text.utee_log
                0x0000000000007d2c        0x0 /workspace/optee_os/out/arm/export-ta_arm32/lib/libutee.a(utee_syscalls_a32.o)
                                          0x8 (size before relaxing)
 .ARM.exidx.text.__utee_panic
                0x0000000000007d2c        0x0 /workspace/optee_os/out/arm/export-ta_arm32/lib/libutee.a(utee_syscalls_a32.o)
                                          0x8 (size before relaxing)
 .ARM.exidx.text.utee_get_property
                0x0000000000007d2c        0x0 /workspace/optee_os/out/arm/export-ta_arm32/lib/libutee.a(utee_syscalls_a32.o)
                                          0x8 (size before relaxing)
 .ARM.exidx.text.utee_get_property_name_to_index
                0x0000000000007d2c        0x0 /workspace/optee_os/out/arm/export-ta_arm32/lib/libutee.a(utee_syscalls_a32.o)
                                          0x8 (size before relaxing)
 .ARM.exidx.text.utee_open_ta_session
                0x0000000000007d2c        0x0 /workspace/optee_os/out/arm/export-ta_arm32/lib/libutee.a(utee_syscalls_a32.o)
                                          0x8 (size before relaxing)
 .ARM.exidx.text.utee_close_ta_session
                0x0000000000007d2c        0x0 /workspace/optee_os/out/arm/export-ta_arm32/lib/libutee.a(utee_syscalls_a32.o)
                                          0x8 (size before relaxing)
 .ARM.exidx.text.utee_invoke_ta_command
                0x0000000000007d2c        0x0 /workspace/optee_os/out/arm/export-ta_arm32/lib/libutee.a(utee_syscalls_a32.o)
                                          0x8 (size before relaxing)
 .ARM.exidx.text.utee_get_cancellation_flag
                0x0000000000007d2c        0x0 /workspace/optee_os/out/arm/export-ta_arm32/lib/libutee.a(utee_syscalls_a32.o)
                                          0x8 (size before relaxing)
 .ARM.exidx.text.utee_check_access_rights
                0x0000000000007d2c        0x0 /workspace/optee_os/out/arm/export-ta_arm32/lib/libutee.a(utee_syscalls_a32.o)
                                          0x8 (size before relaxing)
 .ARM.exidx.text.utee_unmask_cancellation
                0x0000000000007d2c        0x0 /workspace/optee_os/out/arm/export-ta_arm32/lib/libutee.a(utee_syscalls_a32.o)
                                          0x8 (size before relaxing)
 .ARM.exidx.text.utee_mask_cancellation
                0x0000000000007d2c        0x0 /workspace/optee_os/out/arm/export-ta_arm32/lib/libutee.a(utee_syscalls_a32.o)
                                          0x8 (size before relaxing)
 .ARM.exidx.text.utee_wait
                0x0000000000007d2c        0x0 /workspace/optee_os/out/arm/export-ta_arm32/lib/libutee.a(utee_syscalls_a32.o)
                                          0x8 (size before relaxing)
 .ARM.exidx.text.utee_get_time
                0x0000000000007d2c        0x0 /workspace/optee_os/out/arm/export-ta_arm32/lib/libutee.a(utee_syscalls_a32.o)
                                          0x8 (size before relaxing)
 .ARM.exidx.text.utee_set_ta_time
                0x0000000000007d2c        0x0 /workspace/optee_os/out/arm/export-ta_arm32/lib/libutee.a(utee_syscalls_a32.o)
                                          0x8 (size before relaxing)
 .ARM.exidx.text.utee_cryp_state_alloc
                0x0000000000007d2c        0x0 /workspace/optee_os/out/arm/export-ta_arm32/lib/libutee.a(utee_syscalls_a32.o)
                                          0x8 (size before relaxing)
 .ARM.exidx.text.utee_cryp_state_copy
                0x0000000000007d2c        0x0 /workspace/optee_os/out/arm/export-ta_arm32/lib/libutee.a(utee_syscalls_a32.o)
                                          0x8 (size before relaxing)
 .ARM.exidx.text.utee_cryp_state_free
                0x0000000000007d2c        0x0 /workspace/optee_os/out/arm/export-ta_arm32/lib/libutee.a(utee_syscalls_a32.o)
                                          0x8 (size before relaxing)
 .ARM.exidx.text.utee_hash_init
                0x0000000000007d2c        0x0 /workspace/optee_os/out/arm/export-ta_arm32/lib/libutee.a(utee_syscalls_a32.o)
                                          0x8 (size before relaxing)
 .ARM.exidx.text.utee_hash_update
                0x0000000000007d2c        0x0 /workspace/optee_os/out/arm/export-ta_arm32/lib/libutee.a(utee_syscalls_a32.o)
                                          0x8 (size before relaxing)
 .ARM.exidx.text.utee_hash_final
                0x0000000000007d2c        0x0 /workspace/optee_os/out/arm/export-ta_arm32/lib/libutee.a(utee_syscalls_a32.o)
                                          0x8 (size before relaxing)
 .ARM.exidx.text.utee_cipher_init
                0x0000000000007d2c        0x0 /workspace/optee_os/out/arm/export-ta_arm32/lib/libutee.a(utee_syscalls_a32.o)
                                          0x8 (size before relaxing)
 .ARM.exidx.text.utee_cipher_update
                0x0000000000007d2c        0x0 /workspace/optee_os/out/arm/export-ta_arm32/lib/libutee.a(utee_syscalls_a32.o)
                                          0x8 (size before relaxing)
 .ARM.exidx.text.utee_cipher_final
                0x0000000000007d2c        0x0 /workspace/optee_os/out/arm/export-ta_arm32/lib/libutee.a(utee_syscalls_a32.o)
                                          0x8 (size before relaxing)
 .ARM.exidx.text.utee_cryp_obj_get_info
                0x0000000000007d2c        0x0 /workspace/optee_os/out/arm/export-ta_arm32/lib/libutee.a(utee_syscalls_a32.o)
                                          0x8 (size before relaxing)
 .ARM.exidx.text.utee_cryp_obj_restrict_usage
                0x0000000000007d2c        0x0 /workspace/optee_os/out/arm/export-ta_arm32/lib/libutee.a(utee_syscalls_a32.o)
                                          0x8 (size before relaxing)
 .ARM.exidx.text.utee_cryp_obj_get_attr
                0x0000000000007d2c        0x0 /workspace/optee_os/out/arm/export-ta_arm32/lib/libutee.a(utee_syscalls_a32.o)
                                          0x8 (size before relaxing)
 .ARM.exidx.text.utee_cryp_obj_alloc
                0x0000000000007d2c        0x0 /workspace/optee_os/out/arm/export-ta_arm32/lib/libutee.a(utee_syscalls_a32.o)
                                          0x8 (size before relaxing)
 .ARM.exidx.text.utee_cryp_obj_close
                0x0000000000007d2c        0x0 /workspace/optee_os/out/arm/export-ta_arm32/lib/libutee.a(utee_syscalls_a32.o)
                                          0x8 (size before relaxing)
 .ARM.exidx.text.utee_cryp_obj_reset
                0x0000000000007d2c        0x0 /workspace/optee_os/out/arm/export-ta_arm32/lib/libutee.a(utee_syscalls_a32.o)
                                          0x8 (size before relaxing)
 .ARM.exidx.text.utee_cryp_obj_populate
                0x0000000000007d2c        0x0 /workspace/optee_os/out/arm/export-ta_arm32/lib/libutee.a(utee_syscalls_a32.o)
                                          0x8 (size before relaxing)
 .ARM.exidx.text.utee_cryp_obj_copy
                0x0000000000007d2c        0x0 /workspace/optee_os/out/arm/export-ta_arm32/lib/libutee.a(utee_syscalls_a32.o)
                                          0x8 (size before relaxing)
 .ARM.exidx.text.utee_cryp_derive_key
                0x0000000000007d2c        0x0 /workspace/optee_os/out/arm/export-ta_arm32/lib/libutee.a(utee_syscalls_a32.o)
                                          0x8 (size before relaxing)
 .ARM.exidx.text.utee_cryp_random_number_generate
                0x0000000000007d2c        0x0 /workspace/optee_os/out/arm/export-ta_arm32/lib/libutee.a(utee_syscalls_a32.o)
                                          0x8 (size before relaxing)
 .ARM.exidx.text.utee_authenc_init
                0x0000000000007d2c        0x0 /workspace/optee_os/out/arm/export-ta_arm32/lib/libutee.a(utee_syscalls_a32.o)
                                          0x8 (size before relaxing)
 .ARM.exidx.text.utee_authenc_update_aad
                0x0000000000007d2c        0x0 /workspace/optee_os/out/arm/export-ta_arm32/lib/libutee.a(utee_syscalls_a32.o)
                                          0x8 (size before relaxing)
 .ARM.exidx.text.utee_authenc_update_payload
                0x0000000000007d2c        0x0 /workspace/optee_os/out/arm/export-ta_arm32/lib/libutee.a(utee_syscalls_a32.o)
                                          0x8 (size before relaxing)
 .ARM.exidx.text.utee_authenc_enc_final
                0x0000000000007d2c        0x0 /workspace/optee_os/out/arm/export-ta_arm32/lib/libutee.a(utee_syscalls_a32.o)
                                          0x8 (size before relaxing)
 .ARM.exidx.text.utee_authenc_dec_final
                0x0000000000007d2c        0x0 /workspace/optee_os/out/arm/export-ta_arm32/lib/libutee.a(utee_syscalls_a32.o)
                                          0x8 (size before relaxing)
 .ARM.exidx.text.utee_asymm_operate
                0x0000000000007d2c        0x0 /workspace/optee_os/out/arm/export-ta_arm32/lib/libutee.a(utee_syscalls_a32.o)
                                          0x8 (size before relaxing)
 .ARM.exidx.text.utee_asymm_verify
                0x0000000000007d2c        0x0 /workspace/optee_os/out/arm/export-ta_arm32/lib/libutee.a(utee_syscalls_a32.o)
                                          0x8 (size before relaxing)
 .ARM.exidx.text.utee_storage_obj_open
                0x0000000000007d2c        0x0 /workspace/optee_os/out/arm/export-ta_arm32/lib/libutee.a(utee_syscalls_a32.o)
                                          0x8 (size before relaxing)
 .ARM.exidx.text.utee_storage_obj_create
                0x0000000000007d2c        0x0 /workspace/optee_os/out/arm/export-ta_arm32/lib/libutee.a(utee_syscalls_a32.o)
                                          0x8 (size before relaxing)
 .ARM.exidx.text.utee_storage_obj_del
                0x0000000000007d2c        0x0 /workspace/optee_os/out/arm/export-ta_arm32/lib/libutee.a(utee_syscalls_a32.o)
                                          0x8 (size before relaxing)
 .ARM.exidx.text.utee_storage_obj_rename
                0x0000000000007d2c        0x0 /workspace/optee_os/out/arm/export-ta_arm32/lib/libutee.a(utee_syscalls_a32.o)
                                          0x8 (size before relaxing)
 .ARM.exidx.text.utee_storage_alloc_enum
                0x0000000000007d2c        0x0 /workspace/optee_os/out/arm/export-ta_arm32/lib/libutee.a(utee_syscalls_a32.o)
                                          0x8 (size before relaxing)
 .ARM.exidx.text.utee_storage_free_enum
                0x0000000000007d2c        0x0 /workspace/optee_os/out/arm/export-ta_arm32/lib/libutee.a(utee_syscalls_a32.o)
                                          0x8 (size before relaxing)
 .ARM.exidx.text.utee_storage_reset_enum
                0x0000000000007d2c        0x0 /workspace/optee_os/out/arm/export-ta_arm32/lib/libutee.a(utee_syscalls_a32.o)
                                          0x8 (size before relaxing)
 .ARM.exidx.text.utee_storage_start_enum
                0x0000000000007d2c        0x0 /workspace/optee_os/out/arm/export-ta_arm32/lib/libutee.a(utee_syscalls_a32.o)
                                          0x8 (size before relaxing)
 .ARM.exidx.text.utee_storage_next_enum
                0x0000000000007d2c        0x0 /workspace/optee_os/out/arm/export-ta_arm32/lib/libutee.a(utee_syscalls_a32.o)
                                          0x8 (size before relaxing)
 .ARM.exidx.text.utee_storage_obj_read
                0x0000000000007d2c        0x0 /workspace/optee_os/out/arm/export-ta_arm32/lib/libutee.a(utee_syscalls_a32.o)
                                          0x8 (size before relaxing)
 .ARM.exidx.text.utee_storage_obj_write
                0x0000000000007d2c        0x0 /workspace/optee_os/out/arm/export-ta_arm32/lib/libutee.a(utee_syscalls_a32.o)
                                          0x8 (size before relaxing)
 .ARM.exidx.text.utee_storage_obj_trunc
                0x0000000000007d2c        0x0 /workspace/optee_os/out/arm/export-ta_arm32/lib/libutee.a(utee_syscalls_a32.o)
                                          0x8 (size before relaxing)
 .ARM.exidx.text.utee_storage_obj_seek
                0x0000000000007d2c        0x0 /workspace/optee_os/out/arm/export-ta_arm32/lib/libutee.a(utee_syscalls_a32.o)
                                          0x8 (size before relaxing)
 .ARM.exidx.text.utee_cryp_obj_generate_key
                0x0000000000007d2c        0x0 /workspace/optee_os/out/arm/export-ta_arm32/lib/libutee.a(utee_syscalls_a32.o)
                                          0x8 (size before relaxing)
 .ARM.exidx.text.utee_cache_operation
                0x0000000000007d2c        0x8 /workspace/optee_os/out/arm/export-ta_arm32/lib/libutee.a(utee_syscalls_a32.o)
 .ARM.exidx     0x0000000000007d34       0xf8 /workspace/optee_os/out/arm/export-ta_arm32/lib/libutee.a(tee_api_arith_mpi.o)
                                        0x150 (size before relaxing)
 .ARM.exidx.text.unlikely
                0x0000000000007e2c        0x8 /workspace/optee_os/out/arm/export-ta_arm32/lib/libutee.a(tee_api_arith_mpi.o)
 .ARM.exidx     0x0000000000007e34      0x168 /workspace/optee_os/out/arm/export-ta_arm32/lib/libmbedtls.a(bignum.o)
                                        0x1b0 (size before relaxing)
 .ARM.exidx     0x0000000000007f9c       0x88 /workspace/optee_os/out/arm/export-ta_arm32/lib/libutils.a(bget_malloc.o)
                                         0x98 (size before relaxing)
 .ARM.exidx     0x0000000000008024       0x20 /workspace/optee_os/out/arm/export-ta_arm32/lib/libutils.a(mempool.o)
 .ARM.exidx     0x0000000000008044       0x10 /workspace/optee_os/out/arm/export-ta_arm32/lib/libutee.a(assert.o)
 .ARM.exidx     0x0000000000008054        0x8 ./user_ta_header.o
 .ARM.exidx     0x000000000000805c       0x10 /workspace/optee_os/out/arm/export-ta_arm32/lib/libutils.a(snprintf.o)
 .ARM.exidx     0x000000000000806c        0x8 /workspace/optee_os/out/arm/export-ta_arm32/lib/libutils.a(stack_check.o)
 .ARM.exidx     0x0000000000008074        0x8 /workspace/optee_os/out/arm/export-ta_arm32/lib/libutils.a(memcpy.o)
 .ARM.exidx     0x000000000000807c        0x8 /workspace/optee_os/out/arm/export-ta_arm32/lib/libutils.a(memset.o)
 .ARM.exidx     0x0000000000008084        0x8 /workspace/optee_os/out/arm/export-ta_arm32/lib/libutils.a(strcmp.o)
 .ARM.exidx     0x000000000000808c        0x8 /workspace/optee_os/out/arm/export-ta_arm32/lib/libutils.a(strlen.o)
 .ARM.exidx     0x0000000000008094        0x0 /workspace/optee_os/out/arm/export-ta_arm32/lib/libutils.a(aeabi_unwind.o)
                                         0x18 (size before relaxing)
 .ARM.exidx     0x0000000000008094        0x8 /workspace/optee_os/out/arm/export-ta_arm32/lib/libutils.a(memchr.o)
 .ARM.exidx     0x000000000000809c        0x8 /workspace/optee_os/out/arm/export-ta_arm32/lib/libutils.a(arm32_aeabi_ldivmod.o)
                                         0x10 (size before relaxing)
 .ARM.exidx     0x00000000000080a4        0x8 /workspace/optee_os/out/arm/export-ta_arm32/lib/libutee.a(tee_api_panic.o)
 .ARM.exidx     0x00000000000080ac        0x8 /workspace/optee_os/out/arm/export-ta_arm32/lib/libutils.a(memcmp.o)
 .ARM.exidx     0x00000000000080b4        0x8 /workspace/optee_os/out/arm/export-ta_arm32/lib/libutils.a(memmove.o)

.ctors
 *(SORT_BY_ALIGNMENT(.ctors))

.dtors
 *(SORT_BY_ALIGNMENT(.dtors))

.got            0x00000000000080bc       0x38
 *(SORT_BY_ALIGNMENT(.got.plt))
 .got.plt       0x00000000000080bc        0xc ./entry.o
                0x00000000000080bc                _GLOBAL_OFFSET_TABLE_
 *(SORT_BY_ALIGNMENT(.got))
 .got           0x00000000000080c8       0x2c ./entry.o

.rel.text
 *(SORT_BY_ALIGNMENT(.rel.text))
 *(SORT_BY_ALIGNMENT(.rel.gnu.linkonce.t*))

.rela.text
 *(SORT_BY_ALIGNMENT(.rela.text))
 *(SORT_BY_ALIGNMENT(.rela.gnu.linkonce.t*))

.rel.data
 *(SORT_BY_ALIGNMENT(.rel.data))
 *(SORT_BY_ALIGNMENT(.rel.gnu.linkonce.d*))

.rela.data
 *(SORT_BY_ALIGNMENT(.rela.data))
 *(SORT_BY_ALIGNMENT(.rela.gnu.linkonce.d*))

.rel.rodata
 *(SORT_BY_ALIGNMENT(.rel.rodata))
 *(SORT_BY_ALIGNMENT(.rel.gnu.linkonce.r*))

.rela.rodata
 *(SORT_BY_ALIGNMENT(.rela.rodata))
 *(SORT_BY_ALIGNMENT(.rela.gnu.linkonce.r*))

.rel.dyn        0x00000000000080f4       0xb8
 *(SORT_BY_ALIGNMENT(.rel.dyn))
 .rel.data.rel.ro
                0x00000000000080f4        0x0 ./entry.o
 .rel.iplt      0x00000000000080f4        0x0 ./entry.o
 .rel.data.rel.ro.local
                0x00000000000080f4       0x90 ./entry.o
 .rel.ta_head   0x0000000000008184        0x8 ./entry.o
 .rel.data.rel  0x000000000000818c        0x8 ./entry.o
 .rel.data.rel.local
                0x0000000000008194       0x18 ./entry.o

.rel.got        0x00000000000081ac       0x58
 *(SORT_BY_ALIGNMENT(.rel.got))
 .rel.got       0x00000000000081ac       0x58 ./entry.o

.rela.got
 *(SORT_BY_ALIGNMENT(.rela.got))

.rel.ctors
 *(SORT_BY_ALIGNMENT(.rel.ctors))

.rela.ctors
 *(SORT_BY_ALIGNMENT(.rela.ctors))

.rel.dtors
 *(SORT_BY_ALIGNMENT(.rel.dtors))

.rela.dtors
 *(SORT_BY_ALIGNMENT(.rela.dtors))

.rel.init
 *(SORT_BY_ALIGNMENT(.rel.init))

.rela.init
 *(SORT_BY_ALIGNMENT(.rela.init))

.rel.fini
 *(SORT_BY_ALIGNMENT(.rel.fini))

.rela.fini
 *(SORT_BY_ALIGNMENT(.rela.fini))

.rel.bss        0x0000000000008204        0x0
 *(SORT_BY_ALIGNMENT(.rel.bss))
 .rel.bss       0x0000000000008204        0x0 ./entry.o

.rela.bss
 *(SORT_BY_ALIGNMENT(.rela.bss))

.rel.plt        0x0000000000008204        0x0
 *(SORT_BY_ALIGNMENT(.rel.plt))
 .rel.plt       0x0000000000008204        0x0 ./entry.o

.rela.plt
 *(SORT_BY_ALIGNMENT(.rela.plt))

.dynamic        0x0000000000008204       0x88
 *(SORT_BY_ALIGNMENT(.dynamic))
 .dynamic       0x0000000000008204       0x88 ./entry.o
                0x0000000000008204                _DYNAMIC

.dynsym         0x000000000000828c       0x30
 *(SORT_BY_ALIGNMENT(.dynsym))
 .dynsym        0x000000000000828c       0x30 ./entry.o

.dynstr         0x00000000000082bc        0x1
 *(SORT_BY_ALIGNMENT(.dynstr))
 .dynstr        0x00000000000082bc        0x1 ./entry.o

.hash           0x00000000000082c0       0x18
 *(SORT_BY_ALIGNMENT(.hash))
 .hash          0x00000000000082c0       0x18 ./entry.o
                0x0000000000009000                . = ALIGN (0x1000)

.data           0x0000000000009000       0x9c
 *(SORT_BY_ALIGNMENT(.data) SORT_BY_ALIGNMENT(.data.*) SORT_BY_ALIGNMENT(.gnu.linkonce.d.*))
 .data          0x0000000000009000        0x4 ./user_ta_header.o
                0x0000000000009000                trace_level
 .data.rel.ro.local
                0x0000000000009004       0x6c ./user_ta_header.o
                0x0000000000009004                ta_props
 .data          0x0000000000009070        0x4 /workspace/optee_os/out/arm/export-ta_arm32/lib/libutils.a(stack_check.o)
                0x0000000000009070                __stack_chk_guard
 .data.rel      0x0000000000009074        0x4 /workspace/optee_os/out/arm/export-ta_arm32/lib/libutee.a(user_ta_entry.o)
                0x0000000000009074                _ref__utee_mcount
 .data.rel.local
                0x0000000000009078        0x8 /workspace/optee_os/out/arm/export-ta_arm32/lib/libutee.a(user_ta_entry.o)
 .data.rel.local
                0x0000000000009080       0x1c /workspace/optee_os/out/arm/export-ta_arm32/lib/libutils.a(bget_malloc.o)
 .data          0x000000000000909c        0x0 ./entry.o
 .data.rel.ro   0x000000000000909c        0x0 ./entry.o
 .data          0x000000000000909c        0x0 /workspace/optee_os/out/arm/export-ta_arm32/lib/libutils.a(snprintf.o)
 .data          0x000000000000909c        0x0 /workspace/optee_os/out/arm/export-ta_arm32/lib/libutils.a(memcpy.o)
 .data          0x000000000000909c        0x0 /workspace/optee_os/out/arm/export-ta_arm32/lib/libutils.a(memset.o)
 .data          0x000000000000909c        0x0 /workspace/optee_os/out/arm/export-ta_arm32/lib/libutils.a(strcmp.o)
 .data          0x000000000000909c        0x0 /workspace/optee_os/out/arm/export-ta_arm32/lib/libutils.a(strlen.o)
 .data          0x000000000000909c        0x0 /workspace/optee_os/out/arm/export-ta_arm32/lib/libutils.a(snprintk.o)
 .data          0x000000000000909c        0x0 /workspace/optee_os/out/arm/export-ta_arm32/lib/libutils.a(trace.o)
 .data          0x000000000000909c        0x0 /workspace/optee_os/out/arm/export-ta_arm32/lib/libutils.a(aeabi_unwind.o)
 .data          0x000000000000909c        0x0 /workspace/optee_os/out/arm/export-ta_arm32/lib/libutils.a(memchr.o)
 .data          0x000000000000909c        0x0 /workspace/optee_os/out/arm/export-ta_arm32/lib/libutils.a(arm32_aeabi_ldivmod_a32.o)
 .data          0x000000000000909c        0x0 /workspace/optee_os/out/arm/export-ta_arm32/lib/libutils.a(arm32_aeabi_ldivmod.o)
 .data          0x000000000000909c        0x0 /workspace/optee_os/out/arm/export-ta_arm32/lib/libutee.a(trace_ext.o)
 .data          0x000000000000909c        0x0 /workspace/optee_os/out/arm/export-ta_arm32/lib/libutee.a(tee_api.o)
 .data          0x000000000000909c        0x0 /workspace/optee_os/out/arm/export-ta_arm32/lib/libutee.a(tee_api_panic.o)
 .data          0x000000000000909c        0x0 /workspace/optee_os/out/arm/export-ta_arm32/lib/libutee.a(user_ta_entry.o)
 .data          0x000000000000909c        0x0 /workspace/optee_os/out/arm/export-ta_arm32/lib/libutee.a(utee_syscalls_a32.o)
 .data          0x000000000000909c        0x0 /workspace/optee_os/out/arm/export-ta_arm32/lib/libutee.a(gprof_a32.o)
 .data          0x000000000000909c        0x0 /workspace/optee_os/out/arm/export-ta_arm32/lib/libutee.a(tee_api_arith_mpi.o)
 .data          0x000000000000909c        0x0 /workspace/optee_os/out/arm/export-ta_arm32/lib/libmbedtls.a(bignum.o)
 .data          0x000000000000909c        0x0 /workspace/optee_os/out/arm/export-ta_arm32/lib/libutils.a(bget_malloc.o)
 .data          0x000000000000909c        0x0 /workspace/optee_os/out/arm/export-ta_arm32/lib/libutils.a(memcmp.o)
 .data          0x000000000000909c        0x0 /workspace/optee_os/out/arm/export-ta_arm32/lib/libutils.a(memmove.o)
 .data          0x000000000000909c        0x0 /workspace/optee_os/out/arm/export-ta_arm32/lib/libutils.a(mempool.o)
 .data          0x000000000000909c        0x0 /workspace/optee_os/out/arm/export-ta_arm32/lib/libutee.a(assert.o)

.igot.plt       0x000000000000909c        0x0
 .igot.plt      0x000000000000909c        0x0 ./entry.o

.bss            0x000000000000909c     0xa074
 *(SORT_BY_ALIGNMENT(.bss) SORT_BY_ALIGNMENT(.bss.*) SORT_BY_ALIGNMENT(.gnu.linkonce.b.*) SORT_BY_ALIGNMENT(COMMON))
 .bss           0x000000000000909c        0x4 /workspace/optee_os/out/arm/export-ta_arm32/lib/libutee.a(tee_api.o)
 .bss           0x00000000000090a0       0x28 /workspace/optee_os/out/arm/export-ta_arm32/lib/libutee.a(user_ta_entry.o)
                0x00000000000090a4                ta_param_types
                0x00000000000090a8                ta_params
 .bss           0x00000000000090c8     0x2000 /workspace/optee_os/out/arm/export-ta_arm32/lib/libutee.a(tee_api_arith_mpi.o)
 .bss           0x000000000000b0c8        0x4 /workspace/optee_os/out/arm/export-ta_arm32/lib/libmbedtls.a(bignum.o)
                0x000000000000b0c8                mbedtls_mpi_mempool
 .bss           0x000000000000b0cc       0x40 /workspace/optee_os/out/arm/export-ta_arm32/lib/libutils.a(bget_malloc.o)
 .bss           0x000000000000b10c        0x0 ./entry.o
 .bss           0x000000000000b10c     0x8000 ./user_ta_header.o
                0x000000000000b10c                ta_heap
 .bss           0x000000000001310c        0x0 /workspace/optee_os/out/arm/export-ta_arm32/lib/libutils.a(snprintf.o)
 .bss           0x000000000001310c        0x0 /workspace/optee_os/out/arm/export-ta_arm32/lib/libutils.a(stack_check.o)
 .bss           0x000000000001310c        0x0 /workspace/optee_os/out/arm/export-ta_arm32/lib/libutils.a(memcpy.o)
 .bss           0x000000000001310c        0x0 /workspace/optee_os/out/arm/export-ta_arm32/lib/libutils.a(memset.o)
 .bss           0x000000000001310c        0x0 /workspace/optee_os/out/arm/export-ta_arm32/lib/libutils.a(strcmp.o)
 .bss           0x000000000001310c        0x0 /workspace/optee_os/out/arm/export-ta_arm32/lib/libutils.a(strlen.o)
 .bss           0x000000000001310c        0x0 /workspace/optee_os/out/arm/export-ta_arm32/lib/libutils.a(snprintk.o)
 .bss           0x000000000001310c        0x0 /workspace/optee_os/out/arm/export-ta_arm32/lib/libutils.a(trace.o)
 .bss           0x000000000001310c        0x0 /workspace/optee_os/out/arm/export-ta_arm32/lib/libutils.a(aeabi_unwind.o)
 .bss           0x000000000001310c        0x0 /workspace/optee_os/out/arm/export-ta_arm32/lib/libutils.a(memchr.o)
 .bss           0x000000000001310c        0x0 /workspace/optee_os/out/arm/export-ta_arm32/lib/libutils.a(arm32_aeabi_ldivmod_a32.o)
 .bss           0x000000000001310c        0x0 /workspace/optee_os/out/arm/export-ta_arm32/lib/libutils.a(arm32_aeabi_ldivmod.o)
 .bss           0x000000000001310c        0x0 /workspace/optee_os/out/arm/export-ta_arm32/lib/libutee.a(trace_ext.o)
 .bss           0x000000000001310c        0x0 /workspace/optee_os/out/arm/export-ta_arm32/lib/libutee.a(tee_api_panic.o)
 .bss           0x000000000001310c        0x0 /workspace/optee_os/out/arm/export-ta_arm32/lib/libutee.a(utee_syscalls_a32.o)
 .bss           0x000000000001310c        0x0 /workspace/optee_os/out/arm/export-ta_arm32/lib/libutee.a(gprof_a32.o)
 .bss           0x000000000001310c        0x0 /workspace/optee_os/out/arm/export-ta_arm32/lib/libutils.a(memcmp.o)
 .bss           0x000000000001310c        0x0 /workspace/optee_os/out/arm/export-ta_arm32/lib/libutils.a(memmove.o)
 .bss           0x000000000001310c        0x0 /workspace/optee_os/out/arm/export-ta_arm32/lib/libutils.a(mempool.o)
 .bss           0x000000000001310c        0x0 /workspace/optee_os/out/arm/export-ta_arm32/lib/libutee.a(assert.o)
                0x0000000000013110                . = ALIGN (0x8)
 *fill*         0x000000000001310c        0x4 
                0x0000000000013110                __gprof_buf_start = .
                0x0000000000013110                . = (. + DEFINED (__gnu_mcount_nc)?(((__text_end - __text_start) * 0x88) / 0x64):0x0)
                0x0000000000013110                __gprof_buf_end = .

.dynbss         0x0000000000013110        0x0
 .dynbss        0x0000000000013110        0x0 ./entry.o

/DISCARD/
 *(SORT_BY_ALIGNMENT(.interp))
LOAD ./entry.o
LOAD ./user_ta_header.o
START GROUP
LOAD /workspace/optee_os/out/arm/export-ta_arm32/lib/libutils.a
LOAD /workspace/optee_os/out/arm/export-ta_arm32/lib/libutee.a
LOAD /workspace/optee_os/out/arm/export-ta_arm32/lib/libmbedtls.a
END GROUP
OUTPUT(8aaaf200-2450-11e4-abe2-0002a5d5c51b.elf elf32-littlearm)
LOAD linker stubs

.debug_info     0x0000000000000000     0xec18
 .debug_info    0x0000000000000000     0x1985 ./entry.o
 .debug_info    0x0000000000001985      0x360 ./user_ta_header.o
 .debug_info    0x0000000000001ce5      0x19b /workspace/optee_os/out/arm/export-ta_arm32/lib/libutils.a(snprintf.o)
 .debug_info    0x0000000000001e80       0x4e /workspace/optee_os/out/arm/export-ta_arm32/lib/libutils.a(stack_check.o)
 .debug_info    0x0000000000001ece       0xc9 /workspace/optee_os/out/arm/export-ta_arm32/lib/libutils.a(memcpy.o)
 .debug_info    0x0000000000001f97       0x9c /workspace/optee_os/out/arm/export-ta_arm32/lib/libutils.a(memset.o)
 .debug_info    0x0000000000002033       0x80 /workspace/optee_os/out/arm/export-ta_arm32/lib/libutils.a(strcmp.o)
 .debug_info    0x00000000000020b3       0x8d /workspace/optee_os/out/arm/export-ta_arm32/lib/libutils.a(strlen.o)
 .debug_info    0x0000000000002140      0x694 /workspace/optee_os/out/arm/export-ta_arm32/lib/libutils.a(snprintk.o)
 .debug_info    0x00000000000027d4      0x694 /workspace/optee_os/out/arm/export-ta_arm32/lib/libutils.a(trace.o)
 .debug_info    0x0000000000002e68       0x4f /workspace/optee_os/out/arm/export-ta_arm32/lib/libutils.a(aeabi_unwind.o)
 .debug_info    0x0000000000002eb7       0xbd /workspace/optee_os/out/arm/export-ta_arm32/lib/libutils.a(memchr.o)
 .debug_info    0x0000000000002f74       0x79 /workspace/optee_os/out/arm/export-ta_arm32/lib/libutils.a(arm32_aeabi_ldivmod_a32.o)
 .debug_info    0x0000000000002fed      0x2cf /workspace/optee_os/out/arm/export-ta_arm32/lib/libutils.a(arm32_aeabi_ldivmod.o)
 .debug_info    0x00000000000032bc      0x2c1 /workspace/optee_os/out/arm/export-ta_arm32/lib/libutee.a(trace_ext.o)
 .debug_info    0x000000000000357d      0xea8 /workspace/optee_os/out/arm/export-ta_arm32/lib/libutee.a(tee_api.o)
 .debug_info    0x0000000000004425      0x107 /workspace/optee_os/out/arm/export-ta_arm32/lib/libutee.a(tee_api_panic.o)
 .debug_info    0x000000000000452c      0xab3 /workspace/optee_os/out/arm/export-ta_arm32/lib/libutee.a(user_ta_entry.o)
 .debug_info    0x0000000000004fdf       0x6d /workspace/optee_os/out/arm/export-ta_arm32/lib/libutee.a(utee_syscalls_a32.o)
 .debug_info    0x000000000000504c       0x6f /workspace/optee_os/out/arm/export-ta_arm32/lib/libutee.a(gprof_a32.o)
 .debug_info    0x00000000000050bb     0x3558 /workspace/optee_os/out/arm/export-ta_arm32/lib/libutee.a(tee_api_arith_mpi.o)
 .debug_info    0x0000000000008613     0x445c /workspace/optee_os/out/arm/export-ta_arm32/lib/libmbedtls.a(bignum.o)
 .debug_info    0x000000000000ca6f     0x1a73 /workspace/optee_os/out/arm/export-ta_arm32/lib/libutils.a(bget_malloc.o)
 .debug_info    0x000000000000e4e2       0xb6 /workspace/optee_os/out/arm/export-ta_arm32/lib/libutils.a(memcmp.o)
 .debug_info    0x000000000000e598       0xc7 /workspace/optee_os/out/arm/export-ta_arm32/lib/libutils.a(memmove.o)
 .debug_info    0x000000000000e65f      0x430 /workspace/optee_os/out/arm/export-ta_arm32/lib/libutils.a(mempool.o)
 .debug_info    0x000000000000ea8f      0x189 /workspace/optee_os/out/arm/export-ta_arm32/lib/libutee.a(assert.o)

.debug_abbrev   0x0000000000000000     0x28d4
 .debug_abbrev  0x0000000000000000      0x431 ./entry.o
 .debug_abbrev  0x0000000000000431      0x181 ./user_ta_header.o
 .debug_abbrev  0x00000000000005b2      0x101 /workspace/optee_os/out/arm/export-ta_arm32/lib/libutils.a(snprintf.o)
 .debug_abbrev  0x00000000000006b3       0x4a /workspace/optee_os/out/arm/export-ta_arm32/lib/libutils.a(stack_check.o)
 .debug_abbrev  0x00000000000006fd       0xa7 /workspace/optee_os/out/arm/export-ta_arm32/lib/libutils.a(memcpy.o)
 .debug_abbrev  0x00000000000007a4       0x93 /workspace/optee_os/out/arm/export-ta_arm32/lib/libutils.a(memset.o)
 .debug_abbrev  0x0000000000000837       0x68 /workspace/optee_os/out/arm/export-ta_arm32/lib/libutils.a(strcmp.o)
 .debug_abbrev  0x000000000000089f       0x84 /workspace/optee_os/out/arm/export-ta_arm32/lib/libutils.a(strlen.o)
 .debug_abbrev  0x0000000000000923      0x26f /workspace/optee_os/out/arm/export-ta_arm32/lib/libutils.a(snprintk.o)
 .debug_abbrev  0x0000000000000b92      0x27e /workspace/optee_os/out/arm/export-ta_arm32/lib/libutils.a(trace.o)
 .debug_abbrev  0x0000000000000e10       0x47 /workspace/optee_os/out/arm/export-ta_arm32/lib/libutils.a(aeabi_unwind.o)
 .debug_abbrev  0x0000000000000e57       0xae /workspace/optee_os/out/arm/export-ta_arm32/lib/libutils.a(memchr.o)
 .debug_abbrev  0x0000000000000f05       0x12 /workspace/optee_os/out/arm/export-ta_arm32/lib/libutils.a(arm32_aeabi_ldivmod_a32.o)
 .debug_abbrev  0x0000000000000f17      0x12f /workspace/optee_os/out/arm/export-ta_arm32/lib/libutils.a(arm32_aeabi_ldivmod.o)
 .debug_abbrev  0x0000000000001046      0x183 /workspace/optee_os/out/arm/export-ta_arm32/lib/libutee.a(trace_ext.o)
 .debug_abbrev  0x00000000000011c9      0x2b4 /workspace/optee_os/out/arm/export-ta_arm32/lib/libutee.a(tee_api.o)
 .debug_abbrev  0x000000000000147d       0xb4 /workspace/optee_os/out/arm/export-ta_arm32/lib/libutee.a(tee_api_panic.o)
 .debug_abbrev  0x0000000000001531      0x2da /workspace/optee_os/out/arm/export-ta_arm32/lib/libutee.a(user_ta_entry.o)
 .debug_abbrev  0x000000000000180b       0x12 /workspace/optee_os/out/arm/export-ta_arm32/lib/libutee.a(utee_syscalls_a32.o)
 .debug_abbrev  0x000000000000181d       0x14 /workspace/optee_os/out/arm/export-ta_arm32/lib/libutee.a(gprof_a32.o)
 .debug_abbrev  0x0000000000001831      0x47a /workspace/optee_os/out/arm/export-ta_arm32/lib/libutee.a(tee_api_arith_mpi.o)
 .debug_abbrev  0x0000000000001cab      0x47a /workspace/optee_os/out/arm/export-ta_arm32/lib/libmbedtls.a(bignum.o)
 .debug_abbrev  0x0000000000002125      0x40a /workspace/optee_os/out/arm/export-ta_arm32/lib/libutils.a(bget_malloc.o)
 .debug_abbrev  0x000000000000252f       0x82 /workspace/optee_os/out/arm/export-ta_arm32/lib/libutils.a(memcmp.o)
 .debug_abbrev  0x00000000000025b1       0x9f /workspace/optee_os/out/arm/export-ta_arm32/lib/libutils.a(memmove.o)
 .debug_abbrev  0x0000000000002650      0x1ba /workspace/optee_os/out/arm/export-ta_arm32/lib/libutils.a(mempool.o)
 .debug_abbrev  0x000000000000280a       0xca /workspace/optee_os/out/arm/export-ta_arm32/lib/libutee.a(assert.o)

.debug_loclists
                0x0000000000000000      0x7c9
 .debug_loclists
                0x0000000000000000      0x7c9 ./entry.o

.debug_aranges  0x0000000000000000      0x530
 .debug_aranges
                0x0000000000000000       0x20 ./entry.o
 .debug_aranges
                0x0000000000000020       0x20 ./user_ta_header.o
 .debug_aranges
                0x0000000000000040       0x20 /workspace/optee_os/out/arm/export-ta_arm32/lib/libutils.a(snprintf.o)
 .debug_aranges
                0x0000000000000060       0x20 /workspace/optee_os/out/arm/export-ta_arm32/lib/libutils.a(stack_check.o)
 .debug_aranges
                0x0000000000000080       0x20 /workspace/optee_os/out/arm/export-ta_arm32/lib/libutils.a(memcpy.o)
 .debug_aranges
                0x00000000000000a0       0x20 /workspace/optee_os/out/arm/export-ta_arm32/lib/libutils.a(memset.o)
 .debug_aranges
                0x00000000000000c0       0x20 /workspace/optee_os/out/arm/export-ta_arm32/lib/libutils.a(strcmp.o)
 .debug_aranges
                0x00000000000000e0       0x20 /workspace/optee_os/out/arm/export-ta_arm32/lib/libutils.a(strlen.o)
 .debug_aranges
                0x0000000000000100       0x20 /workspace/optee_os/out/arm/export-ta_arm32/lib/libutils.a(snprintk.o)
 .debug_aranges
                0x0000000000000120       0x20 /workspace/optee_os/out/arm/export-ta_arm32/lib/libutils.a(trace.o)
 .debug_aranges
                0x0000000000000140       0x20 /workspace/optee_os/out/arm/export-ta_arm32/lib/libutils.a(aeabi_unwind.o)
 .debug_aranges
                0x0000000000000160       0x20 /workspace/optee_os/out/arm/export-ta_arm32/lib/libutils.a(memchr.o)
 .debug_aranges
                0x0000000000000180       0x28 /workspace/optee_os/out/arm/export-ta_arm32/lib/libutils.a(arm32_aeabi_ldivmod_a32.o)
 .debug_aranges
                0x00000000000001a8       0x20 /workspace/optee_os/out/arm/export-ta_arm32/lib/libutils.a(arm32_aeabi_ldivmod.o)
 .debug_aranges
                0x00000000000001c8       0x20 /workspace/optee_os/out/arm/export-ta_arm32/lib/libutee.a(trace_ext.o)
 .debug_aranges
                0x00000000000001e8       0x20 /workspace/optee_os/out/arm/export-ta_arm32/lib/libutee.a(tee_api.o)
 .debug_aranges
                0x0000000000000208       0x20 /workspace/optee_os/out/arm/export-ta_arm32/lib/libutee.a(tee_api_panic.o)
 .debug_aranges
                0x0000000000000228       0x20 /workspace/optee_os/out/arm/export-ta_arm32/lib/libutee.a(user_ta_entry.o)
 .debug_aranges
                0x0000000000000248      0x1e0 /workspace/optee_os/out/arm/export-ta_arm32/lib/libutee.a(utee_syscalls_a32.o)
 .debug_aranges
                0x0000000000000428       0x20 /workspace/optee_os/out/arm/export-ta_arm32/lib/libutee.a(gprof_a32.o)
 .debug_aranges
                0x0000000000000448       0x28 /workspace/optee_os/out/arm/export-ta_arm32/lib/libutee.a(tee_api_arith_mpi.o)
 .debug_aranges
                0x0000000000000470       0x20 /workspace/optee_os/out/arm/export-ta_arm32/lib/libmbedtls.a(bignum.o)
 .debug_aranges
                0x0000000000000490       0x20 /workspace/optee_os/out/arm/export-ta_arm32/lib/libutils.a(bget_malloc.o)
 .debug_aranges
                0x00000000000004b0       0x20 /workspace/optee_os/out/arm/export-ta_arm32/lib/libutils.a(memcmp.o)
 .debug_aranges
                0x00000000000004d0       0x20 /workspace/optee_os/out/arm/export-ta_arm32/lib/libutils.a(memmove.o)
 .debug_aranges
                0x00000000000004f0       0x20 /workspace/optee_os/out/arm/export-ta_arm32/lib/libutils.a(mempool.o)
 .debug_aranges
                0x0000000000000510       0x20 /workspace/optee_os/out/arm/export-ta_arm32/lib/libutee.a(assert.o)

.debug_rnglists
                0x0000000000000000       0x3d
 .debug_rnglists
                0x0000000000000000       0x3d ./entry.o

.debug_macro    0x0000000000000000    0x111d9
 .debug_macro   0x0000000000000000       0xf2 ./entry.o
 .debug_macro   0x00000000000000f2      0xb5c ./entry.o
 .debug_macro   0x0000000000000c4e      0x16d ./entry.o
 .debug_macro   0x0000000000000dbb       0xcd ./entry.o
 .debug_macro   0x0000000000000e88      0x8ef ./entry.o
 .debug_macro   0x0000000000001777       0x7c ./entry.o
 .debug_macro   0x00000000000017f3      0x184 ./entry.o
 .debug_macro   0x0000000000001977       0xc4 ./entry.o
 .debug_macro   0x0000000000001a3b       0x22 ./entry.o
 .debug_macro   0x0000000000001a5d       0x35 ./entry.o
 .debug_macro   0x0000000000001a92       0x34 ./entry.o
 .debug_macro   0x0000000000001ac6       0x94 ./entry.o
 .debug_macro   0x0000000000001b5a       0x10 ./entry.o
 .debug_macro   0x0000000000001b6a       0x58 ./entry.o
 .debug_macro   0x0000000000001bc2       0xca ./entry.o
 .debug_macro   0x0000000000001c8c       0x22 ./entry.o
 .debug_macro   0x0000000000001cae       0x16 ./entry.o
 .debug_macro   0x0000000000001cc4       0xf7 ./user_ta_header.o
 .debug_macro   0x0000000000001dbb      0xb5c ./user_ta_header.o
 .debug_macro   0x0000000000002917       0xca ./user_ta_header.o
 .debug_macro   0x00000000000029e1       0x82 ./user_ta_header.o
 .debug_macro   0x0000000000002a63       0x2e ./user_ta_header.o
 .debug_macro   0x0000000000002a91       0x4d /workspace/optee_os/out/arm/export-ta_arm32/lib/libutils.a(snprintf.o)
 .debug_macro   0x0000000000002ade      0x93a /workspace/optee_os/out/arm/export-ta_arm32/lib/libutils.a(snprintf.o)
 .debug_macro   0x0000000000003418      0x29f /workspace/optee_os/out/arm/export-ta_arm32/lib/libutils.a(snprintf.o)
 .debug_macro   0x00000000000036b7      0x16d /workspace/optee_os/out/arm/export-ta_arm32/lib/libutils.a(snprintf.o)
 .debug_macro   0x0000000000003824       0x22 /workspace/optee_os/out/arm/export-ta_arm32/lib/libutils.a(snprintf.o)
 .debug_macro   0x0000000000003846       0x1a /workspace/optee_os/out/arm/export-ta_arm32/lib/libutils.a(stack_check.o)
 .debug_macro   0x0000000000003860      0x93a /workspace/optee_os/out/arm/export-ta_arm32/lib/libutils.a(stack_check.o)
 .debug_macro   0x000000000000419a       0x57 /workspace/optee_os/out/arm/export-ta_arm32/lib/libutils.a(memcpy.o)
 .debug_macro   0x00000000000041f1      0x93a /workspace/optee_os/out/arm/export-ta_arm32/lib/libutils.a(memcpy.o)
 .debug_macro   0x0000000000004b2b       0x7c /workspace/optee_os/out/arm/export-ta_arm32/lib/libutils.a(memcpy.o)
 .debug_macro   0x0000000000004ba7       0x51 /workspace/optee_os/out/arm/export-ta_arm32/lib/libutils.a(memset.o)
 .debug_macro   0x0000000000004bf8      0x93a /workspace/optee_os/out/arm/export-ta_arm32/lib/libutils.a(memset.o)
 .debug_macro   0x0000000000005532       0x54 /workspace/optee_os/out/arm/export-ta_arm32/lib/libutils.a(strcmp.o)
 .debug_macro   0x0000000000005586      0x93a /workspace/optee_os/out/arm/export-ta_arm32/lib/libutils.a(strcmp.o)
 .debug_macro   0x0000000000005ec0       0x5a /workspace/optee_os/out/arm/export-ta_arm32/lib/libutils.a(strlen.o)
 .debug_macro   0x0000000000005f1a      0x93a /workspace/optee_os/out/arm/export-ta_arm32/lib/libutils.a(strlen.o)
 .debug_macro   0x0000000000006854      0x134 /workspace/optee_os/out/arm/export-ta_arm32/lib/libutils.a(snprintk.o)
 .debug_macro   0x0000000000006988      0x93a /workspace/optee_os/out/arm/export-ta_arm32/lib/libutils.a(snprintk.o)
 .debug_macro   0x00000000000072c2       0xdd /workspace/optee_os/out/arm/export-ta_arm32/lib/libutils.a(trace.o)
 .debug_macro   0x000000000000739f      0x93a /workspace/optee_os/out/arm/export-ta_arm32/lib/libutils.a(trace.o)
 .debug_macro   0x0000000000007cd9       0xc4 /workspace/optee_os/out/arm/export-ta_arm32/lib/libutils.a(trace.o)
 .debug_macro   0x0000000000007d9d       0x22 /workspace/optee_os/out/arm/export-ta_arm32/lib/libutils.a(trace.o)
 .debug_macro   0x0000000000007dbf       0x1a /workspace/optee_os/out/arm/export-ta_arm32/lib/libutils.a(aeabi_unwind.o)
 .debug_macro   0x0000000000007dd9      0x93a /workspace/optee_os/out/arm/export-ta_arm32/lib/libutils.a(aeabi_unwind.o)
 .debug_macro   0x0000000000008713       0x66 /workspace/optee_os/out/arm/export-ta_arm32/lib/libutils.a(memchr.o)
 .debug_macro   0x0000000000008779      0x93a /workspace/optee_os/out/arm/export-ta_arm32/lib/libutils.a(memchr.o)
 .debug_macro   0x00000000000090b3       0x1a /workspace/optee_os/out/arm/export-ta_arm32/lib/libutils.a(arm32_aeabi_ldivmod.o)
 .debug_macro   0x00000000000090cd      0x93a /workspace/optee_os/out/arm/export-ta_arm32/lib/libutils.a(arm32_aeabi_ldivmod.o)
 .debug_macro   0x0000000000009a07       0xf1 /workspace/optee_os/out/arm/export-ta_arm32/lib/libutee.a(trace_ext.o)
 .debug_macro   0x0000000000009af8      0x93a /workspace/optee_os/out/arm/export-ta_arm32/lib/libutee.a(trace_ext.o)
 .debug_macro   0x000000000000a432      0x16f /workspace/optee_os/out/arm/export-ta_arm32/lib/libutee.a(tee_api.o)
 .debug_macro   0x000000000000a5a1      0x93a /workspace/optee_os/out/arm/export-ta_arm32/lib/libutee.a(tee_api.o)
 .debug_macro   0x000000000000aedb       0x10 /workspace/optee_os/out/arm/export-ta_arm32/lib/libutee.a(tee_api.o)