Archive member included to satisfy reference by file (symbol)

/workspace/optee_os/out/arm/export-ta_arm32/lib/libutils.a(trace.o)
                              ./aes_ta.o (trace_printf)
/workspace/optee_os/out/arm/export-ta_arm32/lib/libutils.a(aeabi_unwind.o)
                              ./aes_ta.o (__aeabi_unwind_cpp_pr0)
/workspace/optee_os/out/arm/export-ta_arm32/lib/libutils.a(snprintk.o)
                              /workspace/optee_os/out/arm/export-ta_arm32/lib/libutils.a(trace.o) (snprintk)
/workspace/optee_os/out/arm/export-ta_arm32/lib/libutils.a(memchr.o)
                              /workspace/optee_os/out/arm/export-ta_arm32/lib/libutils.a(snprintk.o) (memchr)
/workspace/optee_os/out/arm/export-ta_arm32/lib/libutils.a(strlen.o)
                              /workspace/optee_os/out/arm/export-ta_arm32/lib/libutils.a(snprintk.o) (strlen)
/workspace/optee_os/out/arm/export-ta_arm32/lib/libutils.a(arm32_aeabi_ldivmod_a32.o)
                              /workspace/optee_os/out/arm/export-ta_arm32/lib/libutils.a(snprintk.o) (__aeabi_uldivmod)
/workspace/optee_os/out/arm/export-ta_arm32/lib/libutils.a(arm32_aeabi_ldivmod.o)
                              /workspace/optee_os/out/arm/export-ta_arm32/lib/libutils.a(arm32_aeabi_ldivmod_a32.o) (__ul_divmod)
/workspace/optee_os/out/arm/export-ta_arm32/lib/libutee.a(trace_ext.o)
                              /workspace/optee_os/out/arm/export-ta_arm32/lib/libutils.a(trace.o) (trace_ext_puts)
/workspace/optee_os/out/arm/export-ta_arm32/lib/libutee.a(tee_api.o)
                              ./aes_ta.o (TEE_Malloc)
/workspace/optee_os/out/arm/export-ta_arm32/lib/libutee.a(tee_api_objects.o)
                              ./aes_ta.o (TEE_AllocateTransientObject)
/workspace/optee_os/out/arm/export-ta_arm32/lib/libutee.a(tee_api_operations.o)
                              ./aes_ta.o (TEE_FreeOperation)
/workspace/optee_os/out/arm/export-ta_arm32/lib/libutee.a(tee_api_panic.o)
                              /workspace/optee_os/out/arm/export-ta_arm32/lib/libutee.a(tee_api.o) (TEE_Panic)
/workspace/optee_os/out/arm/export-ta_arm32/lib/libutee.a(user_ta_entry.o)
                              ./user_ta_header.o (__utee_entry)
/workspace/optee_os/out/arm/export-ta_arm32/lib/libutee.a(utee_syscalls_a32.o)
                              /workspace/optee_os/out/arm/export-ta_arm32/lib/libutee.a(tee_api_panic.o) (utee_panic)
/workspace/optee_os/out/arm/export-ta_arm32/lib/libutee.a(gprof_a32.o)
                              /workspace/optee_os/out/arm/export-ta_arm32/lib/libutee.a(user_ta_entry.o) (__utee_mcount)
/workspace/optee_os/out/arm/export-ta_arm32/lib/libutee.a(tee_api_arith_mpi.o)
                              /workspace/optee_os/out/arm/export-ta_arm32/lib/libutee.a(user_ta_entry.o) (_TEE_MathAPI_Init)
/workspace/optee_os/out/arm/export-ta_arm32/lib/libmbedtls.a(bignum.o)
                              /workspace/optee_os/out/arm/export-ta_arm32/lib/libutee.a(tee_api_arith_mpi.o) (mbedtls_mpi_init_mempool)
/workspace/optee_os/out/arm/export-ta_arm32/lib/libutils.a(bget_malloc.o)
                              /workspace/optee_os/out/arm/export-ta_arm32/lib/libutee.a(tee_api.o) (malloc)
/workspace/optee_os/out/arm/export-ta_arm32/lib/libutils.a(snprintf.o)
                              /workspace/optee_os/out/arm/export-ta_arm32/lib/libutee.a(trace_ext.o) (vsnprintf)
/workspace/optee_os/out/arm/export-ta_arm32/lib/libutils.a(memcmp.o)
                              /workspace/optee_os/out/arm/export-ta_arm32/lib/libutee.a(tee_api.o) (memcmp)
/workspace/optee_os/out/arm/export-ta_arm32/lib/libutils.a(memcpy.o)
                              /workspace/optee_os/out/arm/export-ta_arm32/lib/libutee.a(tee_api_operations.o) (memcpy)
/workspace/optee_os/out/arm/export-ta_arm32/lib/libutils.a(memmove.o)
                              /workspace/optee_os/out/arm/export-ta_arm32/lib/libutee.a(tee_api.o) (memmove)
/workspace/optee_os/out/arm/export-ta_arm32/lib/libutils.a(memset.o)
                              /workspace/optee_os/out/arm/export-ta_arm32/lib/libutee.a(tee_api.o) (memset)
/workspace/optee_os/out/arm/export-ta_arm32/lib/libutils.a(buf_compare_ct.o)
                              /workspace/optee_os/out/arm/export-ta_arm32/lib/libutee.a(tee_api_operations.o) (buf_compare_ct)
/workspace/optee_os/out/arm/export-ta_arm32/lib/libutils.a(mempool.o)
                              /workspace/optee_os/out/arm/export-ta_arm32/lib/libutee.a(tee_api_arith_mpi.o) (mempool_alloc_pool)
/workspace/optee_os/out/arm/export-ta_arm32/lib/libutee.a(assert.o)
                              /workspace/optee_os/out/arm/export-ta_arm32/lib/libutils.a(bget_malloc.o) (_assert_log)

Discarded input sections

 .group         0x0000000000000000        0x8 ./aes_ta.o
 .group         0x0000000000000000        0x8 ./aes_ta.o
 .group         0x0000000000000000        0x8 ./aes_ta.o
 .group         0x0000000000000000        0x8 ./aes_ta.o
 .group         0x0000000000000000        0x8 ./aes_ta.o
[...]
Memory Configuration

Name             Origin             Length             Attributes
*default*        0x0000000000000000 0xffffffffffffffff

Linker script and memory map


.ta_head        0x0000000000000000       0x20
 *(SORT(.ta_head))
 .ta_head       0x0000000000000000       0x20 ./user_ta_header.o
                0x0000000000000000                ta_head

.text           0x0000000000000020     0x7e00
                0x0000000000000020                __text_start = .
 *(SORT(.text) SORT(.text.*))
 .text          0x0000000000000020      0x418 ./aes_ta.o
                0x0000000000000020                TA_CreateEntryPoint
                0x0000000000000024                TA_DestroyEntryPoint
                0x0000000000000026                TA_OpenSessionEntryPoint
                0x000000000000006c                TA_CloseSessionEntryPoint
                0x00000000000000b0                TA_InvokeCommandEntryPoint
 .text          0x0000000000000438      0x2bc /workspace/optee_os/out/arm/export-ta_arm32/lib/libutils.a(trace.o)
                0x0000000000000486                trace_set_level
                0x00000000000004a4                trace_get_level
                0x00000000000004b8                trace_printf
                0x00000000000005f4                dhex_dump
 .text          0x00000000000006f4      0x75c /workspace/optee_os/out/arm/export-ta_arm32/lib/libutils.a(snprintk.o)
                0x00000000000006f4                __vsnprintf
                0x0000000000000e28                vsnprintk
                0x0000000000000e36                snprintk
 .text.__aeabi_ldivmod
                0x0000000000000e50       0x18 /workspace/optee_os/out/arm/export-ta_arm32/lib/libutils.a(arm32_aeabi_ldivmod_a32.o)
                0x0000000000000e50                __aeabi_ldivmod
 .text.__aeabi_uldivmod
                0x0000000000000e68       0x18 /workspace/optee_os/out/arm/export-ta_arm32/lib/libutils.a(arm32_aeabi_ldivmod_a32.o)
                0x0000000000000e68                __aeabi_uldivmod
 .text          0x0000000000000e80       0x9c /workspace/optee_os/out/arm/export-ta_arm32/lib/libutee.a(trace_ext.o)
                0x0000000000000e80                trace_ext_puts
                0x0000000000000e94                trace_ext_get_thread_id
                0x0000000000000e9a                printf
                0x0000000000000ed4                puts
                0x0000000000000ef8                putchar
 .text          0x0000000000000f1c      0x2e4 /workspace/optee_os/out/arm/export-ta_arm32/lib/libutee.a(tee_api.o)
                0x0000000000000f1c                __utee_from_param
                0x0000000000000f6c                __utee_to_param
                0x0000000000000faa                TEE_OpenTASession
                0x0000000000000fee                TEE_CloseTASession
                0x0000000000001002                TEE_InvokeTACommand
                0x0000000000001068                TEE_GetCancellationFlag
                0x0000000000001084                TEE_UnmaskCancellation
                0x00000000000010a0                TEE_MaskCancellation
                0x00000000000010bc                TEE_CheckMemoryAccessRights
                0x00000000000010c6                TEE_SetInstanceData
                0x00000000000010d4                TEE_GetInstanceData
                0x00000000000010e0                TEE_MemMove
                0x00000000000010e4                TEE_MemCompare
                0x00000000000010e8                TEE_MemFill
                0x00000000000010ec                TEE_GetSystemTime
                0x0000000000001102                TEE_Wait
                0x0000000000001120                TEE_GetTAPersistentTime
                0x000000000000115c                TEE_SetTAPersistentTime
                0x0000000000001184                TEE_GetREETime
                0x000000000000119a                TEE_Malloc
                0x00000000000011e4                TEE_Realloc
                0x00000000000011e8                TEE_Free
                0x00000000000011ec                TEE_CacheClean
                0x00000000000011f2                TEE_CacheFlush
                0x00000000000011f8                TEE_CacheInvalidate
 .text          0x0000000000001200      0x78c /workspace/optee_os/out/arm/export-ta_arm32/lib/libutee.a(tee_api_objects.o)
                0x0000000000001200                __utee_from_attr
                0x000000000000123a                TEE_GetObjectInfo
                0x0000000000001264                TEE_GetObjectInfo1
                0x0000000000001284                TEE_RestrictObjectUsage1
                0x00000000000012a4                TEE_RestrictObjectUsage
                0x00000000000012d0                TEE_GetObjectBufferAttribute
                0x0000000000001340                TEE_GetObjectValueAttribute
                0x00000000000013c4                TEE_CloseObject
                0x00000000000013d8                TEE_AllocateTransientObject
                0x0000000000001408                TEE_FreeTransientObject
                0x0000000000001438                TEE_ResetTransientObject
                0x0000000000001468                TEE_PopulateTransientObject
                0x00000000000014d8                TEE_InitRefAttribute
                0x00000000000014fa                TEE_InitValueAttribute
                0x000000000000151c                TEE_CopyObjectAttributes1
                0x0000000000001584                TEE_CopyObjectAttributes
                0x00000000000015b4                TEE_GenerateKey
                0x00000000000015fc                TEE_OpenPersistentObject
                0x0000000000001660                TEE_CreatePersistentObject
                0x00000000000016f8                TEE_CloseAndDeletePersistentObject1
                0x000000000000171c                TEE_CloseAndDeletePersistentObject
                0x0000000000001732                TEE_RenamePersistentObject
                0x0000000000001778                TEE_AllocatePersistentObjectEnumerator
                0x00000000000017b0                TEE_FreePersistentObjectEnumerator
                0x00000000000017c4                TEE_ResetPersistentObjectEnumerator
                0x00000000000017d8                TEE_StartPersistentObjectEnumerator
                0x0000000000001804                TEE_GetNextPersistentObject
                0x0000000000001858                TEE_ReadObjectData
                0x0000000000001898                TEE_WriteObjectData
                0x00000000000018d8                TEE_TruncateObjectData
                0x0000000000001910                TEE_SeekObjectData
 .text          0x000000000000198c     0x15c8 /workspace/optee_os/out/arm/export-ta_arm32/lib/libutee.a(tee_api_operations.o)
                0x0000000000001aec                TEE_FreeOperation
                0x0000000000001b12                TEE_AllocateOperation
                0x0000000000002058                TEE_GetOperationInfo
                0x000000000000207a                TEE_GetOperationInfoMultiple
                0x0000000000002130                TEE_ResetOperation
                0x0000000000002170                TEE_SetOperationKey
                0x00000000000021fc                TEE_SetOperationKey2
                0x00000000000022f0                TEE_CopyOperation
                0x0000000000002394                TEE_DigestUpdate
                0x00000000000023c4                TEE_DigestDoFinal
                0x0000000000002434                TEE_CipherInit
                0x000000000000248a                TEE_CipherUpdate
                0x0000000000002570                TEE_CipherDoFinal
                0x0000000000002680                TEE_MACInit
                0x00000000000026d6                TEE_MACUpdate
                0x0000000000002724                TEE_MACComputeFinal
                0x000000000000278c                TEE_MACCompareFinal
                0x00000000000027f0                TEE_AEInit
                0x0000000000002860                TEE_AEUpdateAAD
                0x00000000000028a6                TEE_AEUpdate
                0x0000000000002974                TEE_AEEncryptFinal
                0x0000000000002a8c                TEE_AEDecryptFinal
                0x0000000000002b94                TEE_AsymmetricEncrypt
                0x0000000000002c50                TEE_AsymmetricDecrypt
                0x0000000000002d10                TEE_AsymmetricSignDigest
                0x0000000000002dc4                TEE_AsymmetricVerifyDigest
                0x0000000000002e70                TEE_DeriveKey
                0x0000000000002f2a                TEE_GenerateRandom
                0x0000000000002f3c                rand
 .text          0x0000000000002f54      0x214 /workspace/optee_os/out/arm/export-ta_arm32/lib/libutee.a(user_ta_entry.o)
                0x0000000000002fd8                __utee_entry
 .text          0x0000000000003168        0x0 /workspace/optee_os/out/arm/export-ta_arm32/lib/libutee.a(utee_syscalls_a32.o)
 .text.utee_panic
                0x0000000000003168       0x14 /workspace/optee_os/out/arm/export-ta_arm32/lib/libutee.a(utee_syscalls_a32.o)
                0x0000000000003168                utee_panic
 .text.utee_return
                0x000000000000317c       0x14 /workspace/optee_os/out/arm/export-ta_arm32/lib/libutee.a(utee_syscalls_a32.o)
                0x000000000000317c                utee_return
 .text.utee_log
                0x0000000000003190       0x14 /workspace/optee_os/out/arm/export-ta_arm32/lib/libutee.a(utee_syscalls_a32.o)
                0x0000000000003190                utee_log
 .text.__utee_panic
                0x00000000000031a4       0x14 /workspace/optee_os/out/arm/export-ta_arm32/lib/libutee.a(utee_syscalls_a32.o)
                0x00000000000031a4                __utee_panic
 .text.utee_get_property
                0x00000000000031b8       0x18 /workspace/optee_os/out/arm/export-ta_arm32/lib/libutee.a(utee_syscalls_a32.o)
                0x00000000000031b8                utee_get_property
 .text.utee_get_property_name_to_index
                0x00000000000031d0       0x14 /workspace/optee_os/out/arm/export-ta_arm32/lib/libutee.a(utee_syscalls_a32.o)
                0x00000000000031d0                utee_get_property_name_to_index
 .text.utee_open_ta_session
                0x00000000000031e4       0x18 /workspace/optee_os/out/arm/export-ta_arm32/lib/libutee.a(utee_syscalls_a32.o)
                0x00000000000031e4                utee_open_ta_session
 .text.utee_close_ta_session
                0x00000000000031fc       0x14 /workspace/optee_os/out/arm/export-ta_arm32/lib/libutee.a(utee_syscalls_a32.o)
                0x00000000000031fc                utee_close_ta_session
 .text.utee_invoke_ta_command
                0x0000000000003210       0x18 /workspace/optee_os/out/arm/export-ta_arm32/lib/libutee.a(utee_syscalls_a32.o)
                0x0000000000003210                utee_invoke_ta_command
 .text.utee_get_cancellation_flag
                0x0000000000003228       0x14 /workspace/optee_os/out/arm/export-ta_arm32/lib/libutee.a(utee_syscalls_a32.o)
                0x0000000000003228                utee_get_cancellation_flag
 .text.utee_check_access_rights
                0x000000000000323c       0x14 /workspace/optee_os/out/arm/export-ta_arm32/lib/libutee.a(utee_syscalls_a32.o)
                0x000000000000323c                utee_check_access_rights
 .text.utee_unmask_cancellation
                0x0000000000003250       0x14 /workspace/optee_os/out/arm/export-ta_arm32/lib/libutee.a(utee_syscalls_a32.o)
                0x0000000000003250                utee_unmask_cancellation
 .text.utee_mask_cancellation
                0x0000000000003264       0x14 /workspace/optee_os/out/arm/export-ta_arm32/lib/libutee.a(utee_syscalls_a32.o)
                0x0000000000003264                utee_mask_cancellation
 .text.utee_wait
                0x0000000000003278       0x14 /workspace/optee_os/out/arm/export-ta_arm32/lib/libutee.a(utee_syscalls_a32.o)
                0x0000000000003278                utee_wait
 .text.utee_get_time
                0x000000000000328c       0x14 /workspace/optee_os/out/arm/export-ta_arm32/lib/libutee.a(utee_syscalls_a32.o)
                0x000000000000328c                utee_get_time
 .text.utee_set_ta_time
                0x00000000000032a0       0x14 /workspace/optee_os/out/arm/export-ta_arm32/lib/libutee.a(utee_syscalls_a32.o)
                0x00000000000032a0                utee_set_ta_time
 .text.utee_cryp_state_alloc
                0x00000000000032b4       0x18 /workspace/optee_os/out/arm/export-ta_arm32/lib/libutee.a(utee_syscalls_a32.o)
                0x00000000000032b4                utee_cryp_state_alloc
 .text.utee_cryp_state_copy
                0x00000000000032cc       0x14 /workspace/optee_os/out/arm/export-ta_arm32/lib/libutee.a(utee_syscalls_a32.o)
                0x00000000000032cc                utee_cryp_state_copy
 .text.utee_cryp_state_free
                0x00000000000032e0       0x14 /workspace/optee_os/out/arm/export-ta_arm32/lib/libutee.a(utee_syscalls_a32.o)
                0x00000000000032e0                utee_cryp_state_free
 .text.utee_hash_init
                0x00000000000032f4       0x14 /workspace/optee_os/out/arm/export-ta_arm32/lib/libutee.a(utee_syscalls_a32.o)
                0x00000000000032f4                utee_hash_init
 .text.utee_hash_update
                0x0000000000003308       0x14 /workspace/optee_os/out/arm/export-ta_arm32/lib/libutee.a(utee_syscalls_a32.o)
                0x0000000000003308                utee_hash_update
 .text.utee_hash_final
                0x000000000000331c       0x18 /workspace/optee_os/out/arm/export-ta_arm32/lib/libutee.a(utee_syscalls_a32.o)
                0x000000000000331c                utee_hash_final
 .text.utee_cipher_init
                0x0000000000003334       0x14 /workspace/optee_os/out/arm/export-ta_arm32/lib/libutee.a(utee_syscalls_a32.o)
                0x0000000000003334                utee_cipher_init
 .text.utee_cipher_update
                0x0000000000003348       0x18 /workspace/optee_os/out/arm/export-ta_arm32/lib/libutee.a(utee_syscalls_a32.o)
                0x0000000000003348                utee_cipher_update
 .text.utee_cipher_final
                0x0000000000003360       0x18 /workspace/optee_os/out/arm/export-ta_arm32/lib/libutee.a(utee_syscalls_a32.o)
                0x0000000000003360                utee_cipher_final
 .text.utee_cryp_obj_get_info
                0x0000000000003378       0x14 /workspace/optee_os/out/arm/export-ta_arm32/lib/libutee.a(utee_syscalls_a32.o)
                0x0000000000003378                utee_cryp_obj_get_info
 .text.utee_cryp_obj_restrict_usage
                0x000000000000338c       0x14 /workspace/optee_os/out/arm/export-ta_arm32/lib/libutee.a(utee_syscalls_a32.o)
                0x000000000000338c                utee_cryp_obj_restrict_usage
 .text.utee_cryp_obj_get_attr
                0x00000000000033a0       0x14 /workspace/optee_os/out/arm/export-ta_arm32/lib/libutee.a(utee_syscalls_a32.o)
                0x00000000000033a0                utee_cryp_obj_get_attr
 .text.utee_cryp_obj_alloc
                0x00000000000033b4       0x14 /workspace/optee_os/out/arm/export-ta_arm32/lib/libutee.a(utee_syscalls_a32.o)
                0x00000000000033b4                utee_cryp_obj_alloc
 .text.utee_cryp_obj_close
                0x00000000000033c8       0x14 /workspace/optee_os/out/arm/export-ta_arm32/lib/libutee.a(utee_syscalls_a32.o)
                0x00000000000033c8                utee_cryp_obj_close
 .text.utee_cryp_obj_reset
                0x00000000000033dc       0x14 /workspace/optee_os/out/arm/export-ta_arm32/lib/libutee.a(utee_syscalls_a32.o)
                0x00000000000033dc                utee_cryp_obj_reset
 .text.utee_cryp_obj_populate
                0x00000000000033f0       0x14 /workspace/optee_os/out/arm/export-ta_arm32/lib/libutee.a(utee_syscalls_a32.o)
                0x00000000000033f0                utee_cryp_obj_populate
 .text.utee_cryp_obj_copy
                0x0000000000003404       0x14 /workspace/optee_os/out/arm/export-ta_arm32/lib/libutee.a(utee_syscalls_a32.o)
                0x0000000000003404                utee_cryp_obj_copy
 .text.utee_cryp_derive_key
                0x0000000000003418       0x14 /workspace/optee_os/out/arm/export-ta_arm32/lib/libutee.a(utee_syscalls_a32.o)
                0x0000000000003418                utee_cryp_derive_key
 .text.utee_cryp_random_number_generate
                0x000000000000342c       0x14 /workspace/optee_os/out/arm/export-ta_arm32/lib/libutee.a(utee_syscalls_a32.o)
                0x000000000000342c                utee_cryp_random_number_generate
 .text.utee_authenc_init
                0x0000000000003440       0x18 /workspace/optee_os/out/arm/export-ta_arm32/lib/libutee.a(utee_syscalls_a32.o)
                0x0000000000003440                utee_authenc_init
 .text.utee_authenc_update_aad
                0x0000000000003458       0x14 /workspace/optee_os/out/arm/export-ta_arm32/lib/libutee.a(utee_syscalls_a32.o)
                0x0000000000003458                utee_authenc_update_aad
 .text.utee_authenc_update_payload
                0x000000000000346c       0x18 /workspace/optee_os/out/arm/export-ta_arm32/lib/libutee.a(utee_syscalls_a32.o)
                0x000000000000346c                utee_authenc_update_payload
 .text.utee_authenc_enc_final
                0x0000000000003484       0x18 /workspace/optee_os/out/arm/export-ta_arm32/lib/libutee.a(utee_syscalls_a32.o)
                0x0000000000003484                utee_authenc_enc_final
 .text.utee_authenc_dec_final
                0x000000000000349c       0x18 /workspace/optee_os/out/arm/export-ta_arm32/lib/libutee.a(utee_syscalls_a32.o)
                0x000000000000349c                utee_authenc_dec_final
 .text.utee_asymm_operate
                0x00000000000034b4       0x18 /workspace/optee_os/out/arm/export-ta_arm32/lib/libutee.a(utee_syscalls_a32.o)
                0x00000000000034b4                utee_asymm_operate
 .text.utee_asymm_verify
                0x00000000000034cc       0x18 /workspace/optee_os/out/arm/export-ta_arm32/lib/libutee.a(utee_syscalls_a32.o)
                0x00000000000034cc                utee_asymm_verify
 .text.utee_storage_obj_open
                0x00000000000034e4       0x18 /workspace/optee_os/out/arm/export-ta_arm32/lib/libutee.a(utee_syscalls_a32.o)
                0x00000000000034e4                utee_storage_obj_open
 .text.utee_storage_obj_create
                0x00000000000034fc       0x18 /workspace/optee_os/out/arm/export-ta_arm32/lib/libutee.a(utee_syscalls_a32.o)
                0x00000000000034fc                utee_storage_obj_create
 .text.utee_storage_obj_del
                0x0000000000003514       0x14 /workspace/optee_os/out/arm/export-ta_arm32/lib/libutee.a(utee_syscalls_a32.o)
                0x0000000000003514                utee_storage_obj_del
 .text.utee_storage_obj_rename
                0x0000000000003528       0x14 /workspace/optee_os/out/arm/export-ta_arm32/lib/libutee.a(utee_syscalls_a32.o)
                0x0000000000003528                utee_storage_obj_rename
 .text.utee_storage_alloc_enum
                0x000000000000353c       0x14 /workspace/optee_os/out/arm/export-ta_arm32/lib/libutee.a(utee_syscalls_a32.o)
                0x000000000000353c                utee_storage_alloc_enum
 .text.utee_storage_free_enum
                0x0000000000003550       0x14 /workspace/optee_os/out/arm/export-ta_arm32/lib/libutee.a(utee_syscalls_a32.o)
                0x0000000000003550                utee_storage_free_enum
 .text.utee_storage_reset_enum
                0x0000000000003564       0x14 /workspace/optee_os/out/arm/export-ta_arm32/lib/libutee.a(utee_syscalls_a32.o)
                0x0000000000003564                utee_storage_reset_enum
 .text.utee_storage_start_enum
                0x0000000000003578       0x14 /workspace/optee_os/out/arm/export-ta_arm32/lib/libutee.a(utee_syscalls_a32.o)
                0x0000000000003578                utee_storage_start_enum
 .text.utee_storage_next_enum
                0x000000000000358c       0x14 /workspace/optee_os/out/arm/export-ta_arm32/lib/libutee.a(utee_syscalls_a32.o)
                0x000000000000358c                utee_storage_next_enum
 .text.utee_storage_obj_read
                0x00000000000035a0       0x14 /workspace/optee_os/out/arm/export-ta_arm32/lib/libutee.a(utee_syscalls_a32.o)
                0x00000000000035a0                utee_storage_obj_read
 .text.utee_storage_obj_write
                0x00000000000035b4       0x14 /workspace/optee_os/out/arm/export-ta_arm32/lib/libutee.a(utee_syscalls_a32.o)
                0x00000000000035b4                utee_storage_obj_write
 .text.utee_storage_obj_trunc
                0x00000000000035c8       0x14 /workspace/optee_os/out/arm/export-ta_arm32/lib/libutee.a(utee_syscalls_a32.o)
                0x00000000000035c8                utee_storage_obj_trunc
 .text.utee_storage_obj_seek
                0x00000000000035dc       0x14 /workspace/optee_os/out/arm/export-ta_arm32/lib/libutee.a(utee_syscalls_a32.o)
                0x00000000000035dc                utee_storage_obj_seek
 .text.utee_cryp_obj_generate_key
                0x00000000000035f0       0x14 /workspace/optee_os/out/arm/export-ta_arm32/lib/libutee.a(utee_syscalls_a32.o)
                0x00000000000035f0                utee_cryp_obj_generate_key
 .text.utee_cache_operation
                0x0000000000003604       0x14 /workspace/optee_os/out/arm/export-ta_arm32/lib/libutee.a(utee_syscalls_a32.o)
                0x0000000000003604                utee_cache_operation
 .text.__utee_mcount
                0x0000000000003618        0xc /workspace/optee_os/out/arm/export-ta_arm32/lib/libutee.a(gprof_a32.o)
                0x0000000000003618                __utee_mcount
 .text          0x0000000000003624     0x1014 /workspace/optee_os/out/arm/export-ta_arm32/lib/libutee.a(tee_api_arith_mpi.o)
                0x0000000000003bd0                _TEE_MathAPI_Init
                0x0000000000003c14                TEE_BigIntInit
                0x0000000000003c54                TEE_BigIntConvertFromOctetString
                0x0000000000003c94                TEE_BigIntConvertToOctetString
                0x0000000000003cec                TEE_BigIntConvertFromS32
                0x0000000000003d24                TEE_BigIntConvertToS32
                0x0000000000003d7c                TEE_BigIntCmp
                0x0000000000003db0                TEE_BigIntCmpS32
                0x0000000000003ec0                TEE_BigIntShiftRight
                0x0000000000003fb4                TEE_BigIntGetBit
                0x0000000000003fde                TEE_BigIntGetBitCount
                0x0000000000004000                TEE_BigIntAdd
                0x000000000000401c                TEE_BigIntSub
                0x0000000000004038                TEE_BigIntNeg
                0x0000000000004090                TEE_BigIntMul
                0x0000000000004134                TEE_BigIntSquare
                0x000000000000413a                TEE_BigIntDiv
                0x00000000000041e8                TEE_BigIntMod
                0x0000000000004238                TEE_BigIntAddMod
                0x0000000000004254                TEE_BigIntSubMod
                0x0000000000004270                TEE_BigIntMulMod
                0x000000000000428c                TEE_BigIntSquareMod
                0x0000000000004294                TEE_BigIntInvMod
                0x0000000000004338                TEE_BigIntRelativePrime
                0x00000000000043b4                TEE_BigIntComputeExtendedGcd
                0x0000000000004508                TEE_BigIntIsProbablePrime
                0x0000000000004538                TEE_BigIntInitFMM
                0x000000000000453c                TEE_BigIntInitFMMContext
                0x000000000000453e                TEE_BigIntFMMSizeInU32
                0x0000000000004546                TEE_BigIntFMMContextSizeInU32
                0x000000000000454a                TEE_BigIntConvertToFMM
                0x000000000000454e                TEE_BigIntConvertFromFMM
                0x0000000000004598                TEE_BigIntComputeFMM
 .text.unlikely
                0x0000000000004638       0x20 /workspace/optee_os/out/arm/export-ta_arm32/lib/libutee.a(tee_api_arith_mpi.o)
 .text          0x0000000000004658     0x2800 /workspace/optee_os/out/arm/export-ta_arm32/lib/libmbedtls.a(bignum.o)
                0x0000000000004bc8                mbedtls_mpi_init
                0x0000000000004bda                mbedtls_mpi_init_mempool
                0x0000000000004c00                mbedtls_mpi_init_static
                0x0000000000004c12                mbedtls_mpi_free
                0x0000000000004c60                mbedtls_mpi_grow
                0x0000000000004d08                mbedtls_mpi_shrink
                0x0000000000004dd4                mbedtls_mpi_copy
                0x0000000000004e2a                mbedtls_mpi_swap
                0x0000000000004e58                mbedtls_mpi_safe_cond_assign
                0x0000000000004ec4                mbedtls_mpi_safe_cond_swap
                0x0000000000004f4a                mbedtls_mpi_lset
                0x0000000000004f82                mbedtls_mpi_get_bit
                0x0000000000004fa2                mbedtls_mpi_set_bit
                0x0000000000004ff2                mbedtls_mpi_lsb
                0x0000000000005020                mbedtls_mpi_bitlen
                0x0000000000005062                mbedtls_mpi_size
                0x000000000000506e                mbedtls_mpi_read_binary
                0x00000000000050d4                mbedtls_mpi_write_binary
                0x000000000000511a                mbedtls_mpi_shift_l
                0x00000000000051b2                mbedtls_mpi_shift_r
                0x000000000000522a                mbedtls_mpi_cmp_abs
                0x0000000000005298                mbedtls_mpi_cmp_mpi
                0x000000000000532e                mbedtls_mpi_cmp_int
                0x000000000000535e                mbedtls_mpi_add_abs
                0x000000000000541a                mbedtls_mpi_sub_abs
                0x000000000000549a                mbedtls_mpi_add_mpi
                0x00000000000054e2                mbedtls_mpi_sub_mpi
                0x000000000000552e                mbedtls_mpi_add_int
                0x000000000000555e                mbedtls_mpi_sub_int
                0x000000000000558e                mbedtls_mpi_mul_mpi
                0x000000000000566a                mbedtls_mpi_mul_int
                0x0000000000005688                mbedtls_mpi_read_string
                0x00000000000057b4                mbedtls_mpi_div_mpi
                0x0000000000005b56                mbedtls_mpi_div_int
                0x0000000000005b84                mbedtls_mpi_mod_mpi
                0x0000000000005be8                mbedtls_mpi_mod_int
                0x0000000000005c8e                mbedtls_mpi_write_string
                0x0000000000005e18                mbedtls_mpi_montg_init
                0x0000000000005e40                mbedtls_mpi_montmul
                0x0000000000005f04                mbedtls_mpi_montred
                0x0000000000005f28                mbedtls_mpi_exp_mod
                0x000000000000636e                mbedtls_mpi_gcd
                0x0000000000006482                mbedtls_mpi_fill_random
                0x00000000000066ca                mbedtls_mpi_inv_mod
                0x000000000000699a                mbedtls_mpi_is_prime
                0x00000000000069f6                mbedtls_mpi_gen_prime
                0x0000000000006b2c                mbedtls_mpi_self_test
 .text          0x0000000000006e58      0xbdc /workspace/optee_os/out/arm/export-ta_arm32/lib/libutils.a(bget_malloc.o)
                0x0000000000006f60                bget
                0x00000000000070cc                bgetz
                0x0000000000007128                brel
                0x0000000000007320                bgetr
                0x000000000000739c                bpool
                0x0000000000007438                bstats
                0x000000000000749c                malloc_reset_stats
                0x00000000000074b0                malloc_get_stats
                0x00000000000074d0                malloc
                0x00000000000074d2                free
                0x00000000000074e4                calloc
                0x000000000000752c                realloc
                0x0000000000007564                memalign
                0x0000000000007814                malloc_add_pool
                0x000000000000790c                malloc_buffer_is_within_alloced
                0x00000000000079e8                malloc_buffer_overlaps_heap
 .text          0x0000000000007a34      0x104 /workspace/optee_os/out/arm/export-ta_arm32/lib/libutils.a(mempool.o)
                0x0000000000007a34                mempool_alloc_pool
                0x0000000000007a78                mempool_alloc
                0x0000000000007ae4                mempool_calloc
                0x0000000000007b08                mempool_free
 .text          0x0000000000007b38       0x38 /workspace/optee_os/out/arm/export-ta_arm32/lib/libutee.a(assert.o)
                0x0000000000007b38                _assert_log
                0x0000000000007b60                _assert_break
 .text          0x0000000000007b70        0x4 ./user_ta_header.o
                0x0000000000007b70                tahead_get_trace_level
 .text          0x0000000000007b74        0x6 /workspace/optee_os/out/arm/export-ta_arm32/lib/libutils.a(aeabi_unwind.o)
                0x0000000000007b74                __aeabi_unwind_cpp_pr0
                0x0000000000007b76                __aeabi_unwind_cpp_pr1
                0x0000000000007b78                __aeabi_unwind_cpp_pr2
 .text          0x0000000000007b7a       0x1c /workspace/optee_os/out/arm/export-ta_arm32/lib/libutils.a(memchr.o)
                0x0000000000007b7a                memchr
 .text          0x0000000000007b96       0x10 /workspace/optee_os/out/arm/export-ta_arm32/lib/libutils.a(strlen.o)
                0x0000000000007b96                strlen
 .text          0x0000000000007ba6      0x160 /workspace/optee_os/out/arm/export-ta_arm32/lib/libutils.a(arm32_aeabi_ldivmod.o)
                0x0000000000007ba6                __ul_divmod
                0x0000000000007c1a                __l_divmod
 .text          0x0000000000007d06        0x4 /workspace/optee_os/out/arm/export-ta_arm32/lib/libutee.a(tee_api_panic.o)
                0x0000000000007d06                TEE_Panic
 .text          0x0000000000007d0a       0x2c /workspace/optee_os/out/arm/export-ta_arm32/lib/libutils.a(snprintf.o)
                0x0000000000007d0a                snprintf
                0x0000000000007d28                vsnprintf
 .text          0x0000000000007d36       0x1e /workspace/optee_os/out/arm/export-ta_arm32/lib/libutils.a(memcmp.o)
                0x0000000000007d36                memcmp
 .text          0x0000000000007d54       0x16 /workspace/optee_os/out/arm/export-ta_arm32/lib/libutils.a(memcpy.o)
                0x0000000000007d54                memcpy
 .text          0x0000000000007d6a       0x34 /workspace/optee_os/out/arm/export-ta_arm32/lib/libutils.a(memmove.o)
                0x0000000000007d6a                memmove
 .text          0x0000000000007d9e       0x10 /workspace/optee_os/out/arm/export-ta_arm32/lib/libutils.a(memset.o)
                0x0000000000007d9e                memset
 .text          0x0000000000007dae       0x2c /workspace/optee_os/out/arm/export-ta_arm32/lib/libutils.a(buf_compare_ct.o)
                0x0000000000007dae                buf_compare_ct
 .text          0x0000000000007dda        0x0 /workspace/optee_os/out/arm/export-ta_arm32/lib/libutils.a(arm32_aeabi_ldivmod_a32.o)
 .text          0x0000000000007dda        0x0 /workspace/optee_os/out/arm/export-ta_arm32/lib/libutee.a(gprof_a32.o)
 *fill*         0x0000000000007dda        0x6 
 .text.__stub   0x0000000000007de0       0x40 linker stubs
 *(SORT(.stub))
 *(SORT(.glue_7))
 .glue_7        0x0000000000007e20        0x0 linker stubs
 *(SORT(.glue_7t))
 .glue_7t       0x0000000000007e20        0x0 linker stubs
 *(SORT(.gnu.linkonce.t.*))
 *(SORT(.vfp11_veneer))
 .vfp11_veneer  0x0000000000007e20        0x0 linker stubs
                [!provide]                        PROVIDE (__gnu_mcount_nc, __utee_mcount)
                0x0000000000007e20                __text_end = .

.v4_bx          0x0000000000007e20        0x0
 .v4_bx         0x0000000000007e20        0x0 linker stubs

.iplt           0x0000000000007e20        0x0
 .iplt          0x0000000000007e20        0x0 ./aes_ta.o

.plt            0x0000000000007e20        0x0
 *(SORT(.plt))
 .plt           0x0000000000007e20        0x0 ./aes_ta.o

.eh_frame
 *(SORT(.eh_frame))

.rodata         0x0000000000007e20     0x1270
 *(SORT(.gnu.linkonce.r.*))
 *(SORT(.rodata) SORT(.rodata.*))
 .rodata.user_ta_header.c
                0x0000000000007e20       0x17 ./user_ta_header.o
                0x0000000000007e20                ta_num_props
                0x0000000000007e30                ta_heap_size
                0x0000000000007e34                trace_ext_prefix
 *fill*         0x0000000000007e37        0x1 
 .rodata.lib/libmbedtls/mbedtls/library/bignum.c
                0x0000000000007e38      0x2c4 /workspace/optee_os/out/arm/export-ta_arm32/lib/libmbedtls.a(bignum.o)
 .rodata.aes_ta.c
                0x00000000000080fc       0xb3 ./aes_ta.o
 .rodata.str1.1.aes_ta.c
                0x00000000000081af      0x1cc ./aes_ta.o
 .rodata.str1.1.user_ta_header.c
                0x000000000000837b       0xae ./user_ta_header.o
 .rodata.lib/libutils/ext/trace.c
                0x0000000000008429        0xf /workspace/optee_os/out/arm/export-ta_arm32/lib/libutils.a(trace.o)
 .rodata.str1.1.lib/libutils/ext/trace.c
                0x0000000000008438       0x3a /workspace/optee_os/out/arm/export-ta_arm32/lib/libutils.a(trace.o)
                                         0x3d (size before relaxing)
 .rodata.lib/libutils/ext/snprintk.c
                0x0000000000008472       0x22 /workspace/optee_os/out/arm/export-ta_arm32/lib/libutils.a(snprintk.o)
 .rodata.str1.1.lib/libutils/ext/snprintk.c
                0x0000000000008494       0x38 /workspace/optee_os/out/arm/export-ta_arm32/lib/libutils.a(snprintk.o)
 .rodata.str1.1.lib/libutee/trace_ext.c
                0x00000000000084cc       0x38 /workspace/optee_os/out/arm/export-ta_arm32/lib/libutee.a(trace_ext.o)
                                          0x2 (size before relaxing)
 .rodata.lib/libutee/tee_api.c
                0x00000000000084cc        0xb /workspace/optee_os/out/arm/export-ta_arm32/lib/libutee.a(tee_api.o)
 .rodata.str1.1.lib/libutee/tee_api.c
                0x00000000000084d7       0x11 /workspace/optee_os/out/arm/export-ta_arm32/lib/libutee.a(tee_api.o)
 .rodata.lib/libutee/tee_api_arith_mpi.c
                0x00000000000084e8      0x143 /workspace/optee_os/out/arm/export-ta_arm32/lib/libutee.a(tee_api_arith_mpi.o)
 .rodata.str1.1.lib/libutee/tee_api_arith_mpi.c
                0x000000000000862b       0xb7 /workspace/optee_os/out/arm/export-ta_arm32/lib/libutee.a(tee_api_arith_mpi.o)
 .rodata.str1.1.lib/libmbedtls/mbedtls/library/bignum.c
                0x00000000000086e2      0x45d /workspace/optee_os/out/arm/export-ta_arm32/lib/libmbedtls.a(bignum.o)
 .rodata.lib/libutils/isoc/bget_malloc.c
                0x0000000000008b3f       0x8a /workspace/optee_os/out/arm/export-ta_arm32/lib/libutils.a(bget_malloc.o)
 .rodata.str1.1.lib/libutils/isoc/bget_malloc.c
                0x0000000000008bc9      0x408 /workspace/optee_os/out/arm/export-ta_arm32/lib/libutils.a(bget_malloc.o)
                                        0x411 (size before relaxing)
 .rodata.lib/libutils/ext/mempool.c
                0x0000000000008fd1       0x21 /workspace/optee_os/out/arm/export-ta_arm32/lib/libutils.a(mempool.o)
 .rodata.str1.1.lib/libutils/ext/mempool.c
                0x0000000000008ff2       0x77 /workspace/optee_os/out/arm/export-ta_arm32/lib/libutils.a(mempool.o)
 .rodata.str1.1.lib/libutee/assert.c
                0x0000000000009069       0x27 /workspace/optee_os/out/arm/export-ta_arm32/lib/libutee.a(assert.o)

.ARM.extab      0x0000000000009090       0xfc
 .ARM.extab     0x0000000000009090        0x0 ./aes_ta.o
 .ARM.extab     0x0000000000009090        0x0 ./user_ta_header.o
 .ARM.extab     0x0000000000009090        0xc /workspace/optee_os/out/arm/export-ta_arm32/lib/libutils.a(trace.o)
 .ARM.extab     0x000000000000909c        0x0 /workspace/optee_os/out/arm/export-ta_arm32/lib/libutils.a(aeabi_unwind.o)
 .ARM.extab     0x000000000000909c        0xc /workspace/optee_os/out/arm/export-ta_arm32/lib/libutils.a(snprintk.o)
 .ARM.extab     0x00000000000090a8        0x0 /workspace/optee_os/out/arm/export-ta_arm32/lib/libutils.a(memchr.o)
 .ARM.extab     0x00000000000090a8        0x0 /workspace/optee_os/out/arm/export-ta_arm32/lib/libutils.a(strlen.o)
 .ARM.extab     0x00000000000090a8        0x0 /workspace/optee_os/out/arm/export-ta_arm32/lib/libutils.a(arm32_aeabi_ldivmod.o)
 .ARM.extab     0x00000000000090a8        0xc /workspace/optee_os/out/arm/export-ta_arm32/lib/libutee.a(trace_ext.o)
 .ARM.extab     0x00000000000090b4       0x24 /workspace/optee_os/out/arm/export-ta_arm32/lib/libutee.a(tee_api.o)
 .ARM.extab     0x00000000000090d8       0x30 /workspace/optee_os/out/arm/export-ta_arm32/lib/libutee.a(tee_api_objects.o)
 .ARM.extab     0x0000000000009108        0xc /workspace/optee_os/out/arm/export-ta_arm32/lib/libutee.a(tee_api_operations.o)
 .ARM.extab     0x0000000000009114        0x0 /workspace/optee_os/out/arm/export-ta_arm32/lib/libutee.a(tee_api_panic.o)
 .ARM.extab     0x0000000000009114        0x0 /workspace/optee_os/out/arm/export-ta_arm32/lib/libutee.a(user_ta_entry.o)
 .ARM.extab     0x0000000000009114       0x24 /workspace/optee_os/out/arm/export-ta_arm32/lib/libutee.a(tee_api_arith_mpi.o)
 .ARM.extab     0x0000000000009138       0x24 /workspace/optee_os/out/arm/export-ta_arm32/lib/libmbedtls.a(bignum.o)
 .ARM.extab     0x000000000000915c       0x18 /workspace/optee_os/out/arm/export-ta_arm32/lib/libutils.a(bget_malloc.o)
 .ARM.extab     0x0000000000009174        0xc /workspace/optee_os/out/arm/export-ta_arm32/lib/libutils.a(snprintf.o)
 .ARM.extab     0x0000000000009180        0x0 /workspace/optee_os/out/arm/export-ta_arm32/lib/libutils.a(memcmp.o)
 .ARM.extab     0x0000000000009180        0x0 /workspace/optee_os/out/arm/export-ta_arm32/lib/libutils.a(memcpy.o)
 .ARM.extab     0x0000000000009180        0x0 /workspace/optee_os/out/arm/export-ta_arm32/lib/libutils.a(memmove.o)
 .ARM.extab     0x0000000000009180        0x0 /workspace/optee_os/out/arm/export-ta_arm32/lib/libutils.a(memset.o)
 .ARM.extab     0x0000000000009180        0x0 /workspace/optee_os/out/arm/export-ta_arm32/lib/libutils.a(buf_compare_ct.o)
 .ARM.extab     0x0000000000009180        0x0 /workspace/optee_os/out/arm/export-ta_arm32/lib/libutils.a(mempool.o)
 .ARM.extab     0x0000000000009180        0xc /workspace/optee_os/out/arm/export-ta_arm32/lib/libutee.a(assert.o)

.gnu.version_d  0x000000000000918c        0x0
 .gnu.version_d
                0x000000000000918c        0x0 ./aes_ta.o

.gnu.version    0x000000000000918c        0x0
 .gnu.version   0x000000000000918c        0x0 ./aes_ta.o

.gnu.version_r  0x000000000000918c        0x0
 .gnu.version_r
                0x000000000000918c        0x0 ./aes_ta.o

.ARM.extab.text.__aeabi_ldivmod
                0x000000000000918c        0xc
 .ARM.extab.text.__aeabi_ldivmod
                0x000000000000918c        0xc /workspace/optee_os/out/arm/export-ta_arm32/lib/libutils.a(arm32_aeabi_ldivmod_a32.o)

.ARM.extab.text.__aeabi_uldivmod
                0x0000000000009198        0xc
 .ARM.extab.text.__aeabi_uldivmod
                0x0000000000009198        0xc /workspace/optee_os/out/arm/export-ta_arm32/lib/libutils.a(arm32_aeabi_ldivmod_a32.o)

.ARM.extab.text.utee_panic
                0x00000000000091a4        0xc
 .ARM.extab.text.utee_panic
                0x00000000000091a4        0xc /workspace/optee_os/out/arm/export-ta_arm32/lib/libutee.a(utee_syscalls_a32.o)

.ARM.extab.text.utee_return
                0x00000000000091b0        0x0
 .ARM.extab.text.utee_return
                0x00000000000091b0        0x0 /workspace/optee_os/out/arm/export-ta_arm32/lib/libutee.a(utee_syscalls_a32.o)

.ARM.extab.text.utee_log
                0x00000000000091b0        0x0
 .ARM.extab.text.utee_log
                0x00000000000091b0        0x0 /workspace/optee_os/out/arm/export-ta_arm32/lib/libutee.a(utee_syscalls_a32.o)

.ARM.extab.text.__utee_panic
                0x00000000000091b0        0x0
 .ARM.extab.text.__utee_panic
                0x00000000000091b0        0x0 /workspace/optee_os/out/arm/export-ta_arm32/lib/libutee.a(utee_syscalls_a32.o)

.ARM.extab.text.utee_get_property
                0x00000000000091b0        0x0
 .ARM.extab.text.utee_get_property
                0x00000000000091b0        0x0 /workspace/optee_os/out/arm/export-ta_arm32/lib/libutee.a(utee_syscalls_a32.o)

.ARM.extab.text.utee_get_property_name_to_index
                0x00000000000091b0        0x0
 .ARM.extab.text.utee_get_property_name_to_index
                0x00000000000091b0        0x0 /workspace/optee_os/out/arm/export-ta_arm32/lib/libutee.a(utee_syscalls_a32.o)

.ARM.extab.text.utee_open_ta_session
                0x00000000000091b0        0x0
 .ARM.extab.text.utee_open_ta_session
                0x00000000000091b0        0x0 /workspace/optee_os/out/arm/export-ta_arm32/lib/libutee.a(utee_syscalls_a32.o)

.ARM.extab.text.utee_close_ta_session
                0x00000000000091b0        0x0
 .ARM.extab.text.utee_close_ta_session
                0x00000000000091b0        0x0 /workspace/optee_os/out/arm/export-ta_arm32/lib/libutee.a(utee_syscalls_a32.o)

.ARM.extab.text.utee_invoke_ta_command
                0x00000000000091b0        0x0
 .ARM.extab.text.utee_invoke_ta_command
                0x00000000000091b0        0x0 /workspace/optee_os/out/arm/export-ta_arm32/lib/libutee.a(utee_syscalls_a32.o)

.ARM.extab.text.utee_get_cancellation_flag
                0x00000000000091b0        0x0
 .ARM.extab.text.utee_get_cancellation_flag
                0x00000000000091b0        0x0 /workspace/optee_os/out/arm/export-ta_arm32/lib/libutee.a(utee_syscalls_a32.o)

.ARM.extab.text.utee_check_access_rights
                0x00000000000091b0        0x0
 .ARM.extab.text.utee_check_access_rights
                0x00000000000091b0        0x0 /workspace/optee_os/out/arm/export-ta_arm32/lib/libutee.a(utee_syscalls_a32.o)

.ARM.extab.text.utee_unmask_cancellation
                0x00000000000091b0        0x0
 .ARM.extab.text.utee_unmask_cancellation
                0x00000000000091b0        0x0 /workspace/optee_os/out/arm/export-ta_arm32/lib/libutee.a(utee_syscalls_a32.o)

.ARM.extab.text.utee_mask_cancellation
                0x00000000000091b0        0x0
 .ARM.extab.text.utee_mask_cancellation
                0x00000000000091b0        0x0 /workspace/optee_os/out/arm/export-ta_arm32/lib/libutee.a(utee_syscalls_a32.o)

.ARM.extab.text.utee_wait
                0x00000000000091b0        0x0
 .ARM.extab.text.utee_wait
                0x00000000000091b0        0x0 /workspace/optee_os/out/arm/export-ta_arm32/lib/libutee.a(utee_syscalls_a32.o)

.ARM.extab.text.utee_get_time
                0x00000000000091b0        0x0
 .ARM.extab.text.utee_get_time
                0x00000000000091b0        0x0 /workspace/optee_os/out/arm/export-ta_arm32/lib/libutee.a(utee_syscalls_a32.o)

.ARM.extab.text.utee_set_ta_time
                0x00000000000091b0        0x0
 .ARM.extab.text.utee_set_ta_time
                0x00000000000091b0        0x0 /workspace/optee_os/out/arm/export-ta_arm32/lib/libutee.a(utee_syscalls_a32.o)

.ARM.extab.text.utee_cryp_state_alloc
                0x00000000000091b0        0x0
 .ARM.extab.text.utee_cryp_state_alloc
                0x00000000000091b0        0x0 /workspace/optee_os/out/arm/export-ta_arm32/lib/libutee.a(utee_syscalls_a32.o)

.ARM.extab.text.utee_cryp_state_copy
                0x00000000000091b0        0x0
 .ARM.extab.text.utee_cryp_state_copy
                0x00000000000091b0        0x0 /workspace/optee_os/out/arm/export-ta_arm32/lib/libutee.a(utee_syscalls_a32.o)

.ARM.extab.text.utee_cryp_state_free
                0x00000000000091b0        0x0
 .ARM.extab.text.utee_cryp_state_free
                0x00000000000091b0        0x0 /workspace/optee_os/out/arm/export-ta_arm32/lib/libutee.a(utee_syscalls_a32.o)

.ARM.extab.text.utee_hash_init
                0x00000000000091b0        0x0
 .ARM.extab.text.utee_hash_init
                0x00000000000091b0        0x0 /workspace/optee_os/out/arm/export-ta_arm32/lib/libutee.a(utee_syscalls_a32.o)

.ARM.extab.text.utee_hash_update
                0x00000000000091b0        0x0
 .ARM.extab.text.utee_hash_update
                0x00000000000091b0        0x0 /workspace/optee_os/out/arm/export-ta_arm32/lib/libutee.a(utee_syscalls_a32.o)

.ARM.extab.text.utee_hash_final
                0x00000000000091b0        0x0
 .ARM.extab.text.utee_hash_final
                0x00000000000091b0        0x0 /workspace/optee_os/out/arm/export-ta_arm32/lib/libutee.a(utee_syscalls_a32.o)

.ARM.extab.text.utee_cipher_init
                0x00000000000091b0        0x0
 .ARM.extab.text.utee_cipher_init
                0x00000000000091b0        0x0 /workspace/optee_os/out/arm/export-ta_arm32/lib/libutee.a(utee_syscalls_a32.o)

.ARM.extab.text.utee_cipher_update
                0x00000000000091b0        0x0
 .ARM.extab.text.utee_cipher_update
                0x00000000000091b0        0x0 /workspace/optee_os/out/arm/export-ta_arm32/lib/libutee.a(utee_syscalls_a32.o)

.ARM.extab.text.utee_cipher_final
                0x00000000000091b0        0x0
 .ARM.extab.text.utee_cipher_final
                0x00000000000091b0        0x0 /workspace/optee_os/out/arm/export-ta_arm32/lib/libutee.a(utee_syscalls_a32.o)

.ARM.extab.text.utee_cryp_obj_get_info
                0x00000000000091b0        0x0
 .ARM.extab.text.utee_cryp_obj_get_info
                0x00000000000091b0        0x0 /workspace/optee_os/out/arm/export-ta_arm32/lib/libutee.a(utee_syscalls_a32.o)

.ARM.extab.text.utee_cryp_obj_restrict_usage
                0x00000000000091b0        0x0
 .ARM.extab.text.utee_cryp_obj_restrict_usage
                0x00000000000091b0        0x0 /workspace/optee_os/out/arm/export-ta_arm32/lib/libutee.a(utee_syscalls_a32.o)

.ARM.extab.text.utee_cryp_obj_get_attr
                0x00000000000091b0        0x0
 .ARM.extab.text.utee_cryp_obj_get_attr
                0x00000000000091b0        0x0 /workspace/optee_os/out/arm/export-ta_arm32/lib/libutee.a(utee_syscalls_a32.o)

.ARM.extab.text.utee_cryp_obj_alloc
                0x00000000000091b0        0x0
 .ARM.extab.text.utee_cryp_obj_alloc
                0x00000000000091b0        0x0 /workspace/optee_os/out/arm/export-ta_arm32/lib/libutee.a(utee_syscalls_a32.o)

.ARM.extab.text.utee_cryp_obj_close
                0x00000000000091b0        0x0
 .ARM.extab.text.utee_cryp_obj_close
                0x00000000000091b0        0x0 /workspace/optee_os/out/arm/export-ta_arm32/lib/libutee.a(utee_syscalls_a32.o)

.ARM.extab.text.utee_cryp_obj_reset
                0x00000000000091b0        0x0
 .ARM.extab.text.utee_cryp_obj_reset
                0x00000000000091b0        0x0 /workspace/optee_os/out/arm/export-ta_arm32/lib/libutee.a(utee_syscalls_a32.o)

.ARM.extab.text.utee_cryp_obj_populate
                0x00000000000091b0        0x0
 .ARM.extab.text.utee_cryp_obj_populate
                0x00000000000091b0        0x0 /workspace/optee_os/out/arm/export-ta_arm32/lib/libutee.a(utee_syscalls_a32.o)

.ARM.extab.text.utee_cryp_obj_copy
                0x00000000000091b0        0x0
 .ARM.extab.text.utee_cryp_obj_copy
                0x00000000000091b0        0x0 /workspace/optee_os/out/arm/export-ta_arm32/lib/libutee.a(utee_syscalls_a32.o)

.ARM.extab.text.utee_cryp_derive_key
                0x00000000000091b0        0x0
 .ARM.extab.text.utee_cryp_derive_key
                0x00000000000091b0        0x0 /workspace/optee_os/out/arm/export-ta_arm32/lib/libutee.a(utee_syscalls_a32.o)

.ARM.extab.text.utee_cryp_random_number_generate
                0x00000000000091b0        0x0
 .ARM.extab.text.utee_cryp_random_number_generate
                0x00000000000091b0        0x0 /workspace/optee_os/out/arm/export-ta_arm32/lib/libutee.a(utee_syscalls_a32.o)

.ARM.extab.text.utee_authenc_init
                0x00000000000091b0        0x0
 .ARM.extab.text.utee_authenc_init
                0x00000000000091b0        0x0 /workspace/optee_os/out/arm/export-ta_arm32/lib/libutee.a(utee_syscalls_a32.o)

.ARM.extab.text.utee_authenc_update_aad
                0x00000000000091b0        0x0
 .ARM.extab.text.utee_authenc_update_aad
                0x00000000000091b0        0x0 /workspace/optee_os/out/arm/export-ta_arm32/lib/libutee.a(utee_syscalls_a32.o)

.ARM.extab.text.utee_authenc_update_payload
                0x00000000000091b0        0x0
 .ARM.extab.text.utee_authenc_update_payload
                0x00000000000091b0        0x0 /workspace/optee_os/out/arm/export-ta_arm32/lib/libutee.a(utee_syscalls_a32.o)

.ARM.extab.text.utee_authenc_enc_final
                0x00000000000091b0        0x0
 .ARM.extab.text.utee_authenc_enc_final
                0x00000000000091b0        0x0 /workspace/optee_os/out/arm/export-ta_arm32/lib/libutee.a(utee_syscalls_a32.o)

.ARM.extab.text.utee_authenc_dec_final
                0x00000000000091b0        0x0
 .ARM.extab.text.utee_authenc_dec_final
                0x00000000000091b0        0x0 /workspace/optee_os/out/arm/export-ta_arm32/lib/libutee.a(utee_syscalls_a32.o)

.ARM.extab.text.utee_asymm_operate
                0x00000000000091b0        0x0
 .ARM.extab.text.utee_asymm_operate
                0x00000000000091b0        0x0 /workspace/optee_os/out/arm/export-ta_arm32/lib/libutee.a(utee_syscalls_a32.o)

.ARM.extab.text.utee_asymm_verify
                0x00000000000091b0        0x0
 .ARM.extab.text.utee_asymm_verify
                0x00000000000091b0        0x0 /workspace/optee_os/out/arm/export-ta_arm32/lib/libutee.a(utee_syscalls_a32.o)

.ARM.extab.text.utee_storage_obj_open
                0x00000000000091b0        0x0
 .ARM.extab.text.utee_storage_obj_open
                0x00000000000091b0        0x0 /workspace/optee_os/out/arm/export-ta_arm32/lib/libutee.a(utee_syscalls_a32.o)

.ARM.extab.text.utee_storage_obj_create
                0x00000000000091b0        0x0
 .ARM.extab.text.utee_storage_obj_create
                0x00000000000091b0        0x0 /workspace/optee_os/out/arm/export-ta_arm32/lib/libutee.a(utee_syscalls_a32.o)

.ARM.extab.text.utee_storage_obj_del
                0x00000000000091b0        0x0
 .ARM.extab.text.utee_storage_obj_del
                0x00000000000091b0        0x0 /workspace/optee_os/out/arm/export-ta_arm32/lib/libutee.a(utee_syscalls_a32.o)

.ARM.extab.text.utee_storage_obj_rename
                0x00000000000091b0        0x0
 .ARM.extab.text.utee_storage_obj_rename
                0x00000000000091b0        0x0 /workspace/optee_os/out/arm/export-ta_arm32/lib/libutee.a(utee_syscalls_a32.o)

.ARM.extab.text.utee_storage_alloc_enum
                0x00000000000091b0        0x0
 .ARM.extab.text.utee_storage_alloc_enum
                0x00000000000091b0        0x0 /workspace/optee_os/out/arm/export-ta_arm32/lib/libutee.a(utee_syscalls_a32.o)

.ARM.extab.text.utee_storage_free_enum
                0x00000000000091b0        0x0
 .ARM.extab.text.utee_storage_free_enum
                0x00000000000091b0        0x0 /workspace/optee_os/out/arm/export-ta_arm32/lib/libutee.a(utee_syscalls_a32.o)

.ARM.extab.text.utee_storage_reset_enum
                0x00000000000091b0        0x0
 .ARM.extab.text.utee_storage_reset_enum
                0x00000000000091b0        0x0 /workspace/optee_os/out/arm/export-ta_arm32/lib/libutee.a(utee_syscalls_a32.o)

.ARM.extab.text.utee_storage_start_enum
                0x00000000000091b0        0x0
 .ARM.extab.text.utee_storage_start_enum
                0x00000000000091b0        0x0 /workspace/optee_os/out/arm/export-ta_arm32/lib/libutee.a(utee_syscalls_a32.o)

.ARM.extab.text.utee_storage_next_enum
                0x00000000000091b0        0x0
 .ARM.extab.text.utee_storage_next_enum
                0x00000000000091b0        0x0 /workspace/optee_os/out/arm/export-ta_arm32/lib/libutee.a(utee_syscalls_a32.o)

.ARM.extab.text.utee_storage_obj_read
                0x00000000000091b0        0x0
 .ARM.extab.text.utee_storage_obj_read
                0x00000000000091b0        0x0 /workspace/optee_os/out/arm/export-ta_arm32/lib/libutee.a(utee_syscalls_a32.o)

.ARM.extab.text.utee_storage_obj_write
                0x00000000000091b0        0x0
 .ARM.extab.text.utee_storage_obj_write
                0x00000000000091b0        0x0 /workspace/optee_os/out/arm/export-ta_arm32/lib/libutee.a(utee_syscalls_a32.o)

.ARM.extab.text.utee_storage_obj_trunc
                0x00000000000091b0        0x0
 .ARM.extab.text.utee_storage_obj_trunc
                0x00000000000091b0        0x0 /workspace/optee_os/out/arm/export-ta_arm32/lib/libutee.a(utee_syscalls_a32.o)

.ARM.extab.text.utee_storage_obj_seek
                0x00000000000091b0        0x0
 .ARM.extab.text.utee_storage_obj_seek
                0x00000000000091b0        0x0 /workspace/optee_os/out/arm/export-ta_arm32/lib/libutee.a(utee_syscalls_a32.o)

.ARM.extab.text.utee_cryp_obj_generate_key
                0x00000000000091b0        0x0
 .ARM.extab.text.utee_cryp_obj_generate_key
                0x00000000000091b0        0x0 /workspace/optee_os/out/arm/export-ta_arm32/lib/libutee.a(utee_syscalls_a32.o)

.ARM.extab.text.utee_cache_operation
                0x00000000000091b0        0x0
 .ARM.extab.text.utee_cache_operation
                0x00000000000091b0        0x0 /workspace/optee_os/out/arm/export-ta_arm32/lib/libutee.a(utee_syscalls_a32.o)

.ARM.extab.text.unlikely
                0x00000000000091b0        0xc
 .ARM.extab.text.unlikely
                0x00000000000091b0        0xc /workspace/optee_os/out/arm/export-ta_arm32/lib/libutee.a(tee_api_arith_mpi.o)

.ARM.exidx      0x00000000000091bc      0x648
 *(SORT(.ARM.exidx*) SORT(.gnu.linkonce.armexidx.*))
 .ARM.exidx     0x00000000000091bc       0x20 ./aes_ta.o
                                         0x28 (size before relaxing)
 .ARM.exidx     0x00000000000097ac        0x8 ./user_ta_header.o
 .ARM.exidx     0x00000000000091dc       0x20 /workspace/optee_os/out/arm/export-ta_arm32/lib/libutils.a(trace.o)
                                         0x28 (size before relaxing)
 .ARM.exidx     0x00000000000097b4        0x0 /workspace/optee_os/out/arm/export-ta_arm32/lib/libutils.a(aeabi_unwind.o)
                                         0x18 (size before relaxing)
 .ARM.exidx     0x00000000000091fc       0x18 /workspace/optee_os/out/arm/export-ta_arm32/lib/libutils.a(snprintk.o)
 .ARM.exidx     0x00000000000097b4        0x8 /workspace/optee_os/out/arm/export-ta_arm32/lib/libutils.a(memchr.o)
 .ARM.exidx     0x00000000000097bc        0x8 /workspace/optee_os/out/arm/export-ta_arm32/lib/libutils.a(strlen.o)
 .ARM.exidx.text.__aeabi_ldivmod
                0x0000000000009214        0x8 /workspace/optee_os/out/arm/export-ta_arm32/lib/libutils.a(arm32_aeabi_ldivmod_a32.o)
 .ARM.exidx.text.__aeabi_uldivmod
                0x000000000000921c        0x8 /workspace/optee_os/out/arm/export-ta_arm32/lib/libutils.a(arm32_aeabi_ldivmod_a32.o)
 .ARM.exidx     0x00000000000097c4        0x8 /workspace/optee_os/out/arm/export-ta_arm32/lib/libutils.a(arm32_aeabi_ldivmod.o)
                                         0x10 (size before relaxing)
 .ARM.exidx     0x0000000000009224       0x28 /workspace/optee_os/out/arm/export-ta_arm32/lib/libutee.a(trace_ext.o)
 .ARM.exidx     0x000000000000924c       0x68 /workspace/optee_os/out/arm/export-ta_arm32/lib/libutee.a(tee_api.o)
                                         0xc8 (size before relaxing)
 .ARM.exidx     0x00000000000092b4       0xd0 /workspace/optee_os/out/arm/export-ta_arm32/lib/libutee.a(tee_api_objects.o)
                                         0xf8 (size before relaxing)
 .ARM.exidx     0x0000000000009384       0xd8 /workspace/optee_os/out/arm/export-ta_arm32/lib/libutee.a(tee_api_operations.o)
                                         0xf0 (size before relaxing)
 .ARM.exidx     0x00000000000097cc        0x8 /workspace/optee_os/out/arm/export-ta_arm32/lib/libutee.a(tee_api_panic.o)
 .ARM.exidx     0x000000000000945c       0x18 /workspace/optee_os/out/arm/export-ta_arm32/lib/libutee.a(user_ta_entry.o)
 .ARM.exidx.text.utee_panic
                0x0000000000009474        0x8 /workspace/optee_os/out/arm/export-ta_arm32/lib/libutee.a(utee_syscalls_a32.o)
 .ARM.exidx.text.utee_return
                0x000000000000947c        0x8 /workspace/optee_os/out/arm/export-ta_arm32/lib/libutee.a(utee_syscalls_a32.o)
 .ARM.exidx.text.utee_log
                0x0000000000009484        0x0 /workspace/optee_os/out/arm/export-ta_arm32/lib/libutee.a(utee_syscalls_a32.o)
                                          0x8 (size before relaxing)
 .ARM.exidx.text.__utee_panic
                0x0000000000009484        0x0 /workspace/optee_os/out/arm/export-ta_arm32/lib/libutee.a(utee_syscalls_a32.o)
                                          0x8 (size before relaxing)
 .ARM.exidx.text.utee_get_property
                0x0000000000009484        0x0 /workspace/optee_os/out/arm/export-ta_arm32/lib/libutee.a(utee_syscalls_a32.o)
                                          0x8 (size before relaxing)
 .ARM.exidx.text.utee_get_property_name_to_index
                0x0000000000009484        0x0 /workspace/optee_os/out/arm/export-ta_arm32/lib/libutee.a(utee_syscalls_a32.o)
                                          0x8 (size before relaxing)
 .ARM.exidx.text.utee_open_ta_session
                0x0000000000009484        0x0 /workspace/optee_os/out/arm/export-ta_arm32/lib/libutee.a(utee_syscalls_a32.o)
                                          0x8 (size before relaxing)
 .ARM.exidx.text.utee_close_ta_session
                0x0000000000009484        0x0 /workspace/optee_os/out/arm/export-ta_arm32/lib/libutee.a(utee_syscalls_a32.o)
                                          0x8 (size before relaxing)
 .ARM.exidx.text.utee_invoke_ta_command
                0x0000000000009484        0x0 /workspace/optee_os/out/arm/export-ta_arm32/lib/libutee.a(utee_syscalls_a32.o)
                                          0x8 (size before relaxing)
 .ARM.exidx.text.utee_get_cancellation_flag
                0x0000000000009484        0x0 /workspace/optee_os/out/arm/export-ta_arm32/lib/libutee.a(utee_syscalls_a32.o)
                                          0x8 (size before relaxing)
 .ARM.exidx.text.utee_check_access_rights
                0x0000000000009484        0x0 /workspace/optee_os/out/arm/export-ta_arm32/lib/libutee.a(utee_syscalls_a32.o)
                                          0x8 (size before relaxing)
 .ARM.exidx.text.utee_unmask_cancellation
                0x0000000000009484        0x0 /workspace/optee_os/out/arm/export-ta_arm32/lib/libutee.a(utee_syscalls_a32.o)
                                          0x8 (size before relaxing)
 .ARM.exidx.text.utee_mask_cancellation
                0x0000000000009484        0x0 /workspace/optee_os/out/arm/export-ta_arm32/lib/libutee.a(utee_syscalls_a32.o)
                                          0x8 (size before relaxing)
 .ARM.exidx.text.utee_wait
                0x0000000000009484        0x0 /workspace/optee_os/out/arm/export-ta_arm32/lib/libutee.a(utee_syscalls_a32.o)
                                          0x8 (size before relaxing)
 .ARM.exidx.text.utee_get_time
                0x0000000000009484        0x0 /workspace/optee_os/out/arm/export-ta_arm32/lib/libutee.a(utee_syscalls_a32.o)
                                          0x8 (size before relaxing)
 .ARM.exidx.text.utee_set_ta_time
                0x0000000000009484        0x0 /workspace/optee_os/out/arm/export-ta_arm32/lib/libutee.a(utee_syscalls_a32.o)
                                          0x8 (size before relaxing)
 .ARM.exidx.text.utee_cryp_state_alloc
                0x0000000000009484        0x0 /workspace/optee_os/out/arm/export-ta_arm32/lib/libutee.a(utee_syscalls_a32.o)
                                          0x8 (size before relaxing)
 .ARM.exidx.text.utee_cryp_state_copy
                0x0000000000009484        0x0 /workspace/optee_os/out/arm/export-ta_arm32/lib/libutee.a(utee_syscalls_a32.o)
                                          0x8 (size before relaxing)
 .ARM.exidx.text.utee_cryp_state_free
                0x0000000000009484        0x0 /workspace/optee_os/out/arm/export-ta_arm32/lib/libutee.a(utee_syscalls_a32.o)
                                          0x8 (size before relaxing)
 .ARM.exidx.text.utee_hash_init
                0x0000000000009484        0x0 /workspace/optee_os/out/arm/export-ta_arm32/lib/libutee.a(utee_syscalls_a32.o)
                                          0x8 (size before relaxing)
 .ARM.exidx.text.utee_hash_update
                0x0000000000009484        0x0 /workspace/optee_os/out/arm/export-ta_arm32/lib/libutee.a(utee_syscalls_a32.o)
                                          0x8 (size before relaxing)
 .ARM.exidx.text.utee_hash_final
                0x0000000000009484        0x0 /workspace/optee_os/out/arm/export-ta_arm32/lib/libutee.a(utee_syscalls_a32.o)
                                          0x8 (size before relaxing)
 .ARM.exidx.text.utee_cipher_init
                0x0000000000009484        0x0 /workspace/optee_os/out/arm/export-ta_arm32/lib/libutee.a(utee_syscalls_a32.o)
                                          0x8 (size before relaxing)
 .ARM.exidx.text.utee_cipher_update
                0x0000000000009484        0x0 /workspace/optee_os/out/arm/export-ta_arm32/lib/libutee.a(utee_syscalls_a32.o)
                                          0x8 (size before relaxing)
 .ARM.exidx.text.utee_cipher_final
                0x0000000000009484        0x0 /workspace/optee_os/out/arm/export-ta_arm32/lib/libutee.a(utee_syscalls_a32.o)
                                          0x8 (size before relaxing)
 .ARM.exidx.text.utee_cryp_obj_get_info
                0x0000000000009484        0x0 /workspace/optee_os/out/arm/export-ta_arm32/lib/libutee.a(utee_syscalls_a32.o)
                                          0x8 (size before relaxing)
 .ARM.exidx.text.utee_cryp_obj_restrict_usage
                0x0000000000009484        0x0 /workspace/optee_os/out/arm/export-ta_arm32/lib/libutee.a(utee_syscalls_a32.o)
                                          0x8 (size before relaxing)
 .ARM.exidx.text.utee_cryp_obj_get_attr
                0x0000000000009484        0x0 /workspace/optee_os/out/arm/export-ta_arm32/lib/libutee.a(utee_syscalls_a32.o)
                                          0x8 (size before relaxing)
 .ARM.exidx.text.utee_cryp_obj_alloc
                0x0000000000009484        0x0 /workspace/optee_os/out/arm/export-ta_arm32/lib/libutee.a(utee_syscalls_a32.o)
                                          0x8 (size before relaxing)
 .ARM.exidx.text.utee_cryp_obj_close
                0x0000000000009484        0x0 /workspace/optee_os/out/arm/export-ta_arm32/lib/libutee.a(utee_syscalls_a32.o)
                                          0x8 (size before relaxing)
 .ARM.exidx.text.utee_cryp_obj_reset
                0x0000000000009484        0x0 /workspace/optee_os/out/arm/export-ta_arm32/lib/libutee.a(utee_syscalls_a32.o)
                                          0x8 (size before relaxing)
 .ARM.exidx.text.utee_cryp_obj_populate
                0x0000000000009484        0x0 /workspace/optee_os/out/arm/export-ta_arm32/lib/libutee.a(utee_syscalls_a32.o)
                                          0x8 (size before relaxing)
 .ARM.exidx.text.utee_cryp_obj_copy
                0x0000000000009484        0x0 /workspace/optee_os/out/arm/export-ta_arm32/lib/libutee.a(utee_syscalls_a32.o)
                                          0x8 (size before relaxing)
 .ARM.exidx.text.utee_cryp_derive_key
                0x0000000000009484        0x0 /workspace/optee_os/out/arm/export-ta_arm32/lib/libutee.a(utee_syscalls_a32.o)
                                          0x8 (size before relaxing)
 .ARM.exidx.text.utee_cryp_random_number_generate
                0x0000000000009484        0x0 /workspace/optee_os/out/arm/export-ta_arm32/lib/libutee.a(utee_syscalls_a32.o)
                                          0x8 (size before relaxing)
 .ARM.exidx.text.utee_authenc_init
                0x0000000000009484        0x0 /workspace/optee_os/out/arm/export-ta_arm32/lib/libutee.a(utee_syscalls_a32.o)
                                          0x8 (size before relaxing)
 .ARM.exidx.text.utee_authenc_update_aad
                0x0000000000009484        0x0 /workspace/optee_os/out/arm/export-ta_arm32/lib/libutee.a(utee_syscalls_a32.o)
                                          0x8 (size before relaxing)
 .ARM.exidx.text.utee_authenc_update_payload
                0x0000000000009484        0x0 /workspace/optee_os/out/arm/export-ta_arm32/lib/libutee.a(utee_syscalls_a32.o)
                                          0x8 (size before relaxing)
 .ARM.exidx.text.utee_authenc_enc_final
                0x0000000000009484        0x0 /workspace/optee_os/out/arm/export-ta_arm32/lib/libutee.a(utee_syscalls_a32.o)
                                          0x8 (size before relaxing)
 .ARM.exidx.text.utee_authenc_dec_final
                0x0000000000009484        0x0 /workspace/optee_os/out/arm/export-ta_arm32/lib/libutee.a(utee_syscalls_a32.o)
                                          0x8 (size before relaxing)
 .ARM.exidx.text.utee_asymm_operate
                0x0000000000009484        0x0 /workspace/optee_os/out/arm/export-ta_arm32/lib/libutee.a(utee_syscalls_a32.o)
                                          0x8 (size before relaxing)
 .ARM.exidx.text.utee_asymm_verify
                0x0000000000009484        0x0 /workspace/optee_os/out/arm/export-ta_arm32/lib/libutee.a(utee_syscalls_a32.o)
                                          0x8 (size before relaxing)
 .ARM.exidx.text.utee_storage_obj_open
                0x0000000000009484        0x0 /workspace/optee_os/out/arm/export-ta_arm32/lib/libutee.a(utee_syscalls_a32.o)
                                          0x8 (size before relaxing)
 .ARM.exidx.text.utee_storage_obj_create
                0x0000000000009484        0x0 /workspace/optee_os/out/arm/export-ta_arm32/lib/libutee.a(utee_syscalls_a32.o)
                                          0x8 (size before relaxing)
 .ARM.exidx.text.utee_storage_obj_del
                0x0000000000009484        0x0 /workspace/optee_os/out/arm/export-ta_arm32/lib/libutee.a(utee_syscalls_a32.o)
                                          0x8 (size before relaxing)
 .ARM.exidx.text.utee_storage_obj_rename
                0x0000000000009484        0x0 /workspace/optee_os/out/arm/export-ta_arm32/lib/libutee.a(utee_syscalls_a32.o)
                                          0x8 (size before relaxing)
 .ARM.exidx.text.utee_storage_alloc_enum
                0x0000000000009484        0x0 /workspace/optee_os/out/arm/export-ta_arm32/lib/libutee.a(utee_syscalls_a32.o)
                                          0x8 (size before relaxing)
 .ARM.exidx.text.utee_storage_free_enum
                0x0000000000009484        0x0 /workspace/optee_os/out/arm/export-ta_arm32/lib/libutee.a(utee_syscalls_a32.o)
                                          0x8 (size before relaxing)
 .ARM.exidx.text.utee_storage_reset_enum
                0x0000000000009484        0x0 /workspace/optee_os/out/arm/export-ta_arm32/lib/libutee.a(utee_syscalls_a32.o)
                                          0x8 (size before relaxing)
 .ARM.exidx.text.utee_storage_start_enum
                0x0000000000009484        0x0 /workspace/optee_os/out/arm/export-ta_arm32/lib/libutee.a(utee_syscalls_a32.o)
                                          0x8 (size before relaxing)
 .ARM.exidx.text.utee_storage_next_enum
                0x0000000000009484        0x0 /workspace/optee_os/out/arm/export-ta_arm32/lib/libutee.a(utee_syscalls_a32.o)
                                          0x8 (size before relaxing)
 .ARM.exidx.text.utee_storage_obj_read
                0x0000000000009484        0x0 /workspace/optee_os/out/arm/export-ta_arm32/lib/libutee.a(utee_syscalls_a32.o)
                                          0x8 (size before relaxing)
 .ARM.exidx.text.utee_storage_obj_write
                0x0000000000009484        0x0 /workspace/optee_os/out/arm/export-ta_arm32/lib/libutee.a(utee_syscalls_a32.o)
                                          0x8 (size before relaxing)
 .ARM.exidx.text.utee_storage_obj_trunc
                0x0000000000009484        0x0 /workspace/optee_os/out/arm/export-ta_arm32/lib/libutee.a(utee_syscalls_a32.o)
                                          0x8 (size before relaxing)
 .ARM.exidx.text.utee_storage_obj_seek
                0x0000000000009484        0x0 /workspace/optee_os/out/arm/export-ta_arm32/lib/libutee.a(utee_syscalls_a32.o)
                                          0x8 (size before relaxing)
 .ARM.exidx.text.utee_cryp_obj_generate_key
                0x0000000000009484        0x0 /workspace/optee_os/out/arm/export-ta_arm32/lib/libutee.a(utee_syscalls_a32.o)
                                          0x8 (size before relaxing)
 .ARM.exidx.text.utee_cache_operation
                0x0000000000009484        0x8 /workspace/optee_os/out/arm/export-ta_arm32/lib/libutee.a(utee_syscalls_a32.o)
 .ARM.exidx.text.unlikely
                0x0000000000009584        0x8 /workspace/optee_os/out/arm/export-ta_arm32/lib/libutee.a(tee_api_arith_mpi.o)
 .ARM.exidx     0x000000000000948c       0xf8 /workspace/optee_os/out/arm/export-ta_arm32/lib/libutee.a(tee_api_arith_mpi.o)
                                        0x150 (size before relaxing)
 .ARM.exidx     0x000000000000958c      0x168 /workspace/optee_os/out/arm/export-ta_arm32/lib/libmbedtls.a(bignum.o)
                                        0x1b0 (size before relaxing)
 .ARM.exidx     0x00000000000096f4       0x88 /workspace/optee_os/out/arm/export-ta_arm32/lib/libutils.a(bget_malloc.o)
                                         0x98 (size before relaxing)
 .ARM.exidx     0x00000000000097d4       0x10 /workspace/optee_os/out/arm/export-ta_arm32/lib/libutils.a(snprintf.o)
 .ARM.exidx     0x00000000000097e4        0x8 /workspace/optee_os/out/arm/export-ta_arm32/lib/libutils.a(memcmp.o)
 .ARM.exidx     0x00000000000097ec        0x0 /workspace/optee_os/out/arm/export-ta_arm32/lib/libutils.a(memcpy.o)
                                          0x8 (size before relaxing)
 .ARM.exidx     0x00000000000097ec        0x0 /workspace/optee_os/out/arm/export-ta_arm32/lib/libutils.a(memmove.o)
                                          0x8 (size before relaxing)
 .ARM.exidx     0x00000000000097ec        0x8 /workspace/optee_os/out/arm/export-ta_arm32/lib/libutils.a(memset.o)
 .ARM.exidx     0x00000000000097f4       0x10 /workspace/optee_os/out/arm/export-ta_arm32/lib/libutils.a(buf_compare_ct.o)
                                          0x8 (size before relaxing)
 .ARM.exidx     0x000000000000977c       0x20 /workspace/optee_os/out/arm/export-ta_arm32/lib/libutils.a(mempool.o)
 .ARM.exidx     0x000000000000979c       0x10 /workspace/optee_os/out/arm/export-ta_arm32/lib/libutee.a(assert.o)

.ctors
 *(SORT(.ctors))

.dtors
 *(SORT(.dtors))

.got            0x0000000000009804       0x3c
 *(SORT(.got.plt))
 .got.plt       0x0000000000009804        0xc ./aes_ta.o
                0x0000000000009804                _GLOBAL_OFFSET_TABLE_
 *(SORT(.got))
 .got           0x0000000000009810       0x30 ./aes_ta.o

.rel.text
 *(SORT(.rel.text))
 *(SORT(.rel.gnu.linkonce.t*))

.rela.text
 *(SORT(.rela.text))
 *(SORT(.rela.gnu.linkonce.t*))

.rel.data
 *(SORT(.rel.data))
 *(SORT(.rel.gnu.linkonce.d*))

.rela.data
 *(SORT(.rela.data))
 *(SORT(.rela.gnu.linkonce.d*))

.rel.rodata
 *(SORT(.rel.rodata))
 *(SORT(.rel.gnu.linkonce.r*))

.rela.rodata
 *(SORT(.rela.rodata))
 *(SORT(.rela.gnu.linkonce.r*))

.rel.dyn        0x0000000000009840       0x98
 *(SORT(.rel.dyn))
 .rel.iplt      0x0000000000009840        0x0 ./aes_ta.o
 .rel.data.rel.ro.local
                0x0000000000009840       0x70 ./aes_ta.o
 .rel.ta_head   0x00000000000098b0        0x8 ./aes_ta.o
 .rel.data.rel  0x00000000000098b8        0x8 ./aes_ta.o
 .rel.data.rel.local
                0x00000000000098c0       0x18 ./aes_ta.o

.rel.got        0x00000000000098d8       0x60
 *(SORT(.rel.got))
 .rel.got       0x00000000000098d8       0x60 ./aes_ta.o

.rela.got
 *(SORT(.rela.got))

.rel.ctors
 *(SORT(.rel.ctors))

.rela.ctors
 *(SORT(.rela.ctors))

.rel.dtors
 *(SORT(.rel.dtors))

.rela.dtors
 *(SORT(.rela.dtors))

.rel.init
 *(SORT(.rel.init))

.rela.init
 *(SORT(.rela.init))

.rel.fini
 *(SORT(.rel.fini))

.rela.fini
 *(SORT(.rela.fini))

.rel.bss
 *(SORT(.rel.bss))

.rela.bss
 *(SORT(.rela.bss))

.rel.plt        0x0000000000009938        0x0
 *(SORT(.rel.plt))
 .rel.plt       0x0000000000009938        0x0 ./aes_ta.o

.rela.plt
 *(SORT(.rela.plt))

.dynamic        0x0000000000009938       0x80
 *(SORT(.dynamic))
 .dynamic       0x0000000000009938       0x80 ./aes_ta.o
                0x0000000000009938                _DYNAMIC

.dynsym         0x00000000000099b8       0xf0
 *(SORT(.dynsym))
 .dynsym        0x00000000000099b8       0xf0 ./aes_ta.o

.dynstr         0x0000000000009aa8       0xce
 *(SORT(.dynstr))
 .dynstr        0x0000000000009aa8       0xce ./aes_ta.o

.hash           0x0000000000009b78       0x50
 *(SORT(.hash))
 .hash          0x0000000000009b78       0x50 ./aes_ta.o
                0x000000000000a000                . = ALIGN (0x1000)

.data           0x000000000000a000       0x80
 *(SORT(.data) SORT(.data.*) SORT(.gnu.linkonce.d.*))
 .data          0x000000000000a000        0x4 ./user_ta_header.o
                0x000000000000a000                trace_level
 .data.rel.ro.local
                0x000000000000a004       0x54 ./user_ta_header.o
                0x000000000000a004                ta_props
 .data.rel      0x000000000000a058        0x4 /workspace/optee_os/out/arm/export-ta_arm32/lib/libutee.a(user_ta_entry.o)
                0x000000000000a058                _ref__utee_mcount
 .data.rel.local
                0x000000000000a05c        0x8 /workspace/optee_os/out/arm/export-ta_arm32/lib/libutee.a(user_ta_entry.o)
 .data.rel.local
                0x000000000000a064       0x1c /workspace/optee_os/out/arm/export-ta_arm32/lib/libutils.a(bget_malloc.o)
 .data          0x000000000000a080        0x0 ./aes_ta.o
 .data          0x000000000000a080        0x0 /workspace/optee_os/out/arm/export-ta_arm32/lib/libutils.a(trace.o)
 .data          0x000000000000a080        0x0 /workspace/optee_os/out/arm/export-ta_arm32/lib/libutils.a(aeabi_unwind.o)
 .data          0x000000000000a080        0x0 /workspace/optee_os/out/arm/export-ta_arm32/lib/libutils.a(snprintk.o)
 .data          0x000000000000a080        0x0 /workspace/optee_os/out/arm/export-ta_arm32/lib/libutils.a(memchr.o)
 .data          0x000000000000a080        0x0 /workspace/optee_os/out/arm/export-ta_arm32/lib/libutils.a(strlen.o)
 .data          0x000000000000a080        0x0 /workspace/optee_os/out/arm/export-ta_arm32/lib/libutils.a(arm32_aeabi_ldivmod_a32.o)
 .data          0x000000000000a080        0x0 /workspace/optee_os/out/arm/export-ta_arm32/lib/libutils.a(arm32_aeabi_ldivmod.o)
 .data          0x000000000000a080        0x0 /workspace/optee_os/out/arm/export-ta_arm32/lib/libutee.a(trace_ext.o)
 .data          0x000000000000a080        0x0 /workspace/optee_os/out/arm/export-ta_arm32/lib/libutee.a(tee_api.o)
 .data          0x000000000000a080        0x0 /workspace/optee_os/out/arm/export-ta_arm32/lib/libutee.a(tee_api_objects.o)
 .data          0x000000000000a080        0x0 /workspace/optee_os/out/arm/export-ta_arm32/lib/libutee.a(tee_api_operations.o)
 .data          0x000000000000a080        0x0 /workspace/optee_os/out/arm/export-ta_arm32/lib/libutee.a(tee_api_panic.o)
 .data          0x000000000000a080        0x0 /workspace/optee_os/out/arm/export-ta_arm32/lib/libutee.a(user_ta_entry.o)
 .data          0x000000000000a080        0x0 /workspace/optee_os/out/arm/export-ta_arm32/lib/libutee.a(utee_syscalls_a32.o)
 .data          0x000000000000a080        0x0 /workspace/optee_os/out/arm/export-ta_arm32/lib/libutee.a(gprof_a32.o)
 .data          0x000000000000a080        0x0 /workspace/optee_os/out/arm/export-ta_arm32/lib/libutee.a(tee_api_arith_mpi.o)
 .data          0x000000000000a080        0x0 /workspace/optee_os/out/arm/export-ta_arm32/lib/libmbedtls.a(bignum.o)
 .data          0x000000000000a080        0x0 /workspace/optee_os/out/arm/export-ta_arm32/lib/libutils.a(bget_malloc.o)
 .data          0x000000000000a080        0x0 /workspace/optee_os/out/arm/export-ta_arm32/lib/libutils.a(snprintf.o)
 .data          0x000000000000a080        0x0 /workspace/optee_os/out/arm/export-ta_arm32/lib/libutils.a(memcmp.o)
 .data          0x000000000000a080        0x0 /workspace/optee_os/out/arm/export-ta_arm32/lib/libutils.a(memcpy.o)
 .data          0x000000000000a080        0x0 /workspace/optee_os/out/arm/export-ta_arm32/lib/libutils.a(memmove.o)
 .data          0x000000000000a080        0x0 /workspace/optee_os/out/arm/export-ta_arm32/lib/libutils.a(memset.o)
 .data          0x000000000000a080        0x0 /workspace/optee_os/out/arm/export-ta_arm32/lib/libutils.a(buf_compare_ct.o)
 .data          0x000000000000a080        0x0 /workspace/optee_os/out/arm/export-ta_arm32/lib/libutils.a(mempool.o)
 .data          0x000000000000a080        0x0 /workspace/optee_os/out/arm/export-ta_arm32/lib/libutee.a(assert.o)

.igot.plt       0x000000000000a080        0x0
 .igot.plt      0x000000000000a080        0x0 ./aes_ta.o

.bss            0x000000000000a080     0xa070
 *(SORT(.bss) SORT(.bss.*) SORT(.gnu.linkonce.b.*) SORT(COMMON))
 .bss           0x000000000000a080        0x4 /workspace/optee_os/out/arm/export-ta_arm32/lib/libutee.a(tee_api.o)
 .bss           0x000000000000a084       0x28 /workspace/optee_os/out/arm/export-ta_arm32/lib/libutee.a(user_ta_entry.o)
                0x000000000000a088                ta_param_types
                0x000000000000a08c                ta_params
 .bss           0x000000000000a0ac     0x2000 /workspace/optee_os/out/arm/export-ta_arm32/lib/libutee.a(tee_api_arith_mpi.o)
 .bss           0x000000000000c0ac        0x4 /workspace/optee_os/out/arm/export-ta_arm32/lib/libmbedtls.a(bignum.o)
                0x000000000000c0ac                mbedtls_mpi_mempool
 .bss           0x000000000000c0b0       0x40 /workspace/optee_os/out/arm/export-ta_arm32/lib/libutils.a(bget_malloc.o)
 .bss           0x000000000000c0f0        0x0 ./aes_ta.o
 .bss           0x000000000000c0f0     0x8000 ./user_ta_header.o
                0x000000000000c0f0                ta_heap
 .bss           0x00000000000140f0        0x0 /workspace/optee_os/out/arm/export-ta_arm32/lib/libutils.a(trace.o)
 .bss           0x00000000000140f0        0x0 /workspace/optee_os/out/arm/export-ta_arm32/lib/libutils.a(aeabi_unwind.o)
 .bss           0x00000000000140f0        0x0 /workspace/optee_os/out/arm/export-ta_arm32/lib/libutils.a(snprintk.o)
 .bss           0x00000000000140f0        0x0 /workspace/optee_os/out/arm/export-ta_arm32/lib/libutils.a(memchr.o)
 .bss           0x00000000000140f0        0x0 /workspace/optee_os/out/arm/export-ta_arm32/lib/libutils.a(strlen.o)
 .bss           0x00000000000140f0        0x0 /workspace/optee_os/out/arm/export-ta_arm32/lib/libutils.a(arm32_aeabi_ldivmod_a32.o)
 .bss           0x00000000000140f0        0x0 /workspace/optee_os/out/arm/export-ta_arm32/lib/libutils.a(arm32_aeabi_ldivmod.o)
 .bss           0x00000000000140f0        0x0 /workspace/optee_os/out/arm/export-ta_arm32/lib/libutee.a(trace_ext.o)
 .bss           0x00000000000140f0        0x0 /workspace/optee_os/out/arm/export-ta_arm32/lib/libutee.a(tee_api_objects.o)
 .bss           0x00000000000140f0        0x0 /workspace/optee_os/out/arm/export-ta_arm32/lib/libutee.a(tee_api_operations.o)
 .bss           0x00000000000140f0        0x0 /workspace/optee_os/out/arm/export-ta_arm32/lib/libutee.a(tee_api_panic.o)
 .bss           0x00000000000140f0        0x0 /workspace/optee_os/out/arm/export-ta_arm32/lib/libutee.a(utee_syscalls_a32.o)
 .bss           0x00000000000140f0        0x0 /workspace/optee_os/out/arm/export-ta_arm32/lib/libutee.a(gprof_a32.o)
 .bss           0x00000000000140f0        0x0 /workspace/optee_os/out/arm/export-ta_arm32/lib/libutils.a(snprintf.o)
 .bss           0x00000000000140f0        0x0 /workspace/optee_os/out/arm/export-ta_arm32/lib/libutils.a(memcmp.o)
 .bss           0x00000000000140f0        0x0 /workspace/optee_os/out/arm/export-ta_arm32/lib/libutils.a(memcpy.o)
 .bss           0x00000000000140f0        0x0 /workspace/optee_os/out/arm/export-ta_arm32/lib/libutils.a(memmove.o)
 .bss           0x00000000000140f0        0x0 /workspace/optee_os/out/arm/export-ta_arm32/lib/libutils.a(memset.o)
 .bss           0x00000000000140f0        0x0 /workspace/optee_os/out/arm/export-ta_arm32/lib/libutils.a(buf_compare_ct.o)
 .bss           0x00000000000140f0        0x0 /workspace/optee_os/out/arm/export-ta_arm32/lib/libutils.a(mempool.o)
 .bss           0x00000000000140f0        0x0 /workspace/optee_os/out/arm/export-ta_arm32/lib/libutee.a(assert.o)
                0x00000000000140f0                . = ALIGN (0x8)
                0x00000000000140f0                __gprof_buf_start = .
                0x00000000000140f0                . = (. + DEFINED (__gnu_mcount_nc)?(((__text_end - __text_start) * 0x88) / 0x64):0x0)
                0x00000000000140f0                __gprof_buf_end = .

.dynbss         0x00000000000140f0        0x0
 .dynbss        0x00000000000140f0        0x0 ./aes_ta.o

/DISCARD/
 *(SORT(.interp))
LOAD ./aes_ta.o
LOAD ./user_ta_header.o
START GROUP
LOAD /workspace/optee_os/out/arm/export-ta_arm32/lib/libutils.a
LOAD /workspace/optee_os/out/arm/export-ta_arm32/lib/libutee.a
LOAD /workspace/optee_os/out/arm/export-ta_arm32/lib/libmbedtls.a
END GROUP
OUTPUT(5dbac793-f574-4871-8ad3-04331ec17f24.elf elf32-littlearm)

.debug_info     0x0000000000000000    0x11bcf
 .debug_info    0x0000000000000000      0xc8a ./aes_ta.o
 .debug_info    0x0000000000000c8a      0x383 ./user_ta_header.o
 .debug_info    0x000000000000100d      0x694 /workspace/optee_os/out/arm/export-ta_arm32/lib/libutils.a(trace.o)
 .debug_info    0x00000000000016a1       0x4f /workspace/optee_os/out/arm/export-ta_arm32/lib/libutils.a(aeabi_unwind.o)
 .debug_info    0x00000000000016f0      0x694 /workspace/optee_os/out/arm/export-ta_arm32/lib/libutils.a(snprintk.o)
 .debug_info    0x0000000000001d84       0xbd /workspace/optee_os/out/arm/export-ta_arm32/lib/libutils.a(memchr.o)
 .debug_info    0x0000000000001e41       0x8d /workspace/optee_os/out/arm/export-ta_arm32/lib/libutils.a(strlen.o)
 .debug_info    0x0000000000001ece       0x79 /workspace/optee_os/out/arm/export-ta_arm32/lib/libutils.a(arm32_aeabi_ldivmod_a32.o)
 .debug_info    0x0000000000001f47      0x2cf /workspace/optee_os/out/arm/export-ta_arm32/lib/libutils.a(arm32_aeabi_ldivmod.o)
 .debug_info    0x0000000000002216      0x2c1 /workspace/optee_os/out/arm/export-ta_arm32/lib/libutee.a(trace_ext.o)
 .debug_info    0x00000000000024d7      0xea8 /workspace/optee_os/out/arm/export-ta_arm32/lib/libutee.a(tee_api.o)
 .debug_info    0x000000000000337f     0x171b /workspace/optee_os/out/arm/export-ta_arm32/lib/libutee.a(tee_api_objects.o)
 .debug_info    0x0000000000004a9a     0x257d /workspace/optee_os/out/arm/export-ta_arm32/lib/libutee.a(tee_api_operations.o)
 .debug_info    0x0000000000007017      0x107 /workspace/optee_os/out/arm/export-ta_arm32/lib/libutee.a(tee_api_panic.o)
 .debug_info    0x000000000000711e      0xab3 /workspace/optee_os/out/arm/export-ta_arm32/lib/libutee.a(user_ta_entry.o)
 .debug_info    0x0000000000007bd1       0x6d /workspace/optee_os/out/arm/export-ta_arm32/lib/libutee.a(utee_syscalls_a32.o)
 .debug_info    0x0000000000007c3e       0x6f /workspace/optee_os/out/arm/export-ta_arm32/lib/libutee.a(gprof_a32.o)
 .debug_info    0x0000000000007cad     0x3558 /workspace/optee_os/out/arm/export-ta_arm32/lib/libutee.a(tee_api_arith_mpi.o)
 .debug_info    0x000000000000b205     0x445c /workspace/optee_os/out/arm/export-ta_arm32/lib/libmbedtls.a(bignum.o)
 .debug_info    0x000000000000f661     0x1a73 /workspace/optee_os/out/arm/export-ta_arm32/lib/libutils.a(bget_malloc.o)
 .debug_info    0x00000000000110d4      0x19b /workspace/optee_os/out/arm/export-ta_arm32/lib/libutils.a(snprintf.o)
 .debug_info    0x000000000001126f       0xb6 /workspace/optee_os/out/arm/export-ta_arm32/lib/libutils.a(memcmp.o)
 .debug_info    0x0000000000011325       0xc9 /workspace/optee_os/out/arm/export-ta_arm32/lib/libutils.a(memcpy.o)
 .debug_info    0x00000000000113ee       0xc7 /workspace/optee_os/out/arm/export-ta_arm32/lib/libutils.a(memmove.o)
 .debug_info    0x00000000000114b5       0x9c /workspace/optee_os/out/arm/export-ta_arm32/lib/libutils.a(memset.o)
 .debug_info    0x0000000000011551       0xc5 /workspace/optee_os/out/arm/export-ta_arm32/lib/libutils.a(buf_compare_ct.o)
 .debug_info    0x0000000000011616      0x430 /workspace/optee_os/out/arm/export-ta_arm32/lib/libutils.a(mempool.o)
 .debug_info    0x0000000000011a46      0x189 /workspace/optee_os/out/arm/export-ta_arm32/lib/libutee.a(assert.o)

.debug_abbrev   0x0000000000000000     0x2da8
 .debug_abbrev  0x0000000000000000      0x2e5 ./aes_ta.o
 .debug_abbrev  0x00000000000002e5      0x13c ./user_ta_header.o
 .debug_abbrev  0x0000000000000421      0x27e /workspace/optee_os/out/arm/export-ta_arm32/lib/libutils.a(trace.o)
 .debug_abbrev  0x000000000000069f       0x47 /workspace/optee_os/out/arm/export-ta_arm32/lib/libutils.a(aeabi_unwind.o)
 .debug_abbrev  0x00000000000006e6      0x26f /workspace/optee_os/out/arm/export-ta_arm32/lib/libutils.a(snprintk.o)
 .debug_abbrev  0x0000000000000955       0xae /workspace/optee_os/out/arm/export-ta_arm32/lib/libutils.a(memchr.o)
 .debug_abbrev  0x0000000000000a03       0x84 /workspace/optee_os/out/arm/export-ta_arm32/lib/libutils.a(strlen.o)
 .debug_abbrev  0x0000000000000a87       0x12 /workspace/optee_os/out/arm/export-ta_arm32/lib/libutils.a(arm32_aeabi_ldivmod_a32.o)
 .debug_abbrev  0x0000000000000a99      0x12f /workspace/optee_os/out/arm/export-ta_arm32/lib/libutils.a(arm32_aeabi_ldivmod.o)
 .debug_abbrev  0x0000000000000bc8      0x183 /workspace/optee_os/out/arm/export-ta_arm32/lib/libutee.a(trace_ext.o)
 .debug_abbrev  0x0000000000000d4b      0x2b4 /workspace/optee_os/out/arm/export-ta_arm32/lib/libutee.a(tee_api.o)
 .debug_abbrev  0x0000000000000fff      0x326 /workspace/optee_os/out/arm/export-ta_arm32/lib/libutee.a(tee_api_objects.o)
 .debug_abbrev  0x0000000000001325      0x36f /workspace/optee_os/out/arm/export-ta_arm32/lib/libutee.a(tee_api_operations.o)
 .debug_abbrev  0x0000000000001694       0xb4 /workspace/optee_os/out/arm/export-ta_arm32/lib/libutee.a(tee_api_panic.o)
 .debug_abbrev  0x0000000000001748      0x2da /workspace/optee_os/out/arm/export-ta_arm32/lib/libutee.a(user_ta_entry.o)
 .debug_abbrev  0x0000000000001a22       0x12 /workspace/optee_os/out/arm/export-ta_arm32/lib/libutee.a(utee_syscalls_a32.o)
 .debug_abbrev  0x0000000000001a34       0x14 /workspace/optee_os/out/arm/export-ta_arm32/lib/libutee.a(gprof_a32.o)
 .debug_abbrev  0x0000000000001a48      0x47a /workspace/optee_os/out/arm/export-ta_arm32/lib/libutee.a(tee_api_arith_mpi.o)
 .debug_abbrev  0x0000000000001ec2      0x47a /workspace/optee_os/out/arm/export-ta_arm32/lib/libmbedtls.a(bignum.o)
 .debug_abbrev  0x000000000000233c      0x40a /workspace/optee_os/out/arm/export-ta_arm32/lib/libutils.a(bget_malloc.o)
 .debug_abbrev  0x0000000000002746      0x101 /workspace/optee_os/out/arm/export-ta_arm32/lib/libutils.a(snprintf.o)
 .debug_abbrev  0x0000000000002847       0x82 /workspace/optee_os/out/arm/export-ta_arm32/lib/libutils.a(memcmp.o)
 .debug_abbrev  0x00000000000028c9       0xa7 /workspace/optee_os/out/arm/export-ta_arm32/lib/libutils.a(memcpy.o)
 .debug_abbrev  0x0000000000002970       0x9f /workspace/optee_os/out/arm/export-ta_arm32/lib/libutils.a(memmove.o)
 .debug_abbrev  0x0000000000002a0f       0x93 /workspace/optee_os/out/arm/export-ta_arm32/lib/libutils.a(memset.o)
 .debug_abbrev  0x0000000000002aa2       0x82 /workspace/optee_os/out/arm/export-ta_arm32/lib/libutils.a(buf_compare_ct.o)
 .debug_abbrev  0x0000000000002b24      0x1ba /workspace/optee_os/out/arm/export-ta_arm32/lib/libutils.a(mempool.o)
 .debug_abbrev  0x0000000000002cde       0xca /workspace/optee_os/out/arm/export-ta_arm32/lib/libutee.a(assert.o)

.debug_loc      0x0000000000000000    0x11308
 .debug_loc     0x0000000000000000      0x8bf ./aes_ta.o
 .debug_loc     0x00000000000008bf      0x45f /workspace/optee_os/out/arm/export-ta_arm32/lib/libutils.a(trace.o)
 .debug_loc     0x0000000000000d1e      0xf53 /workspace/optee_os/out/arm/export-ta_arm32/lib/libutils.a(snprintk.o)
 .debug_loc     0x0000000000001c71       0xfa /workspace/optee_os/out/arm/export-ta_arm32/lib/libutils.a(memchr.o)
 .debug_loc     0x0000000000001d6b       0x57 /workspace/optee_os/out/arm/export-ta_arm32/lib/libutils.a(strlen.o)
 .debug_loc     0x0000000000001dc2      0x870 /workspace/optee_os/out/arm/export-ta_arm32/lib/libutils.a(arm32_aeabi_ldivmod.o)
 .debug_loc     0x0000000000002632       0x9f /workspace/optee_os/out/arm/export-ta_arm32/lib/libutee.a(trace_ext.o)
 .debug_loc     0x00000000000026d1      0x7e0 /workspace/optee_os/out/arm/export-ta_arm32/lib/libutee.a(tee_api.o)
 .debug_loc     0x0000000000002eb1     0x1215 /workspace/optee_os/out/arm/export-ta_arm32/lib/libutee.a(tee_api_objects.o)
 .debug_loc     0x00000000000040c6     0x29c9 /workspace/optee_os/out/arm/export-ta_arm32/lib/libutee.a(tee_api_operations.o)
 .debug_loc     0x0000000000006a8f       0x21 /workspace/optee_os/out/arm/export-ta_arm32/lib/libutee.a(tee_api_panic.o)
 .debug_loc     0x0000000000006ab0      0x53a /workspace/optee_os/out/arm/export-ta_arm32/lib/libutee.a(user_ta_entry.o)
 .debug_loc     0x0000000000006fea     0x273e /workspace/optee_os/out/arm/export-ta_arm32/lib/libutee.a(tee_api_arith_mpi.o)
 .debug_loc     0x0000000000009728     0x5126 /workspace/optee_os/out/arm/export-ta_arm32/lib/libmbedtls.a(bignum.o)
 .debug_loc     0x000000000000e84e     0x2164 /workspace/optee_os/out/arm/export-ta_arm32/lib/libutils.a(bget_malloc.o)
 .debug_loc     0x00000000000109b2       0xb8 /workspace/optee_os/out/arm/export-ta_arm32/lib/libutils.a(snprintf.o)
 .debug_loc     0x0000000000010a6a      0x13c /workspace/optee_os/out/arm/export-ta_arm32/lib/libutils.a(memcmp.o)
 .debug_loc     0x0000000000010ba6       0xa0 /workspace/optee_os/out/arm/export-ta_arm32/lib/libutils.a(memcpy.o)
 .debug_loc     0x0000000000010c46      0x10a /workspace/optee_os/out/arm/export-ta_arm32/lib/libutils.a(memmove.o)
 .debug_loc     0x0000000000010d50       0x4c /workspace/optee_os/out/arm/export-ta_arm32/lib/libutils.a(memset.o)
 .debug_loc     0x0000000000010d9c      0x16c /workspace/optee_os/out/arm/export-ta_arm32/lib/libutils.a(buf_compare_ct.o)
 .debug_loc     0x0000000000010f08      0x34c /workspace/optee_os/out/arm/export-ta_arm32/lib/libutils.a(mempool.o)
 .debug_loc     0x0000000000011254       0xb4 /workspace/optee_os/out/arm/export-ta_arm32/lib/libutee.a(assert.o)

.debug_aranges  0x0000000000000000      0x550
 .debug_aranges
                0x0000000000000000       0x20 ./aes_ta.o
 .debug_aranges
                0x0000000000000020       0x20 ./user_ta_header.o
 .debug_aranges
                0x0000000000000040       0x20 /workspace/optee_os/out/arm/export-ta_arm32/lib/libutils.a(trace.o)
 .debug_aranges
                0x0000000000000060       0x20 /workspace/optee_os/out/arm/export-ta_arm32/lib/libutils.a(aeabi_unwind.o)
 .debug_aranges
                0x0000000000000080       0x20 /workspace/optee_os/out/arm/export-ta_arm32/lib/libutils.a(snprintk.o)
 .debug_aranges
                0x00000000000000a0       0x20 /workspace/optee_os/out/arm/export-ta_arm32/lib/libutils.a(memchr.o)
 .debug_aranges
                0x00000000000000c0       0x20 /workspace/optee_os/out/arm/export-ta_arm32/lib/libutils.a(strlen.o)
 .debug_aranges
                0x00000000000000e0       0x28 /workspace/optee_os/out/arm/export-ta_arm32/lib/libutils.a(arm32_aeabi_ldivmod_a32.o)
 .debug_aranges
                0x0000000000000108       0x20 /workspace/optee_os/out/arm/export-ta_arm32/lib/libutils.a(arm32_aeabi_ldivmod.o)
 .debug_aranges
                0x0000000000000128       0x20 /workspace/optee_os/out/arm/export-ta_arm32/lib/libutee.a(trace_ext.o)
 .debug_aranges
                0x0000000000000148       0x20 /workspace/optee_os/out/arm/export-ta_arm32/lib/libutee.a(tee_api.o)
 .debug_aranges
                0x0000000000000168       0x20 /workspace/optee_os/out/arm/export-ta_arm32/lib/libutee.a(tee_api_objects.o)
 .debug_aranges
                0x0000000000000188       0x20 /workspace/optee_os/out/arm/export-ta_arm32/lib/libutee.a(tee_api_operations.o)
 .debug_aranges
                0x00000000000001a8       0x20 /workspace/optee_os/out/arm/export-ta_arm32/lib/libutee.a(tee_api_panic.o)
 .debug_aranges
                0x00000000000001c8       0x20 /workspace/optee_os/out/arm/export-ta_arm32/lib/libutee.a(user_ta_entry.o)
 .debug_aranges
                0x00000000000001e8      0x1e0 /workspace/optee_os/out/arm/export-ta_arm32/lib/libutee.a(utee_syscalls_a32.o)
 .debug_aranges
                0x00000000000003c8       0x20 /workspace/optee_os/out/arm/export-ta_arm32/lib/libutee.a(gprof_a32.o)
 .debug_aranges
                0x00000000000003e8       0x28 /workspace/optee_os/out/arm/export-ta_arm32/lib/libutee.a(tee_api_arith_mpi.o)
 .debug_aranges
                0x0000000000000410       0x20 /workspace/optee_os/out/arm/export-ta_arm32/lib/libmbedtls.a(bignum.o)
 .debug_aranges
                0x0000000000000430       0x20 /workspace/optee_os/out/arm/export-ta_arm32/lib/libutils.a(bget_malloc.o)
 .debug_aranges