Archive member included to satisfy reference by file (symbol)

/workspace/optee_os/out/arm/export-ta_arm32/lib/libutils.a(stack_check.o)
                              ./aes_ta.o (__stack_chk_fail)
/workspace/optee_os/out/arm/export-ta_arm32/lib/libutils.a(trace.o)
                              ./aes_ta.o (trace_printf)
/workspace/optee_os/out/arm/export-ta_arm32/lib/libutils.a(aeabi_unwind.o)
                              ./aes_ta.o (__aeabi_unwind_cpp_pr0)
/workspace/optee_os/out/arm/export-ta_arm32/lib/libutils.a(snprintk.o)
                              /workspace/optee_os/out/arm/export-ta_arm32/lib/libutils.a(trace.o) (snprintk)
/workspace/optee_os/out/arm/export-ta_arm32/lib/libutils.a(memchr.o)
                              /workspace/optee_os/out/arm/export-ta_arm32/lib/libutils.a(snprintk.o) (memchr)
/workspace/optee_os/out/arm/export-ta_arm32/lib/libutils.a(strlen.o)
                              /workspace/optee_os/out/arm/export-ta_arm32/lib/libutils.a(snprintk.o) (strlen)
/workspace/optee_os/out/arm/export-ta_arm32/lib/libutils.a(arm32_aeabi_ldivmod_a32.o)
                              /workspace/optee_os/out/arm/export-ta_arm32/lib/libutils.a(snprintk.o) (__aeabi_uldivmod)
/workspace/optee_os/out/arm/export-ta_arm32/lib/libutils.a(arm32_aeabi_ldivmod.o)
                              /workspace/optee_os/out/arm/export-ta_arm32/lib/libutils.a(arm32_aeabi_ldivmod_a32.o) (__ul_divmod)
/workspace/optee_os/out/arm/export-ta_arm32/lib/libutee.a(trace_ext.o)
                              /workspace/optee_os/out/arm/export-ta_arm32/lib/libutils.a(trace.o) (trace_ext_puts)
/workspace/optee_os/out/arm/export-ta_arm32/lib/libutee.a(tee_api.o)
                              ./aes_ta.o (TEE_Malloc)
/workspace/optee_os/out/arm/export-ta_arm32/lib/libutee.a(tee_api_objects.o)
                              ./aes_ta.o (TEE_AllocateTransientObject)
/workspace/optee_os/out/arm/export-ta_arm32/lib/libutee.a(tee_api_operations.o)
                              ./aes_ta.o (TEE_FreeOperation)
/workspace/optee_os/out/arm/export-ta_arm32/lib/libutee.a(tee_api_panic.o)
                              /workspace/optee_os/out/arm/export-ta_arm32/lib/libutee.a(tee_api.o) (TEE_Panic)
/workspace/optee_os/out/arm/export-ta_arm32/lib/libutee.a(user_ta_entry.o)
                              ./user_ta_header.o (__utee_entry)
/workspace/optee_os/out/arm/export-ta_arm32/lib/libutee.a(utee_syscalls_a32.o)
                              /workspace/optee_os/out/arm/export-ta_arm32/lib/libutee.a(tee_api_panic.o) (utee_panic)
/workspace/optee_os/out/arm/export-ta_arm32/lib/libutee.a(gprof_a32.o)
                              /workspace/optee_os/out/arm/export-ta_arm32/lib/libutee.a(user_ta_entry.o) (__utee_mcount)
/workspace/optee_os/out/arm/export-ta_arm32/lib/libutee.a(tee_api_arith_mpi.o)
                              /workspace/optee_os/out/arm/export-ta_arm32/lib/libutee.a(user_ta_entry.o) (_TEE_MathAPI_Init)
/workspace/optee_os/out/arm/export-ta_arm32/lib/libmbedtls.a(bignum.o)
                              /workspace/optee_os/out/arm/export-ta_arm32/lib/libutee.a(tee_api_arith_mpi.o) (mbedtls_mpi_init_mempool)
/workspace/optee_os/out/arm/export-ta_arm32/lib/libutils.a(bget_malloc.o)
                              /workspace/optee_os/out/arm/export-ta_arm32/lib/libutee.a(tee_api.o) (malloc)
/workspace/optee_os/out/arm/export-ta_arm32/lib/libutils.a(snprintf.o)
                              /workspace/optee_os/out/arm/export-ta_arm32/lib/libutee.a(trace_ext.o) (vsnprintf)
/workspace/optee_os/out/arm/export-ta_arm32/lib/libutils.a(memcmp.o)
                              /workspace/optee_os/out/arm/export-ta_arm32/lib/libutee.a(tee_api.o) (memcmp)
/workspace/optee_os/out/arm/export-ta_arm32/lib/libutils.a(memcpy.o)
                              /workspace/optee_os/out/arm/export-ta_arm32/lib/libutee.a(tee_api_operations.o) (memcpy)
/workspace/optee_os/out/arm/export-ta_arm32/lib/libutils.a(memmove.o)
                              /workspace/optee_os/out/arm/export-ta_arm32/lib/libutee.a(tee_api.o) (memmove)
/workspace/optee_os/out/arm/export-ta_arm32/lib/libutils.a(memset.o)
                              /workspace/optee_os/out/arm/export-ta_arm32/lib/libutee.a(tee_api.o) (memset)
/workspace/optee_os/out/arm/export-ta_arm32/lib/libutils.a(buf_compare_ct.o)
                              /workspace/optee_os/out/arm/export-ta_arm32/lib/libutee.a(tee_api_operations.o) (buf_compare_ct)
/workspace/optee_os/out/arm/export-ta_arm32/lib/libutils.a(mempool.o)
                              /workspace/optee_os/out/arm/export-ta_arm32/lib/libutee.a(tee_api_arith_mpi.o) (mempool_alloc_pool)
/workspace/optee_os/out/arm/export-ta_arm32/lib/libutee.a(assert.o)
                              /workspace/optee_os/out/arm/export-ta_arm32/lib/libutils.a(bget_malloc.o) (_assert_log)

Discarded input sections

 .group         0x0000000000000000        0xc ./aes_ta.o
 .group         0x0000000000000000        0xc ./aes_ta.o
[...]
Memory Configuration

Name             Origin             Length             Attributes
*default*        0x0000000000000000 0xffffffffffffffff

Linker script and memory map


.ta_head        0x0000000000000000       0x20
 *(SORT_BY_ALIGNMENT(.ta_head))
 .ta_head       0x0000000000000000       0x20 ./user_ta_header.o
                0x0000000000000000                ta_head

.text           0x0000000000000020     0x7e38
                0x0000000000000020                __text_start = .
 *(SORT_BY_ALIGNMENT(.text) SORT_BY_ALIGNMENT(.text.*))
 .text          0x0000000000000020      0x454 ./aes_ta.o
                0x0000000000000020                TA_CreateEntryPoint
                0x0000000000000024                TA_DestroyEntryPoint
                0x0000000000000026                TA_OpenSessionEntryPoint
                0x000000000000006c                TA_CloseSessionEntryPoint
                0x00000000000000b0                TA_InvokeCommandEntryPoint
 .text          0x0000000000000474      0x2bc /workspace/optee_os/out/arm/export-ta_arm32/lib/libutils.a(trace.o)
                0x00000000000004c2                trace_set_level
                0x00000000000004e0                trace_get_level
                0x00000000000004f4                trace_printf
                0x0000000000000630                dhex_dump
 .text          0x0000000000000730      0x75c /workspace/optee_os/out/arm/export-ta_arm32/lib/libutils.a(snprintk.o)
                0x0000000000000730                __vsnprintf
                0x0000000000000e64                vsnprintk
                0x0000000000000e72                snprintk
 .text.__aeabi_ldivmod
                0x0000000000000e8c       0x18 /workspace/optee_os/out/arm/export-ta_arm32/lib/libutils.a(arm32_aeabi_ldivmod_a32.o)
                0x0000000000000e8c                __aeabi_ldivmod
 .text.__aeabi_uldivmod
                0x0000000000000ea4       0x18 /workspace/optee_os/out/arm/export-ta_arm32/lib/libutils.a(arm32_aeabi_ldivmod_a32.o)
                0x0000000000000ea4                __aeabi_uldivmod
 .text          0x0000000000000ebc       0x9c /workspace/optee_os/out/arm/export-ta_arm32/lib/libutee.a(trace_ext.o)
                0x0000000000000ebc                trace_ext_puts
                0x0000000000000ed0                trace_ext_get_thread_id
                0x0000000000000ed6                printf
                0x0000000000000f10                puts
                0x0000000000000f34                putchar
 .text          0x0000000000000f58      0x2e4 /workspace/optee_os/out/arm/export-ta_arm32/lib/libutee.a(tee_api.o)
                0x0000000000000f58                __utee_from_param
                0x0000000000000fa8                __utee_to_param
                0x0000000000000fe6                TEE_OpenTASession
                0x000000000000102a                TEE_CloseTASession
                0x000000000000103e                TEE_InvokeTACommand
                0x00000000000010a4                TEE_GetCancellationFlag
                0x00000000000010c0                TEE_UnmaskCancellation
                0x00000000000010dc                TEE_MaskCancellation
                0x00000000000010f8                TEE_CheckMemoryAccessRights
                0x0000000000001102                TEE_SetInstanceData
                0x0000000000001110                TEE_GetInstanceData
                0x000000000000111c                TEE_MemMove
                0x0000000000001120                TEE_MemCompare
                0x0000000000001124                TEE_MemFill
                0x0000000000001128                TEE_GetSystemTime
                0x000000000000113e                TEE_Wait
                0x000000000000115c                TEE_GetTAPersistentTime
                0x0000000000001198                TEE_SetTAPersistentTime
                0x00000000000011c0                TEE_GetREETime
                0x00000000000011d6                TEE_Malloc
                0x0000000000001220                TEE_Realloc
                0x0000000000001224                TEE_Free
                0x0000000000001228                TEE_CacheClean
                0x000000000000122e                TEE_CacheFlush
                0x0000000000001234                TEE_CacheInvalidate
 .text          0x000000000000123c      0x78c /workspace/optee_os/out/arm/export-ta_arm32/lib/libutee.a(tee_api_objects.o)
                0x000000000000123c                __utee_from_attr
                0x0000000000001276                TEE_GetObjectInfo
                0x00000000000012a0                TEE_GetObjectInfo1
                0x00000000000012c0                TEE_RestrictObjectUsage1
                0x00000000000012e0                TEE_RestrictObjectUsage
                0x000000000000130c                TEE_GetObjectBufferAttribute
                0x000000000000137c                TEE_GetObjectValueAttribute
                0x0000000000001400                TEE_CloseObject
                0x0000000000001414                TEE_AllocateTransientObject
                0x0000000000001444                TEE_FreeTransientObject
                0x0000000000001474                TEE_ResetTransientObject
                0x00000000000014a4                TEE_PopulateTransientObject
                0x0000000000001514                TEE_InitRefAttribute
                0x0000000000001536                TEE_InitValueAttribute
                0x0000000000001558                TEE_CopyObjectAttributes1
                0x00000000000015c0                TEE_CopyObjectAttributes
                0x00000000000015f0                TEE_GenerateKey
                0x0000000000001638                TEE_OpenPersistentObject
                0x000000000000169c                TEE_CreatePersistentObject
                0x0000000000001734                TEE_CloseAndDeletePersistentObject1
                0x0000000000001758                TEE_CloseAndDeletePersistentObject
                0x000000000000176e                TEE_RenamePersistentObject
                0x00000000000017b4                TEE_AllocatePersistentObjectEnumerator
                0x00000000000017ec                TEE_FreePersistentObjectEnumerator
                0x0000000000001800                TEE_ResetPersistentObjectEnumerator
                0x0000000000001814                TEE_StartPersistentObjectEnumerator
                0x0000000000001840                TEE_GetNextPersistentObject
                0x0000000000001894                TEE_ReadObjectData
                0x00000000000018d4                TEE_WriteObjectData
                0x0000000000001914                TEE_TruncateObjectData
                0x000000000000194c                TEE_SeekObjectData
 .text          0x00000000000019c8     0x15c8 /workspace/optee_os/out/arm/export-ta_arm32/lib/libutee.a(tee_api_operations.o)
                0x0000000000001b28                TEE_FreeOperation
                0x0000000000001b4e                TEE_AllocateOperation
                0x0000000000002094                TEE_GetOperationInfo
                0x00000000000020b6                TEE_GetOperationInfoMultiple
                0x000000000000216c                TEE_ResetOperation
                0x00000000000021ac                TEE_SetOperationKey
                0x0000000000002238                TEE_SetOperationKey2
                0x000000000000232c                TEE_CopyOperation
                0x00000000000023d0                TEE_DigestUpdate
                0x0000000000002400                TEE_DigestDoFinal
                0x0000000000002470                TEE_CipherInit
                0x00000000000024c6                TEE_CipherUpdate
                0x00000000000025ac                TEE_CipherDoFinal
                0x00000000000026bc                TEE_MACInit
                0x0000000000002712                TEE_MACUpdate
                0x0000000000002760                TEE_MACComputeFinal
                0x00000000000027c8                TEE_MACCompareFinal
                0x000000000000282c                TEE_AEInit
                0x000000000000289c                TEE_AEUpdateAAD
                0x00000000000028e2                TEE_AEUpdate
                0x00000000000029b0                TEE_AEEncryptFinal
                0x0000000000002ac8                TEE_AEDecryptFinal
                0x0000000000002bd0                TEE_AsymmetricEncrypt
                0x0000000000002c8c                TEE_AsymmetricDecrypt
                0x0000000000002d4c                TEE_AsymmetricSignDigest
                0x0000000000002e00                TEE_AsymmetricVerifyDigest
                0x0000000000002eac                TEE_DeriveKey
                0x0000000000002f66                TEE_GenerateRandom
                0x0000000000002f78                rand
 .text          0x0000000000002f90      0x214 /workspace/optee_os/out/arm/export-ta_arm32/lib/libutee.a(user_ta_entry.o)
                0x0000000000003014                __utee_entry
 .text          0x00000000000031a4        0x0 /workspace/optee_os/out/arm/export-ta_arm32/lib/libutee.a(utee_syscalls_a32.o)
 .text.utee_panic
                0x00000000000031a4       0x14 /workspace/optee_os/out/arm/export-ta_arm32/lib/libutee.a(utee_syscalls_a32.o)
                0x00000000000031a4                utee_panic
 .text.utee_return
                0x00000000000031b8       0x14 /workspace/optee_os/out/arm/export-ta_arm32/lib/libutee.a(utee_syscalls_a32.o)
                0x00000000000031b8                utee_return
 .text.utee_log
                0x00000000000031cc       0x14 /workspace/optee_os/out/arm/export-ta_arm32/lib/libutee.a(utee_syscalls_a32.o)
                0x00000000000031cc                utee_log
 .text.__utee_panic
                0x00000000000031e0       0x14 /workspace/optee_os/out/arm/export-ta_arm32/lib/libutee.a(utee_syscalls_a32.o)
                0x00000000000031e0                __utee_panic
 .text.utee_get_property
                0x00000000000031f4       0x18 /workspace/optee_os/out/arm/export-ta_arm32/lib/libutee.a(utee_syscalls_a32.o)
                0x00000000000031f4                utee_get_property
 .text.utee_get_property_name_to_index
                0x000000000000320c       0x14 /workspace/optee_os/out/arm/export-ta_arm32/lib/libutee.a(utee_syscalls_a32.o)
                0x000000000000320c                utee_get_property_name_to_index
 .text.utee_open_ta_session
                0x0000000000003220       0x18 /workspace/optee_os/out/arm/export-ta_arm32/lib/libutee.a(utee_syscalls_a32.o)
                0x0000000000003220                utee_open_ta_session
 .text.utee_close_ta_session
                0x0000000000003238       0x14 /workspace/optee_os/out/arm/export-ta_arm32/lib/libutee.a(utee_syscalls_a32.o)
                0x0000000000003238                utee_close_ta_session
 .text.utee_invoke_ta_command
                0x000000000000324c       0x18 /workspace/optee_os/out/arm/export-ta_arm32/lib/libutee.a(utee_syscalls_a32.o)
                0x000000000000324c                utee_invoke_ta_command
 .text.utee_get_cancellation_flag
                0x0000000000003264       0x14 /workspace/optee_os/out/arm/export-ta_arm32/lib/libutee.a(utee_syscalls_a32.o)
                0x0000000000003264                utee_get_cancellation_flag
 .text.utee_check_access_rights
                0x0000000000003278       0x14 /workspace/optee_os/out/arm/export-ta_arm32/lib/libutee.a(utee_syscalls_a32.o)
                0x0000000000003278                utee_check_access_rights
 .text.utee_unmask_cancellation
                0x000000000000328c       0x14 /workspace/optee_os/out/arm/export-ta_arm32/lib/libutee.a(utee_syscalls_a32.o)
                0x000000000000328c                utee_unmask_cancellation
 .text.utee_mask_cancellation
                0x00000000000032a0       0x14 /workspace/optee_os/out/arm/export-ta_arm32/lib/libutee.a(utee_syscalls_a32.o)
                0x00000000000032a0                utee_mask_cancellation
 .text.utee_wait
                0x00000000000032b4       0x14 /workspace/optee_os/out/arm/export-ta_arm32/lib/libutee.a(utee_syscalls_a32.o)
                0x00000000000032b4                utee_wait
 .text.utee_get_time
                0x00000000000032c8       0x14 /workspace/optee_os/out/arm/export-ta_arm32/lib/libutee.a(utee_syscalls_a32.o)
                0x00000000000032c8                utee_get_time
 .text.utee_set_ta_time
                0x00000000000032dc       0x14 /workspace/optee_os/out/arm/export-ta_arm32/lib/libutee.a(utee_syscalls_a32.o)
                0x00000000000032dc                utee_set_ta_time
 .text.utee_cryp_state_alloc
                0x00000000000032f0       0x18 /workspace/optee_os/out/arm/export-ta_arm32/lib/libutee.a(utee_syscalls_a32.o)
                0x00000000000032f0                utee_cryp_state_alloc
 .text.utee_cryp_state_copy
                0x0000000000003308       0x14 /workspace/optee_os/out/arm/export-ta_arm32/lib/libutee.a(utee_syscalls_a32.o)
                0x0000000000003308                utee_cryp_state_copy
 .text.utee_cryp_state_free
                0x000000000000331c       0x14 /workspace/optee_os/out/arm/export-ta_arm32/lib/libutee.a(utee_syscalls_a32.o)
                0x000000000000331c                utee_cryp_state_free
 .text.utee_hash_init
                0x0000000000003330       0x14 /workspace/optee_os/out/arm/export-ta_arm32/lib/libutee.a(utee_syscalls_a32.o)
                0x0000000000003330                utee_hash_init
 .text.utee_hash_update
                0x0000000000003344       0x14 /workspace/optee_os/out/arm/export-ta_arm32/lib/libutee.a(utee_syscalls_a32.o)
                0x0000000000003344                utee_hash_update
 .text.utee_hash_final
                0x0000000000003358       0x18 /workspace/optee_os/out/arm/export-ta_arm32/lib/libutee.a(utee_syscalls_a32.o)
                0x0000000000003358                utee_hash_final
 .text.utee_cipher_init
                0x0000000000003370       0x14 /workspace/optee_os/out/arm/export-ta_arm32/lib/libutee.a(utee_syscalls_a32.o)
                0x0000000000003370                utee_cipher_init
 .text.utee_cipher_update
                0x0000000000003384       0x18 /workspace/optee_os/out/arm/export-ta_arm32/lib/libutee.a(utee_syscalls_a32.o)
                0x0000000000003384                utee_cipher_update
 .text.utee_cipher_final
                0x000000000000339c       0x18 /workspace/optee_os/out/arm/export-ta_arm32/lib/libutee.a(utee_syscalls_a32.o)
                0x000000000000339c                utee_cipher_final
 .text.utee_cryp_obj_get_info
                0x00000000000033b4       0x14 /workspace/optee_os/out/arm/export-ta_arm32/lib/libutee.a(utee_syscalls_a32.o)
                0x00000000000033b4                utee_cryp_obj_get_info
 .text.utee_cryp_obj_restrict_usage
                0x00000000000033c8       0x14 /workspace/optee_os/out/arm/export-ta_arm32/lib/libutee.a(utee_syscalls_a32.o)
                0x00000000000033c8                utee_cryp_obj_restrict_usage
 .text.utee_cryp_obj_get_attr
                0x00000000000033dc       0x14 /workspace/optee_os/out/arm/export-ta_arm32/lib/libutee.a(utee_syscalls_a32.o)
                0x00000000000033dc                utee_cryp_obj_get_attr
 .text.utee_cryp_obj_alloc
                0x00000000000033f0       0x14 /workspace/optee_os/out/arm/export-ta_arm32/lib/libutee.a(utee_syscalls_a32.o)
                0x00000000000033f0                utee_cryp_obj_alloc
 .text.utee_cryp_obj_close
                0x0000000000003404       0x14 /workspace/optee_os/out/arm/export-ta_arm32/lib/libutee.a(utee_syscalls_a32.o)
                0x0000000000003404                utee_cryp_obj_close
 .text.utee_cryp_obj_reset
                0x0000000000003418       0x14 /workspace/optee_os/out/arm/export-ta_arm32/lib/libutee.a(utee_syscalls_a32.o)
                0x0000000000003418                utee_cryp_obj_reset
 .text.utee_cryp_obj_populate
                0x000000000000342c       0x14 /workspace/optee_os/out/arm/export-ta_arm32/lib/libutee.a(utee_syscalls_a32.o)
                0x000000000000342c                utee_cryp_obj_populate
 .text.utee_cryp_obj_copy
                0x0000000000003440       0x14 /workspace/optee_os/out/arm/export-ta_arm32/lib/libutee.a(utee_syscalls_a32.o)
                0x0000000000003440                utee_cryp_obj_copy
 .text.utee_cryp_derive_key
                0x0000000000003454       0x14 /workspace/optee_os/out/arm/export-ta_arm32/lib/libutee.a(utee_syscalls_a32.o)
                0x0000000000003454                utee_cryp_derive_key
 .text.utee_cryp_random_number_generate
                0x0000000000003468       0x14 /workspace/optee_os/out/arm/export-ta_arm32/lib/libutee.a(utee_syscalls_a32.o)
                0x0000000000003468                utee_cryp_random_number_generate
 .text.utee_authenc_init
                0x000000000000347c       0x18 /workspace/optee_os/out/arm/export-ta_arm32/lib/libutee.a(utee_syscalls_a32.o)
                0x000000000000347c                utee_authenc_init
 .text.utee_authenc_update_aad
                0x0000000000003494       0x14 /workspace/optee_os/out/arm/export-ta_arm32/lib/libutee.a(utee_syscalls_a32.o)
                0x0000000000003494                utee_authenc_update_aad
 .text.utee_authenc_update_payload
                0x00000000000034a8       0x18 /workspace/optee_os/out/arm/export-ta_arm32/lib/libutee.a(utee_syscalls_a32.o)
                0x00000000000034a8                utee_authenc_update_payload
 .text.utee_authenc_enc_final
                0x00000000000034c0       0x18 /workspace/optee_os/out/arm/export-ta_arm32/lib/libutee.a(utee_syscalls_a32.o)
                0x00000000000034c0                utee_authenc_enc_final
 .text.utee_authenc_dec_final
                0x00000000000034d8       0x18 /workspace/optee_os/out/arm/export-ta_arm32/lib/libutee.a(utee_syscalls_a32.o)
                0x00000000000034d8                utee_authenc_dec_final
 .text.utee_asymm_operate
                0x00000000000034f0       0x18 /workspace/optee_os/out/arm/export-ta_arm32/lib/libutee.a(utee_syscalls_a32.o)
                0x00000000000034f0                utee_asymm_operate
 .text.utee_asymm_verify
                0x0000000000003508       0x18 /workspace/optee_os/out/arm/export-ta_arm32/lib/libutee.a(utee_syscalls_a32.o)
                0x0000000000003508                utee_asymm_verify
 .text.utee_storage_obj_open
                0x0000000000003520       0x18 /workspace/optee_os/out/arm/export-ta_arm32/lib/libutee.a(utee_syscalls_a32.o)
                0x0000000000003520                utee_storage_obj_open
 .text.utee_storage_obj_create
                0x0000000000003538       0x18 /workspace/optee_os/out/arm/export-ta_arm32/lib/libutee.a(utee_syscalls_a32.o)
                0x0000000000003538                utee_storage_obj_create
 .text.utee_storage_obj_del
                0x0000000000003550       0x14 /workspace/optee_os/out/arm/export-ta_arm32/lib/libutee.a(utee_syscalls_a32.o)
                0x0000000000003550                utee_storage_obj_del
 .text.utee_storage_obj_rename
                0x0000000000003564       0x14 /workspace/optee_os/out/arm/export-ta_arm32/lib/libutee.a(utee_syscalls_a32.o)
                0x0000000000003564                utee_storage_obj_rename
 .text.utee_storage_alloc_enum
                0x0000000000003578       0x14 /workspace/optee_os/out/arm/export-ta_arm32/lib/libutee.a(utee_syscalls_a32.o)
                0x0000000000003578                utee_storage_alloc_enum
 .text.utee_storage_free_enum
                0x000000000000358c       0x14 /workspace/optee_os/out/arm/export-ta_arm32/lib/libutee.a(utee_syscalls_a32.o)
                0x000000000000358c                utee_storage_free_enum
 .text.utee_storage_reset_enum
                0x00000000000035a0       0x14 /workspace/optee_os/out/arm/export-ta_arm32/lib/libutee.a(utee_syscalls_a32.o)
                0x00000000000035a0                utee_storage_reset_enum
 .text.utee_storage_start_enum
                0x00000000000035b4       0x14 /workspace/optee_os/out/arm/export-ta_arm32/lib/libutee.a(utee_syscalls_a32.o)
                0x00000000000035b4                utee_storage_start_enum
 .text.utee_storage_next_enum
                0x00000000000035c8       0x14 /workspace/optee_os/out/arm/export-ta_arm32/lib/libutee.a(utee_syscalls_a32.o)
                0x00000000000035c8                utee_storage_next_enum
 .text.utee_storage_obj_read
                0x00000000000035dc       0x14 /workspace/optee_os/out/arm/export-ta_arm32/lib/libutee.a(utee_syscalls_a32.o)
                0x00000000000035dc                utee_storage_obj_read
 .text.utee_storage_obj_write
                0x00000000000035f0       0x14 /workspace/optee_os/out/arm/export-ta_arm32/lib/libutee.a(utee_syscalls_a32.o)
                0x00000000000035f0                utee_storage_obj_write
 .text.utee_storage_obj_trunc
                0x0000000000003604       0x14 /workspace/optee_os/out/arm/export-ta_arm32/lib/libutee.a(utee_syscalls_a32.o)
                0x0000000000003604                utee_storage_obj_trunc
 .text.utee_storage_obj_seek
                0x0000000000003618       0x14 /workspace/optee_os/out/arm/export-ta_arm32/lib/libutee.a(utee_syscalls_a32.o)
                0x0000000000003618                utee_storage_obj_seek
 .text.utee_cryp_obj_generate_key
                0x000000000000362c       0x14 /workspace/optee_os/out/arm/export-ta_arm32/lib/libutee.a(utee_syscalls_a32.o)
                0x000000000000362c                utee_cryp_obj_generate_key
 .text.utee_cache_operation
                0x0000000000003640       0x14 /workspace/optee_os/out/arm/export-ta_arm32/lib/libutee.a(utee_syscalls_a32.o)
                0x0000000000003640                utee_cache_operation
 .text.__utee_mcount
                0x0000000000003654        0xc /workspace/optee_os/out/arm/export-ta_arm32/lib/libutee.a(gprof_a32.o)
                0x0000000000003654                __utee_mcount
 .text          0x0000000000003660     0x1014 /workspace/optee_os/out/arm/export-ta_arm32/lib/libutee.a(tee_api_arith_mpi.o)
                0x0000000000003c0c                _TEE_MathAPI_Init
                0x0000000000003c50                TEE_BigIntInit
                0x0000000000003c90                TEE_BigIntConvertFromOctetString
                0x0000000000003cd0                TEE_BigIntConvertToOctetString
                0x0000000000003d28                TEE_BigIntConvertFromS32
                0x0000000000003d60                TEE_BigIntConvertToS32
                0x0000000000003db8                TEE_BigIntCmp
                0x0000000000003dec                TEE_BigIntCmpS32
                0x0000000000003efc                TEE_BigIntShiftRight
                0x0000000000003ff0                TEE_BigIntGetBit
                0x000000000000401a                TEE_BigIntGetBitCount
                0x000000000000403c                TEE_BigIntAdd
                0x0000000000004058                TEE_BigIntSub
                0x0000000000004074                TEE_BigIntNeg
                0x00000000000040cc                TEE_BigIntMul
                0x0000000000004170                TEE_BigIntSquare
                0x0000000000004176                TEE_BigIntDiv
                0x0000000000004224                TEE_BigIntMod
                0x0000000000004274                TEE_BigIntAddMod
                0x0000000000004290                TEE_BigIntSubMod
                0x00000000000042ac                TEE_BigIntMulMod
                0x00000000000042c8                TEE_BigIntSquareMod
                0x00000000000042d0                TEE_BigIntInvMod
                0x0000000000004374                TEE_BigIntRelativePrime
                0x00000000000043f0                TEE_BigIntComputeExtendedGcd
                0x0000000000004544                TEE_BigIntIsProbablePrime
                0x0000000000004574                TEE_BigIntInitFMM
                0x0000000000004578                TEE_BigIntInitFMMContext
                0x000000000000457a                TEE_BigIntFMMSizeInU32
                0x0000000000004582                TEE_BigIntFMMContextSizeInU32
                0x0000000000004586                TEE_BigIntConvertToFMM
                0x000000000000458a                TEE_BigIntConvertFromFMM
                0x00000000000045d4                TEE_BigIntComputeFMM
 .text.unlikely
                0x0000000000004674       0x20 /workspace/optee_os/out/arm/export-ta_arm32/lib/libutee.a(tee_api_arith_mpi.o)
 .text          0x0000000000004694     0x2800 /workspace/optee_os/out/arm/export-ta_arm32/lib/libmbedtls.a(bignum.o)
                0x0000000000004c04                mbedtls_mpi_init
                0x0000000000004c16                mbedtls_mpi_init_mempool
                0x0000000000004c3c                mbedtls_mpi_init_static
                0x0000000000004c4e                mbedtls_mpi_free
                0x0000000000004c9c                mbedtls_mpi_grow
                0x0000000000004d44                mbedtls_mpi_shrink
                0x0000000000004e10                mbedtls_mpi_copy
                0x0000000000004e66                mbedtls_mpi_swap
                0x0000000000004e94                mbedtls_mpi_safe_cond_assign
                0x0000000000004f00                mbedtls_mpi_safe_cond_swap
                0x0000000000004f86                mbedtls_mpi_lset
                0x0000000000004fbe                mbedtls_mpi_get_bit
                0x0000000000004fde                mbedtls_mpi_set_bit
                0x000000000000502e                mbedtls_mpi_lsb
                0x000000000000505c                mbedtls_mpi_bitlen
                0x000000000000509e                mbedtls_mpi_size
                0x00000000000050aa                mbedtls_mpi_read_binary
                0x0000000000005110                mbedtls_mpi_write_binary
                0x0000000000005156                mbedtls_mpi_shift_l
                0x00000000000051ee                mbedtls_mpi_shift_r
                0x0000000000005266                mbedtls_mpi_cmp_abs
                0x00000000000052d4                mbedtls_mpi_cmp_mpi
                0x000000000000536a                mbedtls_mpi_cmp_int
                0x000000000000539a                mbedtls_mpi_add_abs
                0x0000000000005456                mbedtls_mpi_sub_abs
                0x00000000000054d6                mbedtls_mpi_add_mpi
                0x000000000000551e                mbedtls_mpi_sub_mpi
                0x000000000000556a                mbedtls_mpi_add_int
                0x000000000000559a                mbedtls_mpi_sub_int
                0x00000000000055ca                mbedtls_mpi_mul_mpi
                0x00000000000056a6                mbedtls_mpi_mul_int
                0x00000000000056c4                mbedtls_mpi_read_string
                0x00000000000057f0                mbedtls_mpi_div_mpi
                0x0000000000005b92                mbedtls_mpi_div_int
                0x0000000000005bc0                mbedtls_mpi_mod_mpi
                0x0000000000005c24                mbedtls_mpi_mod_int
                0x0000000000005cca                mbedtls_mpi_write_string
                0x0000000000005e54                mbedtls_mpi_montg_init
                0x0000000000005e7c                mbedtls_mpi_montmul
                0x0000000000005f40                mbedtls_mpi_montred
                0x0000000000005f64                mbedtls_mpi_exp_mod
                0x00000000000063aa                mbedtls_mpi_gcd
                0x00000000000064be                mbedtls_mpi_fill_random
                0x0000000000006706                mbedtls_mpi_inv_mod
                0x00000000000069d6                mbedtls_mpi_is_prime
                0x0000000000006a32                mbedtls_mpi_gen_prime
                0x0000000000006b68                mbedtls_mpi_self_test
 .text          0x0000000000006e94      0xbdc /workspace/optee_os/out/arm/export-ta_arm32/lib/libutils.a(bget_malloc.o)
                0x0000000000006f9c                bget
                0x0000000000007108                bgetz
                0x0000000000007164                brel
                0x000000000000735c                bgetr
                0x00000000000073d8                bpool
                0x0000000000007474                bstats
                0x00000000000074d8                malloc_reset_stats
                0x00000000000074ec                malloc_get_stats
                0x000000000000750c                malloc
                0x000000000000750e                free
                0x0000000000007520                calloc
                0x0000000000007568                realloc
                0x00000000000075a0                memalign
                0x0000000000007850                malloc_add_pool
                0x0000000000007948                malloc_buffer_is_within_alloced
                0x0000000000007a24                malloc_buffer_overlaps_heap
 .text          0x0000000000007a70      0x104 /workspace/optee_os/out/arm/export-ta_arm32/lib/libutils.a(mempool.o)
                0x0000000000007a70                mempool_alloc_pool
                0x0000000000007ab4                mempool_alloc
                0x0000000000007b20                mempool_calloc
                0x0000000000007b44                mempool_free
 .text          0x0000000000007b74       0x38 /workspace/optee_os/out/arm/export-ta_arm32/lib/libutee.a(assert.o)
                0x0000000000007b74                _assert_log
                0x0000000000007b9c                _assert_break
 .text          0x0000000000007bac        0x4 ./user_ta_header.o
                0x0000000000007bac                tahead_get_trace_level
 .text          0x0000000000007bb0        0x2 /workspace/optee_os/out/arm/export-ta_arm32/lib/libutils.a(stack_check.o)
                0x0000000000007bb0                __stack_chk_fail
 .text          0x0000000000007bb2        0x6 /workspace/optee_os/out/arm/export-ta_arm32/lib/libutils.a(aeabi_unwind.o)
                0x0000000000007bb2                __aeabi_unwind_cpp_pr0
                0x0000000000007bb4                __aeabi_unwind_cpp_pr1
                0x0000000000007bb6                __aeabi_unwind_cpp_pr2
 .text          0x0000000000007bb8       0x1c /workspace/optee_os/out/arm/export-ta_arm32/lib/libutils.a(memchr.o)
                0x0000000000007bb8                memchr
 .text          0x0000000000007bd4       0x10 /workspace/optee_os/out/arm/export-ta_arm32/lib/libutils.a(strlen.o)
                0x0000000000007bd4                strlen
 .text          0x0000000000007be4      0x160 /workspace/optee_os/out/arm/export-ta_arm32/lib/libutils.a(arm32_aeabi_ldivmod.o)
                0x0000000000007be4                __ul_divmod
                0x0000000000007c58                __l_divmod
 .text          0x0000000000007d44        0x4 /workspace/optee_os/out/arm/export-ta_arm32/lib/libutee.a(tee_api_panic.o)
                0x0000000000007d44                TEE_Panic
 .text          0x0000000000007d48       0x2c /workspace/optee_os/out/arm/export-ta_arm32/lib/libutils.a(snprintf.o)
                0x0000000000007d48                snprintf
                0x0000000000007d66                vsnprintf
 .text          0x0000000000007d74       0x1e /workspace/optee_os/out/arm/export-ta_arm32/lib/libutils.a(memcmp.o)
                0x0000000000007d74                memcmp
 .text          0x0000000000007d92       0x16 /workspace/optee_os/out/arm/export-ta_arm32/lib/libutils.a(memcpy.o)
                0x0000000000007d92                memcpy
 .text          0x0000000000007da8       0x34 /workspace/optee_os/out/arm/export-ta_arm32/lib/libutils.a(memmove.o)
                0x0000000000007da8                memmove
 .text          0x0000000000007ddc       0x10 /workspace/optee_os/out/arm/export-ta_arm32/lib/libutils.a(memset.o)
                0x0000000000007ddc                memset
 .text          0x0000000000007dec       0x2c /workspace/optee_os/out/arm/export-ta_arm32/lib/libutils.a(buf_compare_ct.o)
                0x0000000000007dec                buf_compare_ct
 .text          0x0000000000007e18        0x0 /workspace/optee_os/out/arm/export-ta_arm32/lib/libutils.a(arm32_aeabi_ldivmod_a32.o)
 .text          0x0000000000007e18        0x0 /workspace/optee_os/out/arm/export-ta_arm32/lib/libutee.a(gprof_a32.o)
 .text.__stub   0x0000000000007e18       0x40 linker stubs
 *(SORT_BY_ALIGNMENT(.stub))
 *(SORT_BY_ALIGNMENT(.glue_7))
 .glue_7        0x0000000000007e58        0x0 linker stubs
 *(SORT_BY_ALIGNMENT(.glue_7t))
 .glue_7t       0x0000000000007e58        0x0 linker stubs
 *(SORT_BY_ALIGNMENT(.gnu.linkonce.t.*))
 *(SORT_BY_ALIGNMENT(.vfp11_veneer))
 .vfp11_veneer  0x0000000000007e58        0x0 linker stubs
                [!provide]                        PROVIDE (__gnu_mcount_nc = __utee_mcount)
                0x0000000000007e58                __text_end = .

.v4_bx          0x0000000000007e58        0x0
 .v4_bx         0x0000000000007e58        0x0 linker stubs

.iplt           0x0000000000007e58        0x0
 .iplt          0x0000000000007e58        0x0 ./aes_ta.o

.plt            0x0000000000007e58        0x0
 *(SORT_BY_ALIGNMENT(.plt))
 .plt           0x0000000000007e58        0x0 ./aes_ta.o

.eh_frame
 *(SORT_BY_ALIGNMENT(.eh_frame))

.rodata         0x0000000000007e58     0x1270
 *(SORT_BY_ALIGNMENT(.gnu.linkonce.r.*))
 *(SORT_BY_ALIGNMENT(.rodata) SORT_BY_ALIGNMENT(.rodata.*))
 .rodata.user_ta_header.c
                0x0000000000007e58       0x17 ./user_ta_header.o
                0x0000000000007e58                ta_num_props
                0x0000000000007e68                ta_heap_size
                0x0000000000007e6c                trace_ext_prefix
 *fill*         0x0000000000007e6f        0x1 
 .rodata.lib/libmbedtls/mbedtls/library/bignum.c
                0x0000000000007e70      0x2c4 /workspace/optee_os/out/arm/export-ta_arm32/lib/libmbedtls.a(bignum.o)
 .rodata.str1.1.aes_ta.c
                0x0000000000008134      0x1cc ./aes_ta.o
 .rodata.aes_ta.c
                0x0000000000008300       0xb3 ./aes_ta.o
 .rodata.str1.1.user_ta_header.c
                0x00000000000083b3       0xae ./user_ta_header.o
 .rodata.lib/libutils/ext/trace.c
                0x0000000000008461        0xf /workspace/optee_os/out/arm/export-ta_arm32/lib/libutils.a(trace.o)
 .rodata.str1.1.lib/libutils/ext/trace.c
                0x0000000000008470       0x3a /workspace/optee_os/out/arm/export-ta_arm32/lib/libutils.a(trace.o)
                                         0x3d (size before relaxing)
 .rodata.lib/libutils/ext/snprintk.c
                0x00000000000084aa       0x22 /workspace/optee_os/out/arm/export-ta_arm32/lib/libutils.a(snprintk.o)
 .rodata.str1.1.lib/libutils/ext/snprintk.c
                0x00000000000084cc       0x38 /workspace/optee_os/out/arm/export-ta_arm32/lib/libutils.a(snprintk.o)
 .rodata.str1.1.lib/libutee/trace_ext.c
                0x0000000000008504       0x38 /workspace/optee_os/out/arm/export-ta_arm32/lib/libutee.a(trace_ext.o)
                                          0x2 (size before relaxing)
 .rodata.lib/libutee/tee_api.c
                0x0000000000008504        0xb /workspace/optee_os/out/arm/export-ta_arm32/lib/libutee.a(tee_api.o)
 .rodata.str1.1.lib/libutee/tee_api.c
                0x000000000000850f       0x11 /workspace/optee_os/out/arm/export-ta_arm32/lib/libutee.a(tee_api.o)
 .rodata.lib/libutee/tee_api_arith_mpi.c
                0x0000000000008520      0x143 /workspace/optee_os/out/arm/export-ta_arm32/lib/libutee.a(tee_api_arith_mpi.o)
 .rodata.str1.1.lib/libutee/tee_api_arith_mpi.c
                0x0000000000008663       0xb7 /workspace/optee_os/out/arm/export-ta_arm32/lib/libutee.a(tee_api_arith_mpi.o)
 .rodata.str1.1.lib/libmbedtls/mbedtls/library/bignum.c
                0x000000000000871a      0x45d /workspace/optee_os/out/arm/export-ta_arm32/lib/libmbedtls.a(bignum.o)
 .rodata.lib/libutils/isoc/bget_malloc.c
                0x0000000000008b77       0x8a /workspace/optee_os/out/arm/export-ta_arm32/lib/libutils.a(bget_malloc.o)
 .rodata.str1.1.lib/libutils/isoc/bget_malloc.c
                0x0000000000008c01      0x408 /workspace/optee_os/out/arm/export-ta_arm32/lib/libutils.a(bget_malloc.o)
                                        0x411 (size before relaxing)
 .rodata.lib/libutils/ext/mempool.c
                0x0000000000009009       0x21 /workspace/optee_os/out/arm/export-ta_arm32/lib/libutils.a(mempool.o)
 .rodata.str1.1.lib/libutils/ext/mempool.c
                0x000000000000902a       0x77 /workspace/optee_os/out/arm/export-ta_arm32/lib/libutils.a(mempool.o)
 .rodata.str1.1.lib/libutee/assert.c
                0x00000000000090a1       0x27 /workspace/optee_os/out/arm/export-ta_arm32/lib/libutee.a(assert.o)

.ARM.extab      0x00000000000090c8       0xfc
 .ARM.extab     0x00000000000090c8        0x0 ./aes_ta.o
 .ARM.extab     0x00000000000090c8        0x0 ./user_ta_header.o
 .ARM.extab     0x00000000000090c8        0x0 /workspace/optee_os/out/arm/export-ta_arm32/lib/libutils.a(stack_check.o)
 .ARM.extab     0x00000000000090c8        0xc /workspace/optee_os/out/arm/export-ta_arm32/lib/libutils.a(trace.o)
 .ARM.extab     0x00000000000090d4        0x0 /workspace/optee_os/out/arm/export-ta_arm32/lib/libutils.a(aeabi_unwind.o)
 .ARM.extab     0x00000000000090d4        0xc /workspace/optee_os/out/arm/export-ta_arm32/lib/libutils.a(snprintk.o)
 .ARM.extab     0x00000000000090e0        0x0 /workspace/optee_os/out/arm/export-ta_arm32/lib/libutils.a(memchr.o)
 .ARM.extab     0x00000000000090e0        0x0 /workspace/optee_os/out/arm/export-ta_arm32/lib/libutils.a(strlen.o)
 .ARM.extab     0x00000000000090e0        0x0 /workspace/optee_os/out/arm/export-ta_arm32/lib/libutils.a(arm32_aeabi_ldivmod.o)
 .ARM.extab     0x00000000000090e0        0xc /workspace/optee_os/out/arm/export-ta_arm32/lib/libutee.a(trace_ext.o)
 .ARM.extab     0x00000000000090ec       0x24 /workspace/optee_os/out/arm/export-ta_arm32/lib/libutee.a(tee_api.o)
 .ARM.extab     0x0000000000009110       0x30 /workspace/optee_os/out/arm/export-ta_arm32/lib/libutee.a(tee_api_objects.o)
 .ARM.extab     0x0000000000009140        0xc /workspace/optee_os/out/arm/export-ta_arm32/lib/libutee.a(tee_api_operations.o)
 .ARM.extab     0x000000000000914c        0x0 /workspace/optee_os/out/arm/export-ta_arm32/lib/libutee.a(tee_api_panic.o)
 .ARM.extab     0x000000000000914c        0x0 /workspace/optee_os/out/arm/export-ta_arm32/lib/libutee.a(user_ta_entry.o)
 .ARM.extab     0x000000000000914c       0x24 /workspace/optee_os/out/arm/export-ta_arm32/lib/libutee.a(tee_api_arith_mpi.o)
 .ARM.extab     0x0000000000009170       0x24 /workspace/optee_os/out/arm/export-ta_arm32/lib/libmbedtls.a(bignum.o)
 .ARM.extab     0x0000000000009194       0x18 /workspace/optee_os/out/arm/export-ta_arm32/lib/libutils.a(bget_malloc.o)
 .ARM.extab     0x00000000000091ac        0xc /workspace/optee_os/out/arm/export-ta_arm32/lib/libutils.a(snprintf.o)
 .ARM.extab     0x00000000000091b8        0x0 /workspace/optee_os/out/arm/export-ta_arm32/lib/libutils.a(memcmp.o)
 .ARM.extab     0x00000000000091b8        0x0 /workspace/optee_os/out/arm/export-ta_arm32/lib/libutils.a(memcpy.o)
 .ARM.extab     0x00000000000091b8        0x0 /workspace/optee_os/out/arm/export-ta_arm32/lib/libutils.a(memmove.o)
 .ARM.extab     0x00000000000091b8        0x0 /workspace/optee_os/out/arm/export-ta_arm32/lib/libutils.a(memset.o)
 .ARM.extab     0x00000000000091b8        0x0 /workspace/optee_os/out/arm/export-ta_arm32/lib/libutils.a(buf_compare_ct.o)
 .ARM.extab     0x00000000000091b8        0x0 /workspace/optee_os/out/arm/export-ta_arm32/lib/libutils.a(mempool.o)
 .ARM.extab     0x00000000000091b8        0xc /workspace/optee_os/out/arm/export-ta_arm32/lib/libutee.a(assert.o)

.gnu.version_d  0x00000000000091c4        0x0
 .gnu.version_d
                0x00000000000091c4        0x0 ./aes_ta.o

.gnu.version    0x00000000000091c4        0x0
 .gnu.version   0x00000000000091c4        0x0 ./aes_ta.o

.gnu.version_r  0x00000000000091c4        0x0
 .gnu.version_r
                0x00000000000091c4        0x0 ./aes_ta.o

.gnu.hash       0x00000000000091c4       0x18
 .gnu.hash      0x00000000000091c4       0x18 ./aes_ta.o

.ARM.extab.text.__aeabi_ldivmod
                0x00000000000091dc        0xc
 .ARM.extab.text.__aeabi_ldivmod
                0x00000000000091dc        0xc /workspace/optee_os/out/arm/export-ta_arm32/lib/libutils.a(arm32_aeabi_ldivmod_a32.o)

.ARM.extab.text.__aeabi_uldivmod
                0x00000000000091e8        0xc
 .ARM.extab.text.__aeabi_uldivmod
                0x00000000000091e8        0xc /workspace/optee_os/out/arm/export-ta_arm32/lib/libutils.a(arm32_aeabi_ldivmod_a32.o)

.ARM.extab.text.utee_panic
                0x00000000000091f4        0xc
 .ARM.extab.text.utee_panic
                0x00000000000091f4        0xc /workspace/optee_os/out/arm/export-ta_arm32/lib/libutee.a(utee_syscalls_a32.o)

.ARM.extab.text.utee_return
                0x0000000000009200        0x0
 .ARM.extab.text.utee_return
                0x0000000000009200        0x0 /workspace/optee_os/out/arm/export-ta_arm32/lib/libutee.a(utee_syscalls_a32.o)

.ARM.extab.text.utee_log
                0x0000000000009200        0x0
 .ARM.extab.text.utee_log
                0x0000000000009200        0x0 /workspace/optee_os/out/arm/export-ta_arm32/lib/libutee.a(utee_syscalls_a32.o)

.ARM.extab.text.__utee_panic
                0x0000000000009200        0x0
 .ARM.extab.text.__utee_panic
                0x0000000000009200        0x0 /workspace/optee_os/out/arm/export-ta_arm32/lib/libutee.a(utee_syscalls_a32.o)

.ARM.extab.text.utee_get_property
                0x0000000000009200        0x0
 .ARM.extab.text.utee_get_property
                0x0000000000009200        0x0 /workspace/optee_os/out/arm/export-ta_arm32/lib/libutee.a(utee_syscalls_a32.o)

.ARM.extab.text.utee_get_property_name_to_index
                0x0000000000009200        0x0
 .ARM.extab.text.utee_get_property_name_to_index
                0x0000000000009200        0x0 /workspace/optee_os/out/arm/export-ta_arm32/lib/libutee.a(utee_syscalls_a32.o)

.ARM.extab.text.utee_open_ta_session
                0x0000000000009200        0x0
 .ARM.extab.text.utee_open_ta_session
                0x0000000000009200        0x0 /workspace/optee_os/out/arm/export-ta_arm32/lib/libutee.a(utee_syscalls_a32.o)

.ARM.extab.text.utee_close_ta_session
                0x0000000000009200        0x0
 .ARM.extab.text.utee_close_ta_session
                0x0000000000009200        0x0 /workspace/optee_os/out/arm/export-ta_arm32/lib/libutee.a(utee_syscalls_a32.o)

.ARM.extab.text.utee_invoke_ta_command
                0x0000000000009200        0x0
 .ARM.extab.text.utee_invoke_ta_command
                0x0000000000009200        0x0 /workspace/optee_os/out/arm/export-ta_arm32/lib/libutee.a(utee_syscalls_a32.o)

.ARM.extab.text.utee_get_cancellation_flag
                0x0000000000009200        0x0
 .ARM.extab.text.utee_get_cancellation_flag
                0x0000000000009200        0x0 /workspace/optee_os/out/arm/export-ta_arm32/lib/libutee.a(utee_syscalls_a32.o)

.ARM.extab.text.utee_check_access_rights
                0x0000000000009200        0x0
 .ARM.extab.text.utee_check_access_rights
                0x0000000000009200        0x0 /workspace/optee_os/out/arm/export-ta_arm32/lib/libutee.a(utee_syscalls_a32.o)

.ARM.extab.text.utee_unmask_cancellation
                0x0000000000009200        0x0
 .ARM.extab.text.utee_unmask_cancellation
                0x0000000000009200        0x0 /workspace/optee_os/out/arm/export-ta_arm32/lib/libutee.a(utee_syscalls_a32.o)

.ARM.extab.text.utee_mask_cancellation
                0x0000000000009200        0x0
 .ARM.extab.text.utee_mask_cancellation
                0x0000000000009200        0x0 /workspace/optee_os/out/arm/export-ta_arm32/lib/libutee.a(utee_syscalls_a32.o)

.ARM.extab.text.utee_wait
                0x0000000000009200        0x0
 .ARM.extab.text.utee_wait
                0x0000000000009200        0x0 /workspace/optee_os/out/arm/export-ta_arm32/lib/libutee.a(utee_syscalls_a32.o)

.ARM.extab.text.utee_get_time
                0x0000000000009200        0x0
 .ARM.extab.text.utee_get_time
                0x0000000000009200        0x0 /workspace/optee_os/out/arm/export-ta_arm32/lib/libutee.a(utee_syscalls_a32.o)

.ARM.extab.text.utee_set_ta_time
                0x0000000000009200        0x0
 .ARM.extab.text.utee_set_ta_time
                0x0000000000009200        0x0 /workspace/optee_os/out/arm/export-ta_arm32/lib/libutee.a(utee_syscalls_a32.o)

.ARM.extab.text.utee_cryp_state_alloc
                0x0000000000009200        0x0
 .ARM.extab.text.utee_cryp_state_alloc
                0x0000000000009200        0x0 /workspace/optee_os/out/arm/export-ta_arm32/lib/libutee.a(utee_syscalls_a32.o)

.ARM.extab.text.utee_cryp_state_copy
                0x0000000000009200        0x0
 .ARM.extab.text.utee_cryp_state_copy
                0x0000000000009200        0x0 /workspace/optee_os/out/arm/export-ta_arm32/lib/libutee.a(utee_syscalls_a32.o)

.ARM.extab.text.utee_cryp_state_free
                0x0000000000009200        0x0
 .ARM.extab.text.utee_cryp_state_free
                0x0000000000009200        0x0 /workspace/optee_os/out/arm/export-ta_arm32/lib/libutee.a(utee_syscalls_a32.o)

.ARM.extab.text.utee_hash_init
                0x0000000000009200        0x0
 .ARM.extab.text.utee_hash_init
                0x0000000000009200        0x0 /workspace/optee_os/out/arm/export-ta_arm32/lib/libutee.a(utee_syscalls_a32.o)

.ARM.extab.text.utee_hash_update
                0x0000000000009200        0x0
 .ARM.extab.text.utee_hash_update
                0x0000000000009200        0x0 /workspace/optee_os/out/arm/export-ta_arm32/lib/libutee.a(utee_syscalls_a32.o)

.ARM.extab.text.utee_hash_final
                0x0000000000009200        0x0
 .ARM.extab.text.utee_hash_final
                0x0000000000009200        0x0 /workspace/optee_os/out/arm/export-ta_arm32/lib/libutee.a(utee_syscalls_a32.o)

.ARM.extab.text.utee_cipher_init
                0x0000000000009200        0x0
 .ARM.extab.text.utee_cipher_init
                0x0000000000009200        0x0 /workspace/optee_os/out/arm/export-ta_arm32/lib/libutee.a(utee_syscalls_a32.o)

.ARM.extab.text.utee_cipher_update
                0x0000000000009200        0x0
 .ARM.extab.text.utee_cipher_update
                0x0000000000009200        0x0 /workspace/optee_os/out/arm/export-ta_arm32/lib/libutee.a(utee_syscalls_a32.o)

.ARM.extab.text.utee_cipher_final
                0x0000000000009200        0x0
 .ARM.extab.text.utee_cipher_final
                0x0000000000009200        0x0 /workspace/optee_os/out/arm/export-ta_arm32/lib/libutee.a(utee_syscalls_a32.o)

.ARM.extab.text.utee_cryp_obj_get_info
                0x0000000000009200        0x0
 .ARM.extab.text.utee_cryp_obj_get_info
                0x0000000000009200        0x0 /workspace/optee_os/out/arm/export-ta_arm32/lib/libutee.a(utee_syscalls_a32.o)

.ARM.extab.text.utee_cryp_obj_restrict_usage
                0x0000000000009200        0x0
 .ARM.extab.text.utee_cryp_obj_restrict_usage
                0x0000000000009200        0x0 /workspace/optee_os/out/arm/export-ta_arm32/lib/libutee.a(utee_syscalls_a32.o)

.ARM.extab.text.utee_cryp_obj_get_attr
                0x0000000000009200        0x0
 .ARM.extab.text.utee_cryp_obj_get_attr
                0x0000000000009200        0x0 /workspace/optee_os/out/arm/export-ta_arm32/lib/libutee.a(utee_syscalls_a32.o)

.ARM.extab.text.utee_cryp_obj_alloc
                0x0000000000009200        0x0
 .ARM.extab.text.utee_cryp_obj_alloc
                0x0000000000009200        0x0 /workspace/optee_os/out/arm/export-ta_arm32/lib/libutee.a(utee_syscalls_a32.o)

.ARM.extab.text.utee_cryp_obj_close
                0x0000000000009200        0x0
 .ARM.extab.text.utee_cryp_obj_close
                0x0000000000009200        0x0 /workspace/optee_os/out/arm/export-ta_arm32/lib/libutee.a(utee_syscalls_a32.o)

.ARM.extab.text.utee_cryp_obj_reset
                0x0000000000009200        0x0
 .ARM.extab.text.utee_cryp_obj_reset
                0x0000000000009200        0x0 /workspace/optee_os/out/arm/export-ta_arm32/lib/libutee.a(utee_syscalls_a32.o)

.ARM.extab.text.utee_cryp_obj_populate
                0x0000000000009200        0x0
 .ARM.extab.text.utee_cryp_obj_populate
                0x0000000000009200        0x0 /workspace/optee_os/out/arm/export-ta_arm32/lib/libutee.a(utee_syscalls_a32.o)

.ARM.extab.text.utee_cryp_obj_copy
                0x0000000000009200        0x0
 .ARM.extab.text.utee_cryp_obj_copy
                0x0000000000009200        0x0 /workspace/optee_os/out/arm/export-ta_arm32/lib/libutee.a(utee_syscalls_a32.o)

.ARM.extab.text.utee_cryp_derive_key
                0x0000000000009200        0x0
 .ARM.extab.text.utee_cryp_derive_key
                0x0000000000009200        0x0 /workspace/optee_os/out/arm/export-ta_arm32/lib/libutee.a(utee_syscalls_a32.o)

.ARM.extab.text.utee_cryp_random_number_generate
                0x0000000000009200        0x0
 .ARM.extab.text.utee_cryp_random_number_generate
                0x0000000000009200        0x0 /workspace/optee_os/out/arm/export-ta_arm32/lib/libutee.a(utee_syscalls_a32.o)

.ARM.extab.text.utee_authenc_init
                0x0000000000009200        0x0
 .ARM.extab.text.utee_authenc_init
                0x0000000000009200        0x0 /workspace/optee_os/out/arm/export-ta_arm32/lib/libutee.a(utee_syscalls_a32.o)

.ARM.extab.text.utee_authenc_update_aad
                0x0000000000009200        0x0
 .ARM.extab.text.utee_authenc_update_aad
                0x0000000000009200        0x0 /workspace/optee_os/out/arm/export-ta_arm32/lib/libutee.a(utee_syscalls_a32.o)

.ARM.extab.text.utee_authenc_update_payload
                0x0000000000009200        0x0
 .ARM.extab.text.utee_authenc_update_payload
                0x0000000000009200        0x0 /workspace/optee_os/out/arm/export-ta_arm32/lib/libutee.a(utee_syscalls_a32.o)

.ARM.extab.text.utee_authenc_enc_final
                0x0000000000009200        0x0
 .ARM.extab.text.utee_authenc_enc_final
                0x0000000000009200        0x0 /workspace/optee_os/out/arm/export-ta_arm32/lib/libutee.a(utee_syscalls_a32.o)

.ARM.extab.text.utee_authenc_dec_final
                0x0000000000009200        0x0
 .ARM.extab.text.utee_authenc_dec_final
                0x0000000000009200        0x0 /workspace/optee_os/out/arm/export-ta_arm32/lib/libutee.a(utee_syscalls_a32.o)

.ARM.extab.text.utee_asymm_operate
                0x0000000000009200        0x0
 .ARM.extab.text.utee_asymm_operate
                0x0000000000009200        0x0 /workspace/optee_os/out/arm/export-ta_arm32/lib/libutee.a(utee_syscalls_a32.o)

.ARM.extab.text.utee_asymm_verify
                0x0000000000009200        0x0
 .ARM.extab.text.utee_asymm_verify
                0x0000000000009200        0x0 /workspace/optee_os/out/arm/export-ta_arm32/lib/libutee.a(utee_syscalls_a32.o)

.ARM.extab.text.utee_storage_obj_open
                0x0000000000009200        0x0
 .ARM.extab.text.utee_storage_obj_open
                0x0000000000009200        0x0 /workspace/optee_os/out/arm/export-ta_arm32/lib/libutee.a(utee_syscalls_a32.o)

.ARM.extab.text.utee_storage_obj_create
                0x0000000000009200        0x0
 .ARM.extab.text.utee_storage_obj_create
                0x0000000000009200        0x0 /workspace/optee_os/out/arm/export-ta_arm32/lib/libutee.a(utee_syscalls_a32.o)

.ARM.extab.text.utee_storage_obj_del
                0x0000000000009200        0x0
 .ARM.extab.text.utee_storage_obj_del
                0x0000000000009200        0x0 /workspace/optee_os/out/arm/export-ta_arm32/lib/libutee.a(utee_syscalls_a32.o)

.ARM.extab.text.utee_storage_obj_rename
                0x0000000000009200        0x0
 .ARM.extab.text.utee_storage_obj_rename
                0x0000000000009200        0x0 /workspace/optee_os/out/arm/export-ta_arm32/lib/libutee.a(utee_syscalls_a32.o)

.ARM.extab.text.utee_storage_alloc_enum
                0x0000000000009200        0x0
 .ARM.extab.text.utee_storage_alloc_enum
                0x0000000000009200        0x0 /workspace/optee_os/out/arm/export-ta_arm32/lib/libutee.a(utee_syscalls_a32.o)

.ARM.extab.text.utee_storage_free_enum
                0x0000000000009200        0x0
 .ARM.extab.text.utee_storage_free_enum
                0x0000000000009200        0x0 /workspace/optee_os/out/arm/export-ta_arm32/lib/libutee.a(utee_syscalls_a32.o)

.ARM.extab.text.utee_storage_reset_enum
                0x0000000000009200        0x0
 .ARM.extab.text.utee_storage_reset_enum
                0x0000000000009200        0x0 /workspace/optee_os/out/arm/export-ta_arm32/lib/libutee.a(utee_syscalls_a32.o)

.ARM.extab.text.utee_storage_start_enum
                0x0000000000009200        0x0
 .ARM.extab.text.utee_storage_start_enum
                0x0000000000009200        0x0 /workspace/optee_os/out/arm/export-ta_arm32/lib/libutee.a(utee_syscalls_a32.o)

.ARM.extab.text.utee_storage_next_enum
                0x0000000000009200        0x0
 .ARM.extab.text.utee_storage_next_enum
                0x0000000000009200        0x0 /workspace/optee_os/out/arm/export-ta_arm32/lib/libutee.a(utee_syscalls_a32.o)

.ARM.extab.text.utee_storage_obj_read
                0x0000000000009200        0x0
 .ARM.extab.text.utee_storage_obj_read
                0x0000000000009200        0x0 /workspace/optee_os/out/arm/export-ta_arm32/lib/libutee.a(utee_syscalls_a32.o)

.ARM.extab.text.utee_storage_obj_write
                0x0000000000009200        0x0
 .ARM.extab.text.utee_storage_obj_write
                0x0000000000009200        0x0 /workspace/optee_os/out/arm/export-ta_arm32/lib/libutee.a(utee_syscalls_a32.o)

.ARM.extab.text.utee_storage_obj_trunc
                0x0000000000009200        0x0
 .ARM.extab.text.utee_storage_obj_trunc
                0x0000000000009200        0x0 /workspace/optee_os/out/arm/export-ta_arm32/lib/libutee.a(utee_syscalls_a32.o)

.ARM.extab.text.utee_storage_obj_seek
                0x0000000000009200        0x0
 .ARM.extab.text.utee_storage_obj_seek
                0x0000000000009200        0x0 /workspace/optee_os/out/arm/export-ta_arm32/lib/libutee.a(utee_syscalls_a32.o)

.ARM.extab.text.utee_cryp_obj_generate_key
                0x0000000000009200        0x0
 .ARM.extab.text.utee_cryp_obj_generate_key
                0x0000000000009200        0x0 /workspace/optee_os/out/arm/export-ta_arm32/lib/libutee.a(utee_syscalls_a32.o)

.ARM.extab.text.utee_cache_operation
                0x0000000000009200        0x0
 .ARM.extab.text.utee_cache_operation
                0x0000000000009200        0x0 /workspace/optee_os/out/arm/export-ta_arm32/lib/libutee.a(utee_syscalls_a32.o)

.ARM.extab.text.unlikely
                0x0000000000009200        0xc
 .ARM.extab.text.unlikely
                0x0000000000009200        0xc /workspace/optee_os/out/arm/export-ta_arm32/lib/libutee.a(tee_api_arith_mpi.o)

.ARM.exidx      0x000000000000920c      0x648
 *(SORT_BY_ALIGNMENT(.ARM.exidx*) SORT_BY_ALIGNMENT(.gnu.linkonce.armexidx.*))
 .ARM.exidx     0x000000000000920c       0x20 ./aes_ta.o
                                         0x28 (size before relaxing)
 .ARM.exidx     0x000000000000922c       0x20 /workspace/optee_os/out/arm/export-ta_arm32/lib/libutils.a(trace.o)
                                         0x28 (size before relaxing)
 .ARM.exidx     0x000000000000924c       0x18 /workspace/optee_os/out/arm/export-ta_arm32/lib/libutils.a(snprintk.o)
 .ARM.exidx.text.__aeabi_ldivmod
                0x0000000000009264        0x8 /workspace/optee_os/out/arm/export-ta_arm32/lib/libutils.a(arm32_aeabi_ldivmod_a32.o)
 .ARM.exidx.text.__aeabi_uldivmod
                0x000000000000926c        0x8 /workspace/optee_os/out/arm/export-ta_arm32/lib/libutils.a(arm32_aeabi_ldivmod_a32.o)
 .ARM.exidx     0x0000000000009274       0x28 /workspace/optee_os/out/arm/export-ta_arm32/lib/libutee.a(trace_ext.o)
 .ARM.exidx     0x000000000000929c       0x68 /workspace/optee_os/out/arm/export-ta_arm32/lib/libutee.a(tee_api.o)
                                         0xc8 (size before relaxing)
 .ARM.exidx     0x0000000000009304       0xd0 /workspace/optee_os/out/arm/export-ta_arm32/lib/libutee.a(tee_api_objects.o)
                                         0xf8 (size before relaxing)
 .ARM.exidx     0x00000000000093d4       0xd8 /workspace/optee_os/out/arm/export-ta_arm32/lib/libutee.a(tee_api_operations.o)
                                         0xf0 (size before relaxing)
 .ARM.exidx     0x00000000000094ac       0x18 /workspace/optee_os/out/arm/export-ta_arm32/lib/libutee.a(user_ta_entry.o)
 .ARM.exidx.text.utee_panic
                0x00000000000094c4        0x8 /workspace/optee_os/out/arm/export-ta_arm32/lib/libutee.a(utee_syscalls_a32.o)
 .ARM.exidx.text.utee_return
                0x00000000000094cc        0x8 /workspace/optee_os/out/arm/export-ta_arm32/lib/libutee.a(utee_syscalls_a32.o)
 .ARM.exidx.text.utee_log
                0x00000000000094d4        0x0 /workspace/optee_os/out/arm/export-ta_arm32/lib/libutee.a(utee_syscalls_a32.o)
                                          0x8 (size before relaxing)
 .ARM.exidx.text.__utee_panic
                0x00000000000094d4        0x0 /workspace/optee_os/out/arm/export-ta_arm32/lib/libutee.a(utee_syscalls_a32.o)
                                          0x8 (size before relaxing)
 .ARM.exidx.text.utee_get_property
                0x00000000000094d4        0x0 /workspace/optee_os/out/arm/export-ta_arm32/lib/libutee.a(utee_syscalls_a32.o)
                                          0x8 (size before relaxing)
 .ARM.exidx.text.utee_get_property_name_to_index
                0x00000000000094d4        0x0 /workspace/optee_os/out/arm/export-ta_arm32/lib/libutee.a(utee_syscalls_a32.o)
                                          0x8 (size before relaxing)
 .ARM.exidx.text.utee_open_ta_session
                0x00000000000094d4        0x0 /workspace/optee_os/out/arm/export-ta_arm32/lib/libutee.a(utee_syscalls_a32.o)
                                          0x8 (size before relaxing)
 .ARM.exidx.text.utee_close_ta_session
                0x00000000000094d4        0x0 /workspace/optee_os/out/arm/export-ta_arm32/lib/libutee.a(utee_syscalls_a32.o)
                                          0x8 (size before relaxing)
 .ARM.exidx.text.utee_invoke_ta_command
                0x00000000000094d4        0x0 /workspace/optee_os/out/arm/export-ta_arm32/lib/libutee.a(utee_syscalls_a32.o)
                                          0x8 (size before relaxing)
 .ARM.exidx.text.utee_get_cancellation_flag
                0x00000000000094d4        0x0 /workspace/optee_os/out/arm/export-ta_arm32/lib/libutee.a(utee_syscalls_a32.o)
                                          0x8 (size before relaxing)
 .ARM.exidx.text.utee_check_access_rights
                0x00000000000094d4        0x0 /workspace/optee_os/out/arm/export-ta_arm32/lib/libutee.a(utee_syscalls_a32.o)
                                          0x8 (size before relaxing)
 .ARM.exidx.text.utee_unmask_cancellation
                0x00000000000094d4        0x0 /workspace/optee_os/out/arm/export-ta_arm32/lib/libutee.a(utee_syscalls_a32.o)
                                          0x8 (size before relaxing)
 .ARM.exidx.text.utee_mask_cancellation
                0x00000000000094d4        0x0 /workspace/optee_os/out/arm/export-ta_arm32/lib/libutee.a(utee_syscalls_a32.o)
                                          0x8 (size before relaxing)
 .ARM.exidx.text.utee_wait
                0x00000000000094d4        0x0 /workspace/optee_os/out/arm/export-ta_arm32/lib/libutee.a(utee_syscalls_a32.o)
                                          0x8 (size before relaxing)
 .ARM.exidx.text.utee_get_time
                0x00000000000094d4        0x0 /workspace/optee_os/out/arm/export-ta_arm32/lib/libutee.a(utee_syscalls_a32.o)
                                          0x8 (size before relaxing)
 .ARM.exidx.text.utee_set_ta_time
                0x00000000000094d4        0x0 /workspace/optee_os/out/arm/export-ta_arm32/lib/libutee.a(utee_syscalls_a32.o)
                                          0x8 (size before relaxing)
 .ARM.exidx.text.utee_cryp_state_alloc
                0x00000000000094d4        0x0 /workspace/optee_os/out/arm/export-ta_arm32/lib/libutee.a(utee_syscalls_a32.o)
                                          0x8 (size before relaxing)
 .ARM.exidx.text.utee_cryp_state_copy
                0x00000000000094d4        0x0 /workspace/optee_os/out/arm/export-ta_arm32/lib/libutee.a(utee_syscalls_a32.o)
                                          0x8 (size before relaxing)
 .ARM.exidx.text.utee_cryp_state_free
                0x00000000000094d4        0x0 /workspace/optee_os/out/arm/export-ta_arm32/lib/libutee.a(utee_syscalls_a32.o)
                                          0x8 (size before relaxing)
 .ARM.exidx.text.utee_hash_init
                0x00000000000094d4        0x0 /workspace/optee_os/out/arm/export-ta_arm32/lib/libutee.a(utee_syscalls_a32.o)
                                          0x8 (size before relaxing)
 .ARM.exidx.text.utee_hash_update
                0x00000000000094d4        0x0 /workspace/optee_os/out/arm/export-ta_arm32/lib/libutee.a(utee_syscalls_a32.o)
                                          0x8 (size before relaxing)
 .ARM.exidx.text.utee_hash_final
                0x00000000000094d4        0x0 /workspace/optee_os/out/arm/export-ta_arm32/lib/libutee.a(utee_syscalls_a32.o)
                                          0x8 (size before relaxing)
 .ARM.exidx.text.utee_cipher_init
                0x00000000000094d4        0x0 /workspace/optee_os/out/arm/export-ta_arm32/lib/libutee.a(utee_syscalls_a32.o)
                                          0x8 (size before relaxing)
 .ARM.exidx.text.utee_cipher_update
                0x00000000000094d4        0x0 /workspace/optee_os/out/arm/export-ta_arm32/lib/libutee.a(utee_syscalls_a32.o)
                                          0x8 (size before relaxing)
 .ARM.exidx.text.utee_cipher_final
                0x00000000000094d4        0x0 /workspace/optee_os/out/arm/export-ta_arm32/lib/libutee.a(utee_syscalls_a32.o)
                                          0x8 (size before relaxing)
 .ARM.exidx.text.utee_cryp_obj_get_info
                0x00000000000094d4        0x0 /workspace/optee_os/out/arm/export-ta_arm32/lib/libutee.a(utee_syscalls_a32.o)
                                          0x8 (size before relaxing)
 .ARM.exidx.text.utee_cryp_obj_restrict_usage
                0x00000000000094d4        0x0 /workspace/optee_os/out/arm/export-ta_arm32/lib/libutee.a(utee_syscalls_a32.o)
                                          0x8 (size before relaxing)
 .ARM.exidx.text.utee_cryp_obj_get_attr
                0x00000000000094d4        0x0 /workspace/optee_os/out/arm/export-ta_arm32/lib/libutee.a(utee_syscalls_a32.o)
                                          0x8 (size before relaxing)
 .ARM.exidx.text.utee_cryp_obj_alloc
                0x00000000000094d4        0x0 /workspace/optee_os/out/arm/export-ta_arm32/lib/libutee.a(utee_syscalls_a32.o)
                                          0x8 (size before relaxing)
 .ARM.exidx.text.utee_cryp_obj_close
                0x00000000000094d4        0x0 /workspace/optee_os/out/arm/export-ta_arm32/lib/libutee.a(utee_syscalls_a32.o)
                                          0x8 (size before relaxing)
 .ARM.exidx.text.utee_cryp_obj_reset
                0x00000000000094d4        0x0 /workspace/optee_os/out/arm/export-ta_arm32/lib/libutee.a(utee_syscalls_a32.o)
                                          0x8 (size before relaxing)
 .ARM.exidx.text.utee_cryp_obj_populate
                0x00000000000094d4        0x0 /workspace/optee_os/out/arm/export-ta_arm32/lib/libutee.a(utee_syscalls_a32.o)
                                          0x8 (size before relaxing)
 .ARM.exidx.text.utee_cryp_obj_copy
                0x00000000000094d4        0x0 /workspace/optee_os/out/arm/export-ta_arm32/lib/libutee.a(utee_syscalls_a32.o)
                                          0x8 (size before relaxing)
 .ARM.exidx.text.utee_cryp_derive_key
                0x00000000000094d4        0x0 /workspace/optee_os/out/arm/export-ta_arm32/lib/libutee.a(utee_syscalls_a32.o)
                                          0x8 (size before relaxing)
 .ARM.exidx.text.utee_cryp_random_number_generate
                0x00000000000094d4        0x0 /workspace/optee_os/out/arm/export-ta_arm32/lib/libutee.a(utee_syscalls_a32.o)
                                          0x8 (size before relaxing)
 .ARM.exidx.text.utee_authenc_init
                0x00000000000094d4        0x0 /workspace/optee_os/out/arm/export-ta_arm32/lib/libutee.a(utee_syscalls_a32.o)
                                          0x8 (size before relaxing)
 .ARM.exidx.text.utee_authenc_update_aad
                0x00000000000094d4        0x0 /workspace/optee_os/out/arm/export-ta_arm32/lib/libutee.a(utee_syscalls_a32.o)
                                          0x8 (size before relaxing)
 .ARM.exidx.text.utee_authenc_update_payload
                0x00000000000094d4        0x0 /workspace/optee_os/out/arm/export-ta_arm32/lib/libutee.a(utee_syscalls_a32.o)
                                          0x8 (size before relaxing)
 .ARM.exidx.text.utee_authenc_enc_final
                0x00000000000094d4        0x0 /workspace/optee_os/out/arm/export-ta_arm32/lib/libutee.a(utee_syscalls_a32.o)
                                          0x8 (size before relaxing)
 .ARM.exidx.text.utee_authenc_dec_final
                0x00000000000094d4        0x0 /workspace/optee_os/out/arm/export-ta_arm32/lib/libutee.a(utee_syscalls_a32.o)
                                          0x8 (size before relaxing)
 .ARM.exidx.text.utee_asymm_operate
                0x00000000000094d4        0x0 /workspace/optee_os/out/arm/export-ta_arm32/lib/libutee.a(utee_syscalls_a32.o)
                                          0x8 (size before relaxing)
 .ARM.exidx.text.utee_asymm_verify
                0x00000000000094d4        0x0 /workspace/optee_os/out/arm/export-ta_arm32/lib/libutee.a(utee_syscalls_a32.o)
                                          0x8 (size before relaxing)
 .ARM.exidx.text.utee_storage_obj_open
                0x00000000000094d4        0x0 /workspace/optee_os/out/arm/export-ta_arm32/lib/libutee.a(utee_syscalls_a32.o)
                                          0x8 (size before relaxing)
 .ARM.exidx.text.utee_storage_obj_create
                0x00000000000094d4        0x0 /workspace/optee_os/out/arm/export-ta_arm32/lib/libutee.a(utee_syscalls_a32.o)
                                          0x8 (size before relaxing)
 .ARM.exidx.text.utee_storage_obj_del
                0x00000000000094d4        0x0 /workspace/optee_os/out/arm/export-ta_arm32/lib/libutee.a(utee_syscalls_a32.o)
                                          0x8 (size before relaxing)
 .ARM.exidx.text.utee_storage_obj_rename
                0x00000000000094d4        0x0 /workspace/optee_os/out/arm/export-ta_arm32/lib/libutee.a(utee_syscalls_a32.o)
                                          0x8 (size before relaxing)
 .ARM.exidx.text.utee_storage_alloc_enum
                0x00000000000094d4        0x0 /workspace/optee_os/out/arm/export-ta_arm32/lib/libutee.a(utee_syscalls_a32.o)
                                          0x8 (size before relaxing)
 .ARM.exidx.text.utee_storage_free_enum
                0x00000000000094d4        0x0 /workspace/optee_os/out/arm/export-ta_arm32/lib/libutee.a(utee_syscalls_a32.o)
                                          0x8 (size before relaxing)
 .ARM.exidx.text.utee_storage_reset_enum
                0x00000000000094d4        0x0 /workspace/optee_os/out/arm/export-ta_arm32/lib/libutee.a(utee_syscalls_a32.o)
                                          0x8 (size before relaxing)
 .ARM.exidx.text.utee_storage_start_enum
                0x00000000000094d4        0x0 /workspace/optee_os/out/arm/export-ta_arm32/lib/libutee.a(utee_syscalls_a32.o)
                                          0x8 (size before relaxing)
 .ARM.exidx.text.utee_storage_next_enum
                0x00000000000094d4        0x0 /workspace/optee_os/out/arm/export-ta_arm32/lib/libutee.a(utee_syscalls_a32.o)
                                          0x8 (size before relaxing)
 .ARM.exidx.text.utee_storage_obj_read
                0x00000000000094d4        0x0 /workspace/optee_os/out/arm/export-ta_arm32/lib/libutee.a(utee_syscalls_a32.o)
                                          0x8 (size before relaxing)
 .ARM.exidx.text.utee_storage_obj_write
                0x00000000000094d4        0x0 /workspace/optee_os/out/arm/export-ta_arm32/lib/libutee.a(utee_syscalls_a32.o)
                                          0x8 (size before relaxing)
 .ARM.exidx.text.utee_storage_obj_trunc
                0x00000000000094d4        0x0 /workspace/optee_os/out/arm/export-ta_arm32/lib/libutee.a(utee_syscalls_a32.o)
                                          0x8 (size before relaxing)
 .ARM.exidx.text.utee_storage_obj_seek
                0x00000000000094d4        0x0 /workspace/optee_os/out/arm/export-ta_arm32/lib/libutee.a(utee_syscalls_a32.o)
                                          0x8 (size before relaxing)
 .ARM.exidx.text.utee_cryp_obj_generate_key
                0x00000000000094d4        0x0 /workspace/optee_os/out/arm/export-ta_arm32/lib/libutee.a(utee_syscalls_a32.o)
                                          0x8 (size before relaxing)
 .ARM.exidx.text.utee_cache_operation
                0x00000000000094d4        0x8 /workspace/optee_os/out/arm/export-ta_arm32/lib/libutee.a(utee_syscalls_a32.o)
 .ARM.exidx     0x00000000000094dc       0xf8 /workspace/optee_os/out/arm/export-ta_arm32/lib/libutee.a(tee_api_arith_mpi.o)
                                        0x150 (size before relaxing)
 .ARM.exidx.text.unlikely
                0x00000000000095d4        0x8 /workspace/optee_os/out/arm/export-ta_arm32/lib/libutee.a(tee_api_arith_mpi.o)
 .ARM.exidx     0x00000000000095dc      0x168 /workspace/optee_os/out/arm/export-ta_arm32/lib/libmbedtls.a(bignum.o)
                                        0x1b0 (size before relaxing)
 .ARM.exidx     0x0000000000009744       0x88 /workspace/optee_os/out/arm/export-ta_arm32/lib/libutils.a(bget_malloc.o)
                                         0x98 (size before relaxing)
 .ARM.exidx     0x00000000000097cc       0x20 /workspace/optee_os/out/arm/export-ta_arm32/lib/libutils.a(mempool.o)
 .ARM.exidx     0x00000000000097ec       0x10 /workspace/optee_os/out/arm/export-ta_arm32/lib/libutee.a(assert.o)
 .ARM.exidx     0x00000000000097fc        0x8 ./user_ta_header.o
 .ARM.exidx     0x0000000000009804        0x0 /workspace/optee_os/out/arm/export-ta_arm32/lib/libutils.a(stack_check.o)
                                          0x8 (size before relaxing)
 .ARM.exidx     0x0000000000009804        0x0 /workspace/optee_os/out/arm/export-ta_arm32/lib/libutils.a(aeabi_unwind.o)
                                         0x18 (size before relaxing)
 .ARM.exidx     0x0000000000009804        0x8 /workspace/optee_os/out/arm/export-ta_arm32/lib/libutils.a(memchr.o)
 .ARM.exidx     0x000000000000980c        0x8 /workspace/optee_os/out/arm/export-ta_arm32/lib/libutils.a(strlen.o)
 .ARM.exidx     0x0000000000009814        0x8 /workspace/optee_os/out/arm/export-ta_arm32/lib/libutils.a(arm32_aeabi_ldivmod.o)
                                         0x10 (size before relaxing)
 .ARM.exidx     0x000000000000981c        0x8 /workspace/optee_os/out/arm/export-ta_arm32/lib/libutee.a(tee_api_panic.o)
 .ARM.exidx     0x0000000000009824       0x10 /workspace/optee_os/out/arm/export-ta_arm32/lib/libutils.a(snprintf.o)
 .ARM.exidx     0x0000000000009834        0x8 /workspace/optee_os/out/arm/export-ta_arm32/lib/libutils.a(memcmp.o)
 .ARM.exidx     0x000000000000983c        0x0 /workspace/optee_os/out/arm/export-ta_arm32/lib/libutils.a(memcpy.o)
                                          0x8 (size before relaxing)
 .ARM.exidx     0x000000000000983c        0x0 /workspace/optee_os/out/arm/export-ta_arm32/lib/libutils.a(memmove.o)
                                          0x8 (size before relaxing)
 .ARM.exidx     0x000000000000983c        0x8 /workspace/optee_os/out/arm/export-ta_arm32/lib/libutils.a(memset.o)
 .ARM.exidx     0x0000000000009844       0x10 /workspace/optee_os/out/arm/export-ta_arm32/lib/libutils.a(buf_compare_ct.o)
                                          0x8 (size before relaxing)

.ctors
 *(SORT_BY_ALIGNMENT(.ctors))

.dtors
 *(SORT_BY_ALIGNMENT(.dtors))

.got            0x0000000000009854       0x40
 *(SORT_BY_ALIGNMENT(.got.plt))
 .got.plt       0x0000000000009854        0xc ./aes_ta.o
                0x0000000000009854                _GLOBAL_OFFSET_TABLE_
 *(SORT_BY_ALIGNMENT(.got))
 .got           0x0000000000009860       0x34 ./aes_ta.o

.rel.text
 *(SORT_BY_ALIGNMENT(.rel.text))
 *(SORT_BY_ALIGNMENT(.rel.gnu.linkonce.t*))

.rela.text
 *(SORT_BY_ALIGNMENT(.rela.text))
 *(SORT_BY_ALIGNMENT(.rela.gnu.linkonce.t*))

.rel.data
 *(SORT_BY_ALIGNMENT(.rel.data))
 *(SORT_BY_ALIGNMENT(.rel.gnu.linkonce.d*))

.rela.data
 *(SORT_BY_ALIGNMENT(.rela.data))
 *(SORT_BY_ALIGNMENT(.rela.gnu.linkonce.d*))

.rel.rodata
 *(SORT_BY_ALIGNMENT(.rel.rodata))
 *(SORT_BY_ALIGNMENT(.rel.gnu.linkonce.r*))

.rela.rodata
 *(SORT_BY_ALIGNMENT(.rela.rodata))
 *(SORT_BY_ALIGNMENT(.rela.gnu.linkonce.r*))

.rel.dyn        0x0000000000009894       0x98
 *(SORT_BY_ALIGNMENT(.rel.dyn))
 .rel.data.rel.ro
                0x0000000000009894        0x0 ./aes_ta.o
 .rel.iplt      0x0000000000009894        0x0 ./aes_ta.o
 .rel.data.rel.ro.local
                0x0000000000009894       0x70 ./aes_ta.o
 .rel.ta_head   0x0000000000009904        0x8 ./aes_ta.o
 .rel.data.rel  0x000000000000990c        0x8 ./aes_ta.o
 .rel.data.rel.local
                0x0000000000009914       0x18 ./aes_ta.o

.rel.got        0x000000000000992c       0x68
 *(SORT_BY_ALIGNMENT(.rel.got))
 .rel.got       0x000000000000992c       0x68 ./aes_ta.o

.rela.got
 *(SORT_BY_ALIGNMENT(.rela.got))

.rel.ctors
 *(SORT_BY_ALIGNMENT(.rel.ctors))

.rela.ctors
 *(SORT_BY_ALIGNMENT(.rela.ctors))

.rel.dtors
 *(SORT_BY_ALIGNMENT(.rel.dtors))

.rela.dtors
 *(SORT_BY_ALIGNMENT(.rela.dtors))

.rel.init
 *(SORT_BY_ALIGNMENT(.rel.init))

.rela.init
 *(SORT_BY_ALIGNMENT(.rela.init))

.rel.fini
 *(SORT_BY_ALIGNMENT(.rel.fini))

.rela.fini
 *(SORT_BY_ALIGNMENT(.rela.fini))

.rel.bss        0x0000000000009994        0x0
 *(SORT_BY_ALIGNMENT(.rel.bss))
 .rel.bss       0x0000000000009994        0x0 ./aes_ta.o

.rela.bss
 *(SORT_BY_ALIGNMENT(.rela.bss))

.rel.plt        0x0000000000009994        0x0
 *(SORT_BY_ALIGNMENT(.rel.plt))
 .rel.plt       0x0000000000009994        0x0 ./aes_ta.o

.rela.plt
 *(SORT_BY_ALIGNMENT(.rela.plt))

.dynamic        0x0000000000009994       0x88
 *(SORT_BY_ALIGNMENT(.dynamic))
 .dynamic       0x0000000000009994       0x88 ./aes_ta.o
                0x0000000000009994                _DYNAMIC

.dynsym         0x0000000000009a1c       0x30
 *(SORT_BY_ALIGNMENT(.dynsym))
 .dynsym        0x0000000000009a1c       0x30 ./aes_ta.o

.dynstr         0x0000000000009a4c        0x1
 *(SORT_BY_ALIGNMENT(.dynstr))
 .dynstr        0x0000000000009a4c        0x1 ./aes_ta.o

.hash           0x0000000000009a50       0x18
 *(SORT_BY_ALIGNMENT(.hash))
 .hash          0x0000000000009a50       0x18 ./aes_ta.o
                0x000000000000a000                . = ALIGN (0x1000)

.data           0x000000000000a000       0x84
 *(SORT_BY_ALIGNMENT(.data) SORT_BY_ALIGNMENT(.data.*) SORT_BY_ALIGNMENT(.gnu.linkonce.d.*))
 .data          0x000000000000a000        0x4 ./user_ta_header.o
                0x000000000000a000                trace_level
 .data.rel.ro.local
                0x000000000000a004       0x54 ./user_ta_header.o
                0x000000000000a004                ta_props
 .data          0x000000000000a058        0x4 /workspace/optee_os/out/arm/export-ta_arm32/lib/libutils.a(stack_check.o)
                0x000000000000a058                __stack_chk_guard
 .data.rel      0x000000000000a05c        0x4 /workspace/optee_os/out/arm/export-ta_arm32/lib/libutee.a(user_ta_entry.o)
                0x000000000000a05c                _ref__utee_mcount
 .data.rel.local
                0x000000000000a060        0x8 /workspace/optee_os/out/arm/export-ta_arm32/lib/libutee.a(user_ta_entry.o)
 .data.rel.local
                0x000000000000a068       0x1c /workspace/optee_os/out/arm/export-ta_arm32/lib/libutils.a(bget_malloc.o)
 .data          0x000000000000a084        0x0 ./aes_ta.o
 .data.rel.ro   0x000000000000a084        0x0 ./aes_ta.o
 .data          0x000000000000a084        0x0 /workspace/optee_os/out/arm/export-ta_arm32/lib/libutils.a(trace.o)
 .data          0x000000000000a084        0x0 /workspace/optee_os/out/arm/export-ta_arm32/lib/libutils.a(aeabi_unwind.o)
 .data          0x000000000000a084        0x0 /workspace/optee_os/out/arm/export-ta_arm32/lib/libutils.a(snprintk.o)
 .data          0x000000000000a084        0x0 /workspace/optee_os/out/arm/export-ta_arm32/lib/libutils.a(memchr.o)
 .data          0x000000000000a084        0x0 /workspace/optee_os/out/arm/export-ta_arm32/lib/libutils.a(strlen.o)
 .data          0x000000000000a084        0x0 /workspace/optee_os/out/arm/export-ta_arm32/lib/libutils.a(arm32_aeabi_ldivmod_a32.o)
 .data          0x000000000000a084        0x0 /workspace/optee_os/out/arm/export-ta_arm32/lib/libutils.a(arm32_aeabi_ldivmod.o)
 .data          0x000000000000a084        0x0 /workspace/optee_os/out/arm/export-ta_arm32/lib/libutee.a(trace_ext.o)
 .data          0x000000000000a084        0x0 /workspace/optee_os/out/arm/export-ta_arm32/lib/libutee.a(tee_api.o)
 .data          0x000000000000a084        0x0 /workspace/optee_os/out/arm/export-ta_arm32/lib/libutee.a(tee_api_objects.o)
 .data          0x000000000000a084        0x0 /workspace/optee_os/out/arm/export-ta_arm32/lib/libutee.a(tee_api_operations.o)
 .data          0x000000000000a084        0x0 /workspace/optee_os/out/arm/export-ta_arm32/lib/libutee.a(tee_api_panic.o)
 .data          0x000000000000a084        0x0 /workspace/optee_os/out/arm/export-ta_arm32/lib/libutee.a(user_ta_entry.o)
 .data          0x000000000000a084        0x0 /workspace/optee_os/out/arm/export-ta_arm32/lib/libutee.a(utee_syscalls_a32.o)
 .data          0x000000000000a084        0x0 /workspace/optee_os/out/arm/export-ta_arm32/lib/libutee.a(gprof_a32.o)
 .data          0x000000000000a084        0x0 /workspace/optee_os/out/arm/export-ta_arm32/lib/libutee.a(tee_api_arith_mpi.o)
 .data          0x000000000000a084        0x0 /workspace/optee_os/out/arm/export-ta_arm32/lib/libmbedtls.a(bignum.o)
 .data          0x000000000000a084        0x0 /workspace/optee_os/out/arm/export-ta_arm32/lib/libutils.a(bget_malloc.o)
 .data          0x000000000000a084        0x0 /workspace/optee_os/out/arm/export-ta_arm32/lib/libutils.a(snprintf.o)
 .data          0x000000000000a084        0x0 /workspace/optee_os/out/arm/export-ta_arm32/lib/libutils.a(memcmp.o)
 .data          0x000000000000a084        0x0 /workspace/optee_os/out/arm/export-ta_arm32/lib/libutils.a(memcpy.o)
 .data          0x000000000000a084        0x0 /workspace/optee_os/out/arm/export-ta_arm32/lib/libutils.a(memmove.o)
 .data          0x000000000000a084        0x0 /workspace/optee_os/out/arm/export-ta_arm32/lib/libutils.a(memset.o)
 .data          0x000000000000a084        0x0 /workspace/optee_os/out/arm/export-ta_arm32/lib/libutils.a(buf_compare_ct.o)
 .data          0x000000000000a084        0x0 /workspace/optee_os/out/arm/export-ta_arm32/lib/libutils.a(mempool.o)
 .data          0x000000000000a084        0x0 /workspace/optee_os/out/arm/export-ta_arm32/lib/libutee.a(assert.o)

.igot.plt       0x000000000000a084        0x0
 .igot.plt      0x000000000000a084        0x0 ./aes_ta.o

.bss            0x000000000000a084     0xa074
 *(SORT_BY_ALIGNMENT(.bss) SORT_BY_ALIGNMENT(.bss.*) SORT_BY_ALIGNMENT(.gnu.linkonce.b.*) SORT_BY_ALIGNMENT(COMMON))
 .bss           0x000000000000a084        0x4 /workspace/optee_os/out/arm/export-ta_arm32/lib/libutee.a(tee_api.o)
 .bss           0x000000000000a088       0x28 /workspace/optee_os/out/arm/export-ta_arm32/lib/libutee.a(user_ta_entry.o)
                0x000000000000a08c                ta_param_types
                0x000000000000a090                ta_params
 .bss           0x000000000000a0b0     0x2000 /workspace/optee_os/out/arm/export-ta_arm32/lib/libutee.a(tee_api_arith_mpi.o)
 .bss           0x000000000000c0b0        0x4 /workspace/optee_os/out/arm/export-ta_arm32/lib/libmbedtls.a(bignum.o)
                0x000000000000c0b0                mbedtls_mpi_mempool
 .bss           0x000000000000c0b4       0x40 /workspace/optee_os/out/arm/export-ta_arm32/lib/libutils.a(bget_malloc.o)
 .bss           0x000000000000c0f4        0x0 ./aes_ta.o
 .bss           0x000000000000c0f4     0x8000 ./user_ta_header.o
                0x000000000000c0f4                ta_heap
 .bss           0x00000000000140f4        0x0 /workspace/optee_os/out/arm/export-ta_arm32/lib/libutils.a(stack_check.o)
 .bss           0x00000000000140f4        0x0 /workspace/optee_os/out/arm/export-ta_arm32/lib/libutils.a(trace.o)
 .bss           0x00000000000140f4        0x0 /workspace/optee_os/out/arm/export-ta_arm32/lib/libutils.a(aeabi_unwind.o)
 .bss           0x00000000000140f4        0x0 /workspace/optee_os/out/arm/export-ta_arm32/lib/libutils.a(snprintk.o)
 .bss           0x00000000000140f4        0x0 /workspace/optee_os/out/arm/export-ta_arm32/lib/libutils.a(memchr.o)
 .bss           0x00000000000140f4        0x0 /workspace/optee_os/out/arm/export-ta_arm32/lib/libutils.a(strlen.o)
 .bss           0x00000000000140f4        0x0 /workspace/optee_os/out/arm/export-ta_arm32/lib/libutils.a(arm32_aeabi_ldivmod_a32.o)
 .bss           0x00000000000140f4        0x0 /workspace/optee_os/out/arm/export-ta_arm32/lib/libutils.a(arm32_aeabi_ldivmod.o)
 .bss           0x00000000000140f4        0x0 /workspace/optee_os/out/arm/export-ta_arm32/lib/libutee.a(trace_ext.o)
 .bss           0x00000000000140f4        0x0 /workspace/optee_os/out/arm/export-ta_arm32/lib/libutee.a(tee_api_objects.o)
 .bss           0x00000000000140f4        0x0 /workspace/optee_os/out/arm/export-ta_arm32/lib/libutee.a(tee_api_operations.o)
 .bss           0x00000000000140f4        0x0 /workspace/optee_os/out/arm/export-ta_arm32/lib/libutee.a(tee_api_panic.o)
 .bss           0x00000000000140f4        0x0 /workspace/optee_os/out/arm/export-ta_arm32/lib/libutee.a(utee_syscalls_a32.o)
 .bss           0x00000000000140f4        0x0 /workspace/optee_os/out/arm/export-ta_arm32/lib/libutee.a(gprof_a32.o)
 .bss           0x00000000000140f4        0x0 /workspace/optee_os/out/arm/export-ta_arm32/lib/libutils.a(snprintf.o)
 .bss           0x00000000000140f4        0x0 /workspace/optee_os/out/arm/export-ta_arm32/lib/libutils.a(memcmp.o)
 .bss           0x00000000000140f4        0x0 /workspace/optee_os/out/arm/export-ta_arm32/lib/libutils.a(memcpy.o)
 .bss           0x00000000000140f4        0x0 /workspace/optee_os/out/arm/export-ta_arm32/lib/libutils.a(memmove.o)
 .bss           0x00000000000140f4        0x0 /workspace/optee_os/out/arm/export-ta_arm32/lib/libutils.a(memset.o)
 .bss           0x00000000000140f4        0x0 /workspace/optee_os/out/arm/export-ta_arm32/lib/libutils.a(buf_compare_ct.o)
 .bss           0x00000000000140f4        0x0 /workspace/optee_os/out/arm/export-ta_arm32/lib/libutils.a(mempool.o)
 .bss           0x00000000000140f4        0x0 /workspace/optee_os/out/arm/export-ta_arm32/lib/libutee.a(assert.o)
                0x00000000000140f8                . = ALIGN (0x8)
 *fill*         0x00000000000140f4        0x4 
                0x00000000000140f8                __gprof_buf_start = .
                0x00000000000140f8                . = (. + DEFINED (__gnu_mcount_nc)?(((__text_end - __text_start) * 0x88) / 0x64):0x0)
                0x00000000000140f8                __gprof_buf_end = .

.dynbss         0x00000000000140f8        0x0
 .dynbss        0x00000000000140f8        0x0 ./aes_ta.o

/DISCARD/
 *(SORT_BY_ALIGNMENT(.interp))
LOAD ./aes_ta.o
LOAD ./user_ta_header.o
START GROUP
LOAD /workspace/optee_os/out/arm/export-ta_arm32/lib/libutils.a
LOAD /workspace/optee_os/out/arm/export-ta_arm32/lib/libutee.a
LOAD /workspace/optee_os/out/arm/export-ta_arm32/lib/libmbedtls.a
END GROUP
OUTPUT(5dbac793-f574-4871-8ad3-04331ec17f24.elf elf32-littlearm)
LOAD linker stubs

.debug_info     0x0000000000000000    0x11d76
 .debug_info    0x0000000000000000      0xe06 ./aes_ta.o
 .debug_info    0x0000000000000e06      0x360 ./user_ta_header.o
 .debug_info    0x0000000000001166       0x4e /workspace/optee_os/out/arm/export-ta_arm32/lib/libutils.a(stack_check.o)
 .debug_info    0x00000000000011b4      0x694 /workspace/optee_os/out/arm/export-ta_arm32/lib/libutils.a(trace.o)
 .debug_info    0x0000000000001848       0x4f /workspace/optee_os/out/arm/export-ta_arm32/lib/libutils.a(aeabi_unwind.o)
 .debug_info    0x0000000000001897      0x694 /workspace/optee_os/out/arm/export-ta_arm32/lib/libutils.a(snprintk.o)
 .debug_info    0x0000000000001f2b       0xbd /workspace/optee_os/out/arm/export-ta_arm32/lib/libutils.a(memchr.o)
 .debug_info    0x0000000000001fe8       0x8d /workspace/optee_os/out/arm/export-ta_arm32/lib/libutils.a(strlen.o)
 .debug_info    0x0000000000002075       0x79 /workspace/optee_os/out/arm/export-ta_arm32/lib/libutils.a(arm32_aeabi_ldivmod_a32.o)
 .debug_info    0x00000000000020ee      0x2cf /workspace/optee_os/out/arm/export-ta_arm32/lib/libutils.a(arm32_aeabi_ldivmod.o)
 .debug_info    0x00000000000023bd      0x2c1 /workspace/optee_os/out/arm/export-ta_arm32/lib/libutee.a(trace_ext.o)
 .debug_info    0x000000000000267e      0xea8 /workspace/optee_os/out/arm/export-ta_arm32/lib/libutee.a(tee_api.o)
 .debug_info    0x0000000000003526     0x171b /workspace/optee_os/out/arm/export-ta_arm32/lib/libutee.a(tee_api_objects.o)
 .debug_info    0x0000000000004c41     0x257d /workspace/optee_os/out/arm/export-ta_arm32/lib/libutee.a(tee_api_operations.o)
 .debug_info    0x00000000000071be      0x107 /workspace/optee_os/out/arm/export-ta_arm32/lib/libutee.a(tee_api_panic.o)
 .debug_info    0x00000000000072c5      0xab3 /workspace/optee_os/out/arm/export-ta_arm32/lib/libutee.a(user_ta_entry.o)
 .debug_info    0x0000000000007d78       0x6d /workspace/optee_os/out/arm/export-ta_arm32/lib/libutee.a(utee_syscalls_a32.o)
 .debug_info    0x0000000000007de5       0x6f /workspace/optee_os/out/arm/export-ta_arm32/lib/libutee.a(gprof_a32.o)
 .debug_info    0x0000000000007e54     0x3558 /workspace/optee_os/out/arm/export-ta_arm32/lib/libutee.a(tee_api_arith_mpi.o)
 .debug_info    0x000000000000b3ac     0x445c /workspace/optee_os/out/arm/export-ta_arm32/lib/libmbedtls.a(bignum.o)
 .debug_info    0x000000000000f808     0x1a73 /workspace/optee_os/out/arm/export-ta_arm32/lib/libutils.a(bget_malloc.o)
 .debug_info    0x000000000001127b      0x19b /workspace/optee_os/out/arm/export-ta_arm32/lib/libutils.a(snprintf.o)
 .debug_info    0x0000000000011416       0xb6 /workspace/optee_os/out/arm/export-ta_arm32/lib/libutils.a(memcmp.o)
 .debug_info    0x00000000000114cc       0xc9 /workspace/optee_os/out/arm/export-ta_arm32/lib/libutils.a(memcpy.o)
 .debug_info    0x0000000000011595       0xc7 /workspace/optee_os/out/arm/export-ta_arm32/lib/libutils.a(memmove.o)
 .debug_info    0x000000000001165c       0x9c /workspace/optee_os/out/arm/export-ta_arm32/lib/libutils.a(memset.o)
 .debug_info    0x00000000000116f8       0xc5 /workspace/optee_os/out/arm/export-ta_arm32/lib/libutils.a(buf_compare_ct.o)
 .debug_info    0x00000000000117bd      0x430 /workspace/optee_os/out/arm/export-ta_arm32/lib/libutils.a(mempool.o)
 .debug_info    0x0000000000011bed      0x189 /workspace/optee_os/out/arm/export-ta_arm32/lib/libutee.a(assert.o)

.debug_abbrev   0x0000000000000000     0x2ea4
 .debug_abbrev  0x0000000000000000      0x352 ./aes_ta.o
 .debug_abbrev  0x0000000000000352      0x181 ./user_ta_header.o
 .debug_abbrev  0x00000000000004d3       0x4a /workspace/optee_os/out/arm/export-ta_arm32/lib/libutils.a(stack_check.o)
 .debug_abbrev  0x000000000000051d      0x27e /workspace/optee_os/out/arm/export-ta_arm32/lib/libutils.a(trace.o)
 .debug_abbrev  0x000000000000079b       0x47 /workspace/optee_os/out/arm/export-ta_arm32/lib/libutils.a(aeabi_unwind.o)
 .debug_abbrev  0x00000000000007e2      0x26f /workspace/optee_os/out/arm/export-ta_arm32/lib/libutils.a(snprintk.o)
 .debug_abbrev  0x0000000000000a51       0xae /workspace/optee_os/out/arm/export-ta_arm32/lib/libutils.a(memchr.o)
 .debug_abbrev  0x0000000000000aff       0x84 /workspace/optee_os/out/arm/export-ta_arm32/lib/libutils.a(strlen.o)
 .debug_abbrev  0x0000000000000b83       0x12 /workspace/optee_os/out/arm/export-ta_arm32/lib/libutils.a(arm32_aeabi_ldivmod_a32.o)
 .debug_abbrev  0x0000000000000b95      0x12f /workspace/optee_os/out/arm/export-ta_arm32/lib/libutils.a(arm32_aeabi_ldivmod.o)
 .debug_abbrev  0x0000000000000cc4      0x183 /workspace/optee_os/out/arm/export-ta_arm32/lib/libutee.a(trace_ext.o)
 .debug_abbrev  0x0000000000000e47      0x2b4 /workspace/optee_os/out/arm/export-ta_arm32/lib/libutee.a(tee_api.o)
 .debug_abbrev  0x00000000000010fb      0x326 /workspace/optee_os/out/arm/export-ta_arm32/lib/libutee.a(tee_api_objects.o)
 .debug_abbrev  0x0000000000001421      0x36f /workspace/optee_os/out/arm/export-ta_arm32/lib/libutee.a(tee_api_operations.o)
 .debug_abbrev  0x0000000000001790       0xb4 /workspace/optee_os/out/arm/export-ta_arm32/lib/libutee.a(tee_api_panic.o)
 .debug_abbrev  0x0000000000001844      0x2da /workspace/optee_os/out/arm/export-ta_arm32/lib/libutee.a(user_ta_entry.o)
 .debug_abbrev  0x0000000000001b1e       0x12 /workspace/optee_os/out/arm/export-ta_arm32/lib/libutee.a(utee_syscalls_a32.o)
 .debug_abbrev  0x0000000000001b30       0x14 /workspace/optee_os/out/arm/export-ta_arm32/lib/libutee.a(gprof_a32.o)
 .debug_abbrev  0x0000000000001b44      0x47a /workspace/optee_os/out/arm/export-ta_arm32/lib/libutee.a(tee_api_arith_mpi.o)
 .debug_abbrev  0x0000000000001fbe      0x47a /workspace/optee_os/out/arm/export-ta_arm32/lib/libmbedtls.a(bignum.o)
 .debug_abbrev  0x0000000000002438      0x40a /workspace/optee_os/out/arm/export-ta_arm32/lib/libutils.a(bget_malloc.o)
 .debug_abbrev  0x0000000000002842      0x101 /workspace/optee_os/out/arm/export-ta_arm32/lib/libutils.a(snprintf.o)
 .debug_abbrev  0x0000000000002943       0x82 /workspace/optee_os/out/arm/export-ta_arm32/lib/libutils.a(memcmp.o)
 .debug_abbrev  0x00000000000029c5       0xa7 /workspace/optee_os/out/arm/export-ta_arm32/lib/libutils.a(memcpy.o)
 .debug_abbrev  0x0000000000002a6c       0x9f /workspace/optee_os/out/arm/export-ta_arm32/lib/libutils.a(memmove.o)
 .debug_abbrev  0x0000000000002b0b       0x93 /workspace/optee_os/out/arm/export-ta_arm32/lib/libutils.a(memset.o)
 .debug_abbrev  0x0000000000002b9e       0x82 /workspace/optee_os/out/arm/export-ta_arm32/lib/libutils.a(buf_compare_ct.o)
 .debug_abbrev  0x0000000000002c20      0x1ba /workspace/optee_os/out/arm/export-ta_arm32/lib/libutils.a(mempool.o)
 .debug_abbrev  0x0000000000002dda       0xca /workspace/optee_os/out/arm/export-ta_arm32/lib/libutee.a(assert.o)

.debug_loclists
                0x0000000000000000      0x5f1
 .debug_loclists
                0x0000000000000000      0x5f1 ./aes_ta.o

.debug_aranges  0x0000000000000000      0x570
 .debug_aranges
                0x0000000000000000       0x20 ./aes_ta.o
 .debug_aranges
                0x0000000000000020       0x20 ./user_ta_header.o
 .debug_aranges
                0x0000000000000040       0x20 /workspace/optee_os/out/arm/export-ta_arm32/lib/libutils.a(stack_check.o)
 .debug_aranges
                0x0000000000000060       0x20 /workspace/optee_os/out/arm/export-ta_arm32/lib/libutils.a(trace.o)
 .debug_aranges
                0x0000000000000080       0x20 /workspace/optee_os/out/arm/export-ta_arm32/lib/libutils.a(aeabi_unwind.o)
 .debug_aranges
                0x00000000000000a0       0x20 /workspace/optee_os/out/arm/export-ta_arm32/lib/libutils.a(snprintk.o)
 .debug_aranges
                0x00000000000000c0       0x20 /workspace/optee_os/out/arm/export-ta_arm32/lib/libutils.a(memchr.o)
 .debug_aranges
                0x00000000000000e0       0x20 /workspace/optee_os/out/arm/export-ta_arm32/lib/libutils.a(strlen.o)
 .debug_aranges
                0x0000000000000100       0x28 /workspace/optee_os/out/arm/export-ta_arm32/lib/libutils.a(arm32_aeabi_ldivmod_a32.o)
 .debug_aranges
                0x0000000000000128       0x20 /workspace/optee_os/out/arm/export-ta_arm32/lib/libutils.a(arm32_aeabi_ldivmod.o)
 .debug_aranges
                0x0000000000000148       0x20 /workspace/optee_os/out/arm/export-ta_arm32/lib/libutee.a(trace_ext.o)
 .debug_aranges
                0x0000000000000168       0x20 /workspace/optee_os/out/arm/export-ta_arm32/lib/libutee.a(tee_api.o)
 .debug_aranges
                0x0000000000000188       0x20 /workspace/optee_os/out/arm/export-ta_arm32/lib/libutee.a(tee_api_objects.o)
 .debug_aranges
                0x00000000000001a8       0x20 /workspace/optee_os/out/arm/export-ta_arm32/lib/libutee.a(tee_api_operations.o)
 .debug_aranges
                0x00000000000001c8       0x20 /workspace/optee_os/out/arm/export-ta_arm32/lib/libutee.a(tee_api_panic.o)
 .debug_aranges
                0x00000000000001e8       0x20 /workspace/optee_os/out/arm/export-ta_arm32/lib/libutee.a(user_ta_entry.o)
 .debug_aranges
                0x0000000000000208      0x1e0 /workspace/optee_os/out/arm/export-ta_arm32/lib/libutee.a(utee_syscalls_a32.o)
 .debug_aranges
                0x00000000000003e8       0x20 /workspace/optee_os/out/arm/export-ta_arm32/lib/libutee.a(gprof_a32.o)
 .debug_aranges
                0x0000000000000408       0x28 /workspace/optee_os/out/arm/export-ta_arm32/lib/libutee.a(tee_api_arith_mpi.o)
 .debug_aranges
                0x0000000000000430       0x20 /workspace/optee_os/out/arm/export-ta_arm32/lib/libmbedtls.a(bignum.o)
 .debug_aranges
                0x0000000000000450       0x20 /workspace/optee_os/out/arm/export-ta_arm32/lib/libutils.a(bget_malloc.o)
 .debug_aranges
                0x0000000000000470       0x20 /workspace/optee_os/out/arm/export-ta_arm32/lib/libutils.a(snprintf.o)
 .debug_aranges
                0x0000000000000490       0x20 /workspace/optee_os/out/arm/export-ta_arm32/lib/libutils.a(memcmp.o)
 .debug_aranges