Archive member included to satisfy reference by file (symbol)

/workspace/optee_os/out/arm/export-ta_arm32/lib/libutils.a(bget_malloc.o)
                              ./darknetp_ta.o (malloc)
/workspace/optee_os/out/arm/export-ta_arm32/lib/libutils.a(memcpy.o)
                              ./darknetp_ta.o (memcpy)
/workspace/optee_os/out/arm/export-ta_arm32/lib/libutils.a(memset.o)
                              ./softmax_layer_TA.o (memset)
/workspace/optee_os/out/arm/export-ta_arm32/lib/libutils.a(strcmp.o)
                              ./activations_TA.o (strcmp)
/workspace/optee_os/out/arm/export-ta_arm32/lib/libutils.a(strncmp.o)
                              ./parser_TA.o (strncmp)
/workspace/optee_os/out/arm/export-ta_arm32/lib/libutils.a(trace.o)
                              ./darknetp_ta.o (trace_printf)
/workspace/optee_os/out/arm/export-ta_arm32/lib/libutils.a(aeabi_unwind.o)
                              ./darknetp_ta.o (__aeabi_unwind_cpp_pr0)
/workspace/optee_os/out/arm/export-ta_arm32/lib/libutils.a(snprintk.o)
                              /workspace/optee_os/out/arm/export-ta_arm32/lib/libutils.a(trace.o) (snprintk)
/workspace/optee_os/out/arm/export-ta_arm32/lib/libutils.a(memchr.o)
                              /workspace/optee_os/out/arm/export-ta_arm32/lib/libutils.a(snprintk.o) (memchr)
/workspace/optee_os/out/arm/export-ta_arm32/lib/libutils.a(strlen.o)
                              /workspace/optee_os/out/arm/export-ta_arm32/lib/libutils.a(snprintk.o) (strlen)
/workspace/optee_os/out/arm/export-ta_arm32/lib/libutils.a(arm32_aeabi_ldivmod_a32.o)
                              /workspace/optee_os/out/arm/export-ta_arm32/lib/libutils.a(snprintk.o) (__aeabi_uldivmod)
/workspace/optee_os/out/arm/export-ta_arm32/lib/libutils.a(arm32_aeabi_ldivmod.o)
                              /workspace/optee_os/out/arm/export-ta_arm32/lib/libutils.a(arm32_aeabi_ldivmod_a32.o) (__ul_divmod)
/workspace/optee_os/out/arm/export-ta_arm32/lib/libutee.a(trace_ext.o)
                              /workspace/optee_os/out/arm/export-ta_arm32/lib/libutils.a(trace.o) (trace_ext_puts)
/workspace/optee_os/out/arm/export-ta_arm32/lib/libutee.a(assert.o)
                              ./softmax_layer_TA.o (_assert_log)
/workspace/optee_os/out/arm/export-ta_arm32/lib/libutee.a(tee_api_operations.o)
                              ./math_TA.o (TEE_GenerateRandom)
/workspace/optee_os/out/arm/export-ta_arm32/lib/libutee.a(tee_api_panic.o)
                              /workspace/optee_os/out/arm/export-ta_arm32/lib/libutee.a(tee_api_operations.o) (TEE_Panic)
/workspace/optee_os/out/arm/export-ta_arm32/lib/libutee.a(user_ta_entry.o)
                              ./user_ta_header.o (__utee_entry)
/workspace/optee_os/out/arm/export-ta_arm32/lib/libutee.a(utee_syscalls_a32.o)
                              /workspace/optee_os/out/arm/export-ta_arm32/lib/libutee.a(assert.o) (utee_panic)
/workspace/optee_os/out/arm/export-ta_arm32/lib/libutee.a(gprof_a32.o)
                              /workspace/optee_os/out/arm/export-ta_arm32/lib/libutee.a(user_ta_entry.o) (__utee_mcount)
/workspace/optee_os/out/arm/export-ta_arm32/lib/libutee.a(tee_api.o)
                              /workspace/optee_os/out/arm/export-ta_arm32/lib/libutee.a(user_ta_entry.o) (__utee_from_param)
/workspace/optee_os/out/arm/export-ta_arm32/lib/libutee.a(tee_api_objects.o)
                              /workspace/optee_os/out/arm/export-ta_arm32/lib/libutee.a(tee_api_operations.o) (__utee_from_attr)
/workspace/optee_os/out/arm/export-ta_arm32/lib/libutee.a(tee_api_arith_mpi.o)
                              /workspace/optee_os/out/arm/export-ta_arm32/lib/libutee.a(user_ta_entry.o) (_TEE_MathAPI_Init)
/workspace/optee_os/out/arm/export-ta_arm32/lib/libmbedtls.a(bignum.o)
                              /workspace/optee_os/out/arm/export-ta_arm32/lib/libutee.a(tee_api_arith_mpi.o) (mbedtls_mpi_init_mempool)
/workspace/optee_os/out/arm/export-ta_arm32/lib/libutils.a(snprintf.o)
                              /workspace/optee_os/out/arm/export-ta_arm32/lib/libutee.a(trace_ext.o) (vsnprintf)
/workspace/optee_os/out/arm/export-ta_arm32/lib/libutils.a(memcmp.o)
                              /workspace/optee_os/out/arm/export-ta_arm32/lib/libutee.a(tee_api.o) (memcmp)
/workspace/optee_os/out/arm/export-ta_arm32/lib/libutils.a(memmove.o)
                              /workspace/optee_os/out/arm/export-ta_arm32/lib/libutee.a(tee_api.o) (memmove)
/workspace/optee_os/out/arm/export-ta_arm32/lib/libutils.a(buf_compare_ct.o)
                              /workspace/optee_os/out/arm/export-ta_arm32/lib/libutee.a(tee_api_operations.o) (buf_compare_ct)
/workspace/optee_os/out/arm/export-ta_arm32/lib/libutils.a(mempool.o)
                              /workspace/optee_os/out/arm/export-ta_arm32/lib/libutee.a(tee_api_arith_mpi.o) (mempool_alloc_pool)

Discarded input sections

 .group         0x0000000000000000        0x8 ./darknetp_ta.o
[...]
Memory Configuration

Name             Origin             Length             Attributes
*default*        0x0000000000000000 0xffffffffffffffff

Linker script and memory map


.ta_head        0x0000000000000000       0x20
 *(SORT(.ta_head))
 .ta_head       0x0000000000000000       0x20 ./user_ta_header.o
                0x0000000000000000                ta_head

.text           0x0000000000000020     0xcac8
                0x0000000000000020                __text_start = .
 *(SORT(.text) SORT(.text.*))
 .text          0x0000000000000020      0x490 ./blas_TA.o
                0x0000000000000020                fill_cpu_TA
                0x0000000000000034                copy_cpu_TA
                0x0000000000000050                mean_cpu_TA
                0x00000000000000c8                variance_cpu_TA
                0x000000000000018c                scal_cpu_TA
                0x00000000000001a8                axpy_cpu_TA
                0x00000000000001d0                normalize_cpu_TA
                0x0000000000000280                softmax_TA
                0x0000000000000324                softmax_cpu_TA
                0x0000000000000384                softmax_x_ent_cpu_TA
                0x00000000000003e4                smooth_l1_cpu_TA
                0x0000000000000448                l1_cpu_TA
                0x0000000000000488                l2_cpu_TA
 .text          0x00000000000004b0      0x7cc ./math_TA.o
                0x00000000000004b0                ta_max
                0x00000000000004c0                ta_pow
                0x00000000000004f8                ta_eee
                0x0000000000000590                ta_exp
                0x00000000000005e0                ta_rand
                0x0000000000000624                ta_floor
                0x000000000000063e                ta_sqrt
                0x00000000000006b0                F1
                0x00000000000006ba                F2
                0x00000000000006d6                simpson
                0x0000000000000758                asr
                0x0000000000000818                asr0
                0x0000000000000842                ta_ln
                0x0000000000000860                ta_log
                0x0000000000000888                ta_cos
                0x00000000000009f8                ta_sin
                0x0000000000000b68                ta_tan
                0x0000000000000b8c                reverse
                0x0000000000000bac                intToStr
                0x0000000000000bea                ftoa
                0x0000000000000c42                bubble_sort_top
 *fill*         0x0000000000000c7c        0x4 
 .text          0x0000000000000c80      0x6c8 ./activations_TA.o
                0x0000000000000c80                get_activation_string_TA
                0x0000000000000d2c                get_activation_TA
                0x0000000000000e54                activate_TA
                0x0000000000001134                activate_array_TA
                0x000000000000115e                gradient_TA
                0x0000000000001314                gradient_array_TA
 .text          0x0000000000001348      0x594 ./network_TA.o
                0x0000000000001348                make_network_TA
                0x0000000000001458                update_network_TA
                0x00000000000014d8                calc_network_cost_TA
                0x000000000000153c                forward_network_TA
                0x00000000000016b8                calc_network_loss_TA
                0x0000000000001780                backward_network_TA
 *fill*         0x00000000000018dc        0x4 
 .text          0x00000000000018e0       0xa4 ./diffprivate_TA.o
                0x00000000000018e0                diff_private_SGD
 .text          0x0000000000001984      0xa48 ./darknetp_ta.o
                0x0000000000001d8c                summary_array
                0x0000000000001e64                TA_CreateEntryPoint
                0x0000000000001e8c                TA_DestroyEntryPoint
                0x0000000000001eb4                TA_OpenSessionEntryPoint
                0x0000000000001f00                TA_CloseSessionEntryPoint
                0x0000000000001f28                TA_InvokeCommandEntryPoint
 .text          0x00000000000023cc      0x1b8 ./softmax_layer_TA.o
                0x00000000000023cc                forward_softmax_layer_TA
                0x0000000000002492                backward_softmax_layer_TA
                0x00000000000024b8                make_softmax_layer_TA_new
 .text          0x0000000000002584      0x4ec ./connected_layer_TA.o
                0x0000000000002584                forward_connected_layer_TA_new
                0x000000000000262c                backward_connected_layer_TA_new
                0x0000000000002700                update_connected_layer_TA_new
                0x00000000000027ce                make_connected_layer_TA_new
 .text          0x0000000000002a70      0x2f4 ./parser_TA.o
                0x0000000000002a70                aes_cbc_TA
                0x0000000000002b78                transpose_matrix_TA
                0x0000000000002bd6                load_weights_TA
                0x0000000000002cd8                save_weights_TA
 .text          0x0000000000002d64      0x2b8 ./gemm_TA.o
                0x0000000000002d64                gemm_nn_TA
                0x0000000000002dd0                gemm_nt_TA
                0x0000000000002e4c                gemm_tn_TA
                0x0000000000002ebc                gemm_tt_TA
                0x0000000000002f40                gemm_cpu_TA
                0x0000000000003010                gemm_TA
 .text          0x000000000000301c      0x320 ./maxpool_layer_TA.o
                0x000000000000301c                forward_maxpool_layer_TA_new
                0x00000000000031c0                backward_maxpool_layer_TA_new
                0x0000000000003208                make_maxpool_layer_TA
                0x00000000000032d0                resize_maxpool_layer_TA
 .text          0x000000000000333c      0x584 ./aes_TA.o
                0x000000000000377c                AES_init_ctx
                0x000000000000377e                AES_init_ctx_iv
                0x0000000000003798                AES_ctx_set_iv
                0x00000000000037a0                AES_ECB_encrypt
                0x00000000000037a8                AES_ECB_decrypt
                0x00000000000037b0                AES_CBC_encrypt_buffer
                0x00000000000037fc                AES_CBC_decrypt_buffer
                0x0000000000003858                AES_CTR_xcrypt_buffer
 .text          0x00000000000038c0      0x228 ./cost_layer_TA.o
                0x00000000000038c0                forward_cost_layer_TA
                0x0000000000003948                backward_cost_layer_TA
                0x000000000000396e                get_cost_type_TA
                0x0000000000003a08                get_cost_string_TA
                0x0000000000003a54                make_cost_layer_TA_new
 .text          0x0000000000003ae8      0x108 ./im2col_TA.o
                0x0000000000003ae8                im2col_get_pixel_TA
                0x0000000000003b24                im2col_cpu_TA
 .text          0x0000000000003bf0      0x4f4 ./batchnorm_layer_TA.o
                0x0000000000003bf0                forward_batchnorm_layer_TA
                0x0000000000003d18                backward_scale_cpu_TA
                0x0000000000003d8c                mean_delta_cpu_TA
                0x0000000000003e34                variance_delta_cpu_TA
                0x0000000000003f04                normalize_delta_cpu_TA
                0x0000000000004014                backward_batchnorm_layer_TA
 .text          0x00000000000040e4      0x1a8 ./dropout_layer_TA.o
                0x00000000000040e4                backward_dropout_layer_TA_new
                0x000000000000413c                forward_dropout_layer_TA_new
                0x00000000000041c0                make_dropout_layer_TA_new
                0x0000000000004270                resize_dropout_layer_TA
 .text          0x000000000000428c      0xa90 ./convolutional_layer_TA.o
                0x000000000000428c                update_convolutional_layer_TA_new
                0x000000000000435c                swap_binary_TA
                0x000000000000436e                add_bias_TA
                0x00000000000043c0                scale_bias_TA
                0x0000000000004412                backward_bias_TA
                0x000000000000446a                backward_convolutional_layer_TA_new
                0x0000000000004688                convolutional_out_height_TA
                0x00000000000046a6                convolutional_out_width_TA
                0x00000000000046c4                binarize_weights_TA
                0x000000000000473c                binarize_cpu_TA
                0x0000000000004768                forward_convolutional_layer_TA_new
                0x000000000000495c                make_convolutional_layer_TA_new
 .text          0x0000000000004d1c      0x190 ./avgpool_layer_TA.o
                0x0000000000004d1c                forward_avgpool_layer_TA_new
                0x0000000000004dac                backward_avgpool_layer_TA_new
                0x0000000000004e2a                make_avgpool_layer_TA
                0x0000000000004e9c                resize_avgpool_layer_TA
 .text          0x0000000000004eac      0x118 ./utils_TA.o
                0x0000000000004eac                sum_array_TA
                0x0000000000004ec8                rand_uniform_TA
                0x0000000000004efe                rand_normal_TA
 .text          0x0000000000004fc4      0xbdc /workspace/optee_os/out/arm/export-ta_arm32/lib/libutils.a(bget_malloc.o)
                0x00000000000050cc                bget
                0x0000000000005238                bgetz
                0x0000000000005294                brel
                0x000000000000548c                bgetr
                0x0000000000005508                bpool
                0x00000000000055a4                bstats
                0x0000000000005608                malloc_reset_stats
                0x000000000000561c                malloc_get_stats
                0x000000000000563c                malloc
                0x000000000000563e                free
                0x0000000000005650                calloc
                0x0000000000005698                realloc
                0x00000000000056d0                memalign
                0x0000000000005980                malloc_add_pool
                0x0000000000005a78                malloc_buffer_is_within_alloced
                0x0000000000005b54                malloc_buffer_overlaps_heap
 .text          0x0000000000005ba0      0x2bc /workspace/optee_os/out/arm/export-ta_arm32/lib/libutils.a(trace.o)
                0x0000000000005bee                trace_set_level
                0x0000000000005c0c                trace_get_level
                0x0000000000005c20                trace_printf
                0x0000000000005d5c                dhex_dump
 .text          0x0000000000005e5c      0x75c /workspace/optee_os/out/arm/export-ta_arm32/lib/libutils.a(snprintk.o)
                0x0000000000005e5c                __vsnprintf
                0x0000000000006590                vsnprintk
                0x000000000000659e                snprintk
 .text.__aeabi_ldivmod
                0x00000000000065b8       0x18 /workspace/optee_os/out/arm/export-ta_arm32/lib/libutils.a(arm32_aeabi_ldivmod_a32.o)
                0x00000000000065b8                __aeabi_ldivmod
 .text.__aeabi_uldivmod
                0x00000000000065d0       0x18 /workspace/optee_os/out/arm/export-ta_arm32/lib/libutils.a(arm32_aeabi_ldivmod_a32.o)
                0x00000000000065d0                __aeabi_uldivmod
 .text          0x00000000000065e8       0x9c /workspace/optee_os/out/arm/export-ta_arm32/lib/libutee.a(trace_ext.o)
                0x00000000000065e8                trace_ext_puts
                0x00000000000065fc                trace_ext_get_thread_id
                0x0000000000006602                printf
                0x000000000000663c                puts
                0x0000000000006660                putchar
 .text          0x0000000000006684       0x38 /workspace/optee_os/out/arm/export-ta_arm32/lib/libutee.a(assert.o)
                0x0000000000006684                _assert_log
                0x00000000000066ac                _assert_break
 .text          0x00000000000066bc     0x15c8 /workspace/optee_os/out/arm/export-ta_arm32/lib/libutee.a(tee_api_operations.o)
                0x000000000000681c                TEE_FreeOperation
                0x0000000000006842                TEE_AllocateOperation
                0x0000000000006d88                TEE_GetOperationInfo
                0x0000000000006daa                TEE_GetOperationInfoMultiple
                0x0000000000006e60                TEE_ResetOperation
                0x0000000000006ea0                TEE_SetOperationKey
                0x0000000000006f2c                TEE_SetOperationKey2
                0x0000000000007020                TEE_CopyOperation
                0x00000000000070c4                TEE_DigestUpdate
                0x00000000000070f4                TEE_DigestDoFinal
                0x0000000000007164                TEE_CipherInit
                0x00000000000071ba                TEE_CipherUpdate
                0x00000000000072a0                TEE_CipherDoFinal
                0x00000000000073b0                TEE_MACInit
                0x0000000000007406                TEE_MACUpdate
                0x0000000000007454                TEE_MACComputeFinal
                0x00000000000074bc                TEE_MACCompareFinal
                0x0000000000007520                TEE_AEInit
                0x0000000000007590                TEE_AEUpdateAAD
                0x00000000000075d6                TEE_AEUpdate
                0x00000000000076a4                TEE_AEEncryptFinal
                0x00000000000077bc                TEE_AEDecryptFinal
                0x00000000000078c4                TEE_AsymmetricEncrypt
                0x0000000000007980                TEE_AsymmetricDecrypt
                0x0000000000007a40                TEE_AsymmetricSignDigest
                0x0000000000007af4                TEE_AsymmetricVerifyDigest
                0x0000000000007ba0                TEE_DeriveKey
                0x0000000000007c5a                TEE_GenerateRandom
                0x0000000000007c6c                rand
 .text          0x0000000000007c84      0x214 /workspace/optee_os/out/arm/export-ta_arm32/lib/libutee.a(user_ta_entry.o)
                0x0000000000007d08                __utee_entry
 .text          0x0000000000007e98        0x0 /workspace/optee_os/out/arm/export-ta_arm32/lib/libutee.a(utee_syscalls_a32.o)
 .text.utee_panic
                0x0000000000007e98       0x14 /workspace/optee_os/out/arm/export-ta_arm32/lib/libutee.a(utee_syscalls_a32.o)
                0x0000000000007e98                utee_panic
 .text.utee_return
                0x0000000000007eac       0x14 /workspace/optee_os/out/arm/export-ta_arm32/lib/libutee.a(utee_syscalls_a32.o)
                0x0000000000007eac                utee_return
 .text.utee_log
                0x0000000000007ec0       0x14 /workspace/optee_os/out/arm/export-ta_arm32/lib/libutee.a(utee_syscalls_a32.o)
                0x0000000000007ec0                utee_log
 .text.__utee_panic
                0x0000000000007ed4       0x14 /workspace/optee_os/out/arm/export-ta_arm32/lib/libutee.a(utee_syscalls_a32.o)
                0x0000000000007ed4                __utee_panic
 .text.utee_get_property
                0x0000000000007ee8       0x18 /workspace/optee_os/out/arm/export-ta_arm32/lib/libutee.a(utee_syscalls_a32.o)
                0x0000000000007ee8                utee_get_property
 .text.utee_get_property_name_to_index
                0x0000000000007f00       0x14 /workspace/optee_os/out/arm/export-ta_arm32/lib/libutee.a(utee_syscalls_a32.o)
                0x0000000000007f00                utee_get_property_name_to_index
 .text.utee_open_ta_session
                0x0000000000007f14       0x18 /workspace/optee_os/out/arm/export-ta_arm32/lib/libutee.a(utee_syscalls_a32.o)
                0x0000000000007f14                utee_open_ta_session
 .text.utee_close_ta_session
                0x0000000000007f2c       0x14 /workspace/optee_os/out/arm/export-ta_arm32/lib/libutee.a(utee_syscalls_a32.o)
                0x0000000000007f2c                utee_close_ta_session
 .text.utee_invoke_ta_command
                0x0000000000007f40       0x18 /workspace/optee_os/out/arm/export-ta_arm32/lib/libutee.a(utee_syscalls_a32.o)
                0x0000000000007f40                utee_invoke_ta_command
 .text.utee_get_cancellation_flag
                0x0000000000007f58       0x14 /workspace/optee_os/out/arm/export-ta_arm32/lib/libutee.a(utee_syscalls_a32.o)
                0x0000000000007f58                utee_get_cancellation_flag
 .text.utee_check_access_rights
                0x0000000000007f6c       0x14 /workspace/optee_os/out/arm/export-ta_arm32/lib/libutee.a(utee_syscalls_a32.o)
                0x0000000000007f6c                utee_check_access_rights
 .text.utee_unmask_cancellation
                0x0000000000007f80       0x14 /workspace/optee_os/out/arm/export-ta_arm32/lib/libutee.a(utee_syscalls_a32.o)
                0x0000000000007f80                utee_unmask_cancellation
 .text.utee_mask_cancellation
                0x0000000000007f94       0x14 /workspace/optee_os/out/arm/export-ta_arm32/lib/libutee.a(utee_syscalls_a32.o)
                0x0000000000007f94                utee_mask_cancellation
 .text.utee_wait
                0x0000000000007fa8       0x14 /workspace/optee_os/out/arm/export-ta_arm32/lib/libutee.a(utee_syscalls_a32.o)
                0x0000000000007fa8                utee_wait
 .text.utee_get_time
                0x0000000000007fbc       0x14 /workspace/optee_os/out/arm/export-ta_arm32/lib/libutee.a(utee_syscalls_a32.o)
                0x0000000000007fbc                utee_get_time
 .text.utee_set_ta_time
                0x0000000000007fd0       0x14 /workspace/optee_os/out/arm/export-ta_arm32/lib/libutee.a(utee_syscalls_a32.o)
                0x0000000000007fd0                utee_set_ta_time
 .text.utee_cryp_state_alloc
                0x0000000000007fe4       0x18 /workspace/optee_os/out/arm/export-ta_arm32/lib/libutee.a(utee_syscalls_a32.o)
                0x0000000000007fe4                utee_cryp_state_alloc
 .text.utee_cryp_state_copy
                0x0000000000007ffc       0x14 /workspace/optee_os/out/arm/export-ta_arm32/lib/libutee.a(utee_syscalls_a32.o)
                0x0000000000007ffc                utee_cryp_state_copy
 .text.utee_cryp_state_free
                0x0000000000008010       0x14 /workspace/optee_os/out/arm/export-ta_arm32/lib/libutee.a(utee_syscalls_a32.o)
                0x0000000000008010                utee_cryp_state_free
 .text.utee_hash_init
                0x0000000000008024       0x14 /workspace/optee_os/out/arm/export-ta_arm32/lib/libutee.a(utee_syscalls_a32.o)
                0x0000000000008024                utee_hash_init
 .text.utee_hash_update
                0x0000000000008038       0x14 /workspace/optee_os/out/arm/export-ta_arm32/lib/libutee.a(utee_syscalls_a32.o)
                0x0000000000008038                utee_hash_update
 .text.utee_hash_final
                0x000000000000804c       0x18 /workspace/optee_os/out/arm/export-ta_arm32/lib/libutee.a(utee_syscalls_a32.o)
                0x000000000000804c                utee_hash_final
 .text.utee_cipher_init
                0x0000000000008064       0x14 /workspace/optee_os/out/arm/export-ta_arm32/lib/libutee.a(utee_syscalls_a32.o)
                0x0000000000008064                utee_cipher_init
 .text.utee_cipher_update
                0x0000000000008078       0x18 /workspace/optee_os/out/arm/export-ta_arm32/lib/libutee.a(utee_syscalls_a32.o)
                0x0000000000008078                utee_cipher_update
 .text.utee_cipher_final
                0x0000000000008090       0x18 /workspace/optee_os/out/arm/export-ta_arm32/lib/libutee.a(utee_syscalls_a32.o)
                0x0000000000008090                utee_cipher_final
 .text.utee_cryp_obj_get_info
                0x00000000000080a8       0x14 /workspace/optee_os/out/arm/export-ta_arm32/lib/libutee.a(utee_syscalls_a32.o)
                0x00000000000080a8                utee_cryp_obj_get_info
 .text.utee_cryp_obj_restrict_usage
                0x00000000000080bc       0x14 /workspace/optee_os/out/arm/export-ta_arm32/lib/libutee.a(utee_syscalls_a32.o)
                0x00000000000080bc                utee_cryp_obj_restrict_usage
 .text.utee_cryp_obj_get_attr
                0x00000000000080d0       0x14 /workspace/optee_os/out/arm/export-ta_arm32/lib/libutee.a(utee_syscalls_a32.o)
                0x00000000000080d0                utee_cryp_obj_get_attr
 .text.utee_cryp_obj_alloc
                0x00000000000080e4       0x14 /workspace/optee_os/out/arm/export-ta_arm32/lib/libutee.a(utee_syscalls_a32.o)
                0x00000000000080e4                utee_cryp_obj_alloc
 .text.utee_cryp_obj_close
                0x00000000000080f8       0x14 /workspace/optee_os/out/arm/export-ta_arm32/lib/libutee.a(utee_syscalls_a32.o)
                0x00000000000080f8                utee_cryp_obj_close
 .text.utee_cryp_obj_reset
                0x000000000000810c       0x14 /workspace/optee_os/out/arm/export-ta_arm32/lib/libutee.a(utee_syscalls_a32.o)
                0x000000000000810c                utee_cryp_obj_reset
 .text.utee_cryp_obj_populate
                0x0000000000008120       0x14 /workspace/optee_os/out/arm/export-ta_arm32/lib/libutee.a(utee_syscalls_a32.o)
                0x0000000000008120                utee_cryp_obj_populate
 .text.utee_cryp_obj_copy
                0x0000000000008134       0x14 /workspace/optee_os/out/arm/export-ta_arm32/lib/libutee.a(utee_syscalls_a32.o)
                0x0000000000008134                utee_cryp_obj_copy
 .text.utee_cryp_derive_key
                0x0000000000008148       0x14 /workspace/optee_os/out/arm/export-ta_arm32/lib/libutee.a(utee_syscalls_a32.o)
                0x0000000000008148                utee_cryp_derive_key
 .text.utee_cryp_random_number_generate
                0x000000000000815c       0x14 /workspace/optee_os/out/arm/export-ta_arm32/lib/libutee.a(utee_syscalls_a32.o)
                0x000000000000815c                utee_cryp_random_number_generate
 .text.utee_authenc_init
                0x0000000000008170       0x18 /workspace/optee_os/out/arm/export-ta_arm32/lib/libutee.a(utee_syscalls_a32.o)
                0x0000000000008170                utee_authenc_init
 .text.utee_authenc_update_aad
                0x0000000000008188       0x14 /workspace/optee_os/out/arm/export-ta_arm32/lib/libutee.a(utee_syscalls_a32.o)
                0x0000000000008188                utee_authenc_update_aad
 .text.utee_authenc_update_payload
                0x000000000000819c       0x18 /workspace/optee_os/out/arm/export-ta_arm32/lib/libutee.a(utee_syscalls_a32.o)
                0x000000000000819c                utee_authenc_update_payload
 .text.utee_authenc_enc_final
                0x00000000000081b4       0x18 /workspace/optee_os/out/arm/export-ta_arm32/lib/libutee.a(utee_syscalls_a32.o)
                0x00000000000081b4                utee_authenc_enc_final
 .text.utee_authenc_dec_final
                0x00000000000081cc       0x18 /workspace/optee_os/out/arm/export-ta_arm32/lib/libutee.a(utee_syscalls_a32.o)
                0x00000000000081cc                utee_authenc_dec_final
 .text.utee_asymm_operate
                0x00000000000081e4       0x18 /workspace/optee_os/out/arm/export-ta_arm32/lib/libutee.a(utee_syscalls_a32.o)
                0x00000000000081e4                utee_asymm_operate
 .text.utee_asymm_verify
                0x00000000000081fc       0x18 /workspace/optee_os/out/arm/export-ta_arm32/lib/libutee.a(utee_syscalls_a32.o)
                0x00000000000081fc                utee_asymm_verify
 .text.utee_storage_obj_open
                0x0000000000008214       0x18 /workspace/optee_os/out/arm/export-ta_arm32/lib/libutee.a(utee_syscalls_a32.o)
                0x0000000000008214                utee_storage_obj_open
 .text.utee_storage_obj_create
                0x000000000000822c       0x18 /workspace/optee_os/out/arm/export-ta_arm32/lib/libutee.a(utee_syscalls_a32.o)
                0x000000000000822c                utee_storage_obj_create
 .text.utee_storage_obj_del
                0x0000000000008244       0x14 /workspace/optee_os/out/arm/export-ta_arm32/lib/libutee.a(utee_syscalls_a32.o)
                0x0000000000008244                utee_storage_obj_del
 .text.utee_storage_obj_rename
                0x0000000000008258       0x14 /workspace/optee_os/out/arm/export-ta_arm32/lib/libutee.a(utee_syscalls_a32.o)
                0x0000000000008258                utee_storage_obj_rename
 .text.utee_storage_alloc_enum
                0x000000000000826c       0x14 /workspace/optee_os/out/arm/export-ta_arm32/lib/libutee.a(utee_syscalls_a32.o)
                0x000000000000826c                utee_storage_alloc_enum
 .text.utee_storage_free_enum
                0x0000000000008280       0x14 /workspace/optee_os/out/arm/export-ta_arm32/lib/libutee.a(utee_syscalls_a32.o)
                0x0000000000008280                utee_storage_free_enum
 .text.utee_storage_reset_enum
                0x0000000000008294       0x14 /workspace/optee_os/out/arm/export-ta_arm32/lib/libutee.a(utee_syscalls_a32.o)
                0x0000000000008294                utee_storage_reset_enum
 .text.utee_storage_start_enum
                0x00000000000082a8       0x14 /workspace/optee_os/out/arm/export-ta_arm32/lib/libutee.a(utee_syscalls_a32.o)
                0x00000000000082a8                utee_storage_start_enum
 .text.utee_storage_next_enum
                0x00000000000082bc       0x14 /workspace/optee_os/out/arm/export-ta_arm32/lib/libutee.a(utee_syscalls_a32.o)
                0x00000000000082bc                utee_storage_next_enum
 .text.utee_storage_obj_read
                0x00000000000082d0       0x14 /workspace/optee_os/out/arm/export-ta_arm32/lib/libutee.a(utee_syscalls_a32.o)
                0x00000000000082d0                utee_storage_obj_read
 .text.utee_storage_obj_write
                0x00000000000082e4       0x14 /workspace/optee_os/out/arm/export-ta_arm32/lib/libutee.a(utee_syscalls_a32.o)
                0x00000000000082e4                utee_storage_obj_write
 .text.utee_storage_obj_trunc
                0x00000000000082f8       0x14 /workspace/optee_os/out/arm/export-ta_arm32/lib/libutee.a(utee_syscalls_a32.o)
                0x00000000000082f8                utee_storage_obj_trunc
 .text.utee_storage_obj_seek
                0x000000000000830c       0x14 /workspace/optee_os/out/arm/export-ta_arm32/lib/libutee.a(utee_syscalls_a32.o)
                0x000000000000830c                utee_storage_obj_seek
 .text.utee_cryp_obj_generate_key
                0x0000000000008320       0x14 /workspace/optee_os/out/arm/export-ta_arm32/lib/libutee.a(utee_syscalls_a32.o)
                0x0000000000008320                utee_cryp_obj_generate_key
 .text.utee_cache_operation
                0x0000000000008334       0x14 /workspace/optee_os/out/arm/export-ta_arm32/lib/libutee.a(utee_syscalls_a32.o)
                0x0000000000008334                utee_cache_operation
 .text.__utee_mcount
                0x0000000000008348        0xc /workspace/optee_os/out/arm/export-ta_arm32/lib/libutee.a(gprof_a32.o)
                0x0000000000008348                __utee_mcount
 .text          0x0000000000008354      0x2e4 /workspace/optee_os/out/arm/export-ta_arm32/lib/libutee.a(tee_api.o)
                0x0000000000008354                __utee_from_param
                0x00000000000083a4                __utee_to_param
                0x00000000000083e2                TEE_OpenTASession
                0x0000000000008426                TEE_CloseTASession
                0x000000000000843a                TEE_InvokeTACommand
                0x00000000000084a0                TEE_GetCancellationFlag
                0x00000000000084bc                TEE_UnmaskCancellation
                0x00000000000084d8                TEE_MaskCancellation
                0x00000000000084f4                TEE_CheckMemoryAccessRights
                0x00000000000084fe                TEE_SetInstanceData
                0x000000000000850c                TEE_GetInstanceData
                0x0000000000008518                TEE_MemMove
                0x000000000000851c                TEE_MemCompare
                0x0000000000008520                TEE_MemFill
                0x0000000000008524                TEE_GetSystemTime
                0x000000000000853a                TEE_Wait
                0x0000000000008558                TEE_GetTAPersistentTime
                0x0000000000008594                TEE_SetTAPersistentTime
                0x00000000000085bc                TEE_GetREETime
                0x00000000000085d2                TEE_Malloc
                0x000000000000861c                TEE_Realloc
                0x0000000000008620                TEE_Free
                0x0000000000008624                TEE_CacheClean
                0x000000000000862a                TEE_CacheFlush
                0x0000000000008630                TEE_CacheInvalidate
 .text          0x0000000000008638      0x78c /workspace/optee_os/out/arm/export-ta_arm32/lib/libutee.a(tee_api_objects.o)
                0x0000000000008638                __utee_from_attr
                0x0000000000008672                TEE_GetObjectInfo
                0x000000000000869c                TEE_GetObjectInfo1
                0x00000000000086bc                TEE_RestrictObjectUsage1
                0x00000000000086dc                TEE_RestrictObjectUsage
                0x0000000000008708                TEE_GetObjectBufferAttribute
                0x0000000000008778                TEE_GetObjectValueAttribute
                0x00000000000087fc                TEE_CloseObject
                0x0000000000008810                TEE_AllocateTransientObject
                0x0000000000008840                TEE_FreeTransientObject
                0x0000000000008870                TEE_ResetTransientObject
                0x00000000000088a0                TEE_PopulateTransientObject
                0x0000000000008910                TEE_InitRefAttribute
                0x0000000000008932                TEE_InitValueAttribute
                0x0000000000008954                TEE_CopyObjectAttributes1
                0x00000000000089bc                TEE_CopyObjectAttributes
                0x00000000000089ec                TEE_GenerateKey
                0x0000000000008a34                TEE_OpenPersistentObject
                0x0000000000008a98                TEE_CreatePersistentObject
                0x0000000000008b30                TEE_CloseAndDeletePersistentObject1
                0x0000000000008b54                TEE_CloseAndDeletePersistentObject
                0x0000000000008b6a                TEE_RenamePersistentObject
                0x0000000000008bb0                TEE_AllocatePersistentObjectEnumerator
                0x0000000000008be8                TEE_FreePersistentObjectEnumerator
                0x0000000000008bfc                TEE_ResetPersistentObjectEnumerator
                0x0000000000008c10                TEE_StartPersistentObjectEnumerator
                0x0000000000008c3c                TEE_GetNextPersistentObject
                0x0000000000008c90                TEE_ReadObjectData
                0x0000000000008cd0                TEE_WriteObjectData
                0x0000000000008d10                TEE_TruncateObjectData
                0x0000000000008d48                TEE_SeekObjectData
 .text          0x0000000000008dc4     0x1014 /workspace/optee_os/out/arm/export-ta_arm32/lib/libutee.a(tee_api_arith_mpi.o)
                0x0000000000009370                _TEE_MathAPI_Init
                0x00000000000093b4                TEE_BigIntInit
                0x00000000000093f4                TEE_BigIntConvertFromOctetString
                0x0000000000009434                TEE_BigIntConvertToOctetString
                0x000000000000948c                TEE_BigIntConvertFromS32
                0x00000000000094c4                TEE_BigIntConvertToS32
                0x000000000000951c                TEE_BigIntCmp
                0x0000000000009550                TEE_BigIntCmpS32
                0x0000000000009660                TEE_BigIntShiftRight
                0x0000000000009754                TEE_BigIntGetBit
                0x000000000000977e                TEE_BigIntGetBitCount
                0x00000000000097a0                TEE_BigIntAdd
                0x00000000000097bc                TEE_BigIntSub
                0x00000000000097d8                TEE_BigIntNeg
                0x0000000000009830                TEE_BigIntMul
                0x00000000000098d4                TEE_BigIntSquare
                0x00000000000098da                TEE_BigIntDiv
                0x0000000000009988                TEE_BigIntMod
                0x00000000000099d8                TEE_BigIntAddMod
                0x00000000000099f4                TEE_BigIntSubMod
                0x0000000000009a10                TEE_BigIntMulMod
                0x0000000000009a2c                TEE_BigIntSquareMod
                0x0000000000009a34                TEE_BigIntInvMod
                0x0000000000009ad8                TEE_BigIntRelativePrime
                0x0000000000009b54                TEE_BigIntComputeExtendedGcd
                0x0000000000009ca8                TEE_BigIntIsProbablePrime
                0x0000000000009cd8                TEE_BigIntInitFMM
                0x0000000000009cdc                TEE_BigIntInitFMMContext
                0x0000000000009cde                TEE_BigIntFMMSizeInU32
                0x0000000000009ce6                TEE_BigIntFMMContextSizeInU32
                0x0000000000009cea                TEE_BigIntConvertToFMM
                0x0000000000009cee                TEE_BigIntConvertFromFMM
                0x0000000000009d38                TEE_BigIntComputeFMM
 .text.unlikely
                0x0000000000009dd8       0x20 /workspace/optee_os/out/arm/export-ta_arm32/lib/libutee.a(tee_api_arith_mpi.o)
 .text          0x0000000000009df8     0x2800 /workspace/optee_os/out/arm/export-ta_arm32/lib/libmbedtls.a(bignum.o)
                0x000000000000a368                mbedtls_mpi_init
                0x000000000000a37a                mbedtls_mpi_init_mempool
                0x000000000000a3a0                mbedtls_mpi_init_static
                0x000000000000a3b2                mbedtls_mpi_free
                0x000000000000a400                mbedtls_mpi_grow
                0x000000000000a4a8                mbedtls_mpi_shrink
                0x000000000000a574                mbedtls_mpi_copy
                0x000000000000a5ca                mbedtls_mpi_swap
                0x000000000000a5f8                mbedtls_mpi_safe_cond_assign
                0x000000000000a664                mbedtls_mpi_safe_cond_swap
                0x000000000000a6ea                mbedtls_mpi_lset
                0x000000000000a722                mbedtls_mpi_get_bit
                0x000000000000a742                mbedtls_mpi_set_bit
                0x000000000000a792                mbedtls_mpi_lsb
                0x000000000000a7c0                mbedtls_mpi_bitlen
                0x000000000000a802                mbedtls_mpi_size
                0x000000000000a80e                mbedtls_mpi_read_binary
                0x000000000000a874                mbedtls_mpi_write_binary
                0x000000000000a8ba                mbedtls_mpi_shift_l
                0x000000000000a952                mbedtls_mpi_shift_r
                0x000000000000a9ca                mbedtls_mpi_cmp_abs
                0x000000000000aa38                mbedtls_mpi_cmp_mpi
                0x000000000000aace                mbedtls_mpi_cmp_int
                0x000000000000aafe                mbedtls_mpi_add_abs
                0x000000000000abba                mbedtls_mpi_sub_abs
                0x000000000000ac3a                mbedtls_mpi_add_mpi
                0x000000000000ac82                mbedtls_mpi_sub_mpi
                0x000000000000acce                mbedtls_mpi_add_int
                0x000000000000acfe                mbedtls_mpi_sub_int
                0x000000000000ad2e                mbedtls_mpi_mul_mpi
                0x000000000000ae0a                mbedtls_mpi_mul_int
                0x000000000000ae28                mbedtls_mpi_read_string
                0x000000000000af54                mbedtls_mpi_div_mpi
                0x000000000000b2f6                mbedtls_mpi_div_int
                0x000000000000b324                mbedtls_mpi_mod_mpi
                0x000000000000b388                mbedtls_mpi_mod_int
                0x000000000000b42e                mbedtls_mpi_write_string
                0x000000000000b5b8                mbedtls_mpi_montg_init
                0x000000000000b5e0                mbedtls_mpi_montmul
                0x000000000000b6a4                mbedtls_mpi_montred
                0x000000000000b6c8                mbedtls_mpi_exp_mod
                0x000000000000bb0e                mbedtls_mpi_gcd
                0x000000000000bc22                mbedtls_mpi_fill_random
                0x000000000000be6a                mbedtls_mpi_inv_mod
                0x000000000000c13a                mbedtls_mpi_is_prime
                0x000000000000c196                mbedtls_mpi_gen_prime
                0x000000000000c2cc                mbedtls_mpi_self_test
 .text          0x000000000000c5f8      0x104 /workspace/optee_os/out/arm/export-ta_arm32/lib/libutils.a(mempool.o)
                0x000000000000c5f8                mempool_alloc_pool
                0x000000000000c63c                mempool_alloc
                0x000000000000c6a8                mempool_calloc
                0x000000000000c6cc                mempool_free
 .text          0x000000000000c6fc      0x100 ./col2im_TA.o
                0x000000000000c6fc                col2im_add_pixel_TA
                0x000000000000c734                col2im_cpu_TA
 .text          0x000000000000c7fc        0x4 ./user_ta_header.o
                0x000000000000c7fc                tahead_get_trace_level
 .text          0x000000000000c800       0x16 /workspace/optee_os/out/arm/export-ta_arm32/lib/libutils.a(memcpy.o)
                0x000000000000c800                memcpy
 .text          0x000000000000c816       0x10 /workspace/optee_os/out/arm/export-ta_arm32/lib/libutils.a(memset.o)
                0x000000000000c816                memset
 .text          0x000000000000c826       0x1a /workspace/optee_os/out/arm/export-ta_arm32/lib/libutils.a(strcmp.o)
                0x000000000000c826                strcmp
 .text          0x000000000000c840       0x24 /workspace/optee_os/out/arm/export-ta_arm32/lib/libutils.a(strncmp.o)
                0x000000000000c840                strncmp
 .text          0x000000000000c864        0x6 /workspace/optee_os/out/arm/export-ta_arm32/lib/libutils.a(aeabi_unwind.o)
                0x000000000000c864                __aeabi_unwind_cpp_pr0
                0x000000000000c866                __aeabi_unwind_cpp_pr1
                0x000000000000c868                __aeabi_unwind_cpp_pr2
 .text          0x000000000000c86a       0x1c /workspace/optee_os/out/arm/export-ta_arm32/lib/libutils.a(memchr.o)
                0x000000000000c86a                memchr
 .text          0x000000000000c886       0x10 /workspace/optee_os/out/arm/export-ta_arm32/lib/libutils.a(strlen.o)
                0x000000000000c886                strlen
 .text          0x000000000000c896      0x160 /workspace/optee_os/out/arm/export-ta_arm32/lib/libutils.a(arm32_aeabi_ldivmod.o)
                0x000000000000c896                __ul_divmod
                0x000000000000c90a                __l_divmod
 .text          0x000000000000c9f6        0x4 /workspace/optee_os/out/arm/export-ta_arm32/lib/libutee.a(tee_api_panic.o)
                0x000000000000c9f6                TEE_Panic
 .text          0x000000000000c9fa       0x2c /workspace/optee_os/out/arm/export-ta_arm32/lib/libutils.a(snprintf.o)
                0x000000000000c9fa                snprintf
                0x000000000000ca18                vsnprintf
 .text          0x000000000000ca26       0x1e /workspace/optee_os/out/arm/export-ta_arm32/lib/libutils.a(memcmp.o)
                0x000000000000ca26                memcmp
 .text          0x000000000000ca44       0x34 /workspace/optee_os/out/arm/export-ta_arm32/lib/libutils.a(memmove.o)
                0x000000000000ca44                memmove
 .text          0x000000000000ca78       0x2c /workspace/optee_os/out/arm/export-ta_arm32/lib/libutils.a(buf_compare_ct.o)
                0x000000000000ca78                buf_compare_ct
 .text          0x000000000000caa4        0x0 /workspace/optee_os/out/arm/export-ta_arm32/lib/libutils.a(arm32_aeabi_ldivmod_a32.o)
 .text          0x000000000000caa4        0x0 /workspace/optee_os/out/arm/export-ta_arm32/lib/libutee.a(gprof_a32.o)
 *fill*         0x000000000000caa4        0x4 
 .text.__stub   0x000000000000caa8       0x40 linker stubs
 *(SORT(.stub))
 *(SORT(.glue_7))
 .glue_7        0x000000000000cae8        0x0 linker stubs
 *(SORT(.glue_7t))
 .glue_7t       0x000000000000cae8        0x0 linker stubs
 *(SORT(.gnu.linkonce.t.*))
 *(SORT(.vfp11_veneer))
 .vfp11_veneer  0x000000000000cae8        0x0 linker stubs
                [!provide]                        PROVIDE (__gnu_mcount_nc, __utee_mcount)
                0x000000000000cae8                __text_end = .

.v4_bx          0x000000000000cae8        0x0
 .v4_bx         0x000000000000cae8        0x0 linker stubs

.iplt           0x000000000000cae8        0x0
 .iplt          0x000000000000cae8        0x0 ./darknetp_ta.o

.plt            0x000000000000cae8        0x0
 *(SORT(.plt))
 .plt           0x000000000000cae8        0x0 ./darknetp_ta.o

.eh_frame
 *(SORT(.eh_frame))

.rodata         0x000000000000cae8     0x15e6
 *(SORT(.gnu.linkonce.r.*))
 *(SORT(.rodata) SORT(.rodata.*))
 .rodata.user_ta_header.c
                0x000000000000cae8       0x1b ./user_ta_header.o
                0x000000000000cae8                ta_num_props
                0x000000000000cafc                ta_heap_size
                0x000000000000cb00                trace_ext_prefix
 *fill*         0x000000000000cb03        0x1 
 .rodata.lib/libmbedtls/mbedtls/library/bignum.c
                0x000000000000cb04      0x2c4 /workspace/optee_os/out/arm/export-ta_arm32/lib/libmbedtls.a(bignum.o)
 .rodata.darknetp_ta.c
                0x000000000000cdc8       0x6a ./darknetp_ta.o
 .rodata.str1.1.darknetp_ta.c
                0x000000000000ce32      0x18e ./darknetp_ta.o
 .rodata.softmax_layer_TA.c
                0x000000000000cfc0       0x1a ./softmax_layer_TA.o
 .rodata.str1.1.softmax_layer_TA.c
                0x000000000000cfda       0x26 ./softmax_layer_TA.o
 .rodata.parser_TA.c
                0x000000000000d000       0x2b ./parser_TA.o
 .rodata.str1.1.parser_TA.c
                0x000000000000d02b       0x23 ./parser_TA.o
 .rodata.str1.1.activations_TA.c
                0x000000000000d04e       0x4f ./activations_TA.o
                                         0x53 (size before relaxing)
 .rodata.network_TA.c
                0x000000000000d09d       0x15 ./network_TA.o
 .rodata.str1.1.network_TA.c
                0x000000000000d0b2       0x55 ./network_TA.o
 .rodata.aes_TA.c
                0x000000000000d107      0x20b ./aes_TA.o
 .rodata.cost_layer_TA.c
                0x000000000000d312       0x11 ./cost_layer_TA.o
 .rodata.str1.1.cost_layer_TA.c
                0x000000000000d323       0x4a ./cost_layer_TA.o
 .rodata.str1.1.user_ta_header.c
                0x000000000000d36d       0xfc ./user_ta_header.o
 .rodata.lib/libutils/isoc/bget_malloc.c
                0x000000000000d469       0x8a /workspace/optee_os/out/arm/export-ta_arm32/lib/libutils.a(bget_malloc.o)
 .rodata.str1.1.lib/libutils/isoc/bget_malloc.c
                0x000000000000d4f3      0x406 /workspace/optee_os/out/arm/export-ta_arm32/lib/libutils.a(bget_malloc.o)
                                        0x411 (size before relaxing)
 .rodata.lib/libutils/ext/trace.c
                0x000000000000d8f9        0xf /workspace/optee_os/out/arm/export-ta_arm32/lib/libutils.a(trace.o)
 .rodata.str1.1.lib/libutils/ext/trace.c
                0x000000000000d908       0x3a /workspace/optee_os/out/arm/export-ta_arm32/lib/libutils.a(trace.o)
                                         0x3d (size before relaxing)
 .rodata.lib/libutils/ext/snprintk.c
                0x000000000000d942       0x22 /workspace/optee_os/out/arm/export-ta_arm32/lib/libutils.a(snprintk.o)
 .rodata.str1.1.lib/libutils/ext/snprintk.c
                0x000000000000d964       0x38 /workspace/optee_os/out/arm/export-ta_arm32/lib/libutils.a(snprintk.o)
 .rodata.str1.1.lib/libutee/trace_ext.c
                0x000000000000d99c       0x38 /workspace/optee_os/out/arm/export-ta_arm32/lib/libutee.a(trace_ext.o)
                                          0x2 (size before relaxing)
 .rodata.str1.1.lib/libutee/assert.c
                0x000000000000d99c       0x27 /workspace/optee_os/out/arm/export-ta_arm32/lib/libutee.a(assert.o)
 .rodata.lib/libutee/tee_api.c
                0x000000000000d9c3        0xb /workspace/optee_os/out/arm/export-ta_arm32/lib/libutee.a(tee_api.o)
 .rodata.str1.1.lib/libutee/tee_api.c
                0x000000000000d9ce       0x11 /workspace/optee_os/out/arm/export-ta_arm32/lib/libutee.a(tee_api.o)
 .rodata.lib/libutee/tee_api_arith_mpi.c
                0x000000000000d9df      0x143 /workspace/optee_os/out/arm/export-ta_arm32/lib/libutee.a(tee_api_arith_mpi.o)
 .rodata.str1.1.lib/libutee/tee_api_arith_mpi.c
                0x000000000000db22       0xb7 /workspace/optee_os/out/arm/export-ta_arm32/lib/libutee.a(tee_api_arith_mpi.o)
 .rodata.str1.1.lib/libmbedtls/mbedtls/library/bignum.c
                0x000000000000dbd9      0x45d /workspace/optee_os/out/arm/export-ta_arm32/lib/libmbedtls.a(bignum.o)
 .rodata.lib/libutils/ext/mempool.c
                0x000000000000e036       0x21 /workspace/optee_os/out/arm/export-ta_arm32/lib/libutils.a(mempool.o)
 .rodata.str1.1.lib/libutils/ext/mempool.c
                0x000000000000e057       0x77 /workspace/optee_os/out/arm/export-ta_arm32/lib/libutils.a(mempool.o)

.ARM.extab      0x000000000000e0d0      0x2ec
 .ARM.extab     0x000000000000e0d0       0x24 ./darknetp_ta.o
 .ARM.extab     0x000000000000e0f4       0x3c ./blas_TA.o
 .ARM.extab     0x000000000000e130        0xc ./softmax_layer_TA.o
 .ARM.extab     0x000000000000e13c        0x0 ./col2im_TA.o
 .ARM.extab     0x000000000000e13c       0x30 ./connected_layer_TA.o
 .ARM.extab     0x000000000000e16c       0x84 ./math_TA.o
 .ARM.extab     0x000000000000e1f0        0x0 ./parser_TA.o
 .ARM.extab     0x000000000000e1f0       0x18 ./activations_TA.o
 .ARM.extab     0x000000000000e208        0x0 ./gemm_TA.o
 .ARM.extab     0x000000000000e208        0x0 ./maxpool_layer_TA.o
 .ARM.extab     0x000000000000e208       0x24 ./network_TA.o
 .ARM.extab     0x000000000000e22c        0x0 ./aes_TA.o
 .ARM.extab     0x000000000000e22c        0xc ./cost_layer_TA.o
 .ARM.extab     0x000000000000e238        0x0 ./im2col_TA.o
 .ARM.extab     0x000000000000e238       0x24 ./batchnorm_layer_TA.o
 .ARM.extab     0x000000000000e25c       0x18 ./dropout_layer_TA.o
 .ARM.extab     0x000000000000e274       0x34 ./convolutional_layer_TA.o
 .ARM.extab     0x000000000000e2a8        0x0 ./avgpool_layer_TA.o
 .ARM.extab     0x000000000000e2a8       0x18 ./utils_TA.o
 .ARM.extab     0x000000000000e2c0        0x0 ./diffprivate_TA.o
 .ARM.extab     0x000000000000e2c0        0x0 ./user_ta_header.o
 .ARM.extab     0x000000000000e2c0       0x18 /workspace/optee_os/out/arm/export-ta_arm32/lib/libutils.a(bget_malloc.o)
 .ARM.extab     0x000000000000e2d8        0x0 /workspace/optee_os/out/arm/export-ta_arm32/lib/libutils.a(memcpy.o)
 .ARM.extab     0x000000000000e2d8        0x0 /workspace/optee_os/out/arm/export-ta_arm32/lib/libutils.a(memset.o)
 .ARM.extab     0x000000000000e2d8        0x0 /workspace/optee_os/out/arm/export-ta_arm32/lib/libutils.a(strcmp.o)
 .ARM.extab     0x000000000000e2d8        0x0 /workspace/optee_os/out/arm/export-ta_arm32/lib/libutils.a(strncmp.o)
 .ARM.extab     0x000000000000e2d8        0xc /workspace/optee_os/out/arm/export-ta_arm32/lib/libutils.a(trace.o)
 .ARM.extab     0x000000000000e2e4        0x0 /workspace/optee_os/out/arm/export-ta_arm32/lib/libutils.a(aeabi_unwind.o)
 .ARM.extab     0x000000000000e2e4        0xc /workspace/optee_os/out/arm/export-ta_arm32/lib/libutils.a(snprintk.o)
 .ARM.extab     0x000000000000e2f0        0x0 /workspace/optee_os/out/arm/export-ta_arm32/lib/libutils.a(memchr.o)
 .ARM.extab     0x000000000000e2f0        0x0 /workspace/optee_os/out/arm/export-ta_arm32/lib/libutils.a(strlen.o)
 .ARM.extab     0x000000000000e2f0        0x0 /workspace/optee_os/out/arm/export-ta_arm32/lib/libutils.a(arm32_aeabi_ldivmod.o)
 .ARM.extab     0x000000000000e2f0        0xc /workspace/optee_os/out/arm/export-ta_arm32/lib/libutee.a(trace_ext.o)
 .ARM.extab     0x000000000000e2fc        0xc /workspace/optee_os/out/arm/export-ta_arm32/lib/libutee.a(assert.o)
 .ARM.extab     0x000000000000e308        0xc /workspace/optee_os/out/arm/export-ta_arm32/lib/libutee.a(tee_api_operations.o)
 .ARM.extab     0x000000000000e314        0x0 /workspace/optee_os/out/arm/export-ta_arm32/lib/libutee.a(tee_api_panic.o)
 .ARM.extab     0x000000000000e314        0x0 /workspace/optee_os/out/arm/export-ta_arm32/lib/libutee.a(user_ta_entry.o)
 .ARM.extab     0x000000000000e314       0x24 /workspace/optee_os/out/arm/export-ta_arm32/lib/libutee.a(tee_api.o)
 .ARM.extab     0x000000000000e338       0x30 /workspace/optee_os/out/arm/export-ta_arm32/lib/libutee.a(tee_api_objects.o)
 .ARM.extab     0x000000000000e368       0x24 /workspace/optee_os/out/arm/export-ta_arm32/lib/libutee.a(tee_api_arith_mpi.o)
 .ARM.extab     0x000000000000e38c       0x24 /workspace/optee_os/out/arm/export-ta_arm32/lib/libmbedtls.a(bignum.o)
 .ARM.extab     0x000000000000e3b0        0xc /workspace/optee_os/out/arm/export-ta_arm32/lib/libutils.a(snprintf.o)
 .ARM.extab     0x000000000000e3bc        0x0 /workspace/optee_os/out/arm/export-ta_arm32/lib/libutils.a(memcmp.o)
 .ARM.extab     0x000000000000e3bc        0x0 /workspace/optee_os/out/arm/export-ta_arm32/lib/libutils.a(memmove.o)
 .ARM.extab     0x000000000000e3bc        0x0 /workspace/optee_os/out/arm/export-ta_arm32/lib/libutils.a(buf_compare_ct.o)
 .ARM.extab     0x000000000000e3bc        0x0 /workspace/optee_os/out/arm/export-ta_arm32/lib/libutils.a(mempool.o)

.gnu.version_d  0x000000000000e3bc        0x0
 .gnu.version_d
                0x000000000000e3bc        0x0 ./darknetp_ta.o

.gnu.version    0x000000000000e3bc        0x0
 .gnu.version   0x000000000000e3bc        0x0 ./darknetp_ta.o

.gnu.version_r  0x000000000000e3bc        0x0
 .gnu.version_r
                0x000000000000e3bc        0x0 ./darknetp_ta.o

.ARM.extab.text.__aeabi_ldivmod
                0x000000000000e3bc        0xc
 .ARM.extab.text.__aeabi_ldivmod
                0x000000000000e3bc        0xc /workspace/optee_os/out/arm/export-ta_arm32/lib/libutils.a(arm32_aeabi_ldivmod_a32.o)

.ARM.extab.text.__aeabi_uldivmod
                0x000000000000e3c8        0xc
 .ARM.extab.text.__aeabi_uldivmod
                0x000000000000e3c8        0xc /workspace/optee_os/out/arm/export-ta_arm32/lib/libutils.a(arm32_aeabi_ldivmod_a32.o)

.ARM.extab.text.utee_panic
                0x000000000000e3d4        0xc
 .ARM.extab.text.utee_panic
                0x000000000000e3d4        0xc /workspace/optee_os/out/arm/export-ta_arm32/lib/libutee.a(utee_syscalls_a32.o)

.ARM.extab.text.utee_return
                0x000000000000e3e0        0x0
 .ARM.extab.text.utee_return
                0x000000000000e3e0        0x0 /workspace/optee_os/out/arm/export-ta_arm32/lib/libutee.a(utee_syscalls_a32.o)

.ARM.extab.text.utee_log
                0x000000000000e3e0        0x0
 .ARM.extab.text.utee_log
                0x000000000000e3e0        0x0 /workspace/optee_os/out/arm/export-ta_arm32/lib/libutee.a(utee_syscalls_a32.o)

.ARM.extab.text.__utee_panic
                0x000000000000e3e0        0x0
 .ARM.extab.text.__utee_panic
                0x000000000000e3e0        0x0 /workspace/optee_os/out/arm/export-ta_arm32/lib/libutee.a(utee_syscalls_a32.o)

.ARM.extab.text.utee_get_property
                0x000000000000e3e0        0x0
 .ARM.extab.text.utee_get_property
                0x000000000000e3e0        0x0 /workspace/optee_os/out/arm/export-ta_arm32/lib/libutee.a(utee_syscalls_a32.o)

.ARM.extab.text.utee_get_property_name_to_index
                0x000000000000e3e0        0x0
 .ARM.extab.text.utee_get_property_name_to_index
                0x000000000000e3e0        0x0 /workspace/optee_os/out/arm/export-ta_arm32/lib/libutee.a(utee_syscalls_a32.o)

.ARM.extab.text.utee_open_ta_session
                0x000000000000e3e0        0x0
 .ARM.extab.text.utee_open_ta_session
                0x000000000000e3e0        0x0 /workspace/optee_os/out/arm/export-ta_arm32/lib/libutee.a(utee_syscalls_a32.o)

.ARM.extab.text.utee_close_ta_session
                0x000000000000e3e0        0x0
 .ARM.extab.text.utee_close_ta_session
                0x000000000000e3e0        0x0 /workspace/optee_os/out/arm/export-ta_arm32/lib/libutee.a(utee_syscalls_a32.o)

.ARM.extab.text.utee_invoke_ta_command
                0x000000000000e3e0        0x0
 .ARM.extab.text.utee_invoke_ta_command
                0x000000000000e3e0        0x0 /workspace/optee_os/out/arm/export-ta_arm32/lib/libutee.a(utee_syscalls_a32.o)

.ARM.extab.text.utee_get_cancellation_flag
                0x000000000000e3e0        0x0
 .ARM.extab.text.utee_get_cancellation_flag
                0x000000000000e3e0        0x0 /workspace/optee_os/out/arm/export-ta_arm32/lib/libutee.a(utee_syscalls_a32.o)

.ARM.extab.text.utee_check_access_rights
                0x000000000000e3e0        0x0
 .ARM.extab.text.utee_check_access_rights
                0x000000000000e3e0        0x0 /workspace/optee_os/out/arm/export-ta_arm32/lib/libutee.a(utee_syscalls_a32.o)

.ARM.extab.text.utee_unmask_cancellation
                0x000000000000e3e0        0x0
 .ARM.extab.text.utee_unmask_cancellation
                0x000000000000e3e0        0x0 /workspace/optee_os/out/arm/export-ta_arm32/lib/libutee.a(utee_syscalls_a32.o)

.ARM.extab.text.utee_mask_cancellation
                0x000000000000e3e0        0x0
 .ARM.extab.text.utee_mask_cancellation
                0x000000000000e3e0        0x0 /workspace/optee_os/out/arm/export-ta_arm32/lib/libutee.a(utee_syscalls_a32.o)

.ARM.extab.text.utee_wait
                0x000000000000e3e0        0x0
 .ARM.extab.text.utee_wait
                0x000000000000e3e0        0x0 /workspace/optee_os/out/arm/export-ta_arm32/lib/libutee.a(utee_syscalls_a32.o)

.ARM.extab.text.utee_get_time
                0x000000000000e3e0        0x0
 .ARM.extab.text.utee_get_time
                0x000000000000e3e0        0x0 /workspace/optee_os/out/arm/export-ta_arm32/lib/libutee.a(utee_syscalls_a32.o)

.ARM.extab.text.utee_set_ta_time
                0x000000000000e3e0        0x0
 .ARM.extab.text.utee_set_ta_time
                0x000000000000e3e0        0x0 /workspace/optee_os/out/arm/export-ta_arm32/lib/libutee.a(utee_syscalls_a32.o)

.ARM.extab.text.utee_cryp_state_alloc
                0x000000000000e3e0        0x0
 .ARM.extab.text.utee_cryp_state_alloc
                0x000000000000e3e0        0x0 /workspace/optee_os/out/arm/export-ta_arm32/lib/libutee.a(utee_syscalls_a32.o)

.ARM.extab.text.utee_cryp_state_copy
                0x000000000000e3e0        0x0
 .ARM.extab.text.utee_cryp_state_copy
                0x000000000000e3e0        0x0 /workspace/optee_os/out/arm/export-ta_arm32/lib/libutee.a(utee_syscalls_a32.o)

.ARM.extab.text.utee_cryp_state_free
                0x000000000000e3e0        0x0
 .ARM.extab.text.utee_cryp_state_free
                0x000000000000e3e0        0x0 /workspace/optee_os/out/arm/export-ta_arm32/lib/libutee.a(utee_syscalls_a32.o)

.ARM.extab.text.utee_hash_init
                0x000000000000e3e0        0x0
 .ARM.extab.text.utee_hash_init
                0x000000000000e3e0        0x0 /workspace/optee_os/out/arm/export-ta_arm32/lib/libutee.a(utee_syscalls_a32.o)

.ARM.extab.text.utee_hash_update
                0x000000000000e3e0        0x0
 .ARM.extab.text.utee_hash_update
                0x000000000000e3e0        0x0 /workspace/optee_os/out/arm/export-ta_arm32/lib/libutee.a(utee_syscalls_a32.o)

.ARM.extab.text.utee_hash_final
                0x000000000000e3e0        0x0
 .ARM.extab.text.utee_hash_final
                0x000000000000e3e0        0x0 /workspace/optee_os/out/arm/export-ta_arm32/lib/libutee.a(utee_syscalls_a32.o)

.ARM.extab.text.utee_cipher_init
                0x000000000000e3e0        0x0
 .ARM.extab.text.utee_cipher_init
                0x000000000000e3e0        0x0 /workspace/optee_os/out/arm/export-ta_arm32/lib/libutee.a(utee_syscalls_a32.o)

.ARM.extab.text.utee_cipher_update
                0x000000000000e3e0        0x0
 .ARM.extab.text.utee_cipher_update
                0x000000000000e3e0        0x0 /workspace/optee_os/out/arm/export-ta_arm32/lib/libutee.a(utee_syscalls_a32.o)

.ARM.extab.text.utee_cipher_final
                0x000000000000e3e0        0x0
 .ARM.extab.text.utee_cipher_final
                0x000000000000e3e0        0x0 /workspace/optee_os/out/arm/export-ta_arm32/lib/libutee.a(utee_syscalls_a32.o)

.ARM.extab.text.utee_cryp_obj_get_info
                0x000000000000e3e0        0x0
 .ARM.extab.text.utee_cryp_obj_get_info
                0x000000000000e3e0        0x0 /workspace/optee_os/out/arm/export-ta_arm32/lib/libutee.a(utee_syscalls_a32.o)

.ARM.extab.text.utee_cryp_obj_restrict_usage
                0x000000000000e3e0        0x0
 .ARM.extab.text.utee_cryp_obj_restrict_usage
                0x000000000000e3e0        0x0 /workspace/optee_os/out/arm/export-ta_arm32/lib/libutee.a(utee_syscalls_a32.o)

.ARM.extab.text.utee_cryp_obj_get_attr
                0x000000000000e3e0        0x0
 .ARM.extab.text.utee_cryp_obj_get_attr
                0x000000000000e3e0        0x0 /workspace/optee_os/out/arm/export-ta_arm32/lib/libutee.a(utee_syscalls_a32.o)

.ARM.extab.text.utee_cryp_obj_alloc
                0x000000000000e3e0        0x0
 .ARM.extab.text.utee_cryp_obj_alloc
                0x000000000000e3e0        0x0 /workspace/optee_os/out/arm/export-ta_arm32/lib/libutee.a(utee_syscalls_a32.o)

.ARM.extab.text.utee_cryp_obj_close
                0x000000000000e3e0        0x0
 .ARM.extab.text.utee_cryp_obj_close
                0x000000000000e3e0        0x0 /workspace/optee_os/out/arm/export-ta_arm32/lib/libutee.a(utee_syscalls_a32.o)

.ARM.extab.text.utee_cryp_obj_reset
                0x000000000000e3e0        0x0
 .ARM.extab.text.utee_cryp_obj_reset
                0x000000000000e3e0        0x0 /workspace/optee_os/out/arm/export-ta_arm32/lib/libutee.a(utee_syscalls_a32.o)

.ARM.extab.text.utee_cryp_obj_populate
                0x000000000000e3e0        0x0
 .ARM.extab.text.utee_cryp_obj_populate
                0x000000000000e3e0        0x0 /workspace/optee_os/out/arm/export-ta_arm32/lib/libutee.a(utee_syscalls_a32.o)

.ARM.extab.text.utee_cryp_obj_copy
                0x000000000000e3e0        0x0
 .ARM.extab.text.utee_cryp_obj_copy
                0x000000000000e3e0        0x0 /workspace/optee_os/out/arm/export-ta_arm32/lib/libutee.a(utee_syscalls_a32.o)

.ARM.extab.text.utee_cryp_derive_key
                0x000000000000e3e0        0x0
 .ARM.extab.text.utee_cryp_derive_key
                0x000000000000e3e0        0x0 /workspace/optee_os/out/arm/export-ta_arm32/lib/libutee.a(utee_syscalls_a32.o)

.ARM.extab.text.utee_cryp_random_number_generate
                0x000000000000e3e0        0x0
 .ARM.extab.text.utee_cryp_random_number_generate
                0x000000000000e3e0        0x0 /workspace/optee_os/out/arm/export-ta_arm32/lib/libutee.a(utee_syscalls_a32.o)

.ARM.extab.text.utee_authenc_init
                0x000000000000e3e0        0x0
 .ARM.extab.text.utee_authenc_init
                0x000000000000e3e0        0x0 /workspace/optee_os/out/arm/export-ta_arm32/lib/libutee.a(utee_syscalls_a32.o)

.ARM.extab.text.utee_authenc_update_aad
                0x000000000000e3e0        0x0
 .ARM.extab.text.utee_authenc_update_aad
                0x000000000000e3e0        0x0 /workspace/optee_os/out/arm/export-ta_arm32/lib/libutee.a(utee_syscalls_a32.o)

.ARM.extab.text.utee_authenc_update_payload
                0x000000000000e3e0        0x0
 .ARM.extab.text.utee_authenc_update_payload
                0x000000000000e3e0        0x0 /workspace/optee_os/out/arm/export-ta_arm32/lib/libutee.a(utee_syscalls_a32.o)

.ARM.extab.text.utee_authenc_enc_final
                0x000000000000e3e0        0x0
 .ARM.extab.text.utee_authenc_enc_final
                0x000000000000e3e0        0x0 /workspace/optee_os/out/arm/export-ta_arm32/lib/libutee.a(utee_syscalls_a32.o)

.ARM.extab.text.utee_authenc_dec_final
                0x000000000000e3e0        0x0
 .ARM.extab.text.utee_authenc_dec_final
                0x000000000000e3e0        0x0 /workspace/optee_os/out/arm/export-ta_arm32/lib/libutee.a(utee_syscalls_a32.o)

.ARM.extab.text.utee_asymm_operate
                0x000000000000e3e0        0x0
 .ARM.extab.text.utee_asymm_operate
                0x000000000000e3e0        0x0 /workspace/optee_os/out/arm/export-ta_arm32/lib/libutee.a(utee_syscalls_a32.o)

.ARM.extab.text.utee_asymm_verify
                0x000000000000e3e0        0x0
 .ARM.extab.text.utee_asymm_verify
                0x000000000000e3e0        0x0 /workspace/optee_os/out/arm/export-ta_arm32/lib/libutee.a(utee_syscalls_a32.o)

.ARM.extab.text.utee_storage_obj_open
                0x000000000000e3e0        0x0
 .ARM.extab.text.utee_storage_obj_open
                0x000000000000e3e0        0x0 /workspace/optee_os/out/arm/export-ta_arm32/lib/libutee.a(utee_syscalls_a32.o)

.ARM.extab.text.utee_storage_obj_create
                0x000000000000e3e0        0x0
 .ARM.extab.text.utee_storage_obj_create
                0x000000000000e3e0        0x0 /workspace/optee_os/out/arm/export-ta_arm32/lib/libutee.a(utee_syscalls_a32.o)

.ARM.extab.text.utee_storage_obj_del
                0x000000000000e3e0        0x0
 .ARM.extab.text.utee_storage_obj_del
                0x000000000000e3e0        0x0 /workspace/optee_os/out/arm/export-ta_arm32/lib/libutee.a(utee_syscalls_a32.o)

.ARM.extab.text.utee_storage_obj_rename
                0x000000000000e3e0        0x0
 .ARM.extab.text.utee_storage_obj_rename
                0x000000000000e3e0        0x0 /workspace/optee_os/out/arm/export-ta_arm32/lib/libutee.a(utee_syscalls_a32.o)

.ARM.extab.text.utee_storage_alloc_enum
                0x000000000000e3e0        0x0
 .ARM.extab.text.utee_storage_alloc_enum
                0x000000000000e3e0        0x0 /workspace/optee_os/out/arm/export-ta_arm32/lib/libutee.a(utee_syscalls_a32.o)

.ARM.extab.text.utee_storage_free_enum
                0x000000000000e3e0        0x0
 .ARM.extab.text.utee_storage_free_enum
                0x000000000000e3e0        0x0 /workspace/optee_os/out/arm/export-ta_arm32/lib/libutee.a(utee_syscalls_a32.o)

.ARM.extab.text.utee_storage_reset_enum
                0x000000000000e3e0        0x0
 .ARM.extab.text.utee_storage_reset_enum
                0x000000000000e3e0        0x0 /workspace/optee_os/out/arm/export-ta_arm32/lib/libutee.a(utee_syscalls_a32.o)

.ARM.extab.text.utee_storage_start_enum
                0x000000000000e3e0        0x0
 .ARM.extab.text.utee_storage_start_enum
                0x000000000000e3e0        0x0 /workspace/optee_os/out/arm/export-ta_arm32/lib/libutee.a(utee_syscalls_a32.o)

.ARM.extab.text.utee_storage_next_enum
                0x000000000000e3e0        0x0
 .ARM.extab.text.utee_storage_next_enum
                0x000000000000e3e0        0x0 /workspace/optee_os/out/arm/export-ta_arm32/lib/libutee.a(utee_syscalls_a32.o)

.ARM.extab.text.utee_storage_obj_read
                0x000000000000e3e0        0x0
 .ARM.extab.text.utee_storage_obj_read
                0x000000000000e3e0        0x0 /workspace/optee_os/out/arm/export-ta_arm32/lib/libutee.a(utee_syscalls_a32.o)

.ARM.extab.text.utee_storage_obj_write
                0x000000000000e3e0        0x0
 .ARM.extab.text.utee_storage_obj_write
                0x000000000000e3e0        0x0 /workspace/optee_os/out/arm/export-ta_arm32/lib/libutee.a(utee_syscalls_a32.o)

.ARM.extab.text.utee_storage_obj_trunc
                0x000000000000e3e0        0x0
 .ARM.extab.text.utee_storage_obj_trunc
                0x000000000000e3e0        0x0 /workspace/optee_os/out/arm/export-ta_arm32/lib/libutee.a(utee_syscalls_a32.o)

.ARM.extab.text.utee_storage_obj_seek
                0x000000000000e3e0        0x0
 .ARM.extab.text.utee_storage_obj_seek
                0x000000000000e3e0        0x0 /workspace/optee_os/out/arm/export-ta_arm32/lib/libutee.a(utee_syscalls_a32.o)

.ARM.extab.text.utee_cryp_obj_generate_key
                0x000000000000e3e0        0x0
 .ARM.extab.text.utee_cryp_obj_generate_key
                0x000000000000e3e0        0x0 /workspace/optee_os/out/arm/export-ta_arm32/lib/libutee.a(utee_syscalls_a32.o)

.ARM.extab.text.utee_cache_operation
                0x000000000000e3e0        0x0
 .ARM.extab.text.utee_cache_operation
                0x000000000000e3e0        0x0 /workspace/optee_os/out/arm/export-ta_arm32/lib/libutee.a(utee_syscalls_a32.o)

.ARM.extab.text.unlikely
                0x000000000000e3e0        0xc
 .ARM.extab.text.unlikely
                0x000000000000e3e0        0xc /workspace/optee_os/out/arm/export-ta_arm32/lib/libutee.a(tee_api_arith_mpi.o)

.ARM.exidx      0x000000000000e3ec      0x9e8
 *(SORT(.ARM.exidx*) SORT(.gnu.linkonce.armexidx.*))
 .ARM.exidx     0x000000000000e544       0x58 ./darknetp_ta.o
                                         0x68 (size before relaxing)
 .ARM.exidx     0x000000000000e3ec       0x60 ./blas_TA.o
                                         0x68 (size before relaxing)
 .ARM.exidx     0x000000000000e59c       0x18 ./softmax_layer_TA.o
 .ARM.exidx     0x000000000000ed54       0x10 ./col2im_TA.o
 .ARM.exidx     0x000000000000e5b4       0x20 ./connected_layer_TA.o
 .ARM.exidx     0x000000000000e44c       0x90 ./math_TA.o
                                         0xa8 (size before relaxing)
 .ARM.exidx     0x000000000000e5d4       0x20 ./parser_TA.o
 .ARM.exidx     0x000000000000e4dc       0x30 ./activations_TA.o
 .ARM.exidx     0x000000000000e5f4       0x18 ./gemm_TA.o
                                         0x30 (size before relaxing)
 .ARM.exidx     0x000000000000e60c       0x20 ./maxpool_layer_TA.o
 .ARM.exidx     0x000000000000e50c       0x30 ./network_TA.o
 .ARM.exidx     0x000000000000e62c       0x58 ./aes_TA.o
                                         0x68 (size before relaxing)
 .ARM.exidx     0x000000000000e684       0x28 ./cost_layer_TA.o
 .ARM.exidx     0x000000000000e6ac       0x10 ./im2col_TA.o
 .ARM.exidx     0x000000000000e6bc       0x30 ./batchnorm_layer_TA.o
 .ARM.exidx     0x000000000000e6ec       0x20 ./dropout_layer_TA.o
 .ARM.exidx     0x000000000000e70c       0x50 ./convolutional_layer_TA.o
                                         0x60 (size before relaxing)
 .ARM.exidx     0x000000000000e75c       0x18 ./avgpool_layer_TA.o
                                         0x20 (size before relaxing)
 .ARM.exidx     0x000000000000e774       0x10 ./utils_TA.o
                                         0x18 (size before relaxing)
 .ARM.exidx     0x000000000000e53c        0x8 ./diffprivate_TA.o
 .ARM.exidx     0x000000000000ed64        0x8 ./user_ta_header.o
 .ARM.exidx     0x000000000000e784       0x88 /workspace/optee_os/out/arm/export-ta_arm32/lib/libutils.a(bget_malloc.o)
                                         0x98 (size before relaxing)
 .ARM.exidx     0x000000000000ed6c        0x8 /workspace/optee_os/out/arm/export-ta_arm32/lib/libutils.a(memcpy.o)
 .ARM.exidx     0x000000000000ed74        0x8 /workspace/optee_os/out/arm/export-ta_arm32/lib/libutils.a(memset.o)
 .ARM.exidx     0x000000000000ed7c        0x8 /workspace/optee_os/out/arm/export-ta_arm32/lib/libutils.a(strcmp.o)
 .ARM.exidx     0x000000000000ed84        0x0 /workspace/optee_os/out/arm/export-ta_arm32/lib/libutils.a(strncmp.o)
                                          0x8 (size before relaxing)
 .ARM.exidx     0x000000000000e80c       0x20 /workspace/optee_os/out/arm/export-ta_arm32/lib/libutils.a(trace.o)
                                         0x28 (size before relaxing)
 .ARM.exidx     0x000000000000ed84        0x8 /workspace/optee_os/out/arm/export-ta_arm32/lib/libutils.a(aeabi_unwind.o)
                                         0x18 (size before relaxing)
 .ARM.exidx     0x000000000000e82c       0x18 /workspace/optee_os/out/arm/export-ta_arm32/lib/libutils.a(snprintk.o)
 .ARM.exidx     0x000000000000ed8c        0x8 /workspace/optee_os/out/arm/export-ta_arm32/lib/libutils.a(memchr.o)
 .ARM.exidx     0x000000000000ed94        0x8 /workspace/optee_os/out/arm/export-ta_arm32/lib/libutils.a(strlen.o)
 .ARM.exidx.text.__aeabi_ldivmod
                0x000000000000e844        0x8 /workspace/optee_os/out/arm/export-ta_arm32/lib/libutils.a(arm32_aeabi_ldivmod_a32.o)
 .ARM.exidx.text.__aeabi_uldivmod
                0x000000000000e84c        0x8 /workspace/optee_os/out/arm/export-ta_arm32/lib/libutils.a(arm32_aeabi_ldivmod_a32.o)
 .ARM.exidx     0x000000000000ed9c        0x8 /workspace/optee_os/out/arm/export-ta_arm32/lib/libutils.a(arm32_aeabi_ldivmod.o)
                                         0x10 (size before relaxing)
 .ARM.exidx     0x000000000000e854       0x28 /workspace/optee_os/out/arm/export-ta_arm32/lib/libutee.a(trace_ext.o)
 .ARM.exidx     0x000000000000e87c       0x10 /workspace/optee_os/out/arm/export-ta_arm32/lib/libutee.a(assert.o)
 .ARM.exidx     0x000000000000e88c       0xd8 /workspace/optee_os/out/arm/export-ta_arm32/lib/libutee.a(tee_api_operations.o)
                                         0xf0 (size before relaxing)
 .ARM.exidx     0x000000000000eda4        0x8 /workspace/optee_os/out/arm/export-ta_arm32/lib/libutee.a(tee_api_panic.o)
 .ARM.exidx     0x000000000000e964       0x18 /workspace/optee_os/out/arm/export-ta_arm32/lib/libutee.a(user_ta_entry.o)
 .ARM.exidx.text.utee_panic
                0x000000000000e97c        0x8 /workspace/optee_os/out/arm/export-ta_arm32/lib/libutee.a(utee_syscalls_a32.o)
 .ARM.exidx.text.utee_return
                0x000000000000e984        0x8 /workspace/optee_os/out/arm/export-ta_arm32/lib/libutee.a(utee_syscalls_a32.o)
 .ARM.exidx.text.utee_log
                0x000000000000e98c        0x0 /workspace/optee_os/out/arm/export-ta_arm32/lib/libutee.a(utee_syscalls_a32.o)
                                          0x8 (size before relaxing)
 .ARM.exidx.text.__utee_panic
                0x000000000000e98c        0x0 /workspace/optee_os/out/arm/export-ta_arm32/lib/libutee.a(utee_syscalls_a32.o)
                                          0x8 (size before relaxing)
 .ARM.exidx.text.utee_get_property
                0x000000000000e98c        0x0 /workspace/optee_os/out/arm/export-ta_arm32/lib/libutee.a(utee_syscalls_a32.o)
                                          0x8 (size before relaxing)
 .ARM.exidx.text.utee_get_property_name_to_index
                0x000000000000e98c        0x0 /workspace/optee_os/out/arm/export-ta_arm32/lib/libutee.a(utee_syscalls_a32.o)
                                          0x8 (size before relaxing)
 .ARM.exidx.text.utee_open_ta_session
                0x000000000000e98c        0x0 /workspace/optee_os/out/arm/export-ta_arm32/lib/libutee.a(utee_syscalls_a32.o)
                                          0x8 (size before relaxing)
 .ARM.exidx.text.utee_close_ta_session
                0x000000000000e98c        0x0 /workspace/optee_os/out/arm/export-ta_arm32/lib/libutee.a(utee_syscalls_a32.o)
                                          0x8 (size before relaxing)
 .ARM.exidx.text.utee_invoke_ta_command
                0x000000000000e98c        0x0 /workspace/optee_os/out/arm/export-ta_arm32/lib/libutee.a(utee_syscalls_a32.o)
                                          0x8 (size before relaxing)
 .ARM.exidx.text.utee_get_cancellation_flag
                0x000000000000e98c        0x0 /workspace/optee_os/out/arm/export-ta_arm32/lib/libutee.a(utee_syscalls_a32.o)
                                          0x8 (size before relaxing)
 .ARM.exidx.text.utee_check_access_rights
                0x000000000000e98c        0x0 /workspace/optee_os/out/arm/export-ta_arm32/lib/libutee.a(utee_syscalls_a32.o)
                                          0x8 (size before relaxing)
 .ARM.exidx.text.utee_unmask_cancellation
                0x000000000000e98c        0x0 /workspace/optee_os/out/arm/export-ta_arm32/lib/libutee.a(utee_syscalls_a32.o)
                                          0x8 (size before relaxing)
 .ARM.exidx.text.utee_mask_cancellation
                0x000000000000e98c        0x0 /workspace/optee_os/out/arm/export-ta_arm32/lib/libutee.a(utee_syscalls_a32.o)
                                          0x8 (size before relaxing)
 .ARM.exidx.text.utee_wait
                0x000000000000e98c        0x0 /workspace/optee_os/out/arm/export-ta_arm32/lib/libutee.a(utee_syscalls_a32.o)
                                          0x8 (size before relaxing)
 .ARM.exidx.text.utee_get_time
                0x000000000000e98c        0x0 /workspace/optee_os/out/arm/export-ta_arm32/lib/libutee.a(utee_syscalls_a32.o)
                                          0x8 (size before relaxing)
 .ARM.exidx.text.utee_set_ta_time
                0x000000000000e98c        0x0 /workspace/optee_os/out/arm/export-ta_arm32/lib/libutee.a(utee_syscalls_a32.o)
                                          0x8 (size before relaxing)
 .ARM.exidx.text.utee_cryp_state_alloc
                0x000000000000e98c        0x0 /workspace/optee_os/out/arm/export-ta_arm32/lib/libutee.a(utee_syscalls_a32.o)
                                          0x8 (size before relaxing)
 .ARM.exidx.text.utee_cryp_state_copy
                0x000000000000e98c        0x0 /workspace/optee_os/out/arm/export-ta_arm32/lib/libutee.a(utee_syscalls_a32.o)
                                          0x8 (size before relaxing)
 .ARM.exidx.text.utee_cryp_state_free
                0x000000000000e98c        0x0 /workspace/optee_os/out/arm/export-ta_arm32/lib/libutee.a(utee_syscalls_a32.o)
                                          0x8 (size before relaxing)
 .ARM.exidx.text.utee_hash_init
                0x000000000000e98c        0x0 /workspace/optee_os/out/arm/export-ta_arm32/lib/libutee.a(utee_syscalls_a32.o)
                                          0x8 (size before relaxing)
 .ARM.exidx.text.utee_hash_update
                0x000000000000e98c        0x0 /workspace/optee_os/out/arm/export-ta_arm32/lib/libutee.a(utee_syscalls_a32.o)
                                          0x8 (size before relaxing)
 .ARM.exidx.text.utee_hash_final
                0x000000000000e98c        0x0 /workspace/optee_os/out/arm/export-ta_arm32/lib/libutee.a(utee_syscalls_a32.o)
                                          0x8 (size before relaxing)
 .ARM.exidx.text.utee_cipher_init
                0x000000000000e98c        0x0 /workspace/optee_os/out/arm/export-ta_arm32/lib/libutee.a(utee_syscalls_a32.o)
                                          0x8 (size before relaxing)
 .ARM.exidx.text.utee_cipher_update
                0x000000000000e98c        0x0 /workspace/optee_os/out/arm/export-ta_arm32/lib/libutee.a(utee_syscalls_a32.o)
                                          0x8 (size before relaxing)
 .ARM.exidx.text.utee_cipher_final
                0x000000000000e98c        0x0 /workspace/optee_os/out/arm/export-ta_arm32/lib/libutee.a(utee_syscalls_a32.o)
                                          0x8 (size before relaxing)
 .ARM.exidx.text.utee_cryp_obj_get_info
                0x000000000000e98c        0x0 /workspace/optee_os/out/arm/export-ta_arm32/lib/libutee.a(utee_syscalls_a32.o)
                                          0x8 (size before relaxing)
 .ARM.exidx.text.utee_cryp_obj_restrict_usage
                0x000000000000e98c        0x0 /workspace/optee_os/out/arm/export-ta_arm32/lib/libutee.a(utee_syscalls_a32.o)
                                          0x8 (size before relaxing)
 .ARM.exidx.text.utee_cryp_obj_get_attr
                0x000000000000e98c        0x0 /workspace/optee_os/out/arm/export-ta_arm32/lib/libutee.a(utee_syscalls_a32.o)
                                          0x8 (size before relaxing)
 .ARM.exidx.text.utee_cryp_obj_alloc
                0x000000000000e98c        0x0 /workspace/optee_os/out/arm/export-ta_arm32/lib/libutee.a(utee_syscalls_a32.o)
                                          0x8 (size before relaxing)
 .ARM.exidx.text.utee_cryp_obj_close
                0x000000000000e98c        0x0 /workspace/optee_os/out/arm/export-ta_arm32/lib/libutee.a(utee_syscalls_a32.o)
                                          0x8 (size before relaxing)
 .ARM.exidx.text.utee_cryp_obj_reset
                0x000000000000e98c        0x0 /workspace/optee_os/out/arm/export-ta_arm32/lib/libutee.a(utee_syscalls_a32.o)
                                          0x8 (size before relaxing)
 .ARM.exidx.text.utee_cryp_obj_populate
                0x000000000000e98c        0x0 /workspace/optee_os/out/arm/export-ta_arm32/lib/libutee.a(utee_syscalls_a32.o)
                                          0x8 (size before relaxing)
 .ARM.exidx.text.utee_cryp_obj_copy
                0x000000000000e98c        0x0 /workspace/optee_os/out/arm/export-ta_arm32/lib/libutee.a(utee_syscalls_a32.o)
                                          0x8 (size before relaxing)
 .ARM.exidx.text.utee_cryp_derive_key
                0x000000000000e98c        0x0 /workspace/optee_os/out/arm/export-ta_arm32/lib/libutee.a(utee_syscalls_a32.o)
                                          0x8 (size before relaxing)
 .ARM.exidx.text.utee_cryp_random_number_generate
                0x000000000000e98c        0x0 /workspace/optee_os/out/arm/export-ta_arm32/lib/libutee.a(utee_syscalls_a32.o)
                                          0x8 (size before relaxing)
 .ARM.exidx.text.utee_authenc_init
                0x000000000000e98c        0x0 /workspace/optee_os/out/arm/export-ta_arm32/lib/libutee.a(utee_syscalls_a32.o)
                                          0x8 (size before relaxing)
 .ARM.exidx.text.utee_authenc_update_aad
                0x000000000000e98c        0x0 /workspace/optee_os/out/arm/export-ta_arm32/lib/libutee.a(utee_syscalls_a32.o)
                                          0x8 (size before relaxing)
 .ARM.exidx.text.utee_authenc_update_payload
                0x000000000000e98c        0x0 /workspace/optee_os/out/arm/export-ta_arm32/lib/libutee.a(utee_syscalls_a32.o)
                                          0x8 (size before relaxing)
 .ARM.exidx.text.utee_authenc_enc_final
                0x000000000000e98c        0x0 /workspace/optee_os/out/arm/export-ta_arm32/lib/libutee.a(utee_syscalls_a32.o)
                                          0x8 (size before relaxing)
 .ARM.exidx.text.utee_authenc_dec_final
                0x000000000000e98c        0x0 /workspace/optee_os/out/arm/export-ta_arm32/lib/libutee.a(utee_syscalls_a32.o)
                                          0x8 (size before relaxing)
 .ARM.exidx.text.utee_asymm_operate
                0x000000000000e98c        0x0 /workspace/optee_os/out/arm/export-ta_arm32/lib/libutee.a(utee_syscalls_a32.o)
                                          0x8 (size before relaxing)
 .ARM.exidx.text.utee_asymm_verify
                0x000000000000e98c        0x0 /workspace/optee_os/out/arm/export-ta_arm32/lib/libutee.a(utee_syscalls_a32.o)
                                          0x8 (size before relaxing)
 .ARM.exidx.text.utee_storage_obj_open
                0x000000000000e98c        0x0 /workspace/optee_os/out/arm/export-ta_arm32/lib/libutee.a(utee_syscalls_a32.o)
                                          0x8 (size before relaxing)
 .ARM.exidx.text.utee_storage_obj_create
                0x000000000000e98c        0x0 /workspace/optee_os/out/arm/export-ta_arm32/lib/libutee.a(utee_syscalls_a32.o)
                                          0x8 (size before relaxing)
 .ARM.exidx.text.utee_storage_obj_del
                0x000000000000e98c        0x0 /workspace/optee_os/out/arm/export-ta_arm32/lib/libutee.a(utee_syscalls_a32.o)
                                          0x8 (size before relaxing)
 .ARM.exidx.text.utee_storage_obj_rename
                0x000000000000e98c        0x0 /workspace/optee_os/out/arm/export-ta_arm32/lib/libutee.a(utee_syscalls_a32.o)
                                          0x8 (size before relaxing)
 .ARM.exidx.text.utee_storage_alloc_enum
                0x000000000000e98c        0x0 /workspace/optee_os/out/arm/export-ta_arm32/lib/libutee.a(utee_syscalls_a32.o)
                                          0x8 (size before relaxing)
 .ARM.exidx.text.utee_storage_free_enum
                0x000000000000e98c        0x0 /workspace/optee_os/out/arm/export-ta_arm32/lib/libutee.a(utee_syscalls_a32.o)
                                          0x8 (size before relaxing)
 .ARM.exidx.text.utee_storage_reset_enum
                0x000000000000e98c        0x0 /workspace/optee_os/out/arm/export-ta_arm32/lib/libutee.a(utee_syscalls_a32.o)
                                          0x8 (size before relaxing)
 .ARM.exidx.text.utee_storage_start_enum
                0x000000000000e98c        0x0 /workspace/optee_os/out/arm/export-ta_arm32/lib/libutee.a(utee_syscalls_a32.o)
                                          0x8 (size before relaxing)
 .ARM.exidx.text.utee_storage_next_enum
                0x000000000000e98c        0x0 /workspace/optee_os/out/arm/export-ta_arm32/lib/libutee.a(utee_syscalls_a32.o)
                                          0x8 (size before relaxing)
 .ARM.exidx.text.utee_storage_obj_read
                0x000000000000e98c        0x0 /workspace/optee_os/out/arm/export-ta_arm32/lib/libutee.a(utee_syscalls_a32.o)
                                          0x8 (size before relaxing)
 .ARM.exidx.text.utee_storage_obj_write
                0x000000000000e98c        0x0 /workspace/optee_os/out/arm/export-ta_arm32/lib/libutee.a(utee_syscalls_a32.o)
                                          0x8 (size before relaxing)
 .ARM.exidx.text.utee_storage_obj_trunc
                0x000000000000e98c        0x0 /workspace/optee_os/out/arm/export-ta_arm32/lib/libutee.a(utee_syscalls_a32.o)
                                          0x8 (size before relaxing)
 .ARM.exidx.text.utee_storage_obj_seek
                0x000000000000e98c        0x0 /workspace/optee_os/out/arm/export-ta_arm32/lib/libutee.a(utee_syscalls_a32.o)
                                          0x8 (size before relaxing)
 .ARM.exidx.text.utee_cryp_obj_generate_key
                0x000000000000e98c        0x0 /workspace/optee_os/out/arm/export-ta_arm32/lib/libutee.a(utee_syscalls_a32.o)
                                          0x8 (size before relaxing)
 .ARM.exidx.text.utee_cache_operation
                0x000000000000e98c        0x8 /workspace/optee_os/out/arm/export-ta_arm32/lib/libutee.a(utee_syscalls_a32.o)
 .ARM.exidx     0x000000000000e994       0x68 /workspace/optee_os/out/arm/export-ta_arm32/lib/libutee.a(tee_api.o)
                                         0xc8 (size before relaxing)
 .ARM.exidx     0x000000000000e9fc       0xd0 /workspace/optee_os/out/arm/export-ta_arm32/lib/libutee.a(tee_api_objects.o)
                                         0xf8 (size before relaxing)
 .ARM.exidx.text.unlikely
                0x000000000000ebc4        0x8 /workspace/optee_os/out/arm/export-ta_arm32/lib/libutee.a(tee_api_arith_mpi.o)
 .ARM.exidx     0x000000000000eacc       0xf8 /workspace/optee_os/out/arm/export-ta_arm32/lib/libutee.a(tee_api_arith_mpi.o)
                                        0x150 (size before relaxing)
 .ARM.exidx     0x000000000000ebcc      0x168 /workspace/optee_os/out/arm/export-ta_arm32/lib/libmbedtls.a(bignum.o)
                                        0x1b0 (size before relaxing)
 .ARM.exidx     0x000000000000edac       0x10 /workspace/optee_os/out/arm/export-ta_arm32/lib/libutils.a(snprintf.o)
 .ARM.exidx     0x000000000000edbc        0x8 /workspace/optee_os/out/arm/export-ta_arm32/lib/libutils.a(memcmp.o)
 .ARM.exidx     0x000000000000edc4        0x0 /workspace/optee_os/out/arm/export-ta_arm32/lib/libutils.a(memmove.o)
                                          0x8 (size before relaxing)
 .ARM.exidx     0x000000000000edc4       0x10 /workspace/optee_os/out/arm/export-ta_arm32/lib/libutils.a(buf_compare_ct.o)
                                          0x8 (size before relaxing)
 .ARM.exidx     0x000000000000ed34       0x20 /workspace/optee_os/out/arm/export-ta_arm32/lib/libutils.a(mempool.o)

.ctors
 *(SORT(.ctors))

.dtors
 *(SORT(.dtors))

.got            0x000000000000edd4       0x50
 *(SORT(.got.plt))
 .got.plt       0x000000000000edd4        0xc ./darknetp_ta.o
                0x000000000000edd4                _GLOBAL_OFFSET_TABLE_
 *(SORT(.got))
 .got           0x000000000000ede0       0x44 ./darknetp_ta.o

.rel.text       0x000000000000ee24        0x0
 *(SORT(.rel.text))
 .rel.text      0x000000000000ee24        0x0 ./darknetp_ta.o
 *(SORT(.rel.gnu.linkonce.t*))

.rela.text
 *(SORT(.rela.text))
 *(SORT(.rela.gnu.linkonce.t*))

.rel.data
 *(SORT(.rel.data))
 *(SORT(.rel.gnu.linkonce.d*))

.rela.data
 *(SORT(.rela.data))
 *(SORT(.rela.gnu.linkonce.d*))

.rel.rodata
 *(SORT(.rel.rodata))
 *(SORT(.rel.gnu.linkonce.r*))

.rela.rodata
 *(SORT(.rela.rodata))
 *(SORT(.rela.gnu.linkonce.r*))

.rel.dyn        0x000000000000ee24       0xb8
 *(SORT(.rel.dyn))
 .rel.iplt      0x000000000000ee24        0x0 ./darknetp_ta.o
 .rel.data.rel.ro.local
                0x000000000000ee24       0x90 ./darknetp_ta.o
 .rel.ta_head   0x000000000000eeb4        0x8 ./darknetp_ta.o
 .rel.data.rel.local
                0x000000000000eebc       0x18 ./darknetp_ta.o
 .rel.data.rel  0x000000000000eed4        0x8 ./darknetp_ta.o

.rel.got        0x000000000000eedc       0x88
 *(SORT(.rel.got))
 .rel.got       0x000000000000eedc       0x88 ./darknetp_ta.o

.rela.got
 *(SORT(.rela.got))

.rel.ctors
 *(SORT(.rel.ctors))

.rela.ctors
 *(SORT(.rela.ctors))

.rel.dtors
 *(SORT(.rel.dtors))

.rela.dtors
 *(SORT(.rela.dtors))

.rel.init
 *(SORT(.rel.init))

.rela.init
 *(SORT(.rela.init))

.rel.fini
 *(SORT(.rel.fini))

.rela.fini
 *(SORT(.rela.fini))

.rel.bss
 *(SORT(.rel.bss))

.rela.bss
 *(SORT(.rela.bss))

.rel.plt        0x000000000000ef64        0x0
 *(SORT(.rel.plt))
 .rel.plt       0x000000000000ef64        0x0 ./darknetp_ta.o

.rela.plt
 *(SORT(.rela.plt))

.dynamic        0x000000000000ef64       0x80
 *(SORT(.dynamic))
 .dynamic       0x000000000000ef64       0x80 ./darknetp_ta.o
                0x000000000000ef64                _DYNAMIC

.dynsym         0x000000000000efe4      0x140
 *(SORT(.dynsym))
 .dynsym        0x000000000000efe4      0x140 ./darknetp_ta.o

.dynstr         0x000000000000f124      0x10f
 *(SORT(.dynstr))
 .dynstr        0x000000000000f124      0x10f ./darknetp_ta.o

.hash           0x000000000000f234       0x9c
 *(SORT(.hash))
 .hash          0x000000000000f234       0x9c ./darknetp_ta.o
                0x0000000000010000                . = ALIGN (0x1000)

.data           0x0000000000010000       0xa0
 *(SORT(.data) SORT(.data.*) SORT(.gnu.linkonce.d.*))
 .data          0x0000000000010000        0x4 ./darknetp_ta.o
                0x0000000000010000                norm_output
 .data          0x0000000000010004        0x4 ./network_TA.o
                0x0000000000010004                avg_loss
 .data          0x0000000000010008        0x4 ./user_ta_header.o
                0x0000000000010008                trace_level
 .data.rel.ro.local
                0x000000000001000c       0x6c ./user_ta_header.o
                0x000000000001000c                ta_props
 .data.rel.local
                0x0000000000010078       0x1c /workspace/optee_os/out/arm/export-ta_arm32/lib/libutils.a(bget_malloc.o)
 .data.rel      0x0000000000010094        0x4 /workspace/optee_os/out/arm/export-ta_arm32/lib/libutee.a(user_ta_entry.o)
                0x0000000000010094                _ref__utee_mcount
 .data.rel.local
                0x0000000000010098        0x8 /workspace/optee_os/out/arm/export-ta_arm32/lib/libutee.a(user_ta_entry.o)
 .data          0x00000000000100a0        0x0 ./blas_TA.o
 .data          0x00000000000100a0        0x0 ./softmax_layer_TA.o
 .data          0x00000000000100a0        0x0 ./col2im_TA.o
 .data          0x00000000000100a0        0x0 ./connected_layer_TA.o
 .data          0x00000000000100a0        0x0 ./math_TA.o
 .data          0x00000000000100a0        0x0 ./parser_TA.o
 .data          0x00000000000100a0        0x0 ./activations_TA.o
 .data          0x00000000000100a0        0x0 ./gemm_TA.o
 .data          0x00000000000100a0        0x0 ./maxpool_layer_TA.o
 .data          0x00000000000100a0        0x0 ./aes_TA.o
 .data          0x00000000000100a0        0x0 ./cost_layer_TA.o
 .data          0x00000000000100a0        0x0 ./im2col_TA.o
 .data          0x00000000000100a0        0x0 ./batchnorm_layer_TA.o
 .data          0x00000000000100a0        0x0 ./dropout_layer_TA.o
 .data          0x00000000000100a0        0x0 ./convolutional_layer_TA.o
 .data          0x00000000000100a0        0x0 ./avgpool_layer_TA.o
 .data          0x00000000000100a0        0x0 ./utils_TA.o
 .data          0x00000000000100a0        0x0 ./diffprivate_TA.o
 .data          0x00000000000100a0        0x0 /workspace/optee_os/out/arm/export-ta_arm32/lib/libutils.a(bget_malloc.o)
 .data          0x00000000000100a0        0x0 /workspace/optee_os/out/arm/export-ta_arm32/lib/libutils.a(memcpy.o)
 .data          0x00000000000100a0        0x0 /workspace/optee_os/out/arm/export-ta_arm32/lib/libutils.a(memset.o)
 .data          0x00000000000100a0        0x0 /workspace/optee_os/out/arm/export-ta_arm32/lib/libutils.a(strcmp.o)
 .data          0x00000000000100a0        0x0 /workspace/optee_os/out/arm/export-ta_arm32/lib/libutils.a(strncmp.o)
 .data          0x00000000000100a0        0x0 /workspace/optee_os/out/arm/export-ta_arm32/lib/libutils.a(trace.o)
 .data          0x00000000000100a0        0x0 /workspace/optee_os/out/arm/export-ta_arm32/lib/libutils.a(aeabi_unwind.o)
 .data          0x00000000000100a0        0x0 /workspace/optee_os/out/arm/export-ta_arm32/lib/libutils.a(snprintk.o)
 .data          0x00000000000100a0        0x0 /workspace/optee_os/out/arm/export-ta_arm32/lib/libutils.a(memchr.o)
 .data          0x00000000000100a0        0x0 /workspace/optee_os/out/arm/export-ta_arm32/lib/libutils.a(strlen.o)
 .data          0x00000000000100a0        0x0 /workspace/optee_os/out/arm/export-ta_arm32/lib/libutils.a(arm32_aeabi_ldivmod_a32.o)
 .data          0x00000000000100a0        0x0 /workspace/optee_os/out/arm/export-ta_arm32/lib/libutils.a(arm32_aeabi_ldivmod.o)
 .data          0x00000000000100a0        0x0 /workspace/optee_os/out/arm/export-ta_arm32/lib/libutee.a(trace_ext.o)
 .data          0x00000000000100a0        0x0 /workspace/optee_os/out/arm/export-ta_arm32/lib/libutee.a(assert.o)
 .data          0x00000000000100a0        0x0 /workspace/optee_os/out/arm/export-ta_arm32/lib/libutee.a(tee_api_operations.o)
 .data          0x00000000000100a0        0x0 /workspace/optee_os/out/arm/export-ta_arm32/lib/libutee.a(tee_api_panic.o)
 .data          0x00000000000100a0        0x0 /workspace/optee_os/out/arm/export-ta_arm32/lib/libutee.a(user_ta_entry.o)
 .data          0x00000000000100a0        0x0 /workspace/optee_os/out/arm/export-ta_arm32/lib/libutee.a(utee_syscalls_a32.o)
 .data          0x00000000000100a0        0x0 /workspace/optee_os/out/arm/export-ta_arm32/lib/libutee.a(gprof_a32.o)
 .data          0x00000000000100a0        0x0 /workspace/optee_os/out/arm/export-ta_arm32/lib/libutee.a(tee_api.o)
 .data          0x00000000000100a0        0x0 /workspace/optee_os/out/arm/export-ta_arm32/lib/libutee.a(tee_api_objects.o)
 .data          0x00000000000100a0        0x0 /workspace/optee_os/out/arm/export-ta_arm32/lib/libutee.a(tee_api_arith_mpi.o)
 .data          0x00000000000100a0        0x0 /workspace/optee_os/out/arm/export-ta_arm32/lib/libmbedtls.a(bignum.o)
 .data          0x00000000000100a0        0x0 /workspace/optee_os/out/arm/export-ta_arm32/lib/libutils.a(snprintf.o)
 .data          0x00000000000100a0        0x0 /workspace/optee_os/out/arm/export-ta_arm32/lib/libutils.a(memcmp.o)
 .data          0x00000000000100a0        0x0 /workspace/optee_os/out/arm/export-ta_arm32/lib/libutils.a(memmove.o)
 .data          0x00000000000100a0        0x0 /workspace/optee_os/out/arm/export-ta_arm32/lib/libutils.a(buf_compare_ct.o)
 .data          0x00000000000100a0        0x0 /workspace/optee_os/out/arm/export-ta_arm32/lib/libutils.a(mempool.o)

.igot.plt       0x00000000000100a0        0x0
 .igot.plt      0x00000000000100a0        0x0 ./darknetp_ta.o

.bss            0x00000000000100a0   0xa02178
 *(SORT(.bss) SORT(.bss.*) SORT(.gnu.linkonce.b.*) SORT(COMMON))
 .bss           0x00000000000100a0       0x10 ./darknetp_ta.o
                0x00000000000100a0                netnum
                0x00000000000100a4                netta_truth
                0x00000000000100a8                debug_summary_com
                0x00000000000100ac                debug_summary_pass
 .bss           0x00000000000100b0       0xf0 ./network_TA.o
                0x00000000000100b0                netta
                0x000000000001018c                err_sum
                0x0000000000010190                roundnum
                0x0000000000010194                ta_net_input
                0x0000000000010198                ta_net_delta